Collecting mera==2.6.0+pkg.4815
  Downloading https://github.com/renesas/ruhmi-framework-mcu/raw/refs/tags/Release-2026-06-19/install/mera-2.6.0+pkg.4815-cp310-cp310-win_amd64.whl (24.5 MB)
     ---------------------------------------- 24.5/24.5 MB 4.9 MB/s eta 0:00:00
Collecting mera-visualizer==2.5.0+mcuv4
  Downloading https://github.com/renesas/ruhmi-framework-mcu/raw/refs/tags/Release-2026-06-19/install/mera_visualizer-2.5.0+mcuv4-py3-none-any.whl (61 kB)
     -------------------------------------- 61.2/61.2 kB 296.5 kB/s eta 0:00:00
Collecting onnx==1.17.0
  Using cached onnx-1.17.0-cp310-cp310-win_amd64.whl (14.5 MB)
Collecting tflite==2.18.0
  Using cached tflite-2.18.0-py2.py3-none-any.whl (153 kB)
Collecting numpy>=1.20
  Using cached numpy-2.2.6-cp310-cp310-win_amd64.whl (12.9 MB)
Collecting protobuf>=3.20.2
  Downloading protobuf-7.35.1-cp310-abi3-win_amd64.whl (439 kB)
     ------------------------------------ 440.0/440.0 kB 916.3 kB/s eta 0:00:00
Collecting flatbuffers
  Downloading flatbuffers-25.12.19-py2.py3-none-any.whl (26 kB)
Collecting tabulate
  Using cached tabulate-0.10.0-py3-none-any.whl (39 kB)
Collecting pytest
  Using cached pytest-9.1.1-py3-none-any.whl (386 kB)
Collecting PyYAML
  Using cached pyyaml-6.0.3-cp310-cp310-win_amd64.whl (158 kB)
Collecting portalocker
  Using cached portalocker-3.2.0-py3-none-any.whl (22 kB)
Collecting seaborn
  Using cached seaborn-0.13.2-py3-none-any.whl (294 kB)
Collecting ethos-u-vela==4.2.0
  Using cached ethos_u_vela-4.2.0-cp310-cp310-win_amd64.whl (1.5 MB)
Collecting tensorflow==2.18.0
  Using cached tensorflow-2.18.0-cp310-cp310-win_amd64.whl (7.5 kB)
Collecting numpy>=1.20
  Using cached numpy-1.26.4-cp310-cp310-win_amd64.whl (15.8 MB)
Collecting tqdm
  Using cached tqdm-4.68.4-py3-none-any.whl (676 kB)
Collecting matplotlib
  Using cached matplotlib-3.10.9-cp310-cp310-win_amd64.whl (8.2 MB)
Collecting lxml>=4.5.2
  Using cached lxml-6.1.1-cp310-cp310-win_amd64.whl (4.0 MB)
Collecting flatbuffers
  Using cached flatbuffers-24.3.25-py2.py3-none-any.whl (26 kB)
Collecting tensorflow-intel==2.18.0
  Using cached tensorflow_intel-2.18.0-cp310-cp310-win_amd64.whl (390.0 MB)
Collecting opt-einsum>=2.3.2
  Using cached opt_einsum-3.4.0-py3-none-any.whl (71 kB)
Collecting requests<3,>=2.21.0
  Using cached requests-2.34.2-py3-none-any.whl (73 kB)
Collecting absl-py>=1.0.0
  Downloading absl_py-2.5.0-py3-none-any.whl (137 kB)
     -------------------------------------- 137.4/137.4 kB 8.5 MB/s eta 0:00:00
Collecting wrapt>=1.11.0
  Using cached wrapt-2.2.2-cp310-cp310-win_amd64.whl (80 kB)
Collecting grpcio<2.0,>=1.24.3
  Downloading grpcio-1.82.1-cp310-cp310-win_amd64.whl (5.0 MB)
     ---------------------------------------- 5.0/5.0 MB 2.9 MB/s eta 0:00:00
Collecting packaging
  Using cached packaging-26.2-py3-none-any.whl (100 kB)
Collecting termcolor>=1.1.0
  Using cached termcolor-3.3.0-py3-none-any.whl (7.7 kB)
Collecting h5py>=3.11.0
  Using cached h5py-3.16.0-cp310-cp310-win_amd64.whl (3.2 MB)
Collecting tensorboard<2.19,>=2.18
  Using cached tensorboard-2.18.0-py3-none-any.whl (5.5 MB)
Collecting gast!=0.5.0,!=0.5.1,!=0.5.2,>=0.2.1
  Using cached gast-0.7.0-py3-none-any.whl (22 kB)
Collecting protobuf>=3.20.2
  Using cached protobuf-5.29.6-cp310-abi3-win_amd64.whl (435 kB)
Collecting ml-dtypes<0.5.0,>=0.4.0
  Using cached ml_dtypes-0.4.1-cp310-cp310-win_amd64.whl (126 kB)
Collecting astunparse>=1.6.0
  Using cached astunparse-1.6.3-py2.py3-none-any.whl (12 kB)
Requirement already satisfied: setuptools in d:\renesas\ra\e2studio_v2025-12_fsp_v6.4.0\ruhmi\.venv\lib\site-packages (from tensorflow-intel==2.18.0->tensorflow==2.18.0->mera==2.6.0+pkg.4815->-r https://Tool-support.renesas.com/tool-support/Zoo/MCT/requirements.txt (line 1)) (65.5.0)
Collecting typing-extensions>=3.6.6
  Using cached typing_extensions-4.16.0-py3-none-any.whl (45 kB)
Collecting six>=1.12.0
  Using cached six-1.17.0-py2.py3-none-any.whl (11 kB)
Collecting tensorflow-io-gcs-filesystem>=0.23.1
  Using cached tensorflow_io_gcs_filesystem-0.31.0-cp310-cp310-win_amd64.whl (1.5 MB)
Collecting keras>=3.5.0
  Using cached keras-3.12.3-py3-none-any.whl (1.5 MB)
Collecting libclang>=13.0.0
  Using cached libclang-18.1.1-py2.py3-none-win_amd64.whl (26.4 MB)
Collecting google-pasta>=0.1.1
  Using cached google_pasta-0.2.0-py3-none-any.whl (57 kB)
Collecting Flask>=2.0.0
  Downloading flask-3.1.3-py3-none-any.whl (103 kB)
     ---------------------------------------- 103.4/103.4 kB ? eta 0:00:00
Collecting networkx>=2.5
  Using cached networkx-3.4.2-py3-none-any.whl (1.7 MB)
Collecting blinker>=1.9.0
  Downloading blinker-1.9.0-py3-none-any.whl (8.5 kB)
Collecting click>=8.1.3
  Downloading click-8.4.2-py3-none-any.whl (119 kB)
     -------------------------------------- 119.2/119.2 kB 3.5 MB/s eta 0:00:00
Collecting jinja2>=3.1.2
  Using cached jinja2-3.1.6-py3-none-any.whl (134 kB)
Collecting markupsafe>=2.1.1
  Using cached markupsafe-3.0.3-cp310-cp310-win_amd64.whl (15 kB)
Collecting werkzeug>=3.1.0
  Using cached werkzeug-3.1.8-py3-none-any.whl (226 kB)
Collecting itsdangerous>=2.2.0
  Downloading itsdangerous-2.2.0-py3-none-any.whl (16 kB)
Collecting cycler>=0.10
  Using cached cycler-0.12.1-py3-none-any.whl (8.3 kB)
Collecting pyparsing>=3
  Using cached pyparsing-3.3.2-py3-none-any.whl (122 kB)
Collecting python-dateutil>=2.7
  Using cached python_dateutil-2.9.0.post0-py2.py3-none-any.whl (229 kB)
Collecting pillow>=8
  Using cached pillow-12.3.0-cp310-cp310-win_amd64.whl (7.2 MB)
Collecting kiwisolver>=1.3.1
  Using cached kiwisolver-1.5.0-cp310-cp310-win_amd64.whl (73 kB)
Collecting contourpy>=1.0.1
  Using cached contourpy-1.3.2-cp310-cp310-win_amd64.whl (221 kB)
Collecting fonttools>=4.22.0
  Using cached fonttools-4.63.0-cp310-cp310-win_amd64.whl (1.6 MB)
Collecting pywin32>=226
  Using cached pywin32-312-cp310-cp310-win_amd64.whl (6.9 MB)
Collecting iniconfig>=1.0.1
  Using cached iniconfig-2.3.0-py3-none-any.whl (7.5 kB)
Collecting colorama>=0.4
  Using cached colorama-0.4.6-py2.py3-none-any.whl (25 kB)
Collecting pygments>=2.7.2
  Using cached pygments-2.20.0-py3-none-any.whl (1.2 MB)
Collecting exceptiongroup>=1
  Using cached exceptiongroup-1.3.1-py3-none-any.whl (16 kB)
Collecting tomli>=1
  Using cached tomli-2.4.1-py3-none-any.whl (14 kB)
Collecting pluggy<2,>=1.5
  Using cached pluggy-1.6.0-py3-none-any.whl (20 kB)
Collecting pandas>=1.2
  Using cached pandas-2.3.3-cp310-cp310-win_amd64.whl (11.3 MB)
Collecting pytz>=2020.1
  Using cached pytz-2026.2-py2.py3-none-any.whl (510 kB)
Collecting tzdata>=2022.7
  Downloading tzdata-2026.3-py2.py3-none-any.whl (348 kB)
     ------------------------------------- 348.2/348.2 kB 21.1 MB/s eta 0:00:00
Collecting wheel<1.0,>=0.23.0
  Using cached wheel-0.47.0-py3-none-any.whl (32 kB)
Collecting rich
  Using cached rich-15.0.0-py3-none-any.whl (310 kB)
Collecting namex
  Using cached namex-0.1.0-py3-none-any.whl (5.9 kB)
Collecting optree
  Using cached optree-0.19.1-cp310-cp310-win_amd64.whl (327 kB)
Collecting urllib3<3,>=1.26
  Using cached urllib3-2.7.0-py3-none-any.whl (131 kB)
Collecting charset_normalizer<4,>=2
  Using cached charset_normalizer-3.4.9-cp310-cp310-win_amd64.whl (162 kB)
Collecting idna<4,>=2.5
  Using cached idna-3.18-py3-none-any.whl (65 kB)
Collecting certifi>=2023.5.7
  Using cached certifi-2026.6.17-py3-none-any.whl (133 kB)
Collecting tensorboard-data-server<0.8.0,>=0.7.0
  Using cached tensorboard_data_server-0.7.2-py3-none-any.whl (2.4 kB)
Collecting markdown>=2.6.8
  Using cached markdown-3.10.2-py3-none-any.whl (108 kB)
Collecting markdown-it-py>=2.2.0
  Using cached markdown_it_py-4.2.0-py3-none-any.whl (91 kB)
Collecting mdurl~=0.1
  Using cached mdurl-0.1.2-py3-none-any.whl (10.0 kB)
Installing collected packages: pytz, namex, libclang, flatbuffers, wrapt, urllib3, tzdata, typing-extensions, tomli, termcolor, tensorflow-io-gcs-filesystem, tensorboard-data-server, tabulate, six, PyYAML, pywin32, pyparsing, pygments, protobuf, pluggy, pillow, packaging, opt-einsum, numpy, networkx, mdurl, markupsafe, markdown, lxml, kiwisolver, itsdangerous, iniconfig, idna, gast, fonttools, cycler, colorama, charset_normalizer, certifi, blinker, absl-py, wheel, werkzeug, tqdm, tflite, requests, python-dateutil, portalocker, optree, onnx, ml-dtypes, markdown-it-py, jinja2, h5py, grpcio, google-pasta, exceptiongroup, ethos-u-vela, contourpy, click, tensorboard, rich, pytest, pandas, matplotlib, Flask, astunparse, seaborn, mera-visualizer, keras, tensorflow-intel, tensorflow, mera
Successfully installed Flask-3.1.3 PyYAML-6.0.3 absl-py-2.5.0 astunparse-1.6.3 blinker-1.9.0 certifi-2026.6.17 charset_normalizer-3.4.9 click-8.4.2 colorama-0.4.6 contourpy-1.3.2 cycler-0.12.1 ethos-u-vela-4.2.0 exceptiongroup-1.3.1 flatbuffers-24.3.25 fonttools-4.63.0 gast-0.7.0 google-pasta-0.2.0 grpcio-1.82.1 h5py-3.16.0 idna-3.18 iniconfig-2.3.0 itsdangerous-2.2.0 jinja2-3.1.6 keras-3.12.3 kiwisolver-1.5.0 libclang-18.1.1 lxml-6.1.1 markdown-3.10.2 markdown-it-py-4.2.0 markupsafe-3.0.3 matplotlib-3.10.9 mdurl-0.1.2 mera-2.6.0+pkg.4815 mera-visualizer-2.5.0+mcuv4 ml-dtypes-0.4.1 namex-0.1.0 networkx-3.4.2 numpy-1.26.4 onnx-1.17.0 opt-einsum-3.4.0 optree-0.19.1 packaging-26.2 pandas-2.3.3 pillow-12.3.0 pluggy-1.6.0 portalocker-3.2.0 protobuf-5.29.6 pygments-2.20.0 pyparsing-3.3.2 pytest-9.1.1 python-dateutil-2.9.0.post0 pytz-2026.2 pywin32-312 requests-2.34.2 rich-15.0.0 seaborn-0.13.2 six-1.17.0 tabulate-0.10.0 tensorboard-2.18.0 tensorboard-data-server-0.7.2 tensorflow-2.18.0 tensorflow-intel-2.18.0 tensorflow-io-gcs-filesystem-0.31.0 termcolor-3.3.0 tflite-2.18.0 tomli-2.4.1 tqdm-4.68.4 typing-extensions-4.16.0 tzdata-2026.3 urllib3-2.7.0 werkzeug-3.1.8 wheel-0.47.0 wrapt-2.2.2

[notice] A new release of pip is available: 23.0.1 -> 26.1.2
[notice] To update, run: D:\Renesas\RA\e2studio_v2025-12_fsp_v6.4.0\ruhmi\.venv\Scripts\python.exe -m pip install --upgrade pip
Exit code: 0