T0C54 000:008.039   SEGGER J-Link V9.14a Log File
T0C54 000:008.287   DLL Compiled: Jan 28 2026 17:11:52
T0C54 000:008.301   Logging started @ 2026-08-19 19:14
T0C54 000:008.312   Process: C:\Users\Rainy\.eclipse\com.renesas.platform_823709855\DebugComp\RA\e2-server-gdb.exe
T0C54 000:008.337 - 8.328ms 
T0C54 000:008.366 JLINK_GetDLLVersion()
T0C54 000:008.379 - 0.015ms returns 91401
T0C54 000:014.269 JLINK_OpenEx(...)
T0C54 000:022.436   Firmware: J-Link OB-RA4M2 compiled Dec 10 2025 15:52:53
T0C54 000:023.439   Firmware: J-Link OB-RA4M2 compiled Dec 10 2025 15:52:53
T0C54 000:044.376   Hardware: V1.00
T0C54 000:044.399   S/N: 1083220728
T0C54 000:044.413   OEM: SEGGER
T0C54 000:044.428   Feature(s): None
T0C54 000:045.310   Bootloader: 2021 May 14
T0C54 000:045.963   USB speed mode: Full speed (12 MBit/s)
T0C54 000:046.460   TELNET listener socket opened on port 19021
T0C54 000:046.609   WEBSRV WEBSRV_Init(): Starting webserver thread(s)
T0C54 000:046.760   WEBSRV Webserver running on local port 19080
T0C54 000:046.939   Looking for J-Link GUI Server exe at: C:\Users\Rainy\.eclipse\com.renesas.platform_823709855\DebugComp\RA\ARM\Segger_v9.14.1\JLinkGUIServer.exe
T0C54 000:047.189   Looking for J-Link GUI Server exe at: C:\Program Files\SEGGER\JLink_V942\JLinkGUIServer.exe
T0C54 000:047.240   Forking J-Link GUI Server: C:\Program Files\SEGGER\JLink_V942\JLinkGUIServer.exe
T0C54 000:268.274   J-Link GUI Server info: "J-Link GUI server V9.42 "
T0C54 000:276.246 - 261.970ms returns "O.K."
T0C54 000:276.405 JLINK_TIF_Select(JLINKARM_TIF_SWD)
T0C54 000:276.989 - 0.583ms returns 0x00
T0C54 000:277.024 JLINK_ClrRESET()
T0C54 000:277.192 - 0.167ms 
T0C54 000:327.980 JLINK_SetSpeed(1500)
T0C54 000:328.408 - 0.438ms 
T0C54 000:328.446 JLINK_CORESIGHT_Configure(PerformTIFInit=0)
T0C54 000:328.890 - 0.450ms returns 0
T0C54 000:328.934 JLINK_CORESIGHT_ReadAPDPReg(DP reg 0x00)
T0C54 000:329.450   Value=0x6BA02477
T0C54 000:329.474 - 0.542ms returns 0
T0C54 000:329.496 JLINK_CORESIGHT_WriteAPDPReg(DP reg 0x00, 0x0000001F)
T0C54 000:329.781 - 0.285ms returns 0
T0C54 000:329.809 JLINK_CORESIGHT_ReadAPDPReg(DP reg 0x00)
T0C54 000:330.023   Value=0x6BA02477
T0C54 000:330.054 - 0.245ms returns 0
T0C54 000:330.069 JLINK_CORESIGHT_WriteAPDPReg(DP reg 0x02, 0x00000000)
T0C54 000:330.276 - 0.207ms returns 0
T0C54 000:330.305 JLINK_CORESIGHT_WriteAPDPReg(DP reg 0x01, 0x50000000)
T0C54 000:330.651 - 0.346ms returns 0
T0C54 000:331.527 JLINK_CORESIGHT_ReadAPDPReg(DP reg 0x01)
T0C54 000:332.009   Value=0xF0000000
T0C54 000:332.040 - 0.512ms returns 0
T0C54 000:332.054 JLINK_CORESIGHT_WriteAPDPReg(DP reg 0x00, 0x0000001F)
T0C54 000:332.456 - 0.401ms returns 0
T0C54 000:332.482 JLINK_CORESIGHT_ReadAPDPReg(DP reg 0x00)
T0C54 000:332.706   Value=0x6BA02477
T0C54 000:332.731 - 0.249ms returns 0
T0C54 000:332.743 JLINK_CORESIGHT_WriteAPDPReg(DP reg 0x01, 0x54000000)
T0C54 000:332.936 - 0.193ms returns 0
T0C54 000:332.951 JLINK_CORESIGHT_WriteAPDPReg(DP reg 0x01, 0x50000F00)
T0C54 000:333.138 - 0.186ms returns 0
T0C54 000:333.161 JLINK_CORESIGHT_WriteAPDPReg(DP reg 0x02, 0x01000000)
T0C54 000:333.337 - 0.175ms returns 0
T0C54 000:333.375 JLINK_CORESIGHT_WriteAPDPReg(AP reg 0x00, 0x80000002)
T0C54 000:333.878 - 0.502ms returns 0
T0C54 000:333.901 JLINK_CORESIGHT_WriteAPDPReg(AP reg 0x01, 0x80011100)
T0C54 000:334.282 - 0.379ms returns 0
T0C54 000:334.347 JLINK_CORESIGHT_WriteAPDPReg(AP reg 0x03, 0x000000A5)
T0C54 000:334.814 - 0.469ms returns 0
T0C54 000:334.839 JLINK_CORESIGHT_WriteAPDPReg(AP reg 0x00, 0x80000002)
T0C54 000:335.218 - 0.379ms returns 0
T0C54 000:335.239 JLINK_CORESIGHT_WriteAPDPReg(AP reg 0x01, 0x80011100)
T0C54 000:335.568 - 0.329ms returns 0
T0C54 000:335.589 JLINK_CORESIGHT_ReadAPDPReg(AP reg 0x03)
T0C54 000:335.876   Value=0x000000A5
T0C54 000:335.913 - 0.324ms returns 0
T0C54 000:335.924 JLINK_ClrTMS()
T0C54 000:335.990 - 0.065ms 
T0C54 000:341.542 JLINK_SetTCK()
T0C54 000:341.744 - 0.201ms returns 0
T0C54 000:347.790 JLINK_SetRESET()
T0C54 000:347.955 - 0.163ms 
T0C54 000:548.617 JLINK_CORESIGHT_WriteAPDPReg(AP reg 0x00, 0x80000002)
T0C54 000:548.963 - 0.346ms returns 0
T0C54 000:548.972 JLINK_CORESIGHT_WriteAPDPReg(AP reg 0x01, 0x80011100)
T0C54 000:549.245 - 0.272ms returns 0
T0C54 000:549.308 JLINK_CORESIGHT_ReadAPDPReg(AP reg 0x03)
T0C54 000:549.644   Value=0x00000000
T0C54 000:549.669 - 0.361ms returns 0
T0C54 000:549.682 JLINK_CORESIGHT_WriteAPDPReg(AP reg 0x00, 0x80000002)
T0C54 000:550.265 - 0.582ms returns 0
T0C54 000:550.332 JLINK_CORESIGHT_WriteAPDPReg(AP reg 0x01, 0x80011140)
T0C54 000:550.806 - 0.473ms returns 0
T0C54 000:550.828 JLINK_CORESIGHT_ReadAPDPReg(AP reg 0x03)
T0C54 000:551.202   Value=0x00000002
T0C54 000:551.225 - 0.397ms returns 0
T0C54 000:551.238 JLINK_CORESIGHT_WriteAPDPReg(AP reg 0x00, 0x80000002)
T0C54 000:551.439 - 0.200ms returns 0
T0C54 000:551.458 JLINK_CORESIGHT_WriteAPDPReg(AP reg 0x01, 0x80011120)
T0C54 000:551.669 - 0.211ms returns 0
T0C54 000:551.688 JLINK_CORESIGHT_WriteAPDPReg(AP reg 0x03, 0x00000055)
T0C54 000:551.904 - 0.215ms returns 0
T0C54 000:551.925 JLINK_CORESIGHT_WriteAPDPReg(AP reg 0x00, 0x80000002)
T0C54 000:552.119 - 0.193ms returns 0
T0C54 000:552.139 JLINK_CORESIGHT_WriteAPDPReg(AP reg 0x01, 0x80011140)
T0C54 000:552.327 - 0.188ms returns 0
T0C54 000:552.347 JLINK_CORESIGHT_ReadAPDPReg(AP reg 0x03)
T0C54 000:552.680   Value=0x00000002
T0C54 000:552.698 - 0.351ms returns 0
T0C54 000:552.714 JLINK_CORESIGHT_ReadAPDPReg(AP reg 0x03)
T0C54 000:553.130   Value=0x00000002
T0C54 000:553.158 - 0.444ms returns 0
T0C54 000:553.169 JLINK_CORESIGHT_ReadAPDPReg(AP reg 0x03)
T0C54 000:553.414   Value=0x00000002
T0C54 000:553.432 - 0.263ms returns 0
T0C54 000:553.442 JLINK_CORESIGHT_ReadAPDPReg(AP reg 0x03)
T0C54 000:553.737   Value=0x00000002
T0C54 000:553.755 - 0.312ms returns 0
T0C54 000:553.765 JLINK_CORESIGHT_ReadAPDPReg(AP reg 0x03)
T0C54 000:554.043   Value=0x00000002
T0C54 000:554.061 - 0.296ms returns 0
T0C54 000:554.071 JLINK_CORESIGHT_ReadAPDPReg(AP reg 0x03)
T0C54 000:554.493   Value=0x00000002
T0C54 000:554.514 - 0.442ms returns 0
T0C54 000:554.524 JLINK_CORESIGHT_ReadAPDPReg(AP reg 0x03)
T0C54 000:554.757   Value=0x00000002
T0C54 000:554.775 - 0.251ms returns 0
T0C54 000:554.785 JLINK_CORESIGHT_ReadAPDPReg(AP reg 0x03)
T0C54 000:555.093   Value=0x00000002
T0C54 000:555.111 - 0.326ms returns 0
T0C54 000:555.121 JLINK_CORESIGHT_ReadAPDPReg(AP reg 0x03)
T0C54 000:555.392   Value=0x00000002
T0C54 000:555.419 - 0.297ms returns 0
T0C54 000:555.428 JLINK_CORESIGHT_ReadAPDPReg(AP reg 0x03)
T0C54 000:555.722   Value=0x00000002
T0C54 000:555.745 - 0.316ms returns 0
T0C54 000:555.754 JLINK_CORESIGHT_ReadAPDPReg(AP reg 0x03)
T0C54 000:556.341   Value=0x00000002
T0C54 000:556.362 - 0.608ms returns 0
T0C54 000:556.374 JLINK_CORESIGHT_ReadAPDPReg(AP reg 0x03)
T0C54 000:556.721   Value=0x00000002
T0C54 000:556.741 - 0.367ms returns 0
T0C54 000:556.752 JLINK_CORESIGHT_ReadAPDPReg(AP reg 0x03)
T0C54 000:557.040   Value=0x00000002
T0C54 000:557.060 - 0.308ms returns 0
T0C54 000:557.069 JLINK_CORESIGHT_ReadAPDPReg(AP reg 0x03)
T0C54 000:557.294   Value=0x00000002
T0C54 000:557.321 - 0.251ms returns 0
T0C54 000:557.331 JLINK_CORESIGHT_ReadAPDPReg(AP reg 0x03)
T0C54 000:557.591   Value=0x00000002
T0C54 000:557.609 - 0.277ms returns 0
T0C54 000:557.625 JLINK_CORESIGHT_ReadAPDPReg(AP reg 0x03)
T0C54 000:557.897   Value=0x00000002
T0C54 000:557.916 - 0.291ms returns 0
T0C54 000:557.926 JLINK_CORESIGHT_ReadAPDPReg(AP reg 0x03)
T0C54 000:558.222   Value=0x00000002
T0C54 000:558.240 - 0.314ms returns 0
T0C54 000:558.258 JLINK_CORESIGHT_ReadAPDPReg(AP reg 0x03)
T0C54 000:558.569   Value=0x00000002
T0C54 000:558.587 - 0.329ms returns 0
T0C54 000:558.597 JLINK_CORESIGHT_ReadAPDPReg(AP reg 0x03)
T0C54 000:558.865   Value=0x00000002
T0C54 000:558.891 - 0.294ms returns 0
T0C54 000:558.902 JLINK_CORESIGHT_ReadAPDPReg(AP reg 0x03)
T0C54 000:559.197   Value=0x00000002
T0C54 000:559.220 - 0.317ms returns 0
T0C54 000:559.229 JLINK_CORESIGHT_ReadAPDPReg(AP reg 0x03)
T0C54 000:559.564   Value=0x00000002
T0C54 000:559.589 - 0.360ms returns 0
T0C54 000:559.599 JLINK_CORESIGHT_ReadAPDPReg(AP reg 0x03)
T0C54 000:561.279   Value=0x00000002
T0C54 000:561.312 - 1.712ms returns 0
T0C54 000:561.322 JLINK_CORESIGHT_ReadAPDPReg(AP reg 0x03)
T0C54 000:561.618   Value=0x00000002
T0C54 000:561.637 - 0.314ms returns 0
T0C54 000:561.654 JLINK_CORESIGHT_ReadAPDPReg(AP reg 0x03)
T0C54 000:561.937   Value=0x00000002
T0C54 000:561.965 - 0.311ms returns 0
T0C54 000:561.975 JLINK_CORESIGHT_ReadAPDPReg(AP reg 0x03)
T0C54 000:562.719   Value=0x00000002
T0C54 000:562.734 - 0.759ms returns 0
T0C54 000:562.741 JLINK_CORESIGHT_ReadAPDPReg(AP reg 0x03)
T0C54 000:566.261   Value=0x00000002
T0C54 000:566.281 - 3.540ms returns 0
T0C54 000:567.309 JLINK_CORESIGHT_ReadAPDPReg(AP reg 0x03)
T0C54 000:567.762   Value=0x00000000
T0C54 000:567.783 - 0.473ms returns 0
T0C54 000:567.794 JLINK_CORESIGHT_WriteAPDPReg(AP reg 0x00, 0x80000002)
T0C54 000:568.077 - 0.282ms returns 0
T0C54 000:568.417 JLINK_CORESIGHT_WriteAPDPReg(AP reg 0x01, 0x80011130)
T0C54 000:568.626 - 0.209ms returns 0
T0C54 000:568.643 JLINK_CORESIGHT_ReadAPDPReg(AP reg 0x03)
T0C54 000:568.941   Value=0x000000C6
T0C54 000:568.960 - 0.316ms returns 0
T0C54 000:568.987 JLINK_CORESIGHT_WriteAPDPReg(AP reg 0x00, 0x80000002)
T0C54 000:569.168 - 0.181ms returns 0
T0C54 000:569.186 JLINK_CORESIGHT_WriteAPDPReg(AP reg 0x01, 0x80011140)
T0C54 000:569.494 - 0.307ms returns 0
T0C54 000:569.527 JLINK_CORESIGHT_ReadAPDPReg(AP reg 0x03)
T0C54 000:569.863   Value=0x00000002
T0C54 000:569.891 - 0.363ms returns 0
T0C54 000:569.901 JLINK_CORESIGHT_WriteAPDPReg(AP reg 0x00, 0x80000002)
T0C54 000:570.125 - 0.223ms returns 0
T0C54 000:570.142 JLINK_CORESIGHT_WriteAPDPReg(AP reg 0x01, 0x80011120)
T0C54 000:570.330 - 0.187ms returns 0
T0C54 000:570.347 JLINK_CORESIGHT_WriteAPDPReg(AP reg 0x03, 0x3A010001)
T0C54 000:570.646 - 0.298ms returns 0
T0C54 000:570.665 JLINK_CORESIGHT_WriteAPDPReg(AP reg 0x00, 0x80000002)
T0C54 000:570.843 - 0.178ms returns 0
T0C54 000:570.860 JLINK_CORESIGHT_WriteAPDPReg(AP reg 0x01, 0x80011140)
T0C54 000:571.144 - 0.283ms returns 0
T0C54 000:571.169 JLINK_CORESIGHT_ReadAPDPReg(AP reg 0x03)
T0C54 000:571.461   Value=0x00000002
T0C54 000:571.487 - 0.317ms returns 0
T0C54 000:571.497 JLINK_CORESIGHT_WriteAPDPReg(AP reg 0x00, 0x80000002)
T0C54 000:571.687 - 0.189ms returns 0
T0C54 000:571.704 JLINK_CORESIGHT_WriteAPDPReg(AP reg 0x01, 0x80011120)
T0C54 000:571.915 - 0.210ms returns 0
T0C54 000:571.933 JLINK_CORESIGHT_WriteAPDPReg(AP reg 0x03, 0x000003C5)
T0C54 000:572.115 - 0.181ms returns 0
T0C54 000:572.133 JLINK_CORESIGHT_WriteAPDPReg(AP reg 0x00, 0x80000002)
T0C54 000:572.452 - 0.319ms returns 0
T0C54 000:572.470 JLINK_CORESIGHT_WriteAPDPReg(AP reg 0x01, 0x80011140)
T0C54 000:572.650 - 0.180ms returns 0
T0C54 000:572.668 JLINK_CORESIGHT_ReadAPDPReg(AP reg 0x03)
T0C54 000:573.005   Value=0x00000002
T0C54 000:573.026 - 0.358ms returns 0
T0C54 000:573.038 JLINK_CORESIGHT_ReadAPDPReg(AP reg 0x03)
T0C54 000:573.385   Value=0x00000002
T0C54 000:573.412 - 0.374ms returns 0
T0C54 000:573.429 JLINK_CORESIGHT_ReadAPDPReg(AP reg 0x03)
T0C54 000:573.756   Value=0x00000002
T0C54 000:573.783 - 0.354ms returns 0
T0C54 000:573.792 JLINK_CORESIGHT_ReadAPDPReg(AP reg 0x03)
T0C54 000:574.075   Value=0x00000002
T0C54 000:574.098 - 0.305ms returns 0
T0C54 000:574.107 JLINK_CORESIGHT_ReadAPDPReg(AP reg 0x03)
T0C54 000:574.462   Value=0x00000000
T0C54 000:574.486 - 0.378ms returns 0
T0C54 000:574.497 JLINK_CORESIGHT_WriteAPDPReg(AP reg 0x00, 0x80000002)
T0C54 000:574.688 - 0.191ms returns 0
T0C54 000:574.706 JLINK_CORESIGHT_WriteAPDPReg(AP reg 0x01, 0x80011130)
T0C54 000:574.967 - 0.261ms returns 0
T0C54 000:574.985 JLINK_CORESIGHT_ReadAPDPReg(AP reg 0x03)
T0C54 000:575.286   Value=0x3A2A0081
T0C54 000:575.304 - 0.319ms returns 0
T0C54 000:575.314 JLINK_CORESIGHT_WriteAPDPReg(AP reg 0x00, 0x80000002)
T0C54 000:575.513 - 0.199ms returns 0
T0C54 000:575.530 JLINK_CORESIGHT_WriteAPDPReg(AP reg 0x01, 0x80011140)
T0C54 000:575.788 - 0.257ms returns 0
T0C54 000:575.848 JLINK_CORESIGHT_ReadAPDPReg(AP reg 0x03)
T0C54 000:576.331   Value=0x00000000
T0C54 000:576.350 - 0.502ms returns 0
T0C54 000:576.361 JLINK_CORESIGHT_WriteAPDPReg(AP reg 0x00, 0x80000002)
T0C54 000:578.601 - 2.238ms returns 0
T0C54 000:578.646 JLINK_CORESIGHT_WriteAPDPReg(AP reg 0x01, 0x80011130)
T0C54 000:578.933 - 0.286ms returns 0
T0C54 000:578.976 JLINK_CORESIGHT_ReadAPDPReg(AP reg 0x03)
T0C54 000:579.305   Value=0x808D5B00
T0C54 000:579.324 - 0.348ms returns 0
T0C54 000:579.335 JLINK_CORESIGHT_WriteAPDPReg(AP reg 0x00, 0x80000002)
T0C54 000:581.648 - 2.311ms returns 0
T0C54 000:581.677 JLINK_CORESIGHT_WriteAPDPReg(AP reg 0x01, 0x80011140)
T0C54 000:583.634 - 1.955ms returns 0
T0C54 000:583.683 JLINK_CORESIGHT_ReadAPDPReg(AP reg 0x03)
T0C54 000:584.154   Value=0x00000000
T0C54 000:584.175 - 0.492ms returns 0
T0C54 000:584.197 JLINK_CORESIGHT_WriteAPDPReg(AP reg 0x00, 0x80000002)
T0C54 000:584.553 - 0.355ms returns 0
T0C54 000:584.577 JLINK_CORESIGHT_WriteAPDPReg(AP reg 0x01, 0x80011130)
T0C54 000:586.688 - 2.110ms returns 0
T0C54 000:586.731 JLINK_CORESIGHT_ReadAPDPReg(AP reg 0x03)
T0C54 000:587.294   Value=0x0406070A
T0C54 000:587.334 - 0.602ms returns 0
T0C54 000:587.357 JLINK_CORESIGHT_WriteAPDPReg(AP reg 0x00, 0x80000002)
T0C54 000:587.713 - 0.356ms returns 0
T0C54 000:587.751 JLINK_CORESIGHT_WriteAPDPReg(AP reg 0x01, 0x80011140)
T0C54 000:588.239 - 0.487ms returns 0
T0C54 000:588.278 JLINK_CORESIGHT_ReadAPDPReg(AP reg 0x03)
T0C54 000:588.761   Value=0x00000000
T0C54 000:588.808 - 0.529ms returns 0
T0C54 000:588.831 JLINK_CORESIGHT_WriteAPDPReg(AP reg 0x00, 0x80000002)
T0C54 000:589.180 - 0.348ms returns 0
T0C54 000:589.215 JLINK_CORESIGHT_WriteAPDPReg(AP reg 0x01, 0x80011130)
T0C54 000:589.512 - 0.297ms returns 0
T0C54 000:589.549 JLINK_CORESIGHT_ReadAPDPReg(AP reg 0x03)
T0C54 000:589.970   Value=0x3254540B
T0C54 000:589.988 - 0.439ms returns 0
T0C54 000:590.015 JLINK_CORESIGHT_WriteAPDPReg(AP reg 0x00, 0x80000002)
T0C54 000:591.758 - 1.742ms returns 0
T0C54 000:591.793 JLINK_CORESIGHT_WriteAPDPReg(AP reg 0x01, 0x80011140)
T0C54 000:592.217 - 0.424ms returns 0
T0C54 000:592.259 JLINK_CORESIGHT_ReadAPDPReg(AP reg 0x03)
T0C54 000:592.923   Value=0x00000000
T0C54 000:592.946 - 0.688ms returns 0
T0C54 000:592.964 JLINK_CORESIGHT_WriteAPDPReg(AP reg 0x00, 0x80000002)
T0C54 000:593.297 - 0.332ms returns 0
T0C54 000:593.362 JLINK_CORESIGHT_WriteAPDPReg(AP reg 0x01, 0x80011130)
T0C54 000:593.638 - 0.277ms returns 0
T0C54 000:593.664 JLINK_CORESIGHT_ReadAPDPReg(AP reg 0x03)
T0C54 000:593.974   Value=0x54D4E359
T0C54 000:593.994 - 0.329ms returns 0
T0C54 000:594.015 JLINK_CORESIGHT_WriteAPDPReg(AP reg 0x00, 0x80000002)
T0C54 000:594.267 - 0.251ms returns 0
T0C54 000:594.295 JLINK_CORESIGHT_WriteAPDPReg(AP reg 0x01, 0x80011140)
T0C54 000:594.635 - 0.340ms returns 0
T0C54 000:594.674 JLINK_CORESIGHT_ReadAPDPReg(AP reg 0x03)
T0C54 000:595.121   Value=0x00000000
T0C54 000:595.144 - 0.471ms returns 0
T0C54 000:595.161 JLINK_CORESIGHT_WriteAPDPReg(AP reg 0x00, 0x80000002)
T0C54 000:596.743 - 1.581ms returns 0
T0C54 000:596.769 JLINK_CORESIGHT_WriteAPDPReg(AP reg 0x01, 0x80011130)
T0C54 000:596.997 - 0.228ms returns 0
T0C54 000:597.006 JLINK_CORESIGHT_ReadAPDPReg(AP reg 0x03)
T0C54 000:597.218   Value=0x34325736
T0C54 000:597.226 - 0.219ms returns 0
T0C54 000:597.241 JLINK_CORESIGHT_WriteAPDPReg(AP reg 0x00, 0x80000002)
T0C54 000:597.578 - 0.337ms returns 0
T0C54 000:597.594 JLINK_CORESIGHT_WriteAPDPReg(AP reg 0x01, 0x80011140)
T0C54 000:597.822 - 0.228ms returns 0
T0C54 000:597.831 JLINK_CORESIGHT_ReadAPDPReg(AP reg 0x03)
T0C54 000:598.153   Value=0x00000000
T0C54 000:598.162 - 0.330ms returns 0
T0C54 000:598.169 JLINK_CORESIGHT_WriteAPDPReg(AP reg 0x00, 0x80000002)
T0C54 000:598.429 - 0.259ms returns 0
T0C54 000:598.436 JLINK_CORESIGHT_WriteAPDPReg(AP reg 0x01, 0x80011130)
T0C54 000:599.768 - 1.330ms returns 0
T0C54 000:599.799 JLINK_CORESIGHT_ReadAPDPReg(AP reg 0x03)
T0C54 000:600.163   Value=0x63082D30
T0C54 000:600.248 - 0.450ms returns 0
T0C54 000:600.259 JLINK_CORESIGHT_WriteAPDPReg(AP reg 0x00, 0x80000002)
T0C54 000:600.524 - 0.265ms returns 0
T0C54 000:600.534 JLINK_CORESIGHT_WriteAPDPReg(AP reg 0x01, 0x80011140)
T0C54 000:600.786 - 0.252ms returns 0
T0C54 000:600.797 JLINK_CORESIGHT_ReadAPDPReg(AP reg 0x03)
T0C54 000:601.179   Value=0x00000000
T0C54 000:601.187 - 0.390ms returns 0
T0C54 000:601.205 JLINK_CORESIGHT_WriteAPDPReg(AP reg 0x00, 0x80000002)
T0C54 000:601.531 - 0.327ms returns 0
T0C54 000:601.540 JLINK_CORESIGHT_WriteAPDPReg(AP reg 0x01, 0x80011130)
T0C54 000:601.727 - 0.187ms returns 0
T0C54 000:601.735 JLINK_CORESIGHT_ReadAPDPReg(AP reg 0x03)
T0C54 000:601.976   Value=0x4B375276
T0C54 000:601.983 - 0.247ms returns 0
T0C54 000:601.991 JLINK_CORESIGHT_WriteAPDPReg(AP reg 0x00, 0x80000002)
T0C54 000:602.178 - 0.187ms returns 0
T0C54 000:602.186 JLINK_CORESIGHT_WriteAPDPReg(AP reg 0x01, 0x80011140)
T0C54 000:602.378 - 0.191ms returns 0
T0C54 000:602.386 JLINK_CORESIGHT_ReadAPDPReg(AP reg 0x03)
T0C54 000:602.686   Value=0x00000000
T0C54 000:602.697 - 0.311ms returns 0
T0C54 000:602.704 JLINK_CORESIGHT_WriteAPDPReg(AP reg 0x00, 0x80000002)
T0C54 000:602.932 - 0.228ms returns 0
T0C54 000:602.943 JLINK_CORESIGHT_WriteAPDPReg(AP reg 0x01, 0x80011130)
T0C54 000:603.157 - 0.214ms returns 0
T0C54 000:603.165 JLINK_CORESIGHT_ReadAPDPReg(AP reg 0x03)
T0C54 000:603.442   Value=0x31503841
T0C54 000:603.457 - 0.292ms returns 0
T0C54 000:603.464 JLINK_CORESIGHT_WriteAPDPReg(AP reg 0x00, 0x80000002)
T0C54 000:603.633 - 0.169ms returns 0
T0C54 000:603.641 JLINK_CORESIGHT_WriteAPDPReg(AP reg 0x01, 0x80011140)
T0C54 000:603.825 - 0.184ms returns 0
T0C54 000:603.835 JLINK_CORESIGHT_ReadAPDPReg(AP reg 0x03)
T0C54 000:604.145   Value=0x00000000
T0C54 000:604.153 - 0.318ms returns 0
T0C54 000:604.161 JLINK_CORESIGHT_WriteAPDPReg(AP reg 0x00, 0x80000002)
T0C54 000:604.386 - 0.225ms returns 0
T0C54 000:604.395 JLINK_CORESIGHT_WriteAPDPReg(AP reg 0x01, 0x80011130)
T0C54 000:604.699 - 0.302ms returns 0
T0C54 000:604.753 JLINK_CORESIGHT_ReadAPDPReg(AP reg 0x03)
T0C54 000:605.130   Value=0x434C464B
T0C54 000:605.141 - 0.388ms returns 0
T0C54 000:605.152 JLINK_CORESIGHT_WriteAPDPReg(AP reg 0x00, 0x80000002)
T0C54 000:605.423 - 0.270ms returns 0
T0C54 000:605.433 JLINK_CORESIGHT_WriteAPDPReg(AP reg 0x01, 0x80011140)
T0C54 000:605.621 - 0.188ms returns 0
T0C54 000:605.630 JLINK_CORESIGHT_ReadAPDPReg(AP reg 0x03)
T0C54 000:605.900   Value=0x00000000
T0C54 000:605.907 - 0.277ms returns 0
T0C54 000:605.915 JLINK_CORESIGHT_WriteAPDPReg(AP reg 0x00, 0x80000002)
T0C54 000:606.165 - 0.250ms returns 0
T0C54 000:606.174 JLINK_CORESIGHT_WriteAPDPReg(AP reg 0x01, 0x80011130)
T0C54 000:606.404 - 0.230ms returns 0
T0C54 000:606.412 JLINK_CORESIGHT_ReadAPDPReg(AP reg 0x03)
T0C54 000:606.720   Value=0x20204341
T0C54 000:606.727 - 0.315ms returns 0
T0C54 000:606.734 JLINK_CORESIGHT_WriteAPDPReg(AP reg 0x00, 0x80000002)
T0C54 000:607.010 - 0.276ms returns 0
T0C54 000:607.018 JLINK_CORESIGHT_WriteAPDPReg(AP reg 0x01, 0x80011140)
T0C54 000:607.177 - 0.159ms returns 0
T0C54 000:607.190 JLINK_CORESIGHT_ReadAPDPReg(AP reg 0x03)
T0C54 000:607.482   Value=0x00000000
T0C54 000:607.489 - 0.299ms returns 0
T0C54 000:607.496 JLINK_CORESIGHT_WriteAPDPReg(AP reg 0x00, 0x80000002)
T0C54 000:607.737 - 0.240ms returns 0
T0C54 000:607.745 JLINK_CORESIGHT_WriteAPDPReg(AP reg 0x01, 0x80011130)
T0C54 000:608.019 - 0.273ms returns 0
T0C54 000:608.029 JLINK_CORESIGHT_ReadAPDPReg(AP reg 0x03)
T0C54 000:608.751   Value=0x0003CD20
T0C54 000:608.896 - 0.865ms returns 0
T0C54 000:609.133 JLINK_CORESIGHT_WriteAPDPReg(AP reg 0x00, 0x80000002)
T0C54 000:609.761 - 0.630ms returns 0
T0C54 000:609.789 JLINK_CORESIGHT_WriteAPDPReg(AP reg 0x01, 0x80011140)
T0C54 000:610.012 - 0.222ms returns 0
T0C54 000:610.038 JLINK_CORESIGHT_ReadAPDPReg(AP reg 0x03)
T0C54 000:610.377   Value=0x00000002
T0C54 000:610.440 - 0.401ms returns 0
T0C54 000:610.456 JLINK_CORESIGHT_WriteAPDPReg(AP reg 0x00, 0x80000002)
T0C54 000:610.789 - 0.332ms returns 0
T0C54 000:610.830 JLINK_CORESIGHT_WriteAPDPReg(AP reg 0x01, 0x80011120)
T0C54 000:611.083 - 0.252ms returns 0
T0C54 000:611.109 JLINK_CORESIGHT_WriteAPDPReg(AP reg 0x03, 0x39020001)
T0C54 000:613.081 - 1.972ms returns 0
T0C54 000:613.117 JLINK_CORESIGHT_WriteAPDPReg(AP reg 0x00, 0x80000002)
T0C54 000:615.119 - 2.000ms returns 0
T0C54 000:615.162 JLINK_CORESIGHT_WriteAPDPReg(AP reg 0x01, 0x80011140)
T0C54 000:617.100 - 1.936ms returns 0
T0C54 000:617.149 JLINK_CORESIGHT_ReadAPDPReg(AP reg 0x03)
T0C54 000:619.168   Value=0x00000002
T0C54 000:619.205 - 2.055ms returns 0
T0C54 000:619.224 JLINK_CORESIGHT_WriteAPDPReg(AP reg 0x00, 0x80000002)
T0C54 000:621.152 - 1.928ms returns 0
T0C54 000:621.181 JLINK_CORESIGHT_WriteAPDPReg(AP reg 0x01, 0x80011120)
T0C54 000:623.592 - 2.411ms returns 0
T0C54 000:623.621 JLINK_CORESIGHT_WriteAPDPReg(AP reg 0x03, 0x0003B312)
T0C54 000:623.972 - 0.350ms returns 0
T0C54 000:624.014 JLINK_CORESIGHT_WriteAPDPReg(AP reg 0x00, 0x80000002)
T0C54 000:624.270 - 0.255ms returns 0
T0C54 000:624.287 JLINK_CORESIGHT_WriteAPDPReg(AP reg 0x01, 0x80011140)
T0C54 000:624.623 - 0.334ms returns 0
T0C54 000:624.653 JLINK_CORESIGHT_ReadAPDPReg(AP reg 0x03)
T0C54 000:624.931   Value=0x00000000
T0C54 000:624.958 - 0.305ms returns 0
T0C54 000:624.976 JLINK_CORESIGHT_WriteAPDPReg(AP reg 0x00, 0x80000002)
T0C54 000:625.324 - 0.348ms returns 0
T0C54 000:625.344 JLINK_CORESIGHT_WriteAPDPReg(AP reg 0x01, 0x80011130)
T0C54 000:625.635 - 0.291ms returns 0
T0C54 000:625.662 JLINK_CORESIGHT_ReadAPDPReg(AP reg 0x03)
T0C54 000:626.194   Value=0xB90A0081
T0C54 000:626.227 - 0.565ms returns 0
T0C54 000:626.243 JLINK_CORESIGHT_WriteAPDPReg(AP reg 0x00, 0x80000002)
T0C54 000:626.598 - 0.353ms returns 0
T0C54 000:626.635 JLINK_CORESIGHT_WriteAPDPReg(AP reg 0x01, 0x80011140)
T0C54 000:627.079 - 0.443ms returns 0
T0C54 000:627.113 JLINK_CORESIGHT_ReadAPDPReg(AP reg 0x03)
T0C54 000:627.469   Value=0x00000000
T0C54 000:627.494 - 0.380ms returns 0
T0C54 000:627.511 JLINK_CORESIGHT_WriteAPDPReg(AP reg 0x00, 0x80000002)
T0C54 000:629.270 - 1.759ms returns 0
T0C54 000:629.322 JLINK_CORESIGHT_WriteAPDPReg(AP reg 0x01, 0x80011130)
T0C54 000:629.565 - 0.243ms returns 0
T0C54 000:629.596 JLINK_CORESIGHT_ReadAPDPReg(AP reg 0x03)
T0C54 000:629.983   Value=0xFFFFFFC0
T0C54 000:630.004 - 0.409ms returns 0
T0C54 000:630.021 JLINK_CORESIGHT_WriteAPDPReg(AP reg 0x00, 0x80000002)
T0C54 000:630.347 - 0.326ms returns 0
T0C54 000:630.369 JLINK_CORESIGHT_WriteAPDPReg(AP reg 0x01, 0x80011140)
T0C54 000:632.371 - 2.000ms returns 0
T0C54 000:632.415 JLINK_CORESIGHT_ReadAPDPReg(AP reg 0x03)
T0C54 000:632.812   Value=0x00000000
T0C54 000:632.830 - 0.414ms returns 0
T0C54 000:632.845 JLINK_CORESIGHT_WriteAPDPReg(AP reg 0x00, 0x80000002)
T0C54 000:634.392 - 1.545ms returns 0
T0C54 000:634.425 JLINK_CORESIGHT_WriteAPDPReg(AP reg 0x01, 0x80011130)
T0C54 000:636.448 - 2.021ms returns 0
T0C54 000:636.493 JLINK_CORESIGHT_ReadAPDPReg(AP reg 0x03)
T0C54 000:636.902   Value=0xFFFFFFFF
T0C54 000:636.929 - 0.435ms returns 0
T0C54 000:636.944 JLINK_CORESIGHT_WriteAPDPReg(AP reg 0x00, 0x80000002)
T0C54 000:637.179 - 0.234ms returns 0
T0C54 000:637.229 JLINK_CORESIGHT_WriteAPDPReg(AP reg 0x01, 0x80011140)
T0C54 000:639.547 - 2.317ms returns 0
T0C54 000:639.591 JLINK_CORESIGHT_ReadAPDPReg(AP reg 0x03)
T0C54 000:639.945   Value=0x00000000
T0C54 000:639.976 - 0.384ms returns 0
T0C54 000:639.991 JLINK_CORESIGHT_WriteAPDPReg(AP reg 0x00, 0x80000002)
T0C54 000:640.286 - 0.294ms returns 0
T0C54 000:640.324 JLINK_CORESIGHT_WriteAPDPReg(AP reg 0x01, 0x80011130)
T0C54 000:640.571 - 0.247ms returns 0
T0C54 000:640.622 JLINK_CORESIGHT_ReadAPDPReg(AP reg 0x03)
T0C54 000:641.092   Value=0x000385FF
T0C54 000:641.117 - 0.495ms returns 0
T0C54 000:641.214 JLINK_CORESIGHT_WriteAPDPReg(AP reg 0x00, 0x80000002)
T0C54 000:642.526 - 1.311ms returns 0
T0C54 000:642.573 JLINK_CORESIGHT_WriteAPDPReg(AP reg 0x01, 0x80011140)
T0C54 000:642.851 - 0.278ms returns 0
T0C54 000:642.861 JLINK_CORESIGHT_ReadAPDPReg(AP reg 0x03)
T0C54 000:643.223   Value=0x00000002
T0C54 000:643.252 - 0.390ms returns 0
T0C54 000:643.268 JLINK_CORESIGHT_WriteAPDPReg(AP reg 0x00, 0x80000002)
T0C54 000:643.489 - 0.221ms returns 0
T0C54 000:643.507 JLINK_CORESIGHT_WriteAPDPReg(AP reg 0x01, 0x80011120)
T0C54 000:643.756 - 0.249ms returns 0
T0C54 000:643.765 JLINK_CORESIGHT_WriteAPDPReg(AP reg 0x03, 0x2C010001)
T0C54 000:644.021 - 0.256ms returns 0
T0C54 000:644.029 JLINK_CORESIGHT_WriteAPDPReg(AP reg 0x00, 0x80000002)
T0C54 000:644.328 - 0.299ms returns 0
T0C54 000:644.337 JLINK_CORESIGHT_WriteAPDPReg(AP reg 0x01, 0x80011140)
T0C54 000:644.589 - 0.252ms returns 0
T0C54 000:644.602 JLINK_CORESIGHT_ReadAPDPReg(AP reg 0x03)
T0C54 000:644.881   Value=0x00000002
T0C54 000:644.887 - 0.285ms returns 0
T0C54 000:644.894 JLINK_CORESIGHT_WriteAPDPReg(AP reg 0x00, 0x80000002)
T0C54 000:645.121 - 0.226ms returns 0
T0C54 000:645.129 JLINK_CORESIGHT_WriteAPDPReg(AP reg 0x01, 0x80011120)
T0C54 000:645.359 - 0.229ms returns 0
T0C54 000:645.370 JLINK_CORESIGHT_WriteAPDPReg(AP reg 0x03, 0x000003D3)
T0C54 000:645.649 - 0.278ms returns 0
T0C54 000:645.656 JLINK_CORESIGHT_WriteAPDPReg(AP reg 0x00, 0x80000002)
T0C54 000:645.898 - 0.241ms returns 0
T0C54 000:645.906 JLINK_CORESIGHT_WriteAPDPReg(AP reg 0x01, 0x80011140)
T0C54 000:646.155 - 0.249ms returns 0
T0C54 000:646.164 JLINK_CORESIGHT_ReadAPDPReg(AP reg 0x03)
T0C54 000:646.465   Value=0x00000002
T0C54 000:646.472 - 0.307ms returns 0
T0C54 000:646.479 JLINK_CORESIGHT_ReadAPDPReg(AP reg 0x03)
T0C54 000:646.746   Value=0x00000002
T0C54 000:646.753 - 0.274ms returns 0
T0C54 000:646.760 JLINK_CORESIGHT_ReadAPDPReg(AP reg 0x03)
T0C54 000:647.023   Value=0x00000002
T0C54 000:647.032 - 0.272ms returns 0
T0C54 000:647.041 JLINK_CORESIGHT_ReadAPDPReg(AP reg 0x03)
T0C54 000:647.360   Value=0x00000002
T0C54 000:647.367 - 0.326ms returns 0
T0C54 000:647.374 JLINK_CORESIGHT_ReadAPDPReg(AP reg 0x03)
T0C54 000:647.586   Value=0x00000002
T0C54 000:647.593 - 0.219ms returns 0
T0C54 000:647.600 JLINK_CORESIGHT_ReadAPDPReg(AP reg 0x03)
T0C54 000:647.914   Value=0x00000002
T0C54 000:647.920 - 0.320ms returns 0
T0C54 000:647.930 JLINK_CORESIGHT_ReadAPDPReg(AP reg 0x03)
T0C54 000:648.149   Value=0x00000002
T0C54 000:648.156 - 0.225ms returns 0
T0C54 000:648.163 JLINK_CORESIGHT_ReadAPDPReg(AP reg 0x03)
T0C54 000:648.377   Value=0x00000002
T0C54 000:648.384 - 0.221ms returns 0
T0C54 000:648.391 JLINK_CORESIGHT_ReadAPDPReg(AP reg 0x03)
T0C54 000:648.667   Value=0x00000002
T0C54 000:648.680 - 0.289ms returns 0
T0C54 000:648.687 JLINK_CORESIGHT_ReadAPDPReg(AP reg 0x03)
T0C54 000:648.900   Value=0x00000002
T0C54 000:648.916 - 0.228ms returns 0
T0C54 000:648.923 JLINK_CORESIGHT_ReadAPDPReg(AP reg 0x03)
T0C54 000:649.131   Value=0x00000000
T0C54 000:649.138 - 0.215ms returns 0
T0C54 000:649.145 JLINK_CORESIGHT_WriteAPDPReg(AP reg 0x00, 0x80000002)
T0C54 000:649.315 - 0.170ms returns 0
T0C54 000:649.324 JLINK_CORESIGHT_WriteAPDPReg(AP reg 0x01, 0x80011130)
T0C54 000:649.509 - 0.186ms returns 0
T0C54 000:649.528 JLINK_CORESIGHT_ReadAPDPReg(AP reg 0x03)
T0C54 000:649.731   Value=0x2C020081
T0C54 000:649.737 - 0.209ms returns 0
T0C54 000:649.745 JLINK_CORESIGHT_WriteAPDPReg(AP reg 0x00, 0x80000002)
T0C54 000:649.995 - 0.250ms returns 0
T0C54 000:650.003 JLINK_CORESIGHT_WriteAPDPReg(AP reg 0x01, 0x80011140)
T0C54 000:650.165 - 0.162ms returns 0
T0C54 000:650.173 JLINK_CORESIGHT_ReadAPDPReg(AP reg 0x03)
T0C54 000:650.410   Value=0x00000000
T0C54 000:650.417 - 0.243ms returns 0
T0C54 000:650.424 JLINK_CORESIGHT_WriteAPDPReg(AP reg 0x00, 0x80000002)
T0C54 000:650.644 - 0.219ms returns 0
T0C54 000:651.214 JLINK_CORESIGHT_WriteAPDPReg(AP reg 0x01, 0x80011130)
T0C54 000:651.410 - 0.195ms returns 0
T0C54 000:651.417 JLINK_CORESIGHT_ReadAPDPReg(AP reg 0x03)
T0C54 000:651.692   Value=0x0003CE04
T0C54 000:651.705 - 0.288ms returns 0
T0C54 000:651.716 JLINK_CORESIGHT_WriteAPDPReg(AP reg 0x00, 0x80000002)
T0C54 000:651.881 - 0.165ms returns 0
T0C54 000:651.888 JLINK_CORESIGHT_WriteAPDPReg(AP reg 0x01, 0x80011140)
T0C54 000:652.045 - 0.157ms returns 0
T0C54 000:652.053 JLINK_CORESIGHT_ReadAPDPReg(AP reg 0x03)
T0C54 000:652.281   Value=0x00000002
T0C54 000:652.288 - 0.234ms returns 0
T0C54 000:652.293 JLINK_CORESIGHT_WriteAPDPReg(AP reg 0x00, 0x80000002)
T0C54 000:652.510 - 0.216ms returns 0
T0C54 000:652.516 JLINK_CORESIGHT_WriteAPDPReg(AP reg 0x01, 0x80011120)
T0C54 000:652.693 - 0.176ms returns 0
T0C54 000:652.708 JLINK_CORESIGHT_WriteAPDPReg(AP reg 0x03, 0x73010001)
T0C54 000:652.908 - 0.201ms returns 0
T0C54 000:653.077 JLINK_CORESIGHT_WriteAPDPReg(AP reg 0x00, 0x80000002)
T0C54 000:653.293 - 0.216ms returns 0
T0C54 000:653.300 JLINK_CORESIGHT_WriteAPDPReg(AP reg 0x01, 0x80011140)
T0C54 000:653.520 - 0.219ms returns 0
T0C54 000:653.526 JLINK_CORESIGHT_ReadAPDPReg(AP reg 0x03)
T0C54 000:654.270   Value=0x00000002
T0C54 000:654.282 - 0.755ms returns 0
T0C54 000:654.289 JLINK_CORESIGHT_WriteAPDPReg(AP reg 0x00, 0x80000002)
T0C54 000:654.678 - 0.388ms returns 0
T0C54 000:654.702 JLINK_CORESIGHT_WriteAPDPReg(AP reg 0x01, 0x80011120)
T0C54 000:654.913 - 0.208ms returns 0
T0C54 000:654.981 JLINK_CORESIGHT_WriteAPDPReg(AP reg 0x03, 0x0000038C)
T0C54 000:655.338 - 0.357ms returns 0
T0C54 000:655.356 JLINK_CORESIGHT_WriteAPDPReg(AP reg 0x00, 0x80000002)
T0C54 000:656.762 - 1.405ms returns 0
T0C54 000:656.787 JLINK_CORESIGHT_WriteAPDPReg(AP reg 0x01, 0x80011140)
T0C54 000:658.776 - 1.988ms returns 0
T0C54 000:658.799 JLINK_CORESIGHT_ReadAPDPReg(AP reg 0x03)
T0C54 000:659.277   Value=0x00000002
T0C54 000:659.300 - 0.500ms returns 0
T0C54 000:659.312 JLINK_CORESIGHT_ReadAPDPReg(AP reg 0x03)
T0C54 000:659.738   Value=0x00000000
T0C54 000:659.757 - 0.445ms returns 0
T0C54 000:659.769 JLINK_CORESIGHT_WriteAPDPReg(AP reg 0x00, 0x80000002)
T0C54 000:660.124 - 0.355ms returns 0
T0C54 000:660.143 JLINK_CORESIGHT_WriteAPDPReg(AP reg 0x01, 0x80011130)
T0C54 000:662.229 - 2.085ms returns 0
T0C54 000:662.246 JLINK_CORESIGHT_ReadAPDPReg(AP reg 0x03)
T0C54 000:662.666   Value=0x73020081
T0C54 000:662.691 - 0.445ms returns 0
T0C54 000:662.702 JLINK_CORESIGHT_WriteAPDPReg(AP reg 0x00, 0x80000002)
T0C54 000:664.295 - 1.593ms returns 0
T0C54 000:664.316 JLINK_CORESIGHT_WriteAPDPReg(AP reg 0x01, 0x80011140)
T0C54 000:664.712 - 0.396ms returns 0
T0C54 000:664.734 JLINK_CORESIGHT_ReadAPDPReg(AP reg 0x03)
T0C54 000:665.149   Value=0x00000000
T0C54 000:665.174 - 0.440ms returns 0
T0C54 000:665.186 JLINK_CORESIGHT_WriteAPDPReg(AP reg 0x00, 0x80000002)
T0C54 000:665.538 - 0.351ms returns 0
T0C54 000:665.559 JLINK_CORESIGHT_WriteAPDPReg(AP reg 0x01, 0x80011130)
T0C54 000:665.869 - 0.310ms returns 0
T0C54 000:665.889 JLINK_CORESIGHT_ReadAPDPReg(AP reg 0x03)
T0C54 000:666.196   Value=0x00038902
T0C54 000:666.215 - 0.326ms returns 0
T0C54 000:666.229 JLINK_CORESIGHT_WriteAPDPReg(AP reg 0x00, 0x80000002)
T0C54 000:666.422 - 0.193ms returns 0
T0C54 000:666.441 JLINK_CORESIGHT_WriteAPDPReg(AP reg 0x01, 0x80011140)
T0C54 000:667.847 - 1.405ms returns 0
T0C54 000:667.867 JLINK_CORESIGHT_ReadAPDPReg(AP reg 0x03)
T0C54 000:668.275   Value=0x00000002
T0C54 000:668.302 - 0.435ms returns 0
T0C54 000:668.316 JLINK_CORESIGHT_WriteAPDPReg(AP reg 0x00, 0x80000002)
T0C54 000:670.673 - 2.356ms returns 0
T0C54 000:670.722 JLINK_CORESIGHT_WriteAPDPReg(AP reg 0x01, 0x80011120)
T0C54 000:671.106 - 0.383ms returns 0
T0C54 000:671.125 JLINK_CORESIGHT_WriteAPDPReg(AP reg 0x03, 0x75010001)
T0C54 000:671.389 - 0.263ms returns 0
T0C54 000:671.414 JLINK_CORESIGHT_WriteAPDPReg(AP reg 0x00, 0x80000002)
T0C54 000:671.629 - 0.214ms returns 0
T0C54 000:671.646 JLINK_CORESIGHT_WriteAPDPReg(AP reg 0x01, 0x80011140)
T0C54 000:671.976 - 0.329ms returns 0
T0C54 000:672.004 JLINK_CORESIGHT_ReadAPDPReg(AP reg 0x03)
T0C54 000:672.410   Value=0x00000002
T0C54 000:672.432 - 0.427ms returns 0
T0C54 000:672.445 JLINK_CORESIGHT_WriteAPDPReg(AP reg 0x00, 0x80000002)
T0C54 000:672.756 - 0.311ms returns 0
T0C54 000:672.774 JLINK_CORESIGHT_WriteAPDPReg(AP reg 0x01, 0x80011120)
T0C54 000:674.670 - 1.894ms returns 0
T0C54 000:674.777 JLINK_CORESIGHT_WriteAPDPReg(AP reg 0x03, 0x0000038A)
T0C54 000:675.158 - 0.381ms returns 0
T0C54 000:675.178 JLINK_CORESIGHT_WriteAPDPReg(AP reg 0x00, 0x80000002)
T0C54 000:676.693 - 1.513ms returns 0
T0C54 000:676.743 JLINK_CORESIGHT_WriteAPDPReg(AP reg 0x01, 0x80011140)
T0C54 000:677.094 - 0.351ms returns 0
T0C54 000:677.117 JLINK_CORESIGHT_ReadAPDPReg(AP reg 0x03)
T0C54 000:677.585   Value=0x00000000
T0C54 000:677.627 - 0.510ms returns 0
T0C54 000:677.648 JLINK_CORESIGHT_WriteAPDPReg(AP reg 0x00, 0x80000002)
T0C54 000:679.747 - 2.099ms returns 0
T0C54 000:679.776 JLINK_CORESIGHT_WriteAPDPReg(AP reg 0x01, 0x80011130)
T0C54 000:680.206 - 0.430ms returns 0
T0C54 000:680.232 JLINK_CORESIGHT_ReadAPDPReg(AP reg 0x03)
T0C54 000:680.704   Value=0x75020081
T0C54 000:680.729 - 0.496ms returns 0
T0C54 000:680.749 JLINK_CORESIGHT_WriteAPDPReg(AP reg 0x00, 0x80000002)
T0C54 000:682.772 - 2.022ms returns 0
T0C54 000:682.815 JLINK_CORESIGHT_WriteAPDPReg(AP reg 0x01, 0x80011140)
T0C54 000:684.952 - 2.136ms returns 0
T0C54 000:686.125 JLINK_CORESIGHT_ReadAPDPReg(AP reg 0x03)
T0C54 000:686.563   Value=0x00000000
T0C54 000:686.593 - 0.468ms returns 0
T0C54 000:686.606 JLINK_CORESIGHT_WriteAPDPReg(AP reg 0x00, 0x80000002)
T0C54 000:688.827 - 2.220ms returns 0
T0C54 000:688.862 JLINK_CORESIGHT_WriteAPDPReg(AP reg 0x01, 0x80011130)
T0C54 000:689.118 - 0.257ms returns 0
T0C54 000:689.126 JLINK_CORESIGHT_ReadAPDPReg(AP reg 0x03)
T0C54 000:689.422   Value=0x00038702
T0C54 000:689.429 - 0.303ms returns 0
T0C54 000:689.444 JLINK_CORESIGHT_WriteAPDPReg(AP reg 0x00, 0x80000002)
T0C54 000:689.713 - 0.269ms returns 0
T0C54 000:689.723 JLINK_CORESIGHT_WriteAPDPReg(AP reg 0x01, 0x80011140)
T0C54 000:689.896 - 0.173ms returns 0
T0C54 000:689.904 JLINK_CORESIGHT_ReadAPDPReg(AP reg 0x03)
T0C54 000:690.231   Value=0x00000002
T0C54 000:690.250 - 0.345ms returns 0
T0C54 000:690.264 JLINK_CORESIGHT_WriteAPDPReg(AP reg 0x00, 0x80000002)
T0C54 000:690.438 - 0.174ms returns 0
T0C54 000:690.445 JLINK_CORESIGHT_WriteAPDPReg(AP reg 0x01, 0x80011120)
T0C54 000:690.657 - 0.212ms returns 0
T0C54 000:690.664 JLINK_CORESIGHT_WriteAPDPReg(AP reg 0x03, 0x4F010001)
T0C54 000:690.854 - 0.190ms returns 0
T0C54 000:690.861 JLINK_CORESIGHT_WriteAPDPReg(AP reg 0x00, 0x80000002)
T0C54 000:691.034 - 0.173ms returns 0
T0C54 000:691.041 JLINK_CORESIGHT_WriteAPDPReg(AP reg 0x01, 0x80011140)
T0C54 000:691.226 - 0.184ms returns 0
T0C54 000:691.233 JLINK_CORESIGHT_ReadAPDPReg(AP reg 0x03)
T0C54 000:691.648   Value=0x00000002
T0C54 000:691.660 - 0.426ms returns 0
T0C54 000:691.669 JLINK_CORESIGHT_WriteAPDPReg(AP reg 0x00, 0x80000002)
T0C54 000:691.888 - 0.219ms returns 0
T0C54 000:691.896 JLINK_CORESIGHT_WriteAPDPReg(AP reg 0x01, 0x80011120)
T0C54 000:692.136 - 0.240ms returns 0
T0C54 000:692.144 JLINK_CORESIGHT_WriteAPDPReg(AP reg 0x03, 0x000003B0)
T0C54 000:692.383 - 0.238ms returns 0
T0C54 000:692.389 JLINK_CORESIGHT_WriteAPDPReg(AP reg 0x00, 0x80000002)
T0C54 000:692.759 - 0.370ms returns 0
T0C54 000:692.770 JLINK_CORESIGHT_WriteAPDPReg(AP reg 0x01, 0x80011140)
T0C54 000:693.018 - 0.247ms returns 0
T0C54 000:693.027 JLINK_CORESIGHT_ReadAPDPReg(AP reg 0x03)
T0C54 000:693.397   Value=0x00000002
T0C54 000:693.408 - 0.380ms returns 0
T0C54 000:693.416 JLINK_CORESIGHT_ReadAPDPReg(AP reg 0x03)
T0C54 000:693.754   Value=0x00000002
T0C54 000:693.762 - 0.346ms returns 0
T0C54 000:693.770 JLINK_CORESIGHT_ReadAPDPReg(AP reg 0x03)
T0C54 000:694.054   Value=0x00000002
T0C54 000:694.063 - 0.293ms returns 0
T0C54 000:694.071 JLINK_CORESIGHT_ReadAPDPReg(AP reg 0x03)
T0C54 000:694.369   Value=0x00000002
T0C54 000:694.376 - 0.305ms returns 0
T0C54 000:694.382 JLINK_CORESIGHT_ReadAPDPReg(AP reg 0x03)
T0C54 000:694.598   Value=0x00000002
T0C54 000:694.607 - 0.225ms returns 0
T0C54 000:694.615 JLINK_CORESIGHT_ReadAPDPReg(AP reg 0x03)
T0C54 000:695.016   Value=0x00000002
T0C54 000:695.030 - 0.415ms returns 0
T0C54 000:695.040 JLINK_CORESIGHT_ReadAPDPReg(AP reg 0x03)
T0C54 000:695.335   Value=0x00000002
T0C54 000:695.349 - 0.309ms returns 0
T0C54 000:695.355 JLINK_CORESIGHT_ReadAPDPReg(AP reg 0x03)
T0C54 000:695.567   Value=0x00000002
T0C54 000:695.574 - 0.219ms returns 0
T0C54 000:695.580 JLINK_CORESIGHT_ReadAPDPReg(AP reg 0x03)
T0C54 000:695.862   Value=0x00000002
T0C54 000:695.877 - 0.297ms returns 0
T0C54 000:695.883 JLINK_CORESIGHT_ReadAPDPReg(AP reg 0x03)
T0C54 000:696.163   Value=0x00000000
T0C54 000:696.175 - 0.292ms returns 0
T0C54 000:696.180 JLINK_CORESIGHT_WriteAPDPReg(AP reg 0x00, 0x80000002)
T0C54 000:696.376 - 0.195ms returns 0
T0C54 000:696.388 JLINK_CORESIGHT_WriteAPDPReg(AP reg 0x01, 0x80011130)
T0C54 000:696.647 - 0.259ms returns 0
T0C54 000:696.654 JLINK_CORESIGHT_ReadAPDPReg(AP reg 0x03)
T0C54 000:696.969   Value=0x4F0B0081
T0C54 000:696.979 - 0.324ms returns 0
T0C54 000:696.987 JLINK_CORESIGHT_WriteAPDPReg(AP reg 0x00, 0x80000002)
T0C54 000:697.162 - 0.175ms returns 0
T0C54 000:697.168 JLINK_CORESIGHT_WriteAPDPReg(AP reg 0x01, 0x80011140)
T0C54 000:697.362 - 0.194ms returns 0
T0C54 000:697.371 JLINK_CORESIGHT_ReadAPDPReg(AP reg 0x03)
T0C54 000:697.699   Value=0x00000000
T0C54 000:697.709 - 0.338ms returns 0
T0C54 000:697.729 JLINK_CORESIGHT_WriteAPDPReg(AP reg 0x00, 0x80000002)
T0C54 000:697.924 - 0.195ms returns 0
T0C54 000:697.931 JLINK_CORESIGHT_WriteAPDPReg(AP reg 0x01, 0x80011130)
T0C54 000:698.110 - 0.179ms returns 0
T0C54 000:698.118 JLINK_CORESIGHT_ReadAPDPReg(AP reg 0x03)
T0C54 000:698.417   Value=0x00040000
T0C54 000:698.426 - 0.308ms returns 0
T0C54 000:698.434 JLINK_CORESIGHT_WriteAPDPReg(AP reg 0x00, 0x80000002)
T0C54 000:698.629 - 0.195ms returns 0
T0C54 000:698.636 JLINK_CORESIGHT_WriteAPDPReg(AP reg 0x01, 0x80011140)
T0C54 000:698.810 - 0.174ms returns 0
T0C54 000:698.817 JLINK_CORESIGHT_ReadAPDPReg(AP reg 0x03)
T0C54 000:699.059   Value=0x00000000
T0C54 000:699.072 - 0.255ms returns 0
T0C54 000:699.082 JLINK_CORESIGHT_WriteAPDPReg(AP reg 0x00, 0x80000002)
T0C54 000:699.253 - 0.170ms returns 0
T0C54 000:699.260 JLINK_CORESIGHT_WriteAPDPReg(AP reg 0x01, 0x80011130)
T0C54 000:699.422 - 0.161ms returns 0
T0C54 000:699.428 JLINK_CORESIGHT_ReadAPDPReg(AP reg 0x03)
T0C54 000:699.698   Value=0x00000000
T0C54 000:699.705 - 0.277ms returns 0
T0C54 000:699.710 JLINK_CORESIGHT_WriteAPDPReg(AP reg 0x00, 0x80000002)
T0C54 000:699.870 - 0.159ms returns 0
T0C54 000:699.876 JLINK_CORESIGHT_WriteAPDPReg(AP reg 0x01, 0x80011140)
T0C54 000:700.035 - 0.159ms returns 0
T0C54 000:700.042 JLINK_CORESIGHT_ReadAPDPReg(AP reg 0x03)
T0C54 000:700.947   Value=0x00000000
T0C54 000:700.998 - 0.955ms returns 0
T0C54 000:701.027 JLINK_CORESIGHT_WriteAPDPReg(AP reg 0x00, 0x80000002)
T0C54 000:701.491 - 0.463ms returns 0
T0C54 000:701.559 JLINK_CORESIGHT_WriteAPDPReg(AP reg 0x01, 0x80011130)
T0C54 000:701.852 - 0.293ms returns 0
T0C54 000:701.867 JLINK_CORESIGHT_ReadAPDPReg(AP reg 0x03)
T0C54 000:702.113   Value=0x03A20000
T0C54 000:702.121 - 0.254ms returns 0
T0C54 000:702.198 JLINK_CORESIGHT_WriteAPDPReg(AP reg 0x00, 0x80000002)
T0C54 000:702.754 - 0.556ms returns 0
T0C54 000:702.776 JLINK_CORESIGHT_WriteAPDPReg(AP reg 0x01, 0x80011140)
T0C54 000:703.386 - 0.609ms returns 0
T0C54 000:703.411 JLINK_CORESIGHT_ReadAPDPReg(AP reg 0x03)
T0C54 000:703.716   Value=0x00000002
T0C54 000:703.743 - 0.331ms returns 0
T0C54 000:703.768 JLINK_CORESIGHT_WriteAPDPReg(AP reg 0x00, 0x80000002)
T0C54 000:703.994 - 0.226ms returns 0
T0C54 000:704.013 JLINK_CORESIGHT_WriteAPDPReg(AP reg 0x01, 0x80011120)
T0C54 000:704.256 - 0.243ms returns 0
T0C54 000:704.275 JLINK_CORESIGHT_WriteAPDPReg(AP reg 0x03, 0x2C010001)
T0C54 000:704.519 - 0.244ms returns 0
T0C54 000:704.537 JLINK_CORESIGHT_WriteAPDPReg(AP reg 0x00, 0x80000002)
T0C54 000:704.717 - 0.179ms returns 0
T0C54 000:704.734 JLINK_CORESIGHT_WriteAPDPReg(AP reg 0x01, 0x80011140)
T0C54 000:704.999 - 0.265ms returns 0
T0C54 000:705.018 JLINK_CORESIGHT_ReadAPDPReg(AP reg 0x03)
T0C54 000:705.324   Value=0x00000002
T0C54 000:705.338 - 0.320ms returns 0
T0C54 000:705.348 JLINK_CORESIGHT_WriteAPDPReg(AP reg 0x00, 0x80000002)
T0C54 000:705.539 - 0.191ms returns 0
T0C54 000:705.556 JLINK_CORESIGHT_WriteAPDPReg(AP reg 0x01, 0x80011120)
T0C54 000:705.736 - 0.179ms returns 0
T0C54 000:705.750 JLINK_CORESIGHT_WriteAPDPReg(AP reg 0x03, 0x000003D3)
T0C54 000:706.021 - 0.272ms returns 0
T0C54 000:706.034 JLINK_CORESIGHT_WriteAPDPReg(AP reg 0x00, 0x80000002)
T0C54 000:706.208 - 0.173ms returns 0
T0C54 000:706.229 JLINK_CORESIGHT_WriteAPDPReg(AP reg 0x01, 0x80011140)
T0C54 000:706.408 - 0.179ms returns 0
T0C54 000:706.430 JLINK_CORESIGHT_ReadAPDPReg(AP reg 0x03)
T0C54 000:706.702   Value=0x00000002
T0C54 000:706.723 - 0.293ms returns 0
T0C54 000:706.731 JLINK_CORESIGHT_ReadAPDPReg(AP reg 0x03)
T0C54 000:707.088   Value=0x00000002
T0C54 000:707.098 - 0.366ms returns 0
T0C54 000:707.104 JLINK_CORESIGHT_ReadAPDPReg(AP reg 0x03)
T0C54 000:707.425   Value=0x00000002
T0C54 000:707.445 - 0.341ms returns 0
T0C54 000:707.456 JLINK_CORESIGHT_ReadAPDPReg(AP reg 0x03)
T0C54 000:707.963   Value=0x00000002
T0C54 000:707.982 - 0.525ms returns 0
T0C54 000:707.993 JLINK_CORESIGHT_ReadAPDPReg(AP reg 0x03)
T0C54 000:708.319   Value=0x00000002
T0C54 000:708.343 - 0.349ms returns 0
T0C54 000:708.353 JLINK_CORESIGHT_ReadAPDPReg(AP reg 0x03)
T0C54 000:708.587   Value=0x00000002
T0C54 000:708.608 - 0.255ms returns 0
T0C54 000:708.618 JLINK_CORESIGHT_ReadAPDPReg(AP reg 0x03)
T0C54 000:708.834   Value=0x00000002
T0C54 000:708.851 - 0.233ms returns 0
T0C54 000:708.860 JLINK_CORESIGHT_ReadAPDPReg(AP reg 0x03)
T0C54 000:709.083   Value=0x00000002
T0C54 000:709.098 - 0.238ms returns 0
T0C54 000:709.108 JLINK_CORESIGHT_ReadAPDPReg(AP reg 0x03)
T0C54 000:709.359   Value=0x00000002
T0C54 000:709.377 - 0.269ms returns 0
T0C54 000:709.387 JLINK_CORESIGHT_ReadAPDPReg(AP reg 0x03)
T0C54 000:709.635   Value=0x00000002
T0C54 000:709.660 - 0.273ms returns 0
T0C54 000:709.671 JLINK_CORESIGHT_ReadAPDPReg(AP reg 0x03)
T0C54 000:709.921   Value=0x00000000
T0C54 000:709.941 - 0.269ms returns 0
T0C54 000:709.951 JLINK_CORESIGHT_WriteAPDPReg(AP reg 0x00, 0x80000002)
T0C54 000:710.163 - 0.212ms returns 0
T0C54 000:710.182 JLINK_CORESIGHT_WriteAPDPReg(AP reg 0x01, 0x80011130)
T0C54 000:710.351 - 0.169ms returns 0
T0C54 000:710.371 JLINK_CORESIGHT_ReadAPDPReg(AP reg 0x03)
T0C54 000:710.694   Value=0x2C020081
T0C54 000:710.708 - 0.337ms returns 0
T0C54 000:710.724 JLINK_CORESIGHT_WriteAPDPReg(AP reg 0x00, 0x80000002)
T0C54 000:710.908 - 0.184ms returns 0
T0C54 000:710.920 JLINK_CORESIGHT_WriteAPDPReg(AP reg 0x01, 0x80011140)
T0C54 000:711.088 - 0.167ms returns 0
T0C54 000:711.104 JLINK_CORESIGHT_ReadAPDPReg(AP reg 0x03)
T0C54 000:711.334   Value=0x00000000
T0C54 000:711.348 - 0.244ms returns 0
T0C54 000:711.364 JLINK_CORESIGHT_WriteAPDPReg(AP reg 0x00, 0x80000002)
T0C54 000:711.562 - 0.198ms returns 0
T0C54 000:711.579 JLINK_CORESIGHT_WriteAPDPReg(AP reg 0x01, 0x80011130)
T0C54 000:711.875 - 0.295ms returns 0
T0C54 000:711.898 JLINK_CORESIGHT_ReadAPDPReg(AP reg 0x03)
T0C54 000:712.134   Value=0x0003CE04
T0C54 000:712.153 - 0.254ms returns 0
T0C54 000:712.176 JLINK_CORESIGHT_WriteAPDPReg(AP reg 0x00, 0x80000002)
T0C54 000:712.351 - 0.175ms returns 0
T0C54 000:712.366 JLINK_CORESIGHT_WriteAPDPReg(AP reg 0x01, 0x80011140)
T0C54 000:712.619 - 0.253ms returns 0
T0C54 000:712.634 JLINK_CORESIGHT_ReadAPDPReg(AP reg 0x03)
T0C54 000:712.903   Value=0x00000002
T0C54 000:712.923 - 0.289ms returns 0
T0C54 000:712.936 JLINK_CORESIGHT_WriteAPDPReg(AP reg 0x00, 0x80000002)
T0C54 000:713.110 - 0.174ms returns 0
T0C54 000:713.124 JLINK_CORESIGHT_WriteAPDPReg(AP reg 0x01, 0x80011120)
T0C54 000:713.374 - 0.249ms returns 0
T0C54 000:713.400 JLINK_CORESIGHT_WriteAPDPReg(AP reg 0x03, 0x73010001)
T0C54 000:713.619 - 0.219ms returns 0
T0C54 000:713.951 JLINK_CORESIGHT_WriteAPDPReg(AP reg 0x00, 0x80000002)
T0C54 000:714.186 - 0.234ms returns 0
T0C54 000:714.207 JLINK_CORESIGHT_WriteAPDPReg(AP reg 0x01, 0x80011140)
T0C54 000:714.434 - 0.226ms returns 0
T0C54 000:714.450 JLINK_CORESIGHT_ReadAPDPReg(AP reg 0x03)
T0C54 000:714.709   Value=0x00000002
T0C54 000:714.732 - 0.282ms returns 0
T0C54 000:714.750 JLINK_CORESIGHT_WriteAPDPReg(AP reg 0x00, 0x80000002)
T0C54 000:714.934 - 0.184ms returns 0
T0C54 000:714.949 JLINK_CORESIGHT_WriteAPDPReg(AP reg 0x01, 0x80011120)
T0C54 000:715.122 - 0.172ms returns 0
T0C54 000:715.137 JLINK_CORESIGHT_WriteAPDPReg(AP reg 0x03, 0x0000038C)
T0C54 000:715.309 - 0.172ms returns 0
T0C54 000:715.633 JLINK_CORESIGHT_WriteAPDPReg(AP reg 0x00, 0x80000002)
T0C54 000:715.869 - 0.236ms returns 0
T0C54 000:715.892 JLINK_CORESIGHT_WriteAPDPReg(AP reg 0x01, 0x80011140)
T0C54 000:716.088 - 0.196ms returns 0
T0C54 000:716.137 JLINK_CORESIGHT_ReadAPDPReg(AP reg 0x03)
T0C54 000:716.454   Value=0x00000002
T0C54 000:716.496 - 0.360ms returns 0
T0C54 000:716.509 JLINK_CORESIGHT_ReadAPDPReg(AP reg 0x03)
T0C54 000:716.756   Value=0x00000002
T0C54 000:716.778 - 0.268ms returns 0
T0C54 000:716.798 JLINK_CORESIGHT_ReadAPDPReg(AP reg 0x03)
T0C54 000:717.060   Value=0x00000002
T0C54 000:717.084 - 0.286ms returns 0
T0C54 000:717.097 JLINK_CORESIGHT_ReadAPDPReg(AP reg 0x03)
T0C54 000:717.354   Value=0x00000000
T0C54 000:717.371 - 0.273ms returns 0
T0C54 000:717.383 JLINK_CORESIGHT_WriteAPDPReg(AP reg 0x00, 0x80000002)
T0C54 000:717.807 - 0.422ms returns 0
T0C54 000:717.842 JLINK_CORESIGHT_WriteAPDPReg(AP reg 0x01, 0x80011130)
T0C54 000:718.036 - 0.194ms returns 0
T0C54 000:718.056 JLINK_CORESIGHT_ReadAPDPReg(AP reg 0x03)
T0C54 000:718.289   Value=0x73020081
T0C54 000:718.303 - 0.247ms returns 0
T0C54 000:718.315 JLINK_CORESIGHT_WriteAPDPReg(AP reg 0x00, 0x80000002)
T0C54 000:718.511 - 0.196ms returns 0
T0C54 000:718.534 JLINK_CORESIGHT_WriteAPDPReg(AP reg 0x01, 0x80011140)
T0C54 000:718.713 - 0.179ms returns 0
T0C54 000:718.729 JLINK_CORESIGHT_ReadAPDPReg(AP reg 0x03)
T0C54 000:718.958   Value=0x00000000
T0C54 000:718.971 - 0.242ms returns 0
T0C54 000:718.983 JLINK_CORESIGHT_WriteAPDPReg(AP reg 0x00, 0x80000002)
T0C54 000:719.241 - 0.257ms returns 0
T0C54 000:719.257 JLINK_CORESIGHT_WriteAPDPReg(AP reg 0x01, 0x80011130)
T0C54 000:719.511 - 0.254ms returns 0
T0C54 000:719.527 JLINK_CORESIGHT_ReadAPDPReg(AP reg 0x03)
T0C54 000:719.837   Value=0x00038902
T0C54 000:719.870 - 0.343ms returns 0
T0C54 000:719.893 JLINK_CORESIGHT_WriteAPDPReg(AP reg 0x00, 0x80000002)
T0C54 000:720.079 - 0.185ms returns 0
T0C54 000:720.095 JLINK_CORESIGHT_WriteAPDPReg(AP reg 0x01, 0x80011140)
T0C54 000:720.283 - 0.188ms returns 0
T0C54 000:720.299 JLINK_CORESIGHT_ReadAPDPReg(AP reg 0x03)
T0C54 000:720.538   Value=0x00000002
T0C54 000:720.572 - 0.273ms returns 0
T0C54 000:720.585 JLINK_CORESIGHT_WriteAPDPReg(AP reg 0x00, 0x80000002)
T0C54 000:720.758 - 0.173ms returns 0
T0C54 000:720.773 JLINK_CORESIGHT_WriteAPDPReg(AP reg 0x01, 0x80011120)
T0C54 000:720.975 - 0.201ms returns 0
T0C54 000:721.021 JLINK_CORESIGHT_WriteAPDPReg(AP reg 0x03, 0x75010001)
T0C54 000:721.243 - 0.221ms returns 0
T0C54 000:721.259 JLINK_CORESIGHT_WriteAPDPReg(AP reg 0x00, 0x80000002)
T0C54 000:721.532 - 0.273ms returns 0
T0C54 000:721.548 JLINK_CORESIGHT_WriteAPDPReg(AP reg 0x01, 0x80011140)
T0C54 000:721.730 - 0.182ms returns 0
T0C54 000:721.746 JLINK_CORESIGHT_ReadAPDPReg(AP reg 0x03)
T0C54 000:721.994   Value=0x00000002
T0C54 000:722.007 - 0.261ms returns 0
T0C54 000:722.020 JLINK_CORESIGHT_WriteAPDPReg(AP reg 0x00, 0x80000002)
T0C54 000:722.192 - 0.172ms returns 0
T0C54 000:722.207 JLINK_CORESIGHT_WriteAPDPReg(AP reg 0x01, 0x80011120)
T0C54 000:722.512 - 0.305ms returns 0
T0C54 000:722.527 JLINK_CORESIGHT_WriteAPDPReg(AP reg 0x03, 0x0000038A)
T0C54 000:722.701 - 0.174ms returns 0
T0C54 000:722.717 JLINK_CORESIGHT_WriteAPDPReg(AP reg 0x00, 0x80000002)
T0C54 000:722.908 - 0.191ms returns 0
T0C54 000:722.929 JLINK_CORESIGHT_WriteAPDPReg(AP reg 0x01, 0x80011140)
T0C54 000:723.100 - 0.171ms returns 0
T0C54 000:723.117 JLINK_CORESIGHT_ReadAPDPReg(AP reg 0x03)
T0C54 000:723.416   Value=0x00000000
T0C54 000:723.430 - 0.313ms returns 0
T0C54 000:723.442 JLINK_CORESIGHT_WriteAPDPReg(AP reg 0x00, 0x80000002)
T0C54 000:723.623 - 0.180ms returns 0
T0C54 000:723.645 JLINK_CORESIGHT_WriteAPDPReg(AP reg 0x01, 0x80011130)
T0C54 000:723.823 - 0.177ms returns 0
T0C54 000:723.838 JLINK_CORESIGHT_ReadAPDPReg(AP reg 0x03)
T0C54 000:724.085   Value=0x75020081
T0C54 000:724.098 - 0.260ms returns 0
T0C54 000:724.109 JLINK_CORESIGHT_WriteAPDPReg(AP reg 0x00, 0x80000002)
T0C54 000:724.308 - 0.199ms returns 0
T0C54 000:724.324 JLINK_CORESIGHT_WriteAPDPReg(AP reg 0x01, 0x80011140)
T0C54 000:724.537 - 0.213ms returns 0
T0C54 000:724.552 JLINK_CORESIGHT_ReadAPDPReg(AP reg 0x03)
T0C54 000:724.802   Value=0x00000000
T0C54 000:724.816 - 0.263ms returns 0
T0C54 000:724.828 JLINK_CORESIGHT_WriteAPDPReg(AP reg 0x00, 0x80000002)
T0C54 000:725.008 - 0.179ms returns 0
T0C54 000:725.025 JLINK_CORESIGHT_WriteAPDPReg(AP reg 0x01, 0x80011130)
T0C54 000:725.208 - 0.183ms returns 0
T0C54 000:725.227 JLINK_CORESIGHT_ReadAPDPReg(AP reg 0x03)
T0C54 000:725.511   Value=0x00038702
T0C54 000:725.525 - 0.297ms returns 0
T0C54 000:725.542 JLINK_CORESIGHT_WriteAPDPReg(AP reg 0x00, 0x80000002)
T0C54 000:725.717 - 0.174ms returns 0
T0C54 000:725.732 JLINK_CORESIGHT_WriteAPDPReg(AP reg 0x01, 0x80011140)
T0C54 000:726.044 - 0.311ms returns 0
T0C54 000:726.068 JLINK_CORESIGHT_ReadAPDPReg(AP reg 0x03)
T0C54 000:726.321   Value=0x00000002
T0C54 000:726.336 - 0.267ms returns 0
T0C54 000:726.350 JLINK_CORESIGHT_WriteAPDPReg(AP reg 0x00, 0x80000002)
T0C54 000:726.562 - 0.212ms returns 0
T0C54 000:726.578 JLINK_CORESIGHT_WriteAPDPReg(AP reg 0x01, 0x80011120)
T0C54 000:728.081 - 1.502ms returns 0
T0C54 000:728.133 JLINK_CORESIGHT_WriteAPDPReg(AP reg 0x03, 0x4E0B0001)
T0C54 000:728.317 - 0.183ms returns 0
T0C54 000:728.333 JLINK_CORESIGHT_WriteAPDPReg(AP reg 0x00, 0x80000002)
T0C54 000:728.512 - 0.179ms returns 0
T0C54 000:728.527 JLINK_CORESIGHT_WriteAPDPReg(AP reg 0x01, 0x80011140)
T0C54 000:728.700 - 0.173ms returns 0
T0C54 000:728.716 JLINK_CORESIGHT_ReadAPDPReg(AP reg 0x03)
T0C54 000:728.958   Value=0x00000002
T0C54 000:728.972 - 0.255ms returns 0
T0C54 000:728.984 JLINK_CORESIGHT_WriteAPDPReg(AP reg 0x00, 0x80000002)
T0C54 000:729.158 - 0.174ms returns 0
T0C54 000:729.174 JLINK_CORESIGHT_WriteAPDPReg(AP reg 0x01, 0x80011120)
T0C54 000:729.352 - 0.178ms returns 0
T0C54 000:729.372 JLINK_CORESIGHT_WriteAPDPReg(AP reg 0x03, 0xC0010000)
T0C54 000:729.619 - 0.247ms returns 0
T0C54 000:729.634 JLINK_CORESIGHT_WriteAPDPReg(AP reg 0x00, 0x80000002)
T0C54 000:729.809 - 0.174ms returns 0
T0C54 000:729.824 JLINK_CORESIGHT_WriteAPDPReg(AP reg 0x01, 0x80011140)
T0C54 000:730.022 - 0.198ms returns 0
T0C54 000:730.038 JLINK_CORESIGHT_ReadAPDPReg(AP reg 0x03)
T0C54 000:730.285   Value=0x00000002
T0C54 000:730.300 - 0.262ms returns 0
T0C54 000:730.312 JLINK_CORESIGHT_WriteAPDPReg(AP reg 0x00, 0x80000002)
T0C54 000:730.523 - 0.211ms returns 0
T0C54 000:730.538 JLINK_CORESIGHT_WriteAPDPReg(AP reg 0x01, 0x80011120)
T0C54 000:730.711 - 0.172ms returns 0
T0C54 000:730.726 JLINK_CORESIGHT_WriteAPDPReg(AP reg 0x03, 0x00000000)
T0C54 000:730.908 - 0.181ms returns 0
T0C54 000:730.923 JLINK_CORESIGHT_WriteAPDPReg(AP reg 0x00, 0x80000002)
T0C54 000:731.562 - 0.639ms returns 0
T0C54 000:731.606 JLINK_CORESIGHT_WriteAPDPReg(AP reg 0x01, 0x80011140)
T0C54 000:731.836 - 0.229ms returns 0
T0C54 000:731.888 JLINK_CORESIGHT_ReadAPDPReg(AP reg 0x03)
T0C54 000:732.161   Value=0x00000002
T0C54 000:732.180 - 0.292ms returns 0
T0C54 000:732.194 JLINK_CORESIGHT_WriteAPDPReg(AP reg 0x00, 0x80000002)
T0C54 000:734.866 - 2.671ms returns 0
T0C54 000:734.900 JLINK_CORESIGHT_WriteAPDPReg(AP reg 0x01, 0x80011120)
T0C54 000:735.255 - 0.355ms returns 0
T0C54 000:735.284 JLINK_CORESIGHT_WriteAPDPReg(AP reg 0x03, 0x03E60000)
T0C54 000:735.547 - 0.263ms returns 0
T0C54 000:735.576 JLINK_CORESIGHT_WriteAPDPReg(AP reg 0x00, 0x80000002)
T0C54 000:735.769 - 0.192ms returns 0
T0C54 000:735.809 JLINK_CORESIGHT_WriteAPDPReg(AP reg 0x01, 0x80011140)
T0C54 000:736.607 - 0.796ms returns 0
T0C54 000:736.646 JLINK_CORESIGHT_ReadAPDPReg(AP reg 0x03)
T0C54 000:736.916   Value=0x00000002
T0C54 000:736.940 - 0.294ms returns 0
T0C54 000:736.957 JLINK_CORESIGHT_ReadAPDPReg(AP reg 0x03)
T0C54 000:737.213   Value=0x00000002
T0C54 000:737.228 - 0.271ms returns 0
T0C54 000:737.239 JLINK_CORESIGHT_ReadAPDPReg(AP reg 0x03)
T0C54 000:737.510   Value=0x00000002
T0C54 000:737.521 - 0.282ms returns 0
T0C54 000:737.531 JLINK_CORESIGHT_ReadAPDPReg(AP reg 0x03)
T0C54 000:737.738   Value=0x00000002
T0C54 000:737.747 - 0.215ms returns 0
T0C54 000:737.756 JLINK_CORESIGHT_ReadAPDPReg(AP reg 0x03)
T0C54 000:738.077   Value=0x00000002
T0C54 000:738.087 - 0.331ms returns 0
T0C54 000:738.095 JLINK_CORESIGHT_ReadAPDPReg(AP reg 0x03)
T0C54 000:738.308   Value=0x00000002
T0C54 000:738.315 - 0.219ms returns 0
T0C54 000:738.322 JLINK_CORESIGHT_ReadAPDPReg(AP reg 0x03)
T0C54 000:738.536   Value=0x00000002
T0C54 000:738.545 - 0.222ms returns 0
T0C54 000:738.552 JLINK_CORESIGHT_ReadAPDPReg(AP reg 0x03)
T0C54 000:738.762   Value=0x00000002
T0C54 000:738.768 - 0.215ms returns 0
T0C54 000:738.775 JLINK_CORESIGHT_ReadAPDPReg(AP reg 0x03)
T0C54 000:738.993   Value=0x00000002
T0C54 000:739.005 - 0.230ms returns 0
T0C54 000:739.013 JLINK_CORESIGHT_ReadAPDPReg(AP reg 0x03)
T0C54 000:739.300   Value=0x00000002
T0C54 000:739.320 - 0.306ms returns 0
T0C54 000:739.335 JLINK_CORESIGHT_ReadAPDPReg(AP reg 0x03)
T0C54 000:739.588   Value=0x00000002
T0C54 000:739.606 - 0.270ms returns 0
T0C54 000:739.618 JLINK_CORESIGHT_ReadAPDPReg(AP reg 0x03)
T0C54 000:739.858   Value=0x00000002
T0C54 000:739.874 - 0.256ms returns 0
T0C54 000:739.886 JLINK_CORESIGHT_ReadAPDPReg(AP reg 0x03)
T0C54 000:740.166   Value=0x00000002
T0C54 000:740.181 - 0.295ms returns 0
T0C54 000:740.194 JLINK_CORESIGHT_ReadAPDPReg(AP reg 0x03)
T0C54 000:740.434   Value=0x00000002
T0C54 000:740.470 - 0.275ms returns 0
T0C54 000:740.482 JLINK_CORESIGHT_ReadAPDPReg(AP reg 0x03)
T0C54 000:740.708   Value=0x00000002
T0C54 000:740.726 - 0.244ms returns 0
T0C54 000:740.737 JLINK_CORESIGHT_ReadAPDPReg(AP reg 0x03)
T0C54 000:740.957   Value=0x00000002
T0C54 000:740.964 - 0.227ms returns 0
T0C54 000:740.975 JLINK_CORESIGHT_ReadAPDPReg(AP reg 0x03)
T0C54 000:741.182   Value=0x00000002
T0C54 000:741.192 - 0.217ms returns 0
T0C54 000:741.203 JLINK_CORESIGHT_ReadAPDPReg(AP reg 0x03)
T0C54 000:741.414   Value=0x00000002
T0C54 000:741.428 - 0.225ms returns 0
T0C54 000:741.441 JLINK_CORESIGHT_ReadAPDPReg(AP reg 0x03)
T0C54 000:741.713   Value=0x00000002
T0C54 000:741.721 - 0.280ms returns 0
T0C54 000:741.729 JLINK_CORESIGHT_ReadAPDPReg(AP reg 0x03)
T0C54 000:741.932   Value=0x00000000
T0C54 000:741.939 - 0.209ms returns 0
T0C54 000:741.946 JLINK_CORESIGHT_WriteAPDPReg(AP reg 0x00, 0x80000002)
T0C54 000:742.105 - 0.159ms returns 0
T0C54 000:742.113 JLINK_CORESIGHT_WriteAPDPReg(AP reg 0x01, 0x80011130)
T0C54 000:742.276 - 0.162ms returns 0
T0C54 000:742.284 JLINK_CORESIGHT_ReadAPDPReg(AP reg 0x03)
T0C54 000:742.530   Value=0x4E0A0081
T0C54 000:742.537 - 0.253ms returns 0
T0C54 000:742.546 JLINK_CORESIGHT_WriteAPDPReg(AP reg 0x00, 0x80000002)
T0C54 000:742.702 - 0.156ms returns 0
T0C54 000:742.710 JLINK_CORESIGHT_WriteAPDPReg(AP reg 0x01, 0x80011140)
T0C54 000:742.863 - 0.153ms returns 0
T0C54 000:742.871 JLINK_CORESIGHT_ReadAPDPReg(AP reg 0x03)
T0C54 000:743.169   Value=0x00000000
T0C54 000:743.177 - 0.305ms returns 0
T0C54 000:743.186 JLINK_CORESIGHT_WriteAPDPReg(AP reg 0x00, 0x80000002)
T0C54 000:743.342 - 0.157ms returns 0
T0C54 000:743.352 JLINK_CORESIGHT_WriteAPDPReg(AP reg 0x01, 0x80011130)
T0C54 000:743.537 - 0.184ms returns 0
T0C54 000:743.544 JLINK_CORESIGHT_ReadAPDPReg(AP reg 0x03)
T0C54 000:743.774   Value=0xFFFFFF00
T0C54 000:743.781 - 0.237ms returns 0
T0C54 000:743.790 JLINK_CORESIGHT_WriteAPDPReg(AP reg 0x00, 0x80000002)
T0C54 000:743.976 - 0.186ms returns 0
T0C54 000:743.985 JLINK_CORESIGHT_WriteAPDPReg(AP reg 0x01, 0x80011140)
T0C54 000:744.163 - 0.178ms returns 0
T0C54 000:744.173 JLINK_CORESIGHT_ReadAPDPReg(AP reg 0x03)
T0C54 000:744.414   Value=0x00000000
T0C54 000:744.423 - 0.250ms returns 0
T0C54 000:744.438 JLINK_CORESIGHT_WriteAPDPReg(AP reg 0x00, 0x80000002)
T0C54 000:744.619 - 0.181ms returns 0
T0C54 000:744.628 JLINK_CORESIGHT_WriteAPDPReg(AP reg 0x01, 0x80011130)
T0C54 000:744.803 - 0.175ms returns 0
T0C54 000:744.813 JLINK_CORESIGHT_ReadAPDPReg(AP reg 0x03)
T0C54 000:745.049   Value=0xFFFFFFFF
T0C54 000:745.056 - 0.243ms returns 0
T0C54 000:745.066 JLINK_CORESIGHT_WriteAPDPReg(AP reg 0x00, 0x80000002)
T0C54 000:745.230 - 0.164ms returns 0
T0C54 000:745.239 JLINK_CORESIGHT_WriteAPDPReg(AP reg 0x01, 0x80011140)
T0C54 000:745.401 - 0.162ms returns 0
T0C54 000:745.411 JLINK_CORESIGHT_ReadAPDPReg(AP reg 0x03)
T0C54 000:745.709   Value=0x00000000
T0C54 000:745.719 - 0.308ms returns 0
T0C54 000:745.731 JLINK_CORESIGHT_WriteAPDPReg(AP reg 0x00, 0x80000002)
T0C54 000:745.991 - 0.260ms returns 0
T0C54 000:745.999 JLINK_CORESIGHT_WriteAPDPReg(AP reg 0x01, 0x80011130)
T0C54 000:746.243 - 0.244ms returns 0
T0C54 000:746.251 JLINK_CORESIGHT_ReadAPDPReg(AP reg 0x03)
T0C54 000:746.511   Value=0x0003B0FF
T0C54 000:746.517 - 0.265ms returns 0
T0C54 000:747.525 JLINK_CORESIGHT_WriteAPDPReg(AP reg 0x00, 0x80000002)
T0C54 000:747.738 - 0.212ms returns 0
T0C54 000:747.756 JLINK_CORESIGHT_WriteAPDPReg(AP reg 0x01, 0x80011140)
T0C54 000:748.047 - 0.290ms returns 0
T0C54 000:748.079 JLINK_CORESIGHT_ReadAPDPReg(AP reg 0x03)
T0C54 000:748.339   Value=0x00000002
T0C54 000:748.360 - 0.280ms returns 0
T0C54 000:748.374 JLINK_CORESIGHT_WriteAPDPReg(AP reg 0x00, 0x80000002)
T0C54 000:748.619 - 0.245ms returns 0
T0C54 000:748.631 JLINK_CORESIGHT_WriteAPDPReg(AP reg 0x01, 0x80011120)
T0C54 000:748.804 - 0.172ms returns 0
T0C54 000:748.816 JLINK_CORESIGHT_WriteAPDPReg(AP reg 0x03, 0x4F010001)
T0C54 000:748.986 - 0.169ms returns 0
T0C54 000:748.998 JLINK_CORESIGHT_WriteAPDPReg(AP reg 0x00, 0x80000002)
T0C54 000:749.244 - 0.246ms returns 0
T0C54 000:749.256 JLINK_CORESIGHT_WriteAPDPReg(AP reg 0x01, 0x80011140)
T0C54 000:749.427 - 0.170ms returns 0
T0C54 000:749.439 JLINK_CORESIGHT_ReadAPDPReg(AP reg 0x03)
T0C54 000:749.717   Value=0x00000002
T0C54 000:749.735 - 0.295ms returns 0
T0C54 000:749.744 JLINK_CORESIGHT_WriteAPDPReg(AP reg 0x00, 0x80000002)
T0C54 000:749.933 - 0.189ms returns 0
T0C54 000:749.945 JLINK_CORESIGHT_WriteAPDPReg(AP reg 0x01, 0x80011120)
T0C54 000:750.221 - 0.275ms returns 0
T0C54 000:750.246 JLINK_CORESIGHT_WriteAPDPReg(AP reg 0x03, 0x000003B0)
T0C54 000:750.513 - 0.267ms returns 0
T0C54 000:750.526 JLINK_CORESIGHT_WriteAPDPReg(AP reg 0x00, 0x80000002)
T0C54 000:750.698 - 0.172ms returns 0
T0C54 000:750.711 JLINK_CORESIGHT_WriteAPDPReg(AP reg 0x01, 0x80011140)
T0C54 000:750.884 - 0.172ms returns 0
T0C54 000:750.896 JLINK_CORESIGHT_ReadAPDPReg(AP reg 0x03)
T0C54 000:751.200   Value=0x00000002
T0C54 000:751.217 - 0.321ms returns 0
T0C54 000:751.238 JLINK_CORESIGHT_ReadAPDPReg(AP reg 0x03)
T0C54 000:751.513   Value=0x00000002
T0C54 000:751.529 - 0.290ms returns 0
T0C54 000:751.538 JLINK_CORESIGHT_ReadAPDPReg(AP reg 0x03)
T0C54 000:751.761   Value=0x00000002
T0C54 000:751.782 - 0.243ms returns 0
T0C54 000:751.791 JLINK_CORESIGHT_ReadAPDPReg(AP reg 0x03)
T0C54 000:752.013   Value=0x00000002
T0C54 000:752.027 - 0.235ms returns 0
T0C54 000:752.036 JLINK_CORESIGHT_ReadAPDPReg(AP reg 0x03)
T0C54 000:752.276   Value=0x00000002
T0C54 000:752.291 - 0.254ms returns 0
T0C54 000:752.301 JLINK_CORESIGHT_ReadAPDPReg(AP reg 0x03)
T0C54 000:752.539   Value=0x00000000
T0C54 000:752.554 - 0.253ms returns 0
T0C54 000:752.573 JLINK_CORESIGHT_WriteAPDPReg(AP reg 0x00, 0x80000002)
T0C54 000:752.749 - 0.175ms returns 0
T0C54 000:752.765 JLINK_CORESIGHT_WriteAPDPReg(AP reg 0x01, 0x80011130)
T0C54 000:752.963 - 0.198ms returns 0
T0C54 000:752.976 JLINK_CORESIGHT_ReadAPDPReg(AP reg 0x03)
T0C54 000:753.235   Value=0x4F0B0081
T0C54 000:753.249 - 0.272ms returns 0
T0C54 000:753.258 JLINK_CORESIGHT_WriteAPDPReg(AP reg 0x00, 0x80000002)
T0C54 000:753.513 - 0.255ms returns 0
T0C54 000:753.527 JLINK_CORESIGHT_WriteAPDPReg(AP reg 0x01, 0x80011140)
T0C54 000:753.703 - 0.176ms returns 0
T0C54 000:753.724 JLINK_CORESIGHT_ReadAPDPReg(AP reg 0x03)
T0C54 000:753.984   Value=0x00000000
T0C54 000:753.999 - 0.275ms returns 0
T0C54 000:754.013 JLINK_CORESIGHT_WriteAPDPReg(AP reg 0x00, 0x80000002)
T0C54 000:754.247 - 0.233ms returns 0
T0C54 000:754.259 JLINK_CORESIGHT_WriteAPDPReg(AP reg 0x01, 0x80011130)
T0C54 000:754.434 - 0.174ms returns 0
T0C54 000:754.447 JLINK_CORESIGHT_ReadAPDPReg(AP reg 0x03)
T0C54 000:754.695   Value=0xC0010000
T0C54 000:754.708 - 0.261ms returns 0
T0C54 000:754.718 JLINK_CORESIGHT_WriteAPDPReg(AP reg 0x00, 0x80000002)
T0C54 000:754.909 - 0.190ms returns 0
T0C54 000:754.927 JLINK_CORESIGHT_WriteAPDPReg(AP reg 0x01, 0x80011140)
T0C54 000:755.097 - 0.170ms returns 0
T0C54 000:755.110 JLINK_CORESIGHT_ReadAPDPReg(AP reg 0x03)
T0C54 000:755.334   Value=0x00000000
T0C54 000:755.347 - 0.236ms returns 0
T0C54 000:755.356 JLINK_CORESIGHT_WriteAPDPReg(AP reg 0x00, 0x80000002)
T0C54 000:755.537 - 0.181ms returns 0
T0C54 000:755.549 JLINK_CORESIGHT_WriteAPDPReg(AP reg 0x01, 0x80011130)
T0C54 000:755.728 - 0.179ms returns 0
T0C54 000:755.740 JLINK_CORESIGHT_ReadAPDPReg(AP reg 0x03)
T0C54 000:755.984   Value=0x00000000
T0C54 000:755.997 - 0.257ms returns 0
T0C54 000:756.006 JLINK_CORESIGHT_WriteAPDPReg(AP reg 0x00, 0x80000002)
T0C54 000:756.317 - 0.310ms returns 0
T0C54 000:756.347 JLINK_CORESIGHT_WriteAPDPReg(AP reg 0x01, 0x80011140)
T0C54 000:756.544 - 0.197ms returns 0
T0C54 000:756.557 JLINK_CORESIGHT_ReadAPDPReg(AP reg 0x03)
T0C54 000:756.789   Value=0x00000000
T0C54 000:756.809 - 0.251ms returns 0
T0C54 000:756.818 JLINK_CORESIGHT_WriteAPDPReg(AP reg 0x00, 0x80000002)
T0C54 000:757.009 - 0.190ms returns 0
T0C54 000:757.021 JLINK_CORESIGHT_WriteAPDPReg(AP reg 0x01, 0x80011130)
T0C54 000:757.190 - 0.169ms returns 0
T0C54 000:757.203 JLINK_CORESIGHT_ReadAPDPReg(AP reg 0x03)
T0C54 000:757.511   Value=0x03E50000
T0C54 000:757.525 - 0.322ms returns 0
T0C54 000:757.703 JLINK_CORESIGHT_WriteAPDPReg(AP reg 0x00, 0x80000002)
T0C54 000:758.032 - 0.328ms returns 0
T0C54 000:758.048 JLINK_CORESIGHT_WriteAPDPReg(AP reg 0x01, 0x80011140)
T0C54 000:758.220 - 0.171ms returns 0
T0C54 000:758.233 JLINK_CORESIGHT_ReadAPDPReg(AP reg 0x03)
T0C54 000:758.513   Value=0x00000002
T0C54 000:758.527 - 0.294ms returns 0
T0C54 000:758.545 JLINK_CORESIGHT_WriteAPDPReg(AP reg 0x00, 0x80000002)
T0C54 000:758.722 - 0.176ms returns 0
T0C54 000:758.743 JLINK_CORESIGHT_WriteAPDPReg(AP reg 0x01, 0x80011120)
T0C54 000:760.709 - 1.963ms returns 0
T0C54 000:760.731 JLINK_CORESIGHT_WriteAPDPReg(AP reg 0x03, 0x4F010001)
T0C54 000:760.962 - 0.231ms returns 0
T0C54 000:760.976 JLINK_CORESIGHT_WriteAPDPReg(AP reg 0x00, 0x80000002)
T0C54 000:761.174 - 0.198ms returns 0
T0C54 000:761.187 JLINK_CORESIGHT_WriteAPDPReg(AP reg 0x01, 0x80011140)
T0C54 000:761.360 - 0.173ms returns 0
T0C54 000:761.375 JLINK_CORESIGHT_ReadAPDPReg(AP reg 0x03)
T0C54 000:761.672   Value=0x00000002
T0C54 000:761.688 - 0.313ms returns 0
T0C54 000:761.698 JLINK_CORESIGHT_WriteAPDPReg(AP reg 0x00, 0x80000002)
T0C54 000:761.861 - 0.163ms returns 0
T0C54 000:761.873 JLINK_CORESIGHT_WriteAPDPReg(AP reg 0x01, 0x80011120)
T0C54 000:762.226 - 0.352ms returns 0
T0C54 000:762.243 JLINK_CORESIGHT_WriteAPDPReg(AP reg 0x03, 0x000003B0)
T0C54 000:762.427 - 0.183ms returns 0
T0C54 000:762.440 JLINK_CORESIGHT_WriteAPDPReg(AP reg 0x00, 0x80000002)
T0C54 000:762.614 - 0.174ms returns 0
T0C54 000:762.637 JLINK_CORESIGHT_WriteAPDPReg(AP reg 0x01, 0x80011140)
T0C54 000:763.132 - 0.493ms returns 0
T0C54 000:763.153 JLINK_CORESIGHT_ReadAPDPReg(AP reg 0x03)
T0C54 000:763.464   Value=0x00000002
T0C54 000:763.498 - 0.344ms returns 0
T0C54 000:763.510 JLINK_CORESIGHT_ReadAPDPReg(AP reg 0x03)
T0C54 000:763.775   Value=0x00000000
T0C54 000:763.789 - 0.279ms returns 0
T0C54 000:763.796 JLINK_CORESIGHT_WriteAPDPReg(AP reg 0x00, 0x80000002)
T0C54 000:764.027 - 0.229ms returns 0
T0C54 000:764.060 JLINK_CORESIGHT_WriteAPDPReg(AP reg 0x01, 0x80011130)
T0C54 000:764.257 - 0.196ms returns 0
T0C54 000:764.278 JLINK_CORESIGHT_ReadAPDPReg(AP reg 0x03)
T0C54 000:764.732   Value=0x4F0B0081
T0C54 000:764.753 - 0.475ms returns 0
T0C54 000:764.772 JLINK_CORESIGHT_WriteAPDPReg(AP reg 0x00, 0x80000002)
T0C54 000:766.747 - 1.974ms returns 0
T0C54 000:766.770 JLINK_CORESIGHT_WriteAPDPReg(AP reg 0x01, 0x80011140)
T0C54 000:766.979 - 0.209ms returns 0
T0C54 000:766.997 JLINK_CORESIGHT_ReadAPDPReg(AP reg 0x03)
T0C54 000:767.242   Value=0x00000000
T0C54 000:767.259 - 0.262ms returns 0
T0C54 000:767.269 JLINK_CORESIGHT_WriteAPDPReg(AP reg 0x00, 0x80000002)
T0C54 000:767.517 - 0.248ms returns 0
T0C54 000:767.532 JLINK_CORESIGHT_WriteAPDPReg(AP reg 0x01, 0x80011130)
T0C54 000:767.706 - 0.174ms returns 0
T0C54 000:767.719 JLINK_CORESIGHT_ReadAPDPReg(AP reg 0x03)
T0C54 000:767.960   Value=0xC0010000
T0C54 000:767.974 - 0.255ms returns 0
T0C54 000:767.984 JLINK_CORESIGHT_WriteAPDPReg(AP reg 0x00, 0x80000002)
T0C54 000:768.160 - 0.175ms returns 0
T0C54 000:768.172 JLINK_CORESIGHT_WriteAPDPReg(AP reg 0x01, 0x80011140)
T0C54 000:768.522 - 0.349ms returns 0
T0C54 000:768.543 JLINK_CORESIGHT_ReadAPDPReg(AP reg 0x03)
T0C54 000:770.971   Value=0x00000000
T0C54 000:771.011 - 2.467ms returns 0
T0C54 000:771.033 JLINK_CORESIGHT_WriteAPDPReg(AP reg 0x00, 0x80000002)
T0C54 000:772.141 - 1.107ms returns 0
T0C54 000:772.175 JLINK_CORESIGHT_WriteAPDPReg(AP reg 0x01, 0x80011130)
T0C54 000:772.405 - 0.229ms returns 0
T0C54 000:772.440 JLINK_CORESIGHT_ReadAPDPReg(AP reg 0x03)
T0C54 000:772.709   Value=0x00000000
T0C54 000:772.729 - 0.289ms returns 0
T0C54 000:772.743 JLINK_CORESIGHT_WriteAPDPReg(AP reg 0x00, 0x80000002)
T0C54 000:773.170 - 0.426ms returns 0
T0C54 000:774.056 JLINK_CORESIGHT_WriteAPDPReg(AP reg 0x01, 0x80011140)
T0C54 000:774.690 - 0.634ms returns 0
T0C54 000:774.710 JLINK_CORESIGHT_ReadAPDPReg(AP reg 0x03)
T0C54 000:774.961   Value=0x00000000
T0C54 000:774.977 - 0.267ms returns 0
T0C54 000:774.987 JLINK_CORESIGHT_WriteAPDPReg(AP reg 0x00, 0x80000002)
T0C54 000:775.161 - 0.173ms returns 0
T0C54 000:775.174 JLINK_CORESIGHT_WriteAPDPReg(AP reg 0x01, 0x80011130)
T0C54 000:775.353 - 0.179ms returns 0
T0C54 000:775.374 JLINK_CORESIGHT_ReadAPDPReg(AP reg 0x03)
T0C54 000:775.589   Value=0x03E50000
T0C54 000:775.602 - 0.228ms returns 0
T0C54 000:775.621 JLINK_CORESIGHT_ReadAPDPReg(DP reg 0x01)
T0C54 000:775.811   Value=0xF0000F40
T0C54 000:775.825 - 0.204ms returns 0
T0C54 000:775.834 JLINK_CORESIGHT_WriteAPDPReg(DP reg 0x01, 0xA0000F40)
T0C54 000:776.035 - 0.200ms returns 0
T0C54 000:776.056 JLINK_CORESIGHT_ReadAPDPReg(DP reg 0x01)
T0C54 000:776.265   Value=0x00000F40
T0C54 000:776.279 - 0.223ms returns 0
T0C54 000:776.288 JLINK_ClrRESET()
T0C54 000:776.441 - 0.152ms 
T0C54 000:883.457 JLINK_Close()
T0C54 000:899.306 - 15.848ms
T0C54 000:899.338   
T0C54 000:899.352   Closed
