     VMA      LMA     Size Align Out     In      Symbol
       0        0        0     1 RAM_START = 0x22000000
       0        0        0     1 RAM_LENGTH = 0x00180000
       0        0        0     1 FLASH_START = 0x02000000
       0        0        0     1 FLASH_LENGTH = 0x000e0000
       0        0        0     1 DATA_FLASH_START = 0x27000000
       0        0        0     1 DATA_FLASH_LENGTH = 0x00000000
       0        0        0     1 SDRAM_START = 0x68000000
       0        0        0     1 SDRAM_LENGTH = 0x08000000
       0        0        0     1 OSPI0_CS0_START = 0x80000000
       0        0        0     1 OSPI0_CS0_LENGTH = 0x08000000
       0        0        0     1 OSPI0_CS1_START = 0x90000000
       0        0        0     1 OSPI0_CS1_LENGTH = 0x08000000
       0        0        0     1 OSPI1_CS0_START = 0x70000000
       0        0        0     1 OSPI1_CS0_LENGTH = 0x04000000
       0        0        0     1 OSPI1_CS1_START = 0x78000000
       0        0        0     1 OSPI1_CS1_LENGTH = 0x04000000
       0        0        0     1 OPTION_SETTING_OFS0_START = 0x02c9f040
       0        0        0     1 OPTION_SETTING_OFS0_LENGTH = 0x00000004
       0        0        0     1 OPTION_SETTING_OFS2_START = 0x02c9f044
       0        0        0     1 OPTION_SETTING_OFS2_LENGTH = 0x00000004
       0        0        0     1 OPTION_SETTING_SAS_START = 0x02c9f074
       0        0        0     1 OPTION_SETTING_SAS_LENGTH = 0x00000004
       0        0        0     1 OPTION_SETTING_OFS1_START = 0x12c9f4c0
       0        0        0     1 OPTION_SETTING_OFS1_LENGTH = 0x00000004
       0        0        0     1 OPTION_SETTING_OFS1_SEC_START = 0x02c9f0c0
       0        0        0     1 OPTION_SETTING_OFS1_SEC_LENGTH = 0x00000004
       0        0        0     1 OPTION_SETTING_OFS1_SEL_START = 0x02c9f120
       0        0        0     1 OPTION_SETTING_OFS1_SEL_LENGTH = 0x00000004
       0        0        0     1 OPTION_SETTING_OFS3_START = 0x12c9f4c4
       0        0        0     1 OPTION_SETTING_OFS3_LENGTH = 0x00000004
       0        0        0     1 OPTION_SETTING_OFS3_SEC_START = 0x02c9f0c4
       0        0        0     1 OPTION_SETTING_OFS3_SEC_LENGTH = 0x00000004
       0        0        0     1 OPTION_SETTING_OFS3_SEL_START = 0x02c9f124
       0        0        0     1 OPTION_SETTING_OFS3_SEL_LENGTH = 0x00000004
       0        0        0     1 OPTION_SETTING_BPS_START = 0x12c9f600
       0        0        0     1 OPTION_SETTING_BPS_LENGTH = 0x00000080
       0        0        0     1 OPTION_SETTING_BPS_SEC_START = 0x02c9f200
       0        0        0     1 OPTION_SETTING_BPS_SEC_LENGTH = 0x00000080
       0        0        0     1 OPTION_SETTING_OTP_FSBLCTRL0_START = 0x02e07600
       0        0        0     1 OPTION_SETTING_OTP_FSBLCTRL0_LENGTH = 0x00000004
       0        0        0     1 OPTION_SETTING_OTP_FSBLCTRL1_START = 0x02e07604
       0        0        0     1 OPTION_SETTING_OTP_FSBLCTRL1_LENGTH = 0x00000004
       0        0        0     1 OPTION_SETTING_OTP_FSBLCTRL2_START = 0x02e07608
       0        0        0     1 OPTION_SETTING_OTP_FSBLCTRL2_LENGTH = 0x00000004
       0        0        0     1 OPTION_SETTING_OTP_SAMR_START = 0x02e07614
       0        0        0     1 OPTION_SETTING_OTP_SAMR_LENGTH = 0x00000004
       0        0        0     1 OPTION_SETTING_OTP_SACC00_START = 0x02e07620
       0        0        0     1 OPTION_SETTING_OTP_SACC00_LENGTH = 0x00000004
       0        0        0     1 OPTION_SETTING_OTP_SACC10_START = 0x02e07630
       0        0        0     1 OPTION_SETTING_OTP_SACC10_LENGTH = 0x00000004
       0        0        0     1 OPTION_SETTING_OTP_SACC01_START = 0x02e07640
       0        0        0     1 OPTION_SETTING_OTP_SACC01_LENGTH = 0x00000004
       0        0        0     1 OPTION_SETTING_OTP_SACC11_START = 0x02e07650
       0        0        0     1 OPTION_SETTING_OTP_SACC11_LENGTH = 0x00000004
       0        0        0     1 OPTION_SETTING_OTP_SACC02_START = 0x02e07660
       0        0        0     1 OPTION_SETTING_OTP_SACC02_LENGTH = 0x00000004
       0        0        0     1 OPTION_SETTING_OTP_SACC12_START = 0x02e07670
       0        0        0     1 OPTION_SETTING_OTP_SACC12_LENGTH = 0x00000004
       0        0        0     1 OPTION_SETTING_OTP_SACC03_START = 0x02e07680
       0        0        0     1 OPTION_SETTING_OTP_SACC03_LENGTH = 0x00000004
       0        0        0     1 OPTION_SETTING_OTP_SACC13_START = 0x02e07690
       0        0        0     1 OPTION_SETTING_OTP_SACC13_LENGTH = 0x00000004
       0        0        0     1 OPTION_SETTING_OTP_PBPS_SEC_START = 0x02e17700
       0        0        0     1 OPTION_SETTING_OTP_PBPS_SEC_LENGTH = 0x00000080
       0        0        0     1 OPTION_SETTING_OTP_PBPS_START = 0x12e17780
       0        0        0     1 OPTION_SETTING_OTP_PBPS_LENGTH = 0x00000080
       0        0        0     1 OPTION_SETTING_OTP_ZHUK_START = 0x02e17920
       0        0        0     1 OPTION_SETTING_OTP_ZHUK_LENGTH = 0x00000004
       0        0        0     1 ITCM_START = 0x00000000
       0        0        0     1 ITCM_LENGTH = 0x00020000
       0        0        0     1 DTCM_START = 0x20000000
       0        0        0     1 DTCM_LENGTH = 0x00020000
90000000 90000000        0     1 .ospi0_cs1.startof
90000000 90000000        0     1         __ddsc_OSPI0_CS1_START = .
68000000 68000000        0     1 .sdram.startof
68000000 68000000        0     1         __ddsc_SDRAM_START = .
68000000 68000000        0     1 __sdram_from_ospi0_cs1$$
68000000 68000000        0     1         __sdram_from_ospi0_cs1$$Base = .
68000000 68000000        0     1         __sdram_from_ospi0_cs1$$Load = LOADADDR(__sdram_from_ospi0_cs1$$)
68000000 68000000        0     1         __sdram_from_ospi0_cs1$$Limit = .
80000000 80000000        0     1 .ospi0_cs0.startof
80000000 80000000        0     1         __ddsc_OSPI0_CS0_START = .
80000000 80000000        0     1 __ospi0_cs0_from_ospi0_cs1$$
80000000 80000000        0     1         __ospi0_cs0_from_ospi0_cs1$$Base = .
80000000 80000000        0     1         __ospi0_cs0_from_ospi0_cs1$$Load = LOADADDR(__ospi0_cs0_from_ospi0_cs1$$)
80000000 80000000        0     1         __ospi0_cs0_from_ospi0_cs1$$Limit = .
70000000 70000000        0     1 .ospi1_cs0.startof
70000000 70000000        0     1         __ddsc_OSPI1_CS0_START = .
70000000 70000000        0     1 __ospi1_cs0_from_ospi0_cs1$$
70000000 70000000        0     1         __ospi1_cs0_from_ospi0_cs1$$Base = .
70000000 70000000        0     1         __ospi1_cs0_from_ospi0_cs1$$Load = LOADADDR(__ospi1_cs0_from_ospi0_cs1$$)
70000000 70000000        0     1         __ospi1_cs0_from_ospi0_cs1$$Limit = .
       0        0        0     1 .itcm.startof
       0        0        0     1         __ddsc_ITCM_START = .
       0        0        0     1 __itcm_from_ospi0_cs1$$
       0        0        0     1         __itcm_from_ospi0_cs1$$Base = .
       0        0        0     1         __itcm_from_ospi0_cs1$$Load = LOADADDR(__itcm_from_ospi0_cs1$$)
       0        0        0     1         __itcm_from_ospi0_cs1$$Limit = .
20000000 20000000        0     1 .dtcm.startof
20000000 20000000        0     1         __ddsc_DTCM_START = .
20000000 20000000        0     1 __dtcm_from_ospi0_cs1$$
20000000 20000000        0     1         __dtcm_from_ospi0_cs1$$Base = .
20000000 20000000        0     1         __dtcm_from_ospi0_cs1$$Load = LOADADDR(__dtcm_from_ospi0_cs1$$)
20000000 20000000        0     1         __dtcm_from_ospi0_cs1$$Limit = .
22000000 22000000        0     1 .ram.startof
22000000 22000000        0     1         __ddsc_RAM_START = .
22000000 22000000        0     1 __ram_dtc_vector$$
22000000 22000000        0     1         __ram_dtc_vector$$Base = .
22000000 22000000        0     1         __ram_dtc_vector$$Limit = .
22000000 22000000        0     1 __ram_from_ospi0_cs1$$
22000000 22000000        0     1         __ram_from_ospi0_cs1$$Base = .
22000000 22000000        0     1         __ram_from_ospi0_cs1$$Load = LOADADDR(__ram_from_ospi0_cs1$$)
22000000 22000000        0     1         __ram_from_ospi0_cs1$$Limit = .
90000000 90000000        0     1 __ospi0_cs1_readonly$$
90000000 90000000        0     1         __ospi0_cs1_readonly$$Base = .
90000000 90000000        0     1         __ospi0_cs1_readonly$$Limit = .
90000000 90000000        0     1 __ospi0_cs1_noinit$$
90000000 90000000        0     1         __ospi0_cs1_noinit$$Base = .
90000000 90000000        0     1         __ospi0_cs1_noinit$$Limit = .
90000000 90000000        0     1 .ospi0_cs1.endof
90000000 90000000        0     1         __ddsc_OSPI0_CS1_END = .
78000000 78000000        0     1 .ospi1_cs1.startof
78000000 78000000        0     1         __ddsc_OSPI1_CS1_START = .
68000000 68000000        0     1 __sdram_from_ospi1_cs1$$
68000000 68000000        0     1         __sdram_from_ospi1_cs1$$Base = .
68000000 68000000        0     1         __sdram_from_ospi1_cs1$$Load = LOADADDR(__sdram_from_ospi1_cs1$$)
68000000 68000000        0     1         __sdram_from_ospi1_cs1$$Limit = .
80000000 80000000        0     1 __ospi0_cs0_from_ospi1_cs1$$
80000000 80000000        0     1         __ospi0_cs0_from_ospi1_cs1$$Base = .
80000000 80000000        0     1         __ospi0_cs0_from_ospi1_cs1$$Load = LOADADDR(__ospi0_cs0_from_ospi1_cs1$$)
80000000 80000000        0     1         __ospi0_cs0_from_ospi1_cs1$$Limit = .
70000000 70000000        0     1 __ospi1_cs0_from_ospi1_cs1$$
70000000 70000000        0     1         __ospi1_cs0_from_ospi1_cs1$$Base = .
70000000 70000000        0     1         __ospi1_cs0_from_ospi1_cs1$$Load = LOADADDR(__ospi1_cs0_from_ospi1_cs1$$)
70000000 70000000        0     1         __ospi1_cs0_from_ospi1_cs1$$Limit = .
       0        0        0     1 __itcm_from_ospi1_cs1$$
       0        0        0     1         __itcm_from_ospi1_cs1$$Base = .
       0        0        0     1         __itcm_from_ospi1_cs1$$Load = LOADADDR(__itcm_from_ospi1_cs1$$)
       0        0        0     1         __itcm_from_ospi1_cs1$$Limit = .
20000000 20000000        0     1 __dtcm_from_ospi1_cs1$$
20000000 20000000        0     1         __dtcm_from_ospi1_cs1$$Base = .
20000000 20000000        0     1         __dtcm_from_ospi1_cs1$$Load = LOADADDR(__dtcm_from_ospi1_cs1$$)
20000000 20000000        0     1         __dtcm_from_ospi1_cs1$$Limit = .
22000000 22000000        0     1 __ram_from_ospi1_cs1$$
22000000 22000000        0     1         __ram_from_ospi1_cs1$$Base = .
22000000 22000000        0     1         __ram_from_ospi1_cs1$$Load = LOADADDR(__ram_from_ospi1_cs1$$)
22000000 22000000        0     1         __ram_from_ospi1_cs1$$Limit = .
78000000 78000000        0     1 __ospi1_cs1_readonly$$
78000000 78000000        0     1         __ospi1_cs1_readonly$$Base = .
78000000 78000000        0     1         __ospi1_cs1_readonly$$Limit = .
78000000 78000000        0     1 __ospi1_cs1_noinit$$
78000000 78000000        0     1         __ospi1_cs1_noinit$$Base = .
78000000 78000000        0     1         __ospi1_cs1_noinit$$Limit = .
78000000 78000000        0     1 .ospi1_cs1.endof
78000000 78000000        0     1         __ddsc_OSPI1_CS1_END = .
27000000 27000000        0     1 .data_flash.startof
27000000 27000000        0     1         __ddsc_DATA_FLASH_START = .
68000000 68000000        0     1 __sdram_from_data_flash$$
68000000 68000000        0     1         __sdram_from_data_flash$$Base = .
68000000 68000000        0     1         __sdram_from_data_flash$$Load = LOADADDR(__sdram_from_data_flash$$)
68000000 68000000        0     1         __sdram_from_data_flash$$Limit = .
80000000 80000000        0     1 __ospi0_cs0_from_data_flash$$
80000000 80000000        0     1         __ospi0_cs0_from_data_flash$$Base = .
80000000 80000000        0     1         __ospi0_cs0_from_data_flash$$Load = LOADADDR(__ospi0_cs0_from_data_flash$$)
80000000 80000000        0     1         __ospi0_cs0_from_data_flash$$Limit = .
70000000 70000000        0     1 __ospi1_cs0_from_data_flash$$
70000000 70000000        0     1         __ospi1_cs0_from_data_flash$$Base = .
70000000 70000000        0     1         __ospi1_cs0_from_data_flash$$Load = LOADADDR(__ospi1_cs0_from_data_flash$$)
70000000 70000000        0     1         __ospi1_cs0_from_data_flash$$Limit = .
       0        0        0     1 __itcm_from_data_flash$$
       0        0        0     1         __itcm_from_data_flash$$Base = .
       0        0        0     1         __itcm_from_data_flash$$Load = LOADADDR(__itcm_from_data_flash$$)
       0        0        0     1         __itcm_from_data_flash$$Limit = .
20000000 20000000        0     1 __dtcm_from_data_flash$$
20000000 20000000        0     1         __dtcm_from_data_flash$$Base = .
20000000 20000000        0     1         __dtcm_from_data_flash$$Load = LOADADDR(__dtcm_from_data_flash$$)
20000000 20000000        0     1         __dtcm_from_data_flash$$Limit = .
22000000 22000000        0     1 __ram_from_data_flash$$
22000000 22000000        0     1         __ram_from_data_flash$$Base = .
22000000 22000000        0     1         __ram_from_data_flash$$Load = LOADADDR(__ram_from_data_flash$$)
22000000 22000000        0     1         __ram_from_data_flash$$Limit = .
27000000 27000000        0     1 __data_flash_readonly$$
27000000 27000000        0     1         __data_flash_readonly$$Base = .
27000000 27000000        0     1         __data_flash_readonly$$Limit = .
27000000 27000000        0     1 __data_flash_noinit$$
27000000 27000000        0     1         __data_flash_noinit$$Base = .
27000000 27000000        0     1         __data_flash_noinit$$Limit = .
27000000 27000000        0     1 .data_flash.endof
27000000 27000000        0     1         __ddsc_DATA_FLASH_END = .
 2000000  2000000        0     1 .flash.startof
 2000000  2000000        0     1         __ddsc_FLASH_START = .
 2000000  2000000       68     4 __flash_vectors$$
 2000000  2000000        0     1         __flash_vectors$$Base = .
 2000000  2000000        0     1         _VECTORS = .
 2000000  2000000       40     4         ./ra/fsp/src/bsp/cmsis/Device/RENESAS/Source/startup.o:(.fixed_vectors)
 2000000  2000000       40     1                 __Vectors
 2000040  2000040       28     4         ./ra_gen/vector_data.o:(.application_vectors)
 2000040  2000040       28     1                 g_vector_table
 2000068  2000068        0     1         __flash_vectors$$Limit = .
 2000068  2000068        0     1 __flash_noinit$$
 2000068  2000068        0     1         __flash_noinit$$Base = .
 2000068  2000068        0     1         __flash_noinit$$Limit = .
68000000 68000000        0     1 __sdram_from_flash$$
68000000 68000000        0     1         __sdram_from_flash$$Base = .
68000000 68000000        0     1         __sdram_from_flash$$Load = LOADADDR(__sdram_from_flash$$)
68000000 68000000        0     1         __sdram_from_flash$$Limit = .
68000000 68000000        0     1 __sdram_noinit_nocache$$
68000000 68000000        0     1         __sdram_noinit_nocache$$Base = .
68000000 68000000        0     1         __sdram_noinit_nocache$$Limit = .
68000000 68000000        0     1 __sdram_zero_nocache$$
68000000 68000000        0     1         __sdram_zero_nocache$$Base = .
68000000 68000000        0     1         . = ALIGN(32)
68000000 68000000        0     1         __sdram_zero_nocache$$Limit = .
68000000 68000000        0     1 __sdram_noinit$$
68000000 68000000        0     1         __sdram_noinit$$Base = .
68000000 68000000        0     1         __sdram_noinit$$Limit = .
68000000 68000000        0     1 __sdram_zero$$
68000000 68000000        0     1         __sdram_zero$$Base = .
68000000 68000000        0     1         __sdram_zero$$Limit = .
68000000 68000000        0     1 .sdram.endof
68000000 68000000        0     1         __ddsc_SDRAM_END = .
80000000 80000000        0     1 __ospi0_cs0_from_flash$$
80000000 80000000        0     1         __ospi0_cs0_from_flash$$Base = .
80000000 80000000        0     1         __ospi0_cs0_from_flash$$Load = LOADADDR(__ospi0_cs0_from_flash$$)
80000000 80000000        0     1         __ospi0_cs0_from_flash$$Limit = .
80000000 80000000        0     1 __ospi0_cs0_noinit_nocache$$
80000000 80000000        0     1         __ospi0_cs0_noinit_nocache$$Base = .
80000000 80000000        0     1         __ospi0_cs0_noinit_nocache$$Limit = .
80000000 80000000        0     1 __ospi0_cs0_zero_nocache$$
80000000 80000000        0     1         __ospi0_cs0_zero_nocache$$Base = .
80000000 80000000        0     1         . = ALIGN(32)
80000000 80000000        0     1         __ospi0_cs0_zero_nocache$$Limit = .
80000000 80000000        0     1 __ospi0_cs0_noinit$$
80000000 80000000        0     1         __ospi0_cs0_noinit$$Base = .
80000000 80000000        0     1         __ospi0_cs0_noinit$$Limit = .
80000000 80000000        0     1 __ospi0_cs0_zero$$
80000000 80000000        0     1         __ospi0_cs0_zero$$Base = .
80000000 80000000        0     1         __ospi0_cs0_zero$$Limit = .
80000000 80000000        0     1 .ospi0_cs0.endof
80000000 80000000        0     1         __ddsc_OSPI0_CS0_END = .
70000000 70000000        0     1 __ospi1_cs0_from_flash$$
70000000 70000000        0     1         __ospi1_cs0_from_flash$$Base = .
70000000 70000000        0     1         __ospi1_cs0_from_flash$$Load = LOADADDR(__ospi1_cs0_from_flash$$)
70000000 70000000        0     1         __ospi1_cs0_from_flash$$Limit = .
70000000 70000000        0     1 __ospi1_cs0_noinit_nocache$$
70000000 70000000        0     1         __ospi1_cs0_noinit_nocache$$Base = .
70000000 70000000        0     1         __ospi1_cs0_noinit_nocache$$Limit = .
70000000 70000000        0     1 __ospi1_cs0_zero_nocache$$
70000000 70000000        0     1         __ospi1_cs0_zero_nocache$$Base = .
70000000 70000000        0     1         . = ALIGN(32)
70000000 70000000        0     1         __ospi1_cs0_zero_nocache$$Limit = .
70000000 70000000        0     1 __ospi1_cs0_noinit$$
70000000 70000000        0     1         __ospi1_cs0_noinit$$Base = .
70000000 70000000        0     1         __ospi1_cs0_noinit$$Limit = .
70000000 70000000        0     1 __ospi1_cs0_zero$$
70000000 70000000        0     1         __ospi1_cs0_zero$$Base = .
70000000 70000000        0     1         __ospi1_cs0_zero$$Limit = .
70000000 70000000        0     1 .ospi1_cs0.endof
70000000 70000000        0     1         __ddsc_OSPI1_CS0_END = .
       0        0        0     1 __itcm_from_flash$$
       0        0        0     1         __itcm_from_flash$$Base = .
       0        0        0     1         __itcm_from_flash$$Load = LOADADDR(__itcm_from_flash$$)
       0        0        0     1         __itcm_from_flash$$Limit = .
       0        0        0     1 __itcm_noinit$$
       0        0        0     1         __itcm_noinit$$Base = .
       0        0        0     1         __itcm_noinit$$Limit = .
       0        0        0     1 __itcm_zero$$
       0        0        0     1         __itcm_zero$$Base = .
       0        0        0     1         __itcm_zero$$Limit = .
       0        0        0     1 .itcm.endof
       0        0        0     1         __ddsc_ITCM_END = .
20000000 20000000        0     1 __dtcm_from_flash$$
20000000 20000000        0     1         __dtcm_from_flash$$Base = .
20000000 20000000        0     1         __dtcm_from_flash$$Load = LOADADDR(__dtcm_from_flash$$)
20000000 20000000        0     1         __dtcm_from_flash$$Limit = .
20000000 20000000        0     1 __dtcm_noinit$$
20000000 20000000        0     1         __dtcm_noinit$$Base = .
20000000 20000000        0     1         __dtcm_noinit$$Limit = .
20000000 20000000        0     1 __dtcm_zero$$
20000000 20000000        0     1         __dtcm_zero$$Base = .
20000000 20000000        0     1         __dtcm_zero$$Limit = .
20000000 20000000        0     1 .dtcm.endof
20000000 20000000        0     1         __ddsc_DTCM_END = .
22000000  2000068       68     4 __ram_from_flash$$
22000000  2000068        0     1         __ram_from_flash$$Base = .
22000000  2000068        0     1         __ram_from_flash$$Load = LOADADDR(__ram_from_flash$$)
22000000  2000068       10     4         ./src/dataset_storage.o:(.data.g_next_index)
22000000  2000068       10     1                 g_next_index
22000010  2000078        1     1         ./src/ili9488.o:(.data.g_spi_last_event)
22000010  2000078        1     1                 g_spi_last_event
22000011  2000079        1     1         ./src/machine_control.o:(.data.g_right_servo_output)
22000011  2000079        1     1                 g_right_servo_output
22000012  200007a        1     1         ./src/machine_control.o:(.data.g_candidate_class)
22000012  200007a        1     1                 g_candidate_class
22000014  200007c        4     4         ./ra_gen/common_data.o:(.data.g_rm_ethosu0_ext_cfg)
22000014  200007c        4     1                 g_rm_ethosu0_ext_cfg
22000018  2000080       18     4         ./ra_gen/common_data.o:(.data.g_rm_ethosu0_ctrl)
22000018  2000080       18     1                 g_rm_ethosu0_ctrl
22000030  2000098       10     4         ./ra_gen/hal_data.o:(.data.g_sdmmc0_transfer_info)
22000030  2000098       10     1                 g_sdmmc0_transfer_info
22000040  20000a8       24     4         ./ra_gen/hal_data.o:(.data.g_sdmmc0_cfg)
22000040  20000a8       24     1                 g_sdmmc0_cfg
22000064  20000cc        4     4         ./ra/fsp/src/r_sdhi/r_sdhi.o:(.data.g_sdhi_last_command)
22000064  20000cc        4     1                 g_sdhi_last_command
22000068  20000d0        0     1         __ram_from_flash$$Limit = .
22000080 22000080        0     1 __ram_noinit_nocache$$
22000080 22000080        0     1         __ram_noinit_nocache$$Base = .
22000080 22000080        0     1         __ram_noinit_nocache$$Limit = .
22000080 22000080        0     1 __ram_zero_nocache$$
22000080 22000080        0     1         __ram_zero_nocache$$Base = .
22000080 22000080        0     1         . = ALIGN(32)
22000080 22000080        0     1         __ram_zero_nocache$$Limit = .
22000080 22000080     502c     8 __ram_noinit$$
22000080 22000080        0     1         __ram_noinit$$Base = .
22000080 22000080     1000     8         ./ra/fsp/src/bsp/cmsis/Device/RENESAS/Source/startup.o:(.bss.g_heap)
22000080 22000080     1000     1                 g_heap
22001080 22001080     4000     8         ./ra/fsp/src/bsp/cmsis/Device/RENESAS/Source/startup.o:(.bss.g_main_stack)
22001080 22001080     4000     1                 g_main_stack
22005080 22005080       2c     4         ./ra/fsp/src/bsp/mcu/all/bsp_clocks.o:(.ram_noinit)
22005080 22005080       2c     1                 g_clock_freq
220050ac 220050ac        0     1         __ram_noinit$$Limit = .
220050c0 220050c0    edf90    32 __ram_zero$$
220050c0 220050c0        0     1         __ram_zero$$Base = .
220050c0 220050c0        4     4         ./src/fatfs/ff.o:(.bss.FatFs)
220050c0 220050c0        4     1                 FatFs
220050c4 220050c4        2     2         ./src/fatfs/ff.o:(.bss.Fsid)
220050c4 220050c4        2     1                 Fsid
220050c8 220050c8    1b000     4         ./src/ai_model/model.o:(.bss.buf_images_70692_11487_70629)
220050c8 220050c8    1b000     1                 buf_images_70692_11487_70629
220200c8 220200c8     1b00     4         ./src/ai_model/model.o:(.bss.buf_reg_s22_70462_70750)
220200c8 220200c8     1b00     1                 buf_reg_s22_70462_70750
22021bc8 22021bc8      6c0     4         ./src/ai_model/model.o:(.bss.buf_obj_s22_70463_70748)
22021bc8 22021bc8      6c0     1                 buf_obj_s22_70463_70748
22022288 22022288      900     4         ./src/ai_model/model.o:(.bss.buf_cls_s22_70464_70746)
22022288 22022288      900     1                 buf_cls_s22_70464_70746
22022b88 22022b88      6c0     4         ./src/ai_model/model.o:(.bss.buf_reg_s11_70465_70749)
22022b88 22022b88      6c0     1                 buf_reg_s11_70465_70749
22023248 22023248      1b0     4         ./src/ai_model/model.o:(.bss.buf_obj_s11_70466_70747)
22023248 22023248      1b0     1                 buf_obj_s11_70466_70747
220233f8 220233f8      240     4         ./src/ai_model/model.o:(.bss.buf_cls_s11_70467_70745)
220233f8 220233f8      240     1                 buf_cls_s11_70467_70745
22023638 22023638        9     1         ./src/ai_model/model.o:(.bss.compute_arena_sub_0002)
22023638 22023638        9     1                 compute_arena_sub_0002
22023644 22023644     6c00     4         ./src/ai_model/model.o:(.bss.buf__fpn_Resize_output_0_70446_11129)
22023644 22023644     6c00     1                 buf__fpn_Resize_output_0_70446_11129
2202a244 2202a244        9     1         ./src/ai_model/model.o:(.bss.compute_arena_sub_0004)
2202a244 2202a244        9     1                 compute_arena_sub_0004
2202a250 2202a250    63000    16         ./src/ai_model/sub_0001_invoke.o:(.bss.sub_0001_arena)
2202a250 2202a250    63000     1                 sub_0001_arena
2208d250 2208d250    14400    16         ./src/ai_model/sub_0003_invoke.o:(.bss.sub_0003_arena)
2208d250 2208d250    14400     1                 sub_0003_arena
220a1650 220a1650        1     1         ./src/dataset_storage.o:(.bss.g_sd_card_inserted)
220a1650 220a1650        1     1                 g_sd_card_inserted
220a1651 220a1651        1     1         ./src/dataset_storage.o:(.bss.g_sd_media_ready)
220a1651 220a1651        1     1                 g_sd_media_ready
220a1652 220a1652        1     1         ./src/dataset_storage.o:(.bss.g_fs_mounted)
220a1652 220a1652        1     1                 g_fs_mounted
220a1653 220a1653        1     1         ./src/dataset_storage.o:(.bss.g_sd_transfer_error)
220a1653 220a1653        1     1                 g_sd_transfer_error
220a1654 220a1654        1     1         ./src/dataset_storage.o:(.bss.g_sd_transfer_done)
220a1654 220a1654        1     1                 g_sd_transfer_done
220a1655 220a1655        1     1         ./src/dataset_storage.o:(.bss.g_storage_status)
220a1655 220a1655        1     1                 g_storage_status
220a1656 220a1656        2     2         ./src/dataset_storage.o:(.bss.g_storage_error_detail)
220a1656 220a1656        2     1                 g_storage_error_detail
220a1658 220a1658        1     1         ./src/dataset_storage.o:(.bss.g_sd_driver_open)
220a1658 220a1658        1     1                 g_sd_driver_open
220a165c 220a165c       14     4         ./src/dataset_storage.o:(.bss.g_sd_device)
220a165c 220a165c       14     1                 g_sd_device
220a1670 220a1670      230     4         ./src/dataset_storage.o:(.bss.g_dataset_fs)
220a1670 220a1670      230     1                 g_dataset_fs
220a18a0 220a18a0      200    32         ./src/dataset_storage.o:(.bss.g_sd_test_block)
220a18a0 220a18a0      200     1                 g_sd_test_block
220a1aa0 220a1aa0     3c00    32         ./src/dataset_storage.o:(.bss.g_bmp_chunk)
220a1aa0 220a1aa0     3c00     1                 g_bmp_chunk
220a56a0 220a56a0        4     4         ./src/hal_entry.o:(.bss.g_ceu_callback_events)
220a56a0 220a56a0        4     1                 g_ceu_callback_events
220a56a4 220a56a4        1     1         ./src/hal_entry.o:(.bss.g_ceu_frame_done)
220a56a4 220a56a4        1     1                 g_ceu_frame_done
220a56c0 220a56c0    25800    32         ./src/hal_entry.o:(.bss.ceu_buf_a)
220a56c0 220a56c0    25800     1                 ceu_buf_a
220caec0 220caec0    25800    32         ./src/hal_entry.o:(.bss.ceu_buf_b)
220caec0 220caec0    25800     1                 ceu_buf_b
220f06c0 220f06c0        1     1         ./src/ili9488.o:(.bss.g_spi_transfer_done)
220f06c0 220f06c0        1     1                 g_spi_transfer_done
220f06c1 220f06c1      3c0     1         ./src/ili9488.o:(.bss.g_line_buf)
220f06c1 220f06c1      3c0     1                 g_line_buf
220f0a81 220f0a81     1e00     1         ./src/ili9488.o:(.bss.g_camera_chunk)
220f0a81 220f0a81     1e00     1                 g_camera_chunk
220f2881 220f2881        1     1         ./src/ili9488.o:(.bss.g_spi_opened)
220f2881 220f2881        1     1                 g_spi_opened
220f2884 220f2884       20     4         ./src/machine_control.o:(.bss.g_servo_pair_ctrl)
220f2884 220f2884       20     1                 g_servo_pair_ctrl
220f28a4 220f28a4       20     4         ./src/machine_control.o:(.bss.g_servo_backup_ctrl)
220f28a4 220f28a4       20     1                 g_servo_backup_ctrl
220f28c4 220f28c4       20     4         ./src/machine_control.o:(.bss.g_status)
220f28c4 220f28c4       20     1                 g_status
220f28e4 220f28e4        1     1         ./src/machine_control.o:(.bss.g_left_servo_output)
220f28e4 220f28e4        1     1                 g_left_servo_output
220f28e8 220f28e8       20     4         ./src/machine_control.o:(.bss.g_stepper_primary_ctrl)
220f28e8 220f28e8       20     1                 g_stepper_primary_ctrl
220f2908 220f2908       20     4         ./src/machine_control.o:(.bss.g_stepper_backup_ctrl)
220f2908 220f2908       20     1                 g_stepper_backup_ctrl
220f2928 220f2928        1     1         ./src/machine_control.o:(.bss.g_stepper_output)
220f2928 220f2928        1     1                 g_stepper_output
220f292c 220f292c        4     4         ./src/machine_control.o:(.bss.g_cycles_per_ms)
220f292c 220f292c        4     1                 g_cycles_per_ms
220f2930 220f2930        1     1         ./src/machine_control.o:(.bss.g_initialized)
220f2930 220f2930        1     1                 g_initialized
220f2931 220f2931        1     1         ./src/machine_control.o:(.bss.g_candidate_ticks)
220f2931 220f2931        1     1                 g_candidate_ticks
220f2932 220f2932        1     1         ./src/machine_control.o:(.bss.g_clear_ticks)
220f2932 220f2932        1     1                 g_clear_ticks
220f2933 220f2933        1     1         ./src/machine_control.o:(.bss.g_align_lost_ticks)
220f2933 220f2933        1     1                 g_align_lost_ticks
220f2934 220f2934        1     1         ./src/machine_control.o:(.bss.g_align_dir)
220f2934 220f2934        1     1                 g_align_dir
220f2935 220f2935        1     1         ./src/machine_control.o:(.bss.g_transport_settling)
220f2935 220f2935        1     1                 g_transport_settling
220f2938 220f2938        4     4         ./src/machine_control.o:(.bss.g_state_elapsed_ms)
220f2938 220f2938        4     1                 g_state_elapsed_ms
220f293c 220f293c        4     4         ./src/machine_control.o:(.bss.g_state_start_cycles)
220f293c 220f293c        4     1                 g_state_start_cycles
220f2940 220f2940        6     2         ./src/platform_services.o:(.bss.g_touch)
220f2940 220f2940        6     1                 g_touch
220f2948 220f2948        c     4         ./src/platform_services.o:(.bss.g_weight)
220f2948 220f2948        c     1                 g_weight
220f2954 220f2954        c     4         ./src/platform_services.o:(.bss.g_health)
220f2954 220f2954        c     1                 g_health
220f2960 220f2960        4     4         ./src/platform_services.o:(.bss.g_cpu_cycles_per_ms)
220f2960 220f2960        4     1                 g_cpu_cycles_per_ms
220f2964 220f2964        4     4         ./src/platform_services.o:(.bss.g_last_m33_health_cycles)
220f2964 220f2964        4     1                 g_last_m33_health_cycles
220f2968 220f2968        4     4         ./src/platform_services.o:(.bss.g_touch_sequence)
220f2968 220f2968        4     1                 g_touch_sequence
220f296c 220f296c        4     4         ./src/yolo_detector.o:(.bss.g_detection_count)
220f296c 220f296c        4     1                 g_detection_count
220f2970 220f2970       c0     4         ./src/yolo_detector.o:(.bss.g_detections)
220f2970 220f2970       c0     1                 g_detections
220f2a30 220f2a30      240     4         ./src/yolo_detector.o:(.bss.g_candidates)
220f2a30 220f2a30      240     1                 g_candidates
220f2c70 220f2c70       48     8         ./ra_gen/common_data.o:(.bss.g_ethosu0)
220f2c70 220f2c70       48     1                 g_ethosu0
220f2cb8 220f2cb8        8     4         ./ra_gen/common_data.o:(.bss.g_ioport_ctrl)
220f2cb8 220f2cb8        8     1                 g_ioport_ctrl
220f2cc0 220f2cc0       1c     4         ./ra_gen/hal_data.o:(.bss.g_ipc_m85_ctrl)
220f2cc0 220f2cc0       1c     1                 g_ipc_m85_ctrl
220f2cdc 220f2cdc       30     4         ./ra_gen/hal_data.o:(.bss.g_spi1_ctrl)
220f2cdc 220f2cdc       30     1                 g_spi1_ctrl
220f2d0c 220f2d0c       20     4         ./ra_gen/hal_data.o:(.bss.g_ceu_qvga_ctrl)
220f2d0c 220f2d0c       20     1                 g_ceu_qvga_ctrl
220f2d2c 220f2d2c      248     4         ./ra_gen/hal_data.o:(.bss.g_sdmmc0_ctrl)
220f2d2c 220f2d2c      248     1                 g_sdmmc0_ctrl
220f2f74 220f2f74       18     4         ./ra_gen/hal_data.o:(.bss.g_sdmmc0_transfer_ctrl)
220f2f74 220f2f74       18     1                 g_sdmmc0_transfer_ctrl
220f2f8c 220f2f8c        1     1         ./ra/npu/ethos-u-core-driver/src/ethosu_driver.o:(.bss.ethosu_mutex_create.mutex_placeholder)
220f2f8c 220f2f8c        1     1                 ethosu_mutex_create.mutex_placeholder
220f2f90 220f2f90        4     4         ./ra/npu/ethos-u-core-driver/src/ethosu_driver.o:(.bss.ethosu_mutex)
220f2f90 220f2f90        4     1                 ethosu_mutex
220f2f94 220f2f94        4     4         ./ra/npu/ethos-u-core-driver/src/ethosu_driver.o:(.bss.ethosu_semaphore)
220f2f94 220f2f94        4     1                 ethosu_semaphore
220f2f98 220f2f98        4     4         ./ra/npu/ethos-u-core-driver/src/ethosu_driver.o:(.bss.registered_drivers)
220f2f98 220f2f98        4     1                 registered_drivers
220f2f9c 220f2f9c        4     4         ./ra/fsp/src/r_spi_b/r_spi_b.o:(.bss.r_spi_b_write_read_common.dummy_rx)
220f2f9c 220f2f9c        4     1                 r_spi_b_write_read_common.dummy_rx
220f2fa0 220f2fa0        4     4         ./ra/fsp/src/r_spi_b/r_spi_b.o:(.bss.r_spi_b_write_read_common.dummy_tx)
220f2fa0 220f2fa0        4     1                 r_spi_b_write_read_common.dummy_tx
220f2fa4 220f2fa4        4     4         ./ra/fsp/src/r_sdhi/r_sdhi.o:(.bss.g_sdhi_last_error_info2)
220f2fa4 220f2fa4        4     1                 g_sdhi_last_error_info2
220f2fa8 220f2fa8       54     4         ./ra/fsp/src/bsp/mcu/all/bsp_group_irq.o:(.bss.g_bsp_group_irq_sources)
220f2fa8 220f2fa8       54     1                 g_bsp_group_irq_sources
220f2ffc 220f2ffc        4     4         ./ra/fsp/src/bsp/mcu/all/bsp_io.o:(.bss.g_protect_pfswe_counter)
220f2ffc 220f2ffc        4     1                 g_protect_pfswe_counter
220f3000 220f3000       28     4         ./ra/fsp/src/bsp/mcu/all/bsp_irq.o:(.bss.gp_renesas_isr_context)
220f3000 220f3000       28     1                 gp_renesas_isr_context
220f3028 220f3028        a     2         ./ra/fsp/src/bsp/mcu/all/bsp_register_protection.o:(.bss.g_protect_counters)
220f3028 220f3028        a     1                 g_protect_counters
220f3034 220f3034        4     4         ./ra/fsp/src/bsp/mcu/all/bsp_sbrk.o:(.bss.sbrk.current_block_offset)
220f3034 220f3034        4     1                 sbrk.current_block_offset
220f3038 220f3038        4     4         ./ra/fsp/src/bsp/cmsis/Device/RENESAS/Source/system.o:(.bss.SystemCoreClock)
220f3038 220f3038        4     1                 SystemCoreClock
220f303c 220f303c        4     4         D:\Renesas\RA\e2studio_v2025-12_fsp_v6.4.0\toolchains\llvm_arm\ATfE-21.1.1-Windows-x86_64\bin\..\lib\clang-runtimes/arm-none-eabi/armv8.1m.main_hard_fpdp_nomve_exn_rtti_unaligned_size\lib\libc.a(nano-malloc.c.o):(.bss.__malloc_free_list)
220f303c 220f303c        4     1                 __malloc_free_list
220f3040 220f3040        8     4         D:\Renesas\RA\e2studio_v2025-12_fsp_v6.4.0\toolchains\llvm_arm\ATfE-21.1.1-Windows-x86_64\bin\..\lib\clang-runtimes/arm-none-eabi/armv8.1m.main_hard_fpdp_nomve_exn_rtti_unaligned_size\lib\libc.a(nano-malloc.c.o):(.bss..L_MergedGlobals)
220f3040 220f3040        4     1                 __malloc_sbrk_top
220f3044 220f3044        4     1                 __malloc_sbrk_start
220f3048 220f3048        1     1         D:\Renesas\RA\e2studio_v2025-12_fsp_v6.4.0\toolchains\llvm_arm\ATfE-21.1.1-Windows-x86_64\bin\..\lib\clang-runtimes/arm-none-eabi/armv8.1m.main_hard_fpdp_nomve_exn_rtti_unaligned_size\lib\libc.a(libc_misc_lock.c.o):(.bss.__lock___libc_recursive_mutex)
220f3048 220f3048        1     1                 __lock___libc_recursive_mutex
220f304c 220f304c        4     4         D:\Renesas\RA\e2studio_v2025-12_fsp_v6.4.0\toolchains\llvm_arm\ATfE-21.1.1-Windows-x86_64\bin\..\lib\clang-runtimes/arm-none-eabi/armv8.1m.main_hard_fpdp_nomve_exn_rtti_unaligned_size\lib\libc.a(libc_picolib_machine_arm_tls.c.o):(.bss.__tls)
220f304c 220f304c        4     1                 __tls
220f3050 220f3050        0     1         __ram_zero$$Limit = .
220f3050 220f3050        0     1 __ram_tdata$$
220f3050 220f3050        0     1         __ram_tdata$$Base = .
220f3050 220f3050        0     1         __ram_tdata$$Load = LOADADDR(__ram_tdata$$)
220f3050 220f3050        0     1         __ram_tdata$$Limit = .
220f3050 220f3050        4     4 __ram_tbss$$
220f3050 220f3050        0     1         __ram_tbss$$Base = .
220f3050 220f3050        4     4         D:\Renesas\RA\e2studio_v2025-12_fsp_v6.4.0\toolchains\llvm_arm\ATfE-21.1.1-Windows-x86_64\bin\..\lib\clang-runtimes/arm-none-eabi/armv8.1m.main_hard_fpdp_nomve_exn_rtti_unaligned_size\lib\libc.a(libc_errno_errno.c.o):(.tbss.errno)
       0        0        4     1                 errno
220f3054 220f3054        0     1         __ram_tbss$$Limit = .
220f3058 220f3058        0     1 __ram_thread_stack$$
220f3058 220f3058        0     1         __ram_thread_stack$$Base = .
220f3058 220f3058        0     1         __ram_thread_stack$$Limit = .
220f3200 220f3200        0     1 .ram.endof
220f3200 220f3200        0     1         __ddsc_RAM_END = .
220f3200 220f3200        0     1 .ram.flat_nsc
220f3200 220f3200        0     1         __ddsc_RAM_NSC = .
 20000d0  20000d0    6a0e2    16 __flash_readonly$$
 20000d0  20000d0        0     1         __flash_readonly$$Base = .
 20000d0  20000d0       72     8         ./src/fatfs/ff.o:(.text.f_mount)
 20000d0  20000d0        0     1                 $t
 20000d1  20000d1       72     1                 f_mount
 2000148  2000148       40     8         ./src/fatfs/ff.o:(.text.get_ldnumber)
 2000148  2000148        0     1                 $t
 2000149  2000149       40     1                 get_ldnumber
 2000188  2000188      270     8         ./src/fatfs/ff.o:(.text.mount_volume)
 2000188  2000188        0     1                 $t
 2000189  2000189      270     1                 mount_volume
 20003f8  20003f8      230     8         ./src/fatfs/ff.o:(.text.f_open)
 20003f8  20003f8        0     1                 $t
 20003f9  20003f9      230     1                 f_open
 2000618  2000618        0     1                 $d
 2000628  2000628      204     8         ./src/fatfs/ff.o:(.text.follow_path)
 2000628  2000628        0     1                 $t
 2000629  2000629      204     1                 follow_path
 2000830  2000830       74     8         ./src/fatfs/ff.o:(.text.dir_register)
 2000830  2000830        0     1                 $t
 2000831  2000831       74     1                 dir_register
 20008a8  20008a8       92     8         ./src/fatfs/ff.o:(.text.remove_chain)
 20008a8  20008a8        0     1                 $t
 20008a9  20008a9       92     1                 remove_chain
 200093a  200093a       3a     2         ./src/fatfs/ff.o:(.text.move_window)
 200093a  200093a        0     1                 $t
 200093b  200093b       3a     1                 move_window
 2000974  2000974       cc     2         ./src/fatfs/ff.o:(.text.get_fat)
 2000974  2000974        0     1                 $t
 2000975  2000975       cc     1                 get_fat
 2000a40  2000a40       30     2         ./src/fatfs/ff.o:(.text.validate)
 2000a40  2000a40        0     1                 $t
 2000a41  2000a41       30     1                 validate
 2000a70  2000a70      1ae     8         ./src/fatfs/ff.o:(.text.f_write)
 2000a70  2000a70        0     1                 $t
 2000a71  2000a71      1ae     1                 f_write
 2000c20  2000c20      12c     8         ./src/fatfs/ff.o:(.text.create_chain)
 2000c20  2000c20        0     1                 $t
 2000c21  2000c21      12c     1                 create_chain
 2000d50  2000d50       a8     8         ./src/fatfs/ff.o:(.text.f_sync)
 2000d50  2000d50        0     1                 $t
 2000d51  2000d51       a8     1                 f_sync
 2000de8  2000de8        0     1                 $d
 2000df8  2000df8       a8     8         ./src/fatfs/ff.o:(.text.sync_fs)
 2000df8  2000df8        0     1                 $t
 2000df9  2000df9       a8     1                 sync_fs
 2000e80  2000e80        0     1                 $d
 2000ea0  2000ea0       1e     2         ./src/fatfs/ff.o:(.text.f_close)
 2000ea0  2000ea0        0     1                 $t
 2000ea1  2000ea1       1e     1                 f_close
 2000ebe  2000ebe       78     2         ./src/fatfs/ff.o:(.text.f_opendir)
 2000ebe  2000ebe        0     1                 $t
 2000ebf  2000ebf       78     1                 f_opendir
 2000f38  2000f38       78     8         ./src/fatfs/ff.o:(.text.dir_sdi)
 2000f38  2000f38        0     1                 $t
 2000f39  2000f39       78     1                 dir_sdi
 2000fb0  2000fb0       16     2         ./src/fatfs/ff.o:(.text.f_closedir)
 2000fb0  2000fb0        0     1                 $t
 2000fb1  2000fb1       16     1                 f_closedir
 2000fc6  2000fc6       42     2         ./src/fatfs/ff.o:(.text.f_readdir)
 2000fc6  2000fc6        0     1                 $t
 2000fc7  2000fc7       42     1                 f_readdir
 2001008  2001008       5c     8         ./src/fatfs/ff.o:(.text.dir_read)
 2001008  2001008        0     1                 $t
 2001009  2001009       5c     1                 dir_read
 2001068  2001068       70     8         ./src/fatfs/ff.o:(.text.get_fileinfo)
 2001068  2001068        0     1                 $t
 2001069  2001069       70     1                 get_fileinfo
 20010d8  20010d8       e8     2         ./src/fatfs/ff.o:(.text.dir_next)
 20010d8  20010d8        0     1                 $t
 20010d9  20010d9       e8     1                 dir_next
 20011c0  20011c0      140     8         ./src/fatfs/ff.o:(.text.f_mkdir)
 20011c0  20011c0        0     1                 $t
 20011c1  20011c1      140     1                 f_mkdir
 20012f0  20012f0        0     1                 $d
 2001300  2001300       66     8         ./src/fatfs/ff.o:(.text.dir_clear)
 2001300  2001300        0     1                 $t
 2001301  2001301       66     1                 dir_clear
 2001366  2001366       b4     2         ./src/fatfs/ff.o:(.text.check_fs)
 2001366  2001366        0     1                 $t
 2001367  2001367       b4     1                 check_fs
 200141a  200141a      108     2         ./src/fatfs/ff.o:(.text.put_fat)
 200141a  200141a        0     1                 $t
 200141b  200141b      108     1                 put_fat
 2001522  2001522       44     2         ./src/fatfs/ff.o:(.text.sync_window)
 2001522  2001522        0     1                 $t
 2001523  2001523       44     1                 sync_window
 2001568  2001568       88     4         ./src/ai_model/compute_sub_0002.o:(.text.compute_sub_0002)
 2001568  2001568        0     1                 $t
 2001569  2001569       88     1                 compute_sub_0002
 20015e4  20015e4        0     1                 $d
 20015f0  20015f0       54     4         ./src/ai_model/compute_sub_0004.o:(.text.compute_sub_0004)
 20015f0  20015f0        0     1                 $t
 20015f1  20015f1       54     1                 compute_sub_0004
 2001638  2001638        0     1                 $d
 2001648  2001648       24     8         ./src/ai_model/kernel_library_int.o:(.text.AffineDequantizeInt8ToFloat)
 2001648  2001648        0     1                 $t
 2001649  2001649       24     1                 AffineDequantizeInt8ToFloat
 2001670  2001670       be     8         ./src/ai_model/kernel_library_int.o:(.text.UpsamplingNearestNeighbor)
 2001670  2001670        0     1                 $t
 2001671  2001671       be     1                 UpsamplingNearestNeighbor
 2001730  2001730       8c     4         ./src/ai_model/kernel_library_utils.o:(.text.GetNearestNeighbor)
 2001730  2001730        0     1                 $t
 2001731  2001731       8c     1                 GetNearestNeighbor
 20017b8  20017b8        0     1                 $d
 20017bc  20017bc        a     2         ./src/ai_model/model.o:(.text.GetModelInputQuantizedPtr_images)
 20017bc  20017bc        0     1                 $t
 20017bd  20017bd        a     1                 GetModelInputQuantizedPtr_images
 20017c6  20017c6        a     2         ./src/ai_model/model.o:(.text.GetModelOutputPtr_reg_s22_70462_70750)
 20017c6  20017c6        0     1                 $t
 20017c7  20017c7        a     1                 GetModelOutputPtr_reg_s22_70462_70750
 20017d0  20017d0        a     2         ./src/ai_model/model.o:(.text.GetModelOutputPtr_obj_s22_70463_70748)
 20017d0  20017d0        0     1                 $t
 20017d1  20017d1        a     1                 GetModelOutputPtr_obj_s22_70463_70748
 20017da  20017da        a     2         ./src/ai_model/model.o:(.text.GetModelOutputPtr_cls_s22_70464_70746)
 20017da  20017da        0     1                 $t
 20017db  20017db        a     1                 GetModelOutputPtr_cls_s22_70464_70746
 20017e4  20017e4        a     2         ./src/ai_model/model.o:(.text.GetModelOutputPtr_reg_s11_70465_70749)
 20017e4  20017e4        0     1                 $t
 20017e5  20017e5        a     1                 GetModelOutputPtr_reg_s11_70465_70749
 20017ee  20017ee        a     2         ./src/ai_model/model.o:(.text.GetModelOutputPtr_obj_s11_70466_70747)
 20017ee  20017ee        0     1                 $t
 20017ef  20017ef        a     1                 GetModelOutputPtr_obj_s11_70466_70747
 20017f8  20017f8        a     2         ./src/ai_model/model.o:(.text.GetModelOutputPtr_cls_s11_70467_70745)
 20017f8  20017f8        0     1                 $t
 20017f9  20017f9        a     1                 GetModelOutputPtr_cls_s11_70467_70745
 2001802  2001802      14a     2         ./src/ai_model/model.o:(.text.RunModelQuantized)
 2001802  2001802        0     1                 $t
 2001803  2001803      14a     1                 RunModelQuantized
 2001950  2001950       e0     8         ./src/ai_model/sub_0001_invoke.o:(.text.sub_0001_invoke)
 2001950  2001950        0     1                 $t
 2001951  2001951       e0     1                 sub_0001_invoke
 2001a20  2001a20        0     1                 $d
 2001a30  2001a30       c8     8         ./src/ai_model/sub_0003_invoke.o:(.text.sub_0003_invoke)
 2001a30  2001a30        0     1                 $t
 2001a31  2001a31       c8     1                 sub_0003_invoke
 2001ae8  2001ae8        0     1                 $d
 2001af8  2001af8       88     2         ./src/dataset_storage.o:(.text.dataset_storage_sdhi_callback)
 2001af8  2001af8        0     1                 $t
 2001af9  2001af9       88     1                 dataset_storage_sdhi_callback
 2001b80  2001b80      3b6     8         ./src/dataset_storage.o:(.text.dataset_storage_mount)
 2001b80  2001b80        0     1                 $t
 2001b81  2001b81      3b6     1                 dataset_storage_mount
 2001f36  2001f36       d2     2         ./src/dataset_storage.o:(.text.sd_media_error_detail)
 2001f36  2001f36        0     1                 $t
 2001f37  2001f37       d2     1                 sd_media_error_detail
 2002008  2002008       5e     2         ./src/dataset_storage.o:(.text.reset_sd_session)
 2002008  2002008        0     1                 $t
 2002009  2002009       5e     1                 reset_sd_session
 2002068  2002068       6c     8         ./src/dataset_storage.o:(.text.create_dataset_directories)
 2002068  2002068        0     1                 $t
 2002069  2002069       6c     1                 create_dataset_directories
 20020d8  20020d8      330     8         ./src/dataset_storage.o:(.text.dataset_storage_save_frame)
 20020d8  20020d8        0     1                 $t
 20020d9  20020d9      330     1                 dataset_storage_save_frame
 2002408  2002408        c     2         ./src/dataset_storage.o:(.text.dataset_storage_get_status)
 2002408  2002408        0     1                 $t
 2002409  2002409        c     1                 dataset_storage_get_status
 2002414  2002414       1c     2         ./src/dataset_storage.o:(.text.dataset_storage_get_saved_count)
 2002414  2002414        0     1                 $t
 2002415  2002415       1c     1                 dataset_storage_get_saved_count
 2002430  2002430        c     2         ./src/dataset_storage.o:(.text.dataset_storage_get_error_detail)
 2002430  2002430        0     1                 $t
 2002431  2002431        c     1                 dataset_storage_get_error_detail
 200243c  200243c       18     2         ./src/dataset_storage.o:(.text.disk_initialize)
 200243c  200243c        0     1                 $t
 200243d  200243d       18     1                 disk_initialize
 2002454  2002454       28     2         ./src/dataset_storage.o:(.text.disk_status)
 2002454  2002454        0     1                 $t
 2002455  2002455       28     1                 disk_status
 200247c  200247c       6c     2         ./src/dataset_storage.o:(.text.disk_read)
 200247c  200247c        0     1                 $t
 200247d  200247d       6c     1                 disk_read
 20024e8  20024e8       46     8         ./src/dataset_storage.o:(.text.sd_wait_for_transfer)
 20024e8  20024e8        0     1                 $t
 20024e9  20024e9       46     1                 sd_wait_for_transfer
 200252e  200252e       6c     2         ./src/dataset_storage.o:(.text.disk_write)
 200252e  200252e        0     1                 $t
 200252f  200252f       6c     1                 disk_write
 200259c  200259c       56     4         ./src/dataset_storage.o:(.text.disk_ioctl)
 200259c  200259c        0     1                 $t
 200259d  200259d       56     1                 disk_ioctl
 20025ba  20025ba        0     1                 $d
 20025be  20025be        0     1                 $t
 20025f2  20025f2       3a     2         ./src/dataset_storage.o:(.text.fat_write_exact)
 20025f2  20025f2        0     1                 $t
 20025f3  20025f3       3a     1                 fat_write_exact
 2002630  2002630       a2     8         ./src/dataset_storage.o:(.text.build_directory_path)
 2002630  2002630        0     1                 $t
 2002631  2002631       a2     1                 build_directory_path
 20026d2  20026d2       4e     2         ./src/hal_entry.o:(.text.dataset_storage_progress)
 20026d2  20026d2        0     1                 $t
 20026d3  20026d3       4e     1                 dataset_storage_progress
 2002720  2002720       26     2         ./src/hal_entry.o:(.text.g_ceu_callback)
 2002720  2002720        0     1                 $t
 2002721  2002721       26     1                 g_ceu_callback
 2002748  2002748      6ce     8         ./src/hal_entry.o:(.text.hal_entry)
 2002748  2002748        0     1                 $t
 2002749  2002749      6ce     1                 hal_entry
 2002bbc  2002bbc        0     1                 $d
 2002bd0  2002bd0        0     1                 $t
 2002e18  2002e18       84     8         ./src/hal_entry.o:(.text.draw_dataset_dashboard_now)
 2002e18  2002e18        0     1                 $t
 2002e19  2002e19       84     1                 draw_dataset_dashboard_now
 2002e9c  2002e9c       1a     2         ./src/hal_warmstart.o:(.text.R_BSP_WarmStart)
 2002e9c  2002e9c        0     1                 $t
 2002e9d  2002e9d       1a     1                 R_BSP_WarmStart
 2002eb6  2002eb6       1c     2         ./src/ili9488.o:(.text.spi_callback)
 2002eb6  2002eb6        0     1                 $t
 2002eb7  2002eb7       1c     1                 spi_callback
 2002ed8  2002ed8      d8a     8         ./src/ili9488.o:(.text.ili9488_init)
 2002ed8  2002ed8        0     1                 $t
 2002ed9  2002ed9      d8a     1                 ili9488_init
 2003c68  2003c68       96     8         ./src/ili9488.o:(.text.ili9488_fill_color)
 2003c68  2003c68        0     1                 $t
 2003c69  2003c69       96     1                 ili9488_fill_color
 2003cfe  2003cfe      1ca     2         ./src/ili9488.o:(.text.ili9488_set_window)
 2003cfe  2003cfe        0     1                 $t
 2003cff  2003cff      1ca     1                 ili9488_set_window
 2003ec8  2003ec8       a8     8         ./src/ili9488.o:(.text.spi_write_bytes)
 2003ec8  2003ec8        0     1                 $t
 2003ec9  2003ec9       a8     1                 spi_write_bytes
 2003f70  2003f70       ce     8         ./src/ili9488.o:(.text.ili9488_display_qvga_2x)
 2003f70  2003f70        0     1                 $t
 2003f71  2003f71       ce     1                 ili9488_display_qvga_2x
 2004040  2004040       c6     8         ./src/ili9488.o:(.text.ili9488_fill_rect)
 2004040  2004040        0     1                 $t
 2004041  2004041       c6     1                 ili9488_fill_rect
 2004108  2004108     12a8     8         ./src/ili9488.o:(.text.ili9488_draw_dashboard)
 2004108  2004108        0     1                 $t
 2004109  2004109     12a8     1                 ili9488_draw_dashboard
 20053b0  20053b0      298     8         ./src/ili9488.o:(.text.ili9488_draw_controls)
 20053b0  20053b0        0     1                 $t
 20053b1  20053b1      298     1                 ili9488_draw_controls
 2005648  2005648      380     8         ./src/ili9488.o:(.text.ili9488_draw_dataset_controls)
 2005648  2005648        0     1                 $t
 2005649  2005649      380     1                 ili9488_draw_dataset_controls
 20059c8  20059c8       3a     2         ./src/ili9488.o:(.text.spi_recover)
 20059c8  20059c8        0     1                 $t
 20059c9  20059c9       3a     1                 spi_recover
 2005a02  2005a02       2e     2         ./src/ili9488.o:(.text.dashboard_append_i32)
 2005a02  2005a02        0     1                 $t
 2005a03  2005a03       2e     1                 dashboard_append_i32
 2005a30  2005a30       76     8         ./src/ili9488.o:(.text.dashboard_append_u32)
 2005a30  2005a30        0     1                 $t
 2005a31  2005a31       76     1                 dashboard_append_u32
 2005aa6  2005aa6       5e     2         ./src/machine_control.o:(.text.machine_servo_set)
 2005aa6  2005aa6        0     1                 $t
 2005aa7  2005aa7       5e     1                 machine_servo_set
 2005b04  2005b04       3a     2         ./src/machine_control.o:(.text.all_servos_stop)
 2005b04  2005b04        0     1                 $t
 2005b05  2005b05       3a     1                 all_servos_stop
 2005b3e  2005b3e       2e     2         ./src/machine_control.o:(.text.machine_stepper_stop)
 2005b3e  2005b3e        0     1                 $t
 2005b3f  2005b3f       2e     1                 machine_stepper_stop
 2005b6c  2005b6c       7e     2         ./src/machine_control.o:(.text.machine_stepper_run)
 2005b6c  2005b6c        0     1                 $t
 2005b6d  2005b6d       7e     1                 machine_stepper_run
 2005bea  2005bea      126     2         ./src/machine_control.o:(.text.machine_control_init)
 2005bea  2005bea        0     1                 $t
 2005beb  2005beb      126     1                 machine_control_init
 2005d10  2005d10       7e     2         ./src/machine_control.o:(.text.machine_control_set_mode)
 2005d10  2005d10        0     1                 $t
 2005d11  2005d11       7e     1                 machine_control_set_mode
 2005d8e  2005d8e        e     2         ./src/machine_control.o:(.text.machine_control_set_weight)
 2005d8e  2005d8e        0     1                 $t
 2005d8f  2005d8f        e     1                 machine_control_set_weight
 2005d9c  2005d9c      49c     4         ./src/machine_control.o:(.text.machine_control_process)
 2005d9c  2005d9c        0     1                 $t
 2005d9d  2005d9d      49c     1                 machine_control_process
 2005dce  2005dce        0     1                 $d
 2005dde  2005dde        0     1                 $t
 20061c4  20061c4        0     1                 $d
 20061c8  20061c8        0     1                 $t
 2006234  2006234        0     1                 $d
 2006238  2006238       70     2         ./src/machine_control.o:(.text.sorting_servo_start)
 2006238  2006238        0     1                 $t
 2006239  2006239       70     1                 sorting_servo_start
 20062a8  20062a8       5a     2         ./src/machine_control.o:(.text.machine_control_get_status)
 20062a8  20062a8        0     1                 $t
 20062a9  20062a9       5a     1                 machine_control_get_status
 2006308  2006308      15e     8         ./src/ov5640.o:(.text.ov5640_init)
 2006308  2006308        0     1                 $t
 2006309  2006309      15e     1                 ov5640_init
 2006468  2006468       58     8         ./src/ov5640.o:(.text.sccb_bus_recover)
 2006468  2006468        0     1                 $t
 2006469  2006469       58     1                 sccb_bus_recover
 20064c0  20064c0       46     2         ./src/ov5640.o:(.text.ov5640_read_reg)
 20064c0  20064c0        0     1                 $t
 20064c1  20064c1       46     1                 ov5640_read_reg
 2006506  2006506       36     2         ./src/ov5640.o:(.text.ov5640_write_reg)
 2006506  2006506        0     1                 $t
 2006507  2006507       36     1                 ov5640_write_reg
 200653c  200653c       34     2         ./src/ov5640.o:(.text.sccb_stop)
 200653c  200653c        0     1                 $t
 200653d  200653d       34     1                 sccb_stop
 2006570  2006570       3a     2         ./src/ov5640.o:(.text.sccb_start)
 2006570  2006570        0     1                 $t
 2006571  2006571       3a     1                 sccb_start
 20065b0  20065b0       76     8         ./src/ov5640.o:(.text.sccb_send_byte)
 20065b0  20065b0        0     1                 $t
 20065b1  20065b1       76     1                 sccb_send_byte
 2006628  2006628       70     8         ./src/ov5640.o:(.text.sccb_read_byte)
 2006628  2006628        0     1                 $t
 2006629  2006629       70     1                 sccb_read_byte
 2006698  2006698       c4     4         ./src/platform_services.o:(.text.platform_services_ipc_callback)
 2006698  2006698        0     1                 $t
 2006699  2006699       c4     1                 platform_services_ipc_callback
 20066b4  20066b4        0     1                 $d
 20066ba  20066ba        0     1                 $t
 200675c  200675c       b8     2         ./src/platform_services.o:(.text.platform_services_init)
 200675c  200675c        0     1                 $t
 200675d  200675d       b8     1                 platform_services_init
 2006814  2006814       60     2         ./src/platform_services.o:(.text.platform_services_poll)
 2006814  2006814        0     1                 $t
 2006815  2006815       60     1                 platform_services_poll
 2006878  2006878       5a     8         ./src/platform_services.o:(.text.platform_services_touch_read)
 2006878  2006878        0     1                 $t
 2006879  2006879       5a     1                 platform_services_touch_read
 20068d2  20068d2       36     2         ./src/platform_services.o:(.text.platform_services_weight_get)
 20068d2  20068d2        0     1                 $t
 20068d3  20068d3       36     1                 platform_services_weight_get
 2006908  2006908       16     2         ./src/platform_services.o:(.text.platform_services_health_get)
 2006908  2006908        0     1                 $t
 2006909  2006909       16     1                 platform_services_health_get
 200691e  200691e       52     2         ./src/platform_services.o:(.text.platform_services_m85_heartbeat)
 200691e  200691e        0     1                 $t
 200691f  200691f       52     1                 platform_services_m85_heartbeat
 2006970  2006970       14     2         ./src/yolo_detector.o:(.text.yolo_detector_open)
 2006970  2006970        0     1                 $t
 2006971  2006971       14     1                 yolo_detector_open
 2006988  2006988      3a8     8         ./src/yolo_detector.o:(.text.yolo_detector_infer)
 2006988  2006988        0     1                 $t
 2006989  2006989      3a8     1                 yolo_detector_infer
 2006d20  2006d20        0     1                 $d
 2006d30  2006d30      444     8         ./src/yolo_detector.o:(.text.decode_scale)
 2006d30  2006d30        0     1                 $t
 2006d31  2006d31      444     1                 decode_scale
 20070b0  20070b0        0     1                 $d
 20070c8  20070c8        0     1                 $t
 2007170  2007170        0     1                 $d
 2007174  2007174       9c     4         ./src/yolo_detector.o:(.text.intersection_over_union)
 2007174  2007174        0     1                 $t
 2007175  2007175       9c     1                 intersection_over_union
 200720c  200720c        0     1                 $d
 2007210  2007210      2f8     8         ./src/yolo_detector.o:(.text.yolo_detector_draw_latest)
 2007210  2007210        0     1                 $t
 2007211  2007211      2f8     1                 yolo_detector_draw_latest
 2007504  2007504        0     1                 $d
 2007508  2007508       8a     8         ./src/yolo_detector.o:(.text.yolo_detector_get_best)
 2007508  2007508        0     1                 $t
 2007509  2007509       8a     1                 yolo_detector_get_best
 2007598  2007598       d8     8         ./src/yolo_detector.o:(.text.draw_text)
 2007598  2007598        0     1                 $t
 2007599  2007599       d8     1                 draw_text
 2007670  2007670        6     2         ./ra_gen/hal_data.o:(.text.g_sdmmc0_dmac_callback)
 2007670  2007670        0     1                 $t
 2007671  2007671        6     1                 g_sdmmc0_dmac_callback
 2007676  2007676        a     2         ./ra_gen/main.o:(.text.main)
 2007676  2007676        0     1                 $t
 2007677  2007677        a     1                 main
 2007680  2007680        2     2         ./ra/npu/ethos-u-core-driver/src/ethosu_device_u55_u65.o:(.text.ethosu_address_remap)
 2007680  2007680        0     1                 $t
 2007681  2007681        2     1                 ethosu_address_remap
 2007682  2007682       22     2         ./ra/npu/ethos-u-core-driver/src/ethosu_device_u55_u65.o:(.text.ethosu_dev_init)
 2007682  2007682        0     1                 $t
 2007683  2007683       22     1                 ethosu_dev_init
 20076a8  20076a8       88     8         ./ra/npu/ethos-u-core-driver/src/ethosu_device_u55_u65.o:(.text.ethosu_dev_soft_reset)
 20076a8  20076a8        0     1                 $t
 20076a9  20076a9       88     1                 ethosu_dev_soft_reset
 2007730  2007730       bc     8         ./ra/npu/ethos-u-core-driver/src/ethosu_device_u55_u65.o:(.text.ethosu_dev_run_command_stream)
 2007730  2007730        0     1                 $t
 2007731  2007731       bc     1                 ethosu_dev_run_command_stream
 20077ec  20077ec        2     2         ./ra/npu/ethos-u-core-driver/src/ethosu_device_u55_u65.o:(.text.ethosu_dev_print_err_status)
 20077ec  20077ec        0     1                 $t
 20077ed  20077ed        2     1                 ethosu_dev_print_err_status
 20077ee  20077ee       36     2         ./ra/npu/ethos-u-core-driver/src/ethosu_device_u55_u65.o:(.text.ethosu_dev_handle_interrupt)
 20077ee  20077ee        0     1                 $t
 20077ef  20077ef       36     1                 ethosu_dev_handle_interrupt
 2007824  2007824       32     2         ./ra/npu/ethos-u-core-driver/src/ethosu_device_u55_u65.o:(.text.ethosu_dev_set_clock_and_power)
 2007824  2007824        0     1                 $t
 2007825  2007825       32     1                 ethosu_dev_set_clock_and_power
 2007856  2007856       52     2         ./ra/npu/ethos-u-core-driver/src/ethosu_device_u55_u65.o:(.text.ethosu_dev_verify_optimizer_config)
 2007856  2007856        0     1                 $t
 2007857  2007857       52     1                 ethosu_dev_verify_optimizer_config
 20078a8  20078a8        a     2         ./ra/npu/ethos-u-core-driver/src/ethosu_driver.o:(.text.ethosu_mutex_create)
 20078a8  20078a8        0     1                 $t
 20078a9  20078a9        a     1                 ethosu_mutex_create
 20078b2  20078b2        4     2         ./ra/npu/ethos-u-core-driver/src/ethosu_driver.o:(.text.ethosu_mutex_lock)
 20078b2  20078b2        0     1                 $t
 20078b3  20078b3        4     1                 ethosu_mutex_lock
 20078b6  20078b6        4     2         ./ra/npu/ethos-u-core-driver/src/ethosu_driver.o:(.text.ethosu_mutex_unlock)
 20078b6  20078b6        0     1                 $t
 20078b7  20078b7        4     1                 ethosu_mutex_unlock
 20078ba  20078ba       10     2         ./ra/npu/ethos-u-core-driver/src/ethosu_driver.o:(.text.ethosu_semaphore_create)
 20078ba  20078ba        0     1                 $t
 20078bb  20078bb       10     1                 ethosu_semaphore_create
 20078d0  20078d0       18     8         ./ra/npu/ethos-u-core-driver/src/ethosu_driver.o:(.text.ethosu_semaphore_take)
 20078d0  20078d0        0     1                 $t
 20078d1  20078d1       18     1                 ethosu_semaphore_take
 20078e8  20078e8        c     2         ./ra/npu/ethos-u-core-driver/src/ethosu_driver.o:(.text.ethosu_semaphore_give)
 20078e8  20078e8        0     1                 $t
 20078e9  20078e9        c     1                 ethosu_semaphore_give
 20078f4  20078f4        2     2         ./ra/npu/ethos-u-core-driver/src/ethosu_driver.o:(.text.ethosu_inference_begin)
 20078f4  20078f4        0     1                 $t
 20078f5  20078f5        2     1                 ethosu_inference_begin
 20078f6  20078f6        2     2         ./ra/npu/ethos-u-core-driver/src/ethosu_driver.o:(.text.ethosu_inference_end)
 20078f6  20078f6        0     1                 $t
 20078f7  20078f7        2     1                 ethosu_inference_end
 20078f8  20078f8       28     2         ./ra/npu/ethos-u-core-driver/src/ethosu_driver.o:(.text.ethosu_irq_handler)
 20078f8  20078f8        0     1                 $t
 20078f9  20078f9       28     1                 ethosu_irq_handler
 2007920  2007920       a6     2         ./ra/npu/ethos-u-core-driver/src/ethosu_driver.o:(.text.ethosu_init)
 2007920  2007920        0     1                 $t
 2007921  2007921       a6     1                 ethosu_init
 20079c6  20079c6       24     2         ./ra/npu/ethos-u-core-driver/src/ethosu_driver.o:(.text.ethosu_soft_reset)
 20079c6  20079c6        0     1                 $t
 20079c7  20079c7       24     1                 ethosu_soft_reset
 20079ea  20079ea       2a     2         ./ra/npu/ethos-u-core-driver/src/ethosu_driver.o:(.text.ethosu_request_power)
 20079ea  20079ea        0     1                 $t
 20079eb  20079eb       2a     1                 ethosu_request_power
 2007a18  2007a18       c8     8         ./ra/npu/ethos-u-core-driver/src/ethosu_driver.o:(.text.ethosu_wait)
 2007a18  2007a18        0     1                 $t
 2007a19  2007a19       c8     1                 ethosu_wait
 2007ae0  2007ae0      1a2     8         ./ra/npu/ethos-u-core-driver/src/ethosu_driver.o:(.text.ethosu_invoke_async)
 2007ae0  2007ae0        0     1                 $t
 2007ae1  2007ae1      1a2     1                 ethosu_invoke_async
 2007c82  2007c82       2e     2         ./ra/npu/ethos-u-core-driver/src/ethosu_driver.o:(.text.ethosu_invoke_v3)
 2007c82  2007c82        0     1                 $t
 2007c83  2007c83       2e     1                 ethosu_invoke_v3
 2007cb0  2007cb0       d8     2         ./ra/fsp/src/rm_ethosu/rm_ethosu.o:(.text.RM_ETHOSU_Open)
 2007cb0  2007cb0        0     1                 $t
 2007cb1  2007cb1       d8     1                 RM_ETHOSU_Open
 2007d88  2007d88       62     2         ./ra/fsp/src/rm_ethosu/rm_ethosu.o:(.text.rm_ethosu_isr)
 2007d88  2007d88        0     1                 $t
 2007d89  2007d89       62     1                 rm_ethosu_isr
 2007dea  2007dea        2     2         ./ra/fsp/src/rm_ethosu/rm_ethosu.o:(.text.ethosu_flush_dcache)
 2007dea  2007dea        0     1                 $t
 2007deb  2007deb        2     1                 ethosu_flush_dcache
 2007dec  2007dec        2     2         ./ra/fsp/src/rm_ethosu/rm_ethosu.o:(.text.ethosu_invalidate_dcache)
 2007dec  2007dec        0     1                 $t
 2007ded  2007ded        2     1                 ethosu_invalidate_dcache
 2007dee  2007dee      314     2         ./ra/fsp/src/r_spi_b/r_spi_b.o:(.text.R_SPI_B_Open)
 2007dee  2007dee        0     1                 $t
 2007def  2007def      314     1                 R_SPI_B_Open
 2008102  2008102       16     2         ./ra/fsp/src/r_spi_b/r_spi_b.o:(.text.R_SPI_B_Read)
 2008102  2008102        0     1                 $t
 2008103  2008103       16     1                 R_SPI_B_Read
 2008118  2008118       14     2         ./ra/fsp/src/r_spi_b/r_spi_b.o:(.text.R_SPI_B_Write)
 2008118  2008118        0     1                 $t
 2008119  2008119       14     1                 R_SPI_B_Write
 200812c  200812c        c     2         ./ra/fsp/src/r_spi_b/r_spi_b.o:(.text.R_SPI_B_WriteRead)
 200812c  200812c        0     1                 $t
 200812d  200812d        c     1                 R_SPI_B_WriteRead
 2008138  2008138        c     2         ./ra/fsp/src/r_spi_b/r_spi_b.o:(.text.R_SPI_B_CallbackSet)
 2008138  2008138        0     1                 $t
 2008139  2008139        c     1                 R_SPI_B_CallbackSet
 2008144  2008144       e8     2         ./ra/fsp/src/r_spi_b/r_spi_b.o:(.text.R_SPI_B_Close)
 2008144  2008144        0     1                 $t
 2008145  2008145       e8     1                 R_SPI_B_Close
 200822c  200822c      140     2         ./ra/fsp/src/r_spi_b/r_spi_b.o:(.text.r_spi_b_write_read_common)
 200822c  200822c        0     1                 $t
 200822d  200822d      140     1                 r_spi_b_write_read_common
 200836c  200836c       96     2         ./ra/fsp/src/r_spi_b/r_spi_b.o:(.text.spi_b_rxi_isr)
 200836c  200836c        0     1                 $t
 200836d  200836d       96     1                 spi_b_rxi_isr
 2008402  2008402       a6     2         ./ra/fsp/src/r_spi_b/r_spi_b.o:(.text.spi_b_txi_isr)
 2008402  2008402        0     1                 $t
 2008403  2008403       a6     1                 spi_b_txi_isr
 20084a8  20084a8       6e     2         ./ra/fsp/src/r_spi_b/r_spi_b.o:(.text.r_spi_b_transmit)
 20084a8  20084a8        0     1                 $t
 20084a9  20084a9       6e     1                 r_spi_b_transmit
 2008516  2008516       e0     2         ./ra/fsp/src/r_spi_b/r_spi_b.o:(.text.spi_b_tei_isr)
 2008516  2008516        0     1                 $t
 2008517  2008517       e0     1                 spi_b_tei_isr
 20085f6  20085f6       3e     2         ./ra/fsp/src/r_spi_b/r_spi_b.o:(.text.r_spi_b_call_callback)
 20085f6  20085f6        0     1                 $t
 20085f7  20085f7       3e     1                 r_spi_b_call_callback
 2008634  2008634       e2     2         ./ra/fsp/src/r_spi_b/r_spi_b.o:(.text.spi_b_eri_isr)
 2008634  2008634        0     1                 $t
 2008635  2008635       e2     1                 spi_b_eri_isr
 2008716  2008716      156     2         ./ra/fsp/src/r_sdhi/r_sdhi.o:(.text.R_SDHI_Open)
 2008716  2008716        0     1                 $t
 2008717  2008717      156     1                 R_SDHI_Open
 2008870  2008870      2d2     8         ./ra/fsp/src/r_sdhi/r_sdhi.o:(.text.R_SDHI_MediaInit)
 2008870  2008870        0     1                 $t
 2008871  2008871      2d2     1                 R_SDHI_MediaInit
 2008b42  2008b42       78     2         ./ra/fsp/src/r_sdhi/r_sdhi.o:(.text.R_SDHI_Read)
 2008b42  2008b42        0     1                 $t
 2008b43  2008b43       78     1                 R_SDHI_Read
 2008bba  2008bba       f4     2         ./ra/fsp/src/r_sdhi/r_sdhi.o:(.text.R_SDHI_Write)
 2008bba  2008bba        0     1                 $t
 2008bbb  2008bbb       f4     1                 R_SDHI_Write
 2008cae  2008cae        4     2         ./ra/fsp/src/r_sdhi/r_sdhi.o:(.text.R_SDHI_ReadIo)
 2008cae  2008cae        0     1                 $t
 2008caf  2008caf        4     1                 R_SDHI_ReadIo
 2008cb2  2008cb2        4     2         ./ra/fsp/src/r_sdhi/r_sdhi.o:(.text.R_SDHI_WriteIo)
 2008cb2  2008cb2        0     1                 $t
 2008cb3  2008cb3        4     1                 R_SDHI_WriteIo
 2008cb6  2008cb6        4     2         ./ra/fsp/src/r_sdhi/r_sdhi.o:(.text.R_SDHI_ReadIoExt)
 2008cb6  2008cb6        0     1                 $t
 2008cb7  2008cb7        4     1                 R_SDHI_ReadIoExt
 2008cba  2008cba        4     2         ./ra/fsp/src/r_sdhi/r_sdhi.o:(.text.R_SDHI_WriteIoExt)
 2008cba  2008cba        0     1                 $t
 2008cbb  2008cbb        4     1                 R_SDHI_WriteIoExt
 2008cbe  2008cbe        4     2         ./ra/fsp/src/r_sdhi/r_sdhi.o:(.text.R_SDHI_IoIntEnable)
 2008cbe  2008cbe        0     1                 $t
 2008cbf  2008cbf        4     1                 R_SDHI_IoIntEnable
 2008cc2  2008cc2       2e     2         ./ra/fsp/src/r_sdhi/r_sdhi.o:(.text.R_SDHI_StatusGet)
 2008cc2  2008cc2        0     1                 $t
 2008cc3  2008cc3       2e     1                 R_SDHI_StatusGet
 2008cf0  2008cf0       a8     2         ./ra/fsp/src/r_sdhi/r_sdhi.o:(.text.R_SDHI_Erase)
 2008cf0  2008cf0        0     1                 $t
 2008cf1  2008cf1       a8     1                 R_SDHI_Erase
 2008d98  2008d98        e     2         ./ra/fsp/src/r_sdhi/r_sdhi.o:(.text.R_SDHI_CallbackSet)
 2008d98  2008d98        0     1                 $t
 2008d99  2008d99        e     1                 R_SDHI_CallbackSet
 2008da6  2008da6       b6     2         ./ra/fsp/src/r_sdhi/r_sdhi.o:(.text.R_SDHI_Close)
 2008da6  2008da6        0     1                 $t
 2008da7  2008da7       b6     1                 R_SDHI_Close
 2008e5c  2008e5c       5c     2         ./ra/fsp/src/r_sdhi/r_sdhi.o:(.text.r_sdhi_irq_enable)
 2008e5c  2008e5c        0     1                 $t
 2008e5d  2008e5d       5c     1                 r_sdhi_irq_enable
 2008eb8  2008eb8       86     2         ./ra/fsp/src/r_sdhi/r_sdhi.o:(.text.r_sdhi_transfer_read)
 2008eb8  2008eb8        0     1                 $t
 2008eb9  2008eb9       86     1                 r_sdhi_transfer_read
 2008f40  2008f40       a8     8         ./ra/fsp/src/r_sdhi/r_sdhi.o:(.text.r_sdhi_command_send)
 2008f40  2008f40        0     1                 $t
 2008f41  2008f41       a8     1                 r_sdhi_command_send
 2008fe8  2008fe8       68     2         ./ra/fsp/src/r_sdhi/r_sdhi.o:(.text.r_sdhi_command_send_no_wait)
 2008fe8  2008fe8        0     1                 $t
 2008fe9  2008fe9       68     1                 r_sdhi_command_send_no_wait
 2009050  2009050       96     2         ./ra/fsp/src/r_sdhi/r_sdhi.o:(.text.r_sdhi_transfer_callback)
 2009050  2009050        0     1                 $t
 2009051  2009051       96     1                 r_sdhi_transfer_callback
 20090e6  20090e6       4a     2         ./ra/fsp/src/r_sdhi/r_sdhi.o:(.text.r_sdhi_call_callback)
 20090e6  20090e6        0     1                 $t
 20090e7  20090e7       4a     1                 r_sdhi_call_callback
 2009130  2009130      158     2         ./ra/fsp/src/r_sdhi/r_sdhi.o:(.text.sdhimmc_accs_isr)
 2009130  2009130        0     1                 $t
 2009131  2009131      158     1                 sdhimmc_accs_isr
 2009288  2009288       7c     2         ./ra/fsp/src/r_sdhi/r_sdhi.o:(.text.sdhimmc_card_isr)
 2009288  2009288        0     1                 $t
 2009289  2009289       7c     1                 sdhimmc_card_isr
 2009308  2009308       4c     8         ./ra/fsp/src/r_sdhi/r_sdhi.o:(.text.r_sdhi_wait_for_event)
 2009308  2009308        0     1                 $t
 2009309  2009309       4c     1                 r_sdhi_wait_for_event
 2009358  2009358       d2     8         ./ra/fsp/src/r_sdhi/r_sdhi.o:(.text.r_sdhi_max_clock_rate_set)
 2009358  2009358        0     1                 $t
 2009359  2009359       d2     1                 r_sdhi_max_clock_rate_set
 200942a  200942a       44     2         ./ra/fsp/src/r_sdhi/r_sdhi.o:(.text.r_sdhi_bus_width_set)
 200942a  200942a        0     1                 $t
 200942b  200942b       44     1                 r_sdhi_bus_width_set
 200946e  200946e       98     2         ./ra/fsp/src/r_ipc/r_ipc.o:(.text.R_IPC_Open)
 200946e  200946e        0     1                 $t
 200946f  200946f       98     1                 R_IPC_Open
 2009506  2009506       12     2         ./ra/fsp/src/r_ipc/r_ipc.o:(.text.R_IPC_MessageSend)
 2009506  2009506        0     1                 $t
 2009507  2009507       12     1                 R_IPC_MessageSend
 2009518  2009518        8     2         ./ra/fsp/src/r_ipc/r_ipc.o:(.text.R_IPC_EventGenerate)
 2009518  2009518        0     1                 $t
 2009519  2009519        8     1                 R_IPC_EventGenerate
 2009520  2009520        c     2         ./ra/fsp/src/r_ipc/r_ipc.o:(.text.R_IPC_CallbackSet)
 2009520  2009520        0     1                 $t
 2009521  2009521        c     1                 R_IPC_CallbackSet
 200952c  200952c       34     2         ./ra/fsp/src/r_ipc/r_ipc.o:(.text.R_IPC_Close)
 200952c  200952c        0     1                 $t
 200952d  200952d       34     1                 R_IPC_Close
 2009560  2009560       54     2         ./ra/fsp/src/r_ipc/r_ipc.o:(.text.ipc_isr)
 2009560  2009560        0     1                 $t
 2009561  2009561       54     1                 ipc_isr
 20095b4  20095b4       4e     2         ./ra/fsp/src/r_ipc/r_ipc.o:(.text.r_ipc_call_callback)
 20095b4  20095b4        0     1                 $t
 20095b5  20095b5       4e     1                 r_ipc_call_callback
 2009602  2009602       16     2         ./ra/fsp/src/r_ioport/r_ioport.o:(.text.R_IOPORT_Open)
 2009602  2009602        0     1                 $t
 2009603  2009603       16     1                 R_IOPORT_Open
 2009618  2009618       22     2         ./ra/fsp/src/r_ioport/r_ioport.o:(.text.R_IOPORT_PinRead)
 2009618  2009618        0     1                 $t
 2009619  2009619       22     1                 R_IOPORT_PinRead
 200963a  200963a       32     2         ./ra/fsp/src/r_ioport/r_ioport.o:(.text.R_IOPORT_PinWrite)
 200963a  200963a        0     1                 $t
 200963b  200963b       32     1                 R_IOPORT_PinWrite
 2009670  2009670       c4     8         ./ra/fsp/src/r_ioport/r_ioport.o:(.text.r_ioport_pins_config)
 2009670  2009670        0     1                 $t
 2009671  2009671       c4     1                 r_ioport_pins_config
 2009738  2009738       e0     8         ./ra/fsp/src/r_ioport/r_ioport.o:(.text.bsp_vbatt_init)
 2009738  2009738        0     1                 $t
 2009739  2009739       e0     1                 bsp_vbatt_init
 2009818  2009818      4c8     8         ./ra/fsp/src/r_gpt/r_gpt.o:(.text.R_GPT_Open)
 2009818  2009818        0     1                 $t
 2009819  2009819      4c8     1                 R_GPT_Open
[...]
__itcm_from_ospi1_cs1$$Base                       fsp_gen.lld:228
                                                  ./ra/fsp/src/bsp/mcu/ra8p1/bsp_linker.o
__itcm_from_ospi1_cs1$$Limit                      fsp_gen.lld:233
                                                  ./ra/fsp/src/bsp/mcu/ra8p1/bsp_linker.o
__itcm_from_ospi1_cs1$$Load                       fsp_gen.lld:228
                                                  ./ra/fsp/src/bsp/mcu/ra8p1/bsp_linker.o
__itcm_from_data_flash$$Base                      fsp_gen.lld:328
                                                  ./ra/fsp/src/bsp/mcu/ra8p1/bsp_linker.o
__itcm_from_data_flash$$Limit                     fsp_gen.lld:333
                                                  ./ra/fsp/src/bsp/mcu/ra8p1/bsp_linker.o
__itcm_from_data_flash$$Load                      fsp_gen.lld:328
                                                  ./ra/fsp/src/bsp/mcu/ra8p1/bsp_linker.o
__itcm_from_flash$$Base                           fsp_gen.lld:557
                                                  ./ra/fsp/src/bsp/mcu/ra8p1/bsp_linker.o
__itcm_from_flash$$Limit                          fsp_gen.lld:562
                                                  ./ra/fsp/src/bsp/mcu/ra8p1/bsp_linker.o
__itcm_from_flash$$Load                           fsp_gen.lld:557
                                                  ./ra/fsp/src/bsp/mcu/ra8p1/bsp_linker.o
__dtcm_from_ospi0_cs1$$Base                       fsp_gen.lld:129
                                                  ./ra/fsp/src/bsp/mcu/ra8p1/bsp_linker.o
__dtcm_from_ospi0_cs1$$Limit                      fsp_gen.lld:134
                                                  ./ra/fsp/src/bsp/mcu/ra8p1/bsp_linker.o
__dtcm_from_ospi0_cs1$$Load                       fsp_gen.lld:129
                                                  ./ra/fsp/src/bsp/mcu/ra8p1/bsp_linker.o
__dtcm_from_ospi1_cs1$$Base                       fsp_gen.lld:240
                                                  ./ra/fsp/src/bsp/mcu/ra8p1/bsp_linker.o
__dtcm_from_ospi1_cs1$$Limit                      fsp_gen.lld:245
                                                  ./ra/fsp/src/bsp/mcu/ra8p1/bsp_linker.o
__dtcm_from_ospi1_cs1$$Load                       fsp_gen.lld:240
                                                  ./ra/fsp/src/bsp/mcu/ra8p1/bsp_linker.o
__dtcm_from_data_flash$$Base                      fsp_gen.lld:340
                                                  ./ra/fsp/src/bsp/mcu/ra8p1/bsp_linker.o
__dtcm_from_data_flash$$Limit                     fsp_gen.lld:345
                                                  ./ra/fsp/src/bsp/mcu/ra8p1/bsp_linker.o
__dtcm_from_data_flash$$Load                      fsp_gen.lld:340
                                                  ./ra/fsp/src/bsp/mcu/ra8p1/bsp_linker.o
__dtcm_from_flash$$Base                           fsp_gen.lld:590
                                                  ./ra/fsp/src/bsp/mcu/ra8p1/bsp_linker.o
__dtcm_from_flash$$Limit                          fsp_gen.lld:595
                                                  ./ra/fsp/src/bsp/mcu/ra8p1/bsp_linker.o
__dtcm_from_flash$$Load                           fsp_gen.lld:590
                                                  ./ra/fsp/src/bsp/mcu/ra8p1/bsp_linker.o
__ram_from_ospi0_cs1$$Base                        fsp_gen.lld:152
                                                  ./ra/fsp/src/bsp/mcu/ra8p1/bsp_linker.o
__ram_from_ospi0_cs1$$Limit                       fsp_gen.lld:157
                                                  ./ra/fsp/src/bsp/mcu/ra8p1/bsp_linker.o
__ram_from_ospi0_cs1$$Load                        fsp_gen.lld:152
                                                  ./ra/fsp/src/bsp/mcu/ra8p1/bsp_linker.o
__ram_from_ospi1_cs1$$Base                        fsp_gen.lld:252
                                                  ./ra/fsp/src/bsp/mcu/ra8p1/bsp_linker.o
__ram_from_ospi1_cs1$$Limit                       fsp_gen.lld:257
                                                  ./ra/fsp/src/bsp/mcu/ra8p1/bsp_linker.o
__ram_from_ospi1_cs1$$Load                        fsp_gen.lld:252
                                                  ./ra/fsp/src/bsp/mcu/ra8p1/bsp_linker.o
__ram_from_data_flash$$Base                       fsp_gen.lld:352
                                                  ./ra/fsp/src/bsp/mcu/ra8p1/bsp_linker.o
__ram_from_data_flash$$Limit                      fsp_gen.lld:357
                                                  ./ra/fsp/src/bsp/mcu/ra8p1/bsp_linker.o
__ram_from_data_flash$$Load                       fsp_gen.lld:352
                                                  ./ra/fsp/src/bsp/mcu/ra8p1/bsp_linker.o
__ram_from_flash$$Base                            fsp_gen.lld:623
                                                  ./ra/fsp/src/bsp/mcu/ra8p1/bsp_linker.o
__ram_from_flash$$Limit                           fsp_gen.lld:630
                                                  ./ra/fsp/src/bsp/mcu/ra8p1/bsp_linker.o
__ram_from_flash$$Load                            fsp_gen.lld:623
                                                  ./ra/fsp/src/bsp/mcu/ra8p1/bsp_linker.o
__ram_tdata$$Base                                 fsp_gen.lld:672
                                                  ./ra/fsp/src/bsp/mcu/ra8p1/bsp_linker.o
__ram_tdata$$Limit                                fsp_gen.lld:676
                                                  ./ra/fsp/src/bsp/mcu/ra8p1/bsp_linker.o
__ram_tdata$$Load                                 fsp_gen.lld:672
                                                  ./ra/fsp/src/bsp/mcu/ra8p1/bsp_linker.o
SystemCoreClockUpdate                             ./ra/fsp/src/bsp/mcu/all/bsp_clocks.o
                                                  ./ra/fsp/src/bsp/cmsis/Device/RENESAS/Source/system.o
bsp_clock_init                                    ./ra/fsp/src/bsp/mcu/all/bsp_clocks.o
                                                  ./ra/fsp/src/bsp/cmsis/Device/RENESAS/Source/system.o
R_BSP_SubClockStabilizeWaitAfterReset             ./ra/fsp/src/bsp/mcu/all/bsp_clocks.o
R_BSP_Init_RTC                                    ./ra/fsp/src/bsp/mcu/all/bsp_clocks.o
                                                  ./ra/fsp/src/bsp/cmsis/Device/RENESAS/Source/system.o
bsp_init_internal                                 ./ra/fsp/src/bsp/mcu/all/bsp_common.o
bsp_init                                          ./ra/fsp/src/bsp/mcu/all/bsp_common.o
                                                  ./ra/fsp/src/bsp/cmsis/Device/RENESAS/Source/system.o
bsp_prv_software_delay_loop                       ./ra/fsp/src/bsp/mcu/all/bsp_delay.o
g_bsp_group_irq_sources                           ./ra/fsp/src/bsp/mcu/all/bsp_group_irq.o
NMI_Handler                                       ./ra/fsp/src/bsp/mcu/all/bsp_group_irq.o
                                                  ./ra/fsp/src/bsp/cmsis/Device/RENESAS/Source/startup.o
bsp_irq_cfg                                       ./ra/fsp/src/bsp/mcu/all/bsp_irq.o
                                                  ./ra/fsp/src/bsp/cmsis/Device/RENESAS/Source/system.o
g_protect_counters                                ./ra/fsp/src/bsp/mcu/all/bsp_register_protection.o
sbrk                                              ./ra/fsp/src/bsp/mcu/all/bsp_sbrk.o
                                                  D:\Renesas\RA\e2studio_v2025-12_fsp_v6.4.0\toolchains\llvm_arm\ATfE-21.1.1-Windows-x86_64\bin\..\lib\clang-runtimes/arm-none-eabi/armv8.1m.main_hard_fpdp_nomve_exn_rtti_unaligned_size\lib\libc.a(nano-malloc.c.o)
__aeabi_read_tp                                   D:\Renesas\RA\e2studio_v2025-12_fsp_v6.4.0\toolchains\llvm_arm\ATfE-21.1.1-Windows-x86_64\bin\..\lib\clang-runtimes/arm-none-eabi/armv8.1m.main_hard_fpdp_nomve_exn_rtti_unaligned_size\lib\libc.a(libc_picolib_machine_arm_read_tp.S.o)
                                                  ./ra/fsp/src/bsp/mcu/all/bsp_sbrk.o
                                                  D:\Renesas\RA\e2studio_v2025-12_fsp_v6.4.0\toolchains\llvm_arm\ATfE-21.1.1-Windows-x86_64\bin\..\lib\clang-runtimes/arm-none-eabi/armv8.1m.main_hard_fpdp_nomve_exn_rtti_unaligned_size\lib\libc.a(nano-free.c.o)
                                                  D:\Renesas\RA\e2studio_v2025-12_fsp_v6.4.0\toolchains\llvm_arm\ATfE-21.1.1-Windows-x86_64\bin\..\lib\clang-runtimes/arm-none-eabi/armv8.1m.main_hard_fpdp_nomve_exn_rtti_unaligned_size\lib\libc.a(nano-malloc.c.o)
g_heap                                            ./ra/fsp/src/bsp/cmsis/Device/RENESAS/Source/startup.o
                                                  ./ra/fsp/src/bsp/mcu/all/bsp_sbrk.o
errno                                             D:\Renesas\RA\e2studio_v2025-12_fsp_v6.4.0\toolchains\llvm_arm\ATfE-21.1.1-Windows-x86_64\bin\..\lib\clang-runtimes/arm-none-eabi/armv8.1m.main_hard_fpdp_nomve_exn_rtti_unaligned_size\lib\libc.a(libc_errno_errno.c.o)
                                                  ./ra/fsp/src/bsp/mcu/all/bsp_sbrk.o
                                                  D:\Renesas\RA\e2studio_v2025-12_fsp_v6.4.0\toolchains\llvm_arm\ATfE-21.1.1-Windows-x86_64\bin\..\lib\clang-runtimes/arm-none-eabi/armv8.1m.main_hard_fpdp_nomve_exn_rtti_unaligned_size\lib\libc.a(nano-free.c.o)
                                                  D:\Renesas\RA\e2studio_v2025-12_fsp_v6.4.0\toolchains\llvm_arm\ATfE-21.1.1-Windows-x86_64\bin\..\lib\clang-runtimes/arm-none-eabi/armv8.1m.main_hard_fpdp_nomve_exn_rtti_unaligned_size\lib\libc.a(nano-malloc.c.o)
Reset_Handler                                     ./ra/fsp/src/bsp/cmsis/Device/RENESAS/Source/startup.o
SystemInit                                        ./ra/fsp/src/bsp/cmsis/Device/RENESAS/Source/system.o
                                                  ./ra/fsp/src/bsp/cmsis/Device/RENESAS/Source/startup.o
Default_Handler                                   ./ra/fsp/src/bsp/cmsis/Device/RENESAS/Source/startup.o
g_main_stack                                      ./ra/fsp/src/bsp/cmsis/Device/RENESAS/Source/startup.o
                                                  ./ra/fsp/src/bsp/cmsis/Device/RENESAS/Source/system.o
__Vectors                                         ./ra/fsp/src/bsp/cmsis/Device/RENESAS/Source/startup.o
                                                  ./ra/fsp/src/bsp/cmsis/Device/RENESAS/Source/system.o
HardFault_Handler                                 ./ra/fsp/src/bsp/cmsis/Device/RENESAS/Source/startup.o
MemManage_Handler                                 ./ra/fsp/src/bsp/cmsis/Device/RENESAS/Source/startup.o
BusFault_Handler                                  ./ra/fsp/src/bsp/cmsis/Device/RENESAS/Source/startup.o
UsageFault_Handler                                ./ra/fsp/src/bsp/cmsis/Device/RENESAS/Source/startup.o
SecureFault_Handler                               ./ra/fsp/src/bsp/cmsis/Device/RENESAS/Source/startup.o
SVC_Handler                                       ./ra/fsp/src/bsp/cmsis/Device/RENESAS/Source/startup.o
DebugMon_Handler                                  ./ra/fsp/src/bsp/cmsis/Device/RENESAS/Source/startup.o
PendSV_Handler                                    ./ra/fsp/src/bsp/cmsis/Device/RENESAS/Source/startup.o
SysTick_Handler                                   ./ra/fsp/src/bsp/cmsis/Device/RENESAS/Source/startup.o
_init_tls                                         D:\Renesas\RA\e2studio_v2025-12_fsp_v6.4.0\toolchains\llvm_arm\ATfE-21.1.1-Windows-x86_64\bin\..\lib\clang-runtimes/arm-none-eabi/armv8.1m.main_hard_fpdp_nomve_exn_rtti_unaligned_size\lib\libc.a(libc_picolib_inittls.c.o)
                                                  ./ra/fsp/src/bsp/cmsis/Device/RENESAS/Source/system.o
__init_array_start                                fsp_gen.lld:749
                                                  ./ra/fsp/src/bsp/cmsis/Device/RENESAS/Source/system.o
__init_array_end                                  fsp_gen.lld:752
                                                  ./ra/fsp/src/bsp/cmsis/Device/RENESAS/Source/system.o
__aeabi_memcpy8                                   D:\Renesas\RA\e2studio_v2025-12_fsp_v6.4.0\toolchains\llvm_arm\ATfE-21.1.1-Windows-x86_64\bin\..\lib\clang-runtimes/arm-none-eabi/armv8.1m.main_hard_fpdp_nomve_exn_rtti_unaligned_size\lib\libc.a(memcpy.c.o)
                                                  ./ra/arm/CMSIS-NN/Source/FullyConnectedFunctions/arm_vector_sum_s8_s64.o
bzero                                             D:\Renesas\RA\e2studio_v2025-12_fsp_v6.4.0\toolchains\llvm_arm\ATfE-21.1.1-Windows-x86_64\bin\..\lib\clang-runtimes/arm-none-eabi/armv8.1m.main_hard_fpdp_nomve_exn_rtti_unaligned_size\lib\libc.a(bzero.c.o)
__retarget_lock_acquire_recursive                 D:\Renesas\RA\e2studio_v2025-12_fsp_v6.4.0\toolchains\llvm_arm\ATfE-21.1.1-Windows-x86_64\bin\..\lib\clang-runtimes/arm-none-eabi/armv8.1m.main_hard_fpdp_nomve_exn_rtti_unaligned_size\lib\libc.a(libc_misc_lock.c.o)
                                                  D:\Renesas\RA\e2studio_v2025-12_fsp_v6.4.0\toolchains\llvm_arm\ATfE-21.1.1-Windows-x86_64\bin\..\lib\clang-runtimes/arm-none-eabi/armv8.1m.main_hard_fpdp_nomve_exn_rtti_unaligned_size\lib\libc.a(nano-free.c.o)
                                                  D:\Renesas\RA\e2studio_v2025-12_fsp_v6.4.0\toolchains\llvm_arm\ATfE-21.1.1-Windows-x86_64\bin\..\lib\clang-runtimes/arm-none-eabi/armv8.1m.main_hard_fpdp_nomve_exn_rtti_unaligned_size\lib\libc.a(nano-malloc.c.o)
__retarget_lock_release_recursive                 D:\Renesas\RA\e2studio_v2025-12_fsp_v6.4.0\toolchains\llvm_arm\ATfE-21.1.1-Windows-x86_64\bin\..\lib\clang-runtimes/arm-none-eabi/armv8.1m.main_hard_fpdp_nomve_exn_rtti_unaligned_size\lib\libc.a(libc_misc_lock.c.o)
                                                  D:\Renesas\RA\e2studio_v2025-12_fsp_v6.4.0\toolchains\llvm_arm\ATfE-21.1.1-Windows-x86_64\bin\..\lib\clang-runtimes/arm-none-eabi/armv8.1m.main_hard_fpdp_nomve_exn_rtti_unaligned_size\lib\libc.a(nano-free.c.o)
                                                  D:\Renesas\RA\e2studio_v2025-12_fsp_v6.4.0\toolchains\llvm_arm\ATfE-21.1.1-Windows-x86_64\bin\..\lib\clang-runtimes/arm-none-eabi/armv8.1m.main_hard_fpdp_nomve_exn_rtti_unaligned_size\lib\libc.a(nano-malloc.c.o)
__lock___libc_recursive_mutex                     D:\Renesas\RA\e2studio_v2025-12_fsp_v6.4.0\toolchains\llvm_arm\ATfE-21.1.1-Windows-x86_64\bin\..\lib\clang-runtimes/arm-none-eabi/armv8.1m.main_hard_fpdp_nomve_exn_rtti_unaligned_size\lib\libc.a(libc_misc_lock.c.o)
                                                  D:\Renesas\RA\e2studio_v2025-12_fsp_v6.4.0\toolchains\llvm_arm\ATfE-21.1.1-Windows-x86_64\bin\..\lib\clang-runtimes/arm-none-eabi/armv8.1m.main_hard_fpdp_nomve_exn_rtti_unaligned_size\lib\libc.a(nano-free.c.o)
                                                  D:\Renesas\RA\e2studio_v2025-12_fsp_v6.4.0\toolchains\llvm_arm\ATfE-21.1.1-Windows-x86_64\bin\..\lib\clang-runtimes/arm-none-eabi/armv8.1m.main_hard_fpdp_nomve_exn_rtti_unaligned_size\lib\libc.a(nano-malloc.c.o)
__malloc_free_list                                D:\Renesas\RA\e2studio_v2025-12_fsp_v6.4.0\toolchains\llvm_arm\ATfE-21.1.1-Windows-x86_64\bin\..\lib\clang-runtimes/arm-none-eabi/armv8.1m.main_hard_fpdp_nomve_exn_rtti_unaligned_size\lib\libc.a(nano-malloc.c.o)
                                                  D:\Renesas\RA\e2studio_v2025-12_fsp_v6.4.0\toolchains\llvm_arm\ATfE-21.1.1-Windows-x86_64\bin\..\lib\clang-runtimes/arm-none-eabi/armv8.1m.main_hard_fpdp_nomve_exn_rtti_unaligned_size\lib\libc.a(nano-free.c.o)
__malloc_free                                     D:\Renesas\RA\e2studio_v2025-12_fsp_v6.4.0\toolchains\llvm_arm\ATfE-21.1.1-Windows-x86_64\bin\..\lib\clang-runtimes/arm-none-eabi/armv8.1m.main_hard_fpdp_nomve_exn_rtti_unaligned_size\lib\libc.a(nano-free.c.o)
                                                  D:\Renesas\RA\e2studio_v2025-12_fsp_v6.4.0\toolchains\llvm_arm\ATfE-21.1.1-Windows-x86_64\bin\..\lib\clang-runtimes/arm-none-eabi/armv8.1m.main_hard_fpdp_nomve_exn_rtti_unaligned_size\lib\libc.a(nano-malloc.c.o)
cfree                                             D:\Renesas\RA\e2studio_v2025-12_fsp_v6.4.0\toolchains\llvm_arm\ATfE-21.1.1-Windows-x86_64\bin\..\lib\clang-runtimes/arm-none-eabi/armv8.1m.main_hard_fpdp_nomve_exn_rtti_unaligned_size\lib\libc.a(nano-free.c.o)
__malloc_grow_chunk                               D:\Renesas\RA\e2studio_v2025-12_fsp_v6.4.0\toolchains\llvm_arm\ATfE-21.1.1-Windows-x86_64\bin\..\lib\clang-runtimes/arm-none-eabi/armv8.1m.main_hard_fpdp_nomve_exn_rtti_unaligned_size\lib\libc.a(nano-malloc.c.o)
__malloc_malloc                                   D:\Renesas\RA\e2studio_v2025-12_fsp_v6.4.0\toolchains\llvm_arm\ATfE-21.1.1-Windows-x86_64\bin\..\lib\clang-runtimes/arm-none-eabi/armv8.1m.main_hard_fpdp_nomve_exn_rtti_unaligned_size\lib\libc.a(nano-malloc.c.o)
__malloc_sbrk_top                                 D:\Renesas\RA\e2studio_v2025-12_fsp_v6.4.0\toolchains\llvm_arm\ATfE-21.1.1-Windows-x86_64\bin\..\lib\clang-runtimes/arm-none-eabi/armv8.1m.main_hard_fpdp_nomve_exn_rtti_unaligned_size\lib\libc.a(nano-malloc.c.o)
__malloc_sbrk_start                               D:\Renesas\RA\e2studio_v2025-12_fsp_v6.4.0\toolchains\llvm_arm\ATfE-21.1.1-Windows-x86_64\bin\..\lib\clang-runtimes/arm-none-eabi/armv8.1m.main_hard_fpdp_nomve_exn_rtti_unaligned_size\lib\libc.a(nano-malloc.c.o)
__tdata_source                                    fsp_gen.lld:1285
                                                  D:\Renesas\RA\e2studio_v2025-12_fsp_v6.4.0\toolchains\llvm_arm\ATfE-21.1.1-Windows-x86_64\bin\..\lib\clang-runtimes/arm-none-eabi/armv8.1m.main_hard_fpdp_nomve_exn_rtti_unaligned_size\lib\libc.a(libc_picolib_inittls.c.o)
__tdata_size                                      fsp_gen.lld:1286
                                                  D:\Renesas\RA\e2studio_v2025-12_fsp_v6.4.0\toolchains\llvm_arm\ATfE-21.1.1-Windows-x86_64\bin\..\lib\clang-runtimes/arm-none-eabi/armv8.1m.main_hard_fpdp_nomve_exn_rtti_unaligned_size\lib\libc.a(libc_picolib_inittls.c.o)
__tbss_offset                                     fsp_gen.lld:1287
                                                  D:\Renesas\RA\e2studio_v2025-12_fsp_v6.4.0\toolchains\llvm_arm\ATfE-21.1.1-Windows-x86_64\bin\..\lib\clang-runtimes/arm-none-eabi/armv8.1m.main_hard_fpdp_nomve_exn_rtti_unaligned_size\lib\libc.a(libc_picolib_inittls.c.o)
__tbss_size                                       fsp_gen.lld:1288
                                                  D:\Renesas\RA\e2studio_v2025-12_fsp_v6.4.0\toolchains\llvm_arm\ATfE-21.1.1-Windows-x86_64\bin\..\lib\clang-runtimes/arm-none-eabi/armv8.1m.main_hard_fpdp_nomve_exn_rtti_unaligned_size\lib\libc.a(libc_picolib_inittls.c.o)
__arm32_tls_tcb_offset                            fsp_gen.lld:1289
                                                  D:\Renesas\RA\e2studio_v2025-12_fsp_v6.4.0\toolchains\llvm_arm\ATfE-21.1.1-Windows-x86_64\bin\..\lib\clang-runtimes/arm-none-eabi/armv8.1m.main_hard_fpdp_nomve_exn_rtti_unaligned_size\lib\libc.a(libc_picolib_machine_arm_set_tls.c.o)
__tls                                             D:\Renesas\RA\e2studio_v2025-12_fsp_v6.4.0\toolchains\llvm_arm\ATfE-21.1.1-Windows-x86_64\bin\..\lib\clang-runtimes/arm-none-eabi/armv8.1m.main_hard_fpdp_nomve_exn_rtti_unaligned_size\lib\libc.a(libc_picolib_machine_arm_tls.c.o)
                                                  D:\Renesas\RA\e2studio_v2025-12_fsp_v6.4.0\toolchains\llvm_arm\ATfE-21.1.1-Windows-x86_64\bin\..\lib\clang-runtimes/arm-none-eabi/armv8.1m.main_hard_fpdp_nomve_exn_rtti_unaligned_size\lib\libc.a(libc_picolib_machine_arm_set_tls.c.o)
                                                  D:\Renesas\RA\e2studio_v2025-12_fsp_v6.4.0\toolchains\llvm_arm\ATfE-21.1.1-Windows-x86_64\bin\..\lib\clang-runtimes/arm-none-eabi/armv8.1m.main_hard_fpdp_nomve_exn_rtti_unaligned_size\lib\libc.a(libc_picolib_machine_arm_read_tp.S.o)
