     VMA      LMA     Size Align Out     In      Symbol
       0        0        0     1 RAM_START = 0x22000000
       0        0        0     1 RAM_LENGTH = 0x001d4000
       0        0        0     1 FLASH_START = 0x02000000
       0        0        0     1 FLASH_LENGTH = 0x00100000
       0        0        0     1 DATA_FLASH_START = 0x27000000
       0        0        0     1 DATA_FLASH_LENGTH = 0x00000000
       0        0        0     1 SDRAM_START = 0x68000000
       0        0        0     1 SDRAM_LENGTH = 0x08000000
       0        0        0     1 OSPI0_CS0_START = 0x80000000
       0        0        0     1 OSPI0_CS0_LENGTH = 0x10000000
       0        0        0     1 OSPI0_CS1_START = 0x90000000
       0        0        0     1 OSPI0_CS1_LENGTH = 0x10000000
       0        0        0     1 OSPI1_CS0_START = 0x70000000
       0        0        0     1 OSPI1_CS0_LENGTH = 0x08000000
       0        0        0     1 OSPI1_CS1_START = 0x78000000
       0        0        0     1 OSPI1_CS1_LENGTH = 0x08000000
       0        0        0     1 OPTION_SETTING_OFS0_START = 0x02c9f040
       0        0        0     1 OPTION_SETTING_OFS0_LENGTH = 0x00000004
       0        0        0     1 OPTION_SETTING_OFS2_START = 0x02c9f044
       0        0        0     1 OPTION_SETTING_OFS2_LENGTH = 0x00000004
       0        0        0     1 OPTION_SETTING_SAS_START = 0x02c9f074
       0        0        0     1 OPTION_SETTING_SAS_LENGTH = 0x00000004
       0        0        0     1 OPTION_SETTING_OFS1_START = 0x12c9f4c0
       0        0        0     1 OPTION_SETTING_OFS1_LENGTH = 0x00000004
       0        0        0     1 OPTION_SETTING_OFS1_SEC_START = 0x02c9f0c0
       0        0        0     1 OPTION_SETTING_OFS1_SEC_LENGTH = 0x00000004
       0        0        0     1 OPTION_SETTING_OFS1_SEL_START = 0x02c9f120
       0        0        0     1 OPTION_SETTING_OFS1_SEL_LENGTH = 0x00000004
       0        0        0     1 OPTION_SETTING_OFS3_START = 0x12c9f4c4
       0        0        0     1 OPTION_SETTING_OFS3_LENGTH = 0x00000004
       0        0        0     1 OPTION_SETTING_OFS3_SEC_START = 0x02c9f0c4
       0        0        0     1 OPTION_SETTING_OFS3_SEC_LENGTH = 0x00000004
       0        0        0     1 OPTION_SETTING_OFS3_SEL_START = 0x02c9f124
       0        0        0     1 OPTION_SETTING_OFS3_SEL_LENGTH = 0x00000004
       0        0        0     1 OPTION_SETTING_BPS_START = 0x12c9f600
       0        0        0     1 OPTION_SETTING_BPS_LENGTH = 0x00000080
       0        0        0     1 OPTION_SETTING_BPS_SEC_START = 0x02c9f200
       0        0        0     1 OPTION_SETTING_BPS_SEC_LENGTH = 0x00000080
       0        0        0     1 OPTION_SETTING_OTP_FSBLCTRL0_START = 0x02e07600
       0        0        0     1 OPTION_SETTING_OTP_FSBLCTRL0_LENGTH = 0x00000004
       0        0        0     1 OPTION_SETTING_OTP_FSBLCTRL1_START = 0x02e07604
       0        0        0     1 OPTION_SETTING_OTP_FSBLCTRL1_LENGTH = 0x00000004
       0        0        0     1 OPTION_SETTING_OTP_FSBLCTRL2_START = 0x02e07608
       0        0        0     1 OPTION_SETTING_OTP_FSBLCTRL2_LENGTH = 0x00000004
       0        0        0     1 OPTION_SETTING_OTP_SAMR_START = 0x02e07614
       0        0        0     1 OPTION_SETTING_OTP_SAMR_LENGTH = 0x00000004
       0        0        0     1 OPTION_SETTING_OTP_SACC00_START = 0x02e07620
       0        0        0     1 OPTION_SETTING_OTP_SACC00_LENGTH = 0x00000004
       0        0        0     1 OPTION_SETTING_OTP_SACC10_START = 0x02e07630
       0        0        0     1 OPTION_SETTING_OTP_SACC10_LENGTH = 0x00000004
       0        0        0     1 OPTION_SETTING_OTP_SACC01_START = 0x02e07640
       0        0        0     1 OPTION_SETTING_OTP_SACC01_LENGTH = 0x00000004
       0        0        0     1 OPTION_SETTING_OTP_SACC11_START = 0x02e07650
       0        0        0     1 OPTION_SETTING_OTP_SACC11_LENGTH = 0x00000004
       0        0        0     1 OPTION_SETTING_OTP_SACC02_START = 0x02e07660
       0        0        0     1 OPTION_SETTING_OTP_SACC02_LENGTH = 0x00000004
       0        0        0     1 OPTION_SETTING_OTP_SACC12_START = 0x02e07670
       0        0        0     1 OPTION_SETTING_OTP_SACC12_LENGTH = 0x00000004
       0        0        0     1 OPTION_SETTING_OTP_SACC03_START = 0x02e07680
       0        0        0     1 OPTION_SETTING_OTP_SACC03_LENGTH = 0x00000004
       0        0        0     1 OPTION_SETTING_OTP_SACC13_START = 0x02e07690
       0        0        0     1 OPTION_SETTING_OTP_SACC13_LENGTH = 0x00000004
       0        0        0     1 OPTION_SETTING_OTP_PBPS_SEC_START = 0x02e17700
       0        0        0     1 OPTION_SETTING_OTP_PBPS_SEC_LENGTH = 0x00000080
       0        0        0     1 OPTION_SETTING_OTP_PBPS_START = 0x12e17780
       0        0        0     1 OPTION_SETTING_OTP_PBPS_LENGTH = 0x00000080
       0        0        0     1 OPTION_SETTING_OTP_ZHUK_START = 0x02e17920
       0        0        0     1 OPTION_SETTING_OTP_ZHUK_LENGTH = 0x00000004
       0        0        0     1 ITCM_START = 0x00000000
       0        0        0     1 ITCM_LENGTH = 0x00020000
       0        0        0     1 DTCM_START = 0x20000000
       0        0        0     1 DTCM_LENGTH = 0x00020000
90000000 90000000        0     1 .ospi0_cs1.startof
90000000 90000000        0     1         __ddsc_OSPI0_CS1_START = .
68000000 68000000        0     1 .sdram.startof
68000000 68000000        0     1         __ddsc_SDRAM_START = .
68000000 68000000        0     1 __sdram_from_ospi0_cs1$$
68000000 68000000        0     1         __sdram_from_ospi0_cs1$$Base = .
68000000 68000000        0     1         __sdram_from_ospi0_cs1$$Load = LOADADDR(__sdram_from_ospi0_cs1$$)
68000000 68000000        0     1         __sdram_from_ospi0_cs1$$Limit = .
80000000 80000000        0     1 .ospi0_cs0.startof
80000000 80000000        0     1         __ddsc_OSPI0_CS0_START = .
80000000 80000000        0     1 __ospi0_cs0_from_ospi0_cs1$$
80000000 80000000        0     1         __ospi0_cs0_from_ospi0_cs1$$Base = .
80000000 80000000        0     1         __ospi0_cs0_from_ospi0_cs1$$Load = LOADADDR(__ospi0_cs0_from_ospi0_cs1$$)
80000000 80000000        0     1         __ospi0_cs0_from_ospi0_cs1$$Limit = .
70000000 70000000        0     1 .ospi1_cs0.startof
70000000 70000000        0     1         __ddsc_OSPI1_CS0_START = .
70000000 70000000        0     1 __ospi1_cs0_from_ospi0_cs1$$
70000000 70000000        0     1         __ospi1_cs0_from_ospi0_cs1$$Base = .
70000000 70000000        0     1         __ospi1_cs0_from_ospi0_cs1$$Load = LOADADDR(__ospi1_cs0_from_ospi0_cs1$$)
70000000 70000000        0     1         __ospi1_cs0_from_ospi0_cs1$$Limit = .
       0        0        0     1 .itcm.startof
       0        0        0     1         __ddsc_ITCM_START = .
       0        0        0     1 __itcm_from_ospi0_cs1$$
       0        0        0     1         __itcm_from_ospi0_cs1$$Base = .
       0        0        0     1         __itcm_from_ospi0_cs1$$Load = LOADADDR(__itcm_from_ospi0_cs1$$)
       0        0        0     1         __itcm_from_ospi0_cs1$$Limit = .
20000000 20000000        0     1 .dtcm.startof
20000000 20000000        0     1         __ddsc_DTCM_START = .
20000000 20000000        0     1 __dtcm_from_ospi0_cs1$$
20000000 20000000        0     1         __dtcm_from_ospi0_cs1$$Base = .
20000000 20000000        0     1         __dtcm_from_ospi0_cs1$$Load = LOADADDR(__dtcm_from_ospi0_cs1$$)
20000000 20000000        0     1         __dtcm_from_ospi0_cs1$$Limit = .
22000000 22000000        0     1 .ram.startof
22000000 22000000        0     1         __ddsc_RAM_START = .
22000000 22000000        0     1 __ram_dtc_vector$$
22000000 22000000        0     1         __ram_dtc_vector$$Base = .
22000000 22000000        0     1         __ram_dtc_vector$$Limit = .
22000000 22000000        0     1 __ram_from_ospi0_cs1$$
22000000 22000000        0     1         __ram_from_ospi0_cs1$$Base = .
22000000 22000000        0     1         __ram_from_ospi0_cs1$$Load = LOADADDR(__ram_from_ospi0_cs1$$)
22000000 22000000        0     1         __ram_from_ospi0_cs1$$Limit = .
90000000 90000000        0     1 __ospi0_cs1_readonly$$
90000000 90000000        0     1         __ospi0_cs1_readonly$$Base = .
90000000 90000000        0     1         __ospi0_cs1_readonly$$Limit = .
90000000 90000000        0     1 __ospi0_cs1_noinit$$
90000000 90000000        0     1         __ospi0_cs1_noinit$$Base = .
90000000 90000000        0     1         __ospi0_cs1_noinit$$Limit = .
90000000 90000000        0     1 .ospi0_cs1.endof
90000000 90000000        0     1         __ddsc_OSPI0_CS1_END = .
78000000 78000000        0     1 .ospi1_cs1.startof
78000000 78000000        0     1         __ddsc_OSPI1_CS1_START = .
68000000 68000000        0     1 __sdram_from_ospi1_cs1$$
68000000 68000000        0     1         __sdram_from_ospi1_cs1$$Base = .
68000000 68000000        0     1         __sdram_from_ospi1_cs1$$Load = LOADADDR(__sdram_from_ospi1_cs1$$)
68000000 68000000        0     1         __sdram_from_ospi1_cs1$$Limit = .
80000000 80000000        0     1 __ospi0_cs0_from_ospi1_cs1$$
80000000 80000000        0     1         __ospi0_cs0_from_ospi1_cs1$$Base = .
80000000 80000000        0     1         __ospi0_cs0_from_ospi1_cs1$$Load = LOADADDR(__ospi0_cs0_from_ospi1_cs1$$)
80000000 80000000        0     1         __ospi0_cs0_from_ospi1_cs1$$Limit = .
70000000 70000000        0     1 __ospi1_cs0_from_ospi1_cs1$$
70000000 70000000        0     1         __ospi1_cs0_from_ospi1_cs1$$Base = .
70000000 70000000        0     1         __ospi1_cs0_from_ospi1_cs1$$Load = LOADADDR(__ospi1_cs0_from_ospi1_cs1$$)
70000000 70000000        0     1         __ospi1_cs0_from_ospi1_cs1$$Limit = .
       0        0        0     1 __itcm_from_ospi1_cs1$$
       0        0        0     1         __itcm_from_ospi1_cs1$$Base = .
       0        0        0     1         __itcm_from_ospi1_cs1$$Load = LOADADDR(__itcm_from_ospi1_cs1$$)
       0        0        0     1         __itcm_from_ospi1_cs1$$Limit = .
20000000 20000000        0     1 __dtcm_from_ospi1_cs1$$
20000000 20000000        0     1         __dtcm_from_ospi1_cs1$$Base = .
20000000 20000000        0     1         __dtcm_from_ospi1_cs1$$Load = LOADADDR(__dtcm_from_ospi1_cs1$$)
20000000 20000000        0     1         __dtcm_from_ospi1_cs1$$Limit = .
22000000 22000000        0     1 __ram_from_ospi1_cs1$$
22000000 22000000        0     1         __ram_from_ospi1_cs1$$Base = .
22000000 22000000        0     1         __ram_from_ospi1_cs1$$Load = LOADADDR(__ram_from_ospi1_cs1$$)
22000000 22000000        0     1         __ram_from_ospi1_cs1$$Limit = .
78000000 78000000        0     1 __ospi1_cs1_readonly$$
78000000 78000000        0     1         __ospi1_cs1_readonly$$Base = .
78000000 78000000        0     1         __ospi1_cs1_readonly$$Limit = .
78000000 78000000        0     1 __ospi1_cs1_noinit$$
78000000 78000000        0     1         __ospi1_cs1_noinit$$Base = .
78000000 78000000        0     1         __ospi1_cs1_noinit$$Limit = .
78000000 78000000        0     1 .ospi1_cs1.endof
78000000 78000000        0     1         __ddsc_OSPI1_CS1_END = .
27000000 27000000        0     1 .data_flash.startof
27000000 27000000        0     1         __ddsc_DATA_FLASH_START = .
68000000 68000000        0     1 __sdram_from_data_flash$$
68000000 68000000        0     1         __sdram_from_data_flash$$Base = .
68000000 68000000        0     1         __sdram_from_data_flash$$Load = LOADADDR(__sdram_from_data_flash$$)
68000000 68000000        0     1         __sdram_from_data_flash$$Limit = .
80000000 80000000        0     1 __ospi0_cs0_from_data_flash$$
80000000 80000000        0     1         __ospi0_cs0_from_data_flash$$Base = .
80000000 80000000        0     1         __ospi0_cs0_from_data_flash$$Load = LOADADDR(__ospi0_cs0_from_data_flash$$)
80000000 80000000        0     1         __ospi0_cs0_from_data_flash$$Limit = .
70000000 70000000        0     1 __ospi1_cs0_from_data_flash$$
70000000 70000000        0     1         __ospi1_cs0_from_data_flash$$Base = .
70000000 70000000        0     1         __ospi1_cs0_from_data_flash$$Load = LOADADDR(__ospi1_cs0_from_data_flash$$)
70000000 70000000        0     1         __ospi1_cs0_from_data_flash$$Limit = .
       0        0        0     1 __itcm_from_data_flash$$
       0        0        0     1         __itcm_from_data_flash$$Base = .
       0        0        0     1         __itcm_from_data_flash$$Load = LOADADDR(__itcm_from_data_flash$$)
       0        0        0     1         __itcm_from_data_flash$$Limit = .
20000000 20000000        0     1 __dtcm_from_data_flash$$
20000000 20000000        0     1         __dtcm_from_data_flash$$Base = .
20000000 20000000        0     1         __dtcm_from_data_flash$$Load = LOADADDR(__dtcm_from_data_flash$$)
20000000 20000000        0     1         __dtcm_from_data_flash$$Limit = .
22000000 22000000        0     1 __ram_from_data_flash$$
22000000 22000000        0     1         __ram_from_data_flash$$Base = .
22000000 22000000        0     1         __ram_from_data_flash$$Load = LOADADDR(__ram_from_data_flash$$)
22000000 22000000        0     1         __ram_from_data_flash$$Limit = .
27000000 27000000        0     1 __data_flash_readonly$$
27000000 27000000        0     1         __data_flash_readonly$$Base = .
27000000 27000000        0     1         __data_flash_readonly$$Limit = .
27000000 27000000        0     1 __data_flash_noinit$$
27000000 27000000        0     1         __data_flash_noinit$$Base = .
27000000 27000000        0     1         __data_flash_noinit$$Limit = .
27000000 27000000        0     1 .data_flash.endof
27000000 27000000        0     1         __ddsc_DATA_FLASH_END = .
 2000000  2000000        0     1 .flash.startof
 2000000  2000000        0     1         __ddsc_FLASH_START = .
 2000000  2000000       84     4 __flash_vectors$$
 2000000  2000000        0     1         __flash_vectors$$Base = .
 2000000  2000000        0     1         _VECTORS = .
 2000000  2000000       40     4         ./ra/fsp/src/bsp/cmsis/Device/RENESAS/Source/startup.o:(.fixed_vectors)
 2000000  2000000       40     1                 __Vectors
 2000040  2000040       44     4         ./ra_gen/vector_data.o:(.application_vectors)
 2000040  2000040       44     1                 g_vector_table
 2000084  2000084        0     1         __flash_vectors$$Limit = .
 2000084  2000084        0     1 __flash_noinit$$
 2000084  2000084        0     1         __flash_noinit$$Base = .
 2000084  2000084        0     1         __flash_noinit$$Limit = .
68000000 68000000        0     1 __sdram_from_flash$$
68000000 68000000        0     1         __sdram_from_flash$$Base = .
68000000 68000000        0     1         __sdram_from_flash$$Load = LOADADDR(__sdram_from_flash$$)
68000000 68000000        0     1         __sdram_from_flash$$Limit = .
68000000 68000000        0     1 __sdram_noinit_nocache$$
68000000 68000000        0     1         __sdram_noinit_nocache$$Base = .
68000000 68000000        0     1         __sdram_noinit_nocache$$Limit = .
68000000 68000000        0     1 __sdram_zero_nocache$$
68000000 68000000        0     1         __sdram_zero_nocache$$Base = .
68000000 68000000        0     1         . = ALIGN(32)
68000000 68000000        0     1         __sdram_zero_nocache$$Limit = .
68000000 68000000        0     1 __sdram_noinit$$
68000000 68000000        0     1         __sdram_noinit$$Base = .
68000000 68000000        0     1         __sdram_noinit$$Limit = .
68000000 68000000        0     1 __sdram_zero$$
68000000 68000000        0     1         __sdram_zero$$Base = .
68000000 68000000        0     1         __sdram_zero$$Limit = .
68000000 68000000        0     1 .sdram.endof
68000000 68000000        0     1         __ddsc_SDRAM_END = .
80000000 80000000        0     1 __ospi0_cs0_from_flash$$
80000000 80000000        0     1         __ospi0_cs0_from_flash$$Base = .
80000000 80000000        0     1         __ospi0_cs0_from_flash$$Load = LOADADDR(__ospi0_cs0_from_flash$$)
80000000 80000000        0     1         __ospi0_cs0_from_flash$$Limit = .
80000000 80000000        0     1 __ospi0_cs0_noinit_nocache$$
80000000 80000000        0     1         __ospi0_cs0_noinit_nocache$$Base = .
80000000 80000000        0     1         __ospi0_cs0_noinit_nocache$$Limit = .
80000000 80000000        0     1 __ospi0_cs0_zero_nocache$$
80000000 80000000        0     1         __ospi0_cs0_zero_nocache$$Base = .
80000000 80000000        0     1         . = ALIGN(32)
80000000 80000000        0     1         __ospi0_cs0_zero_nocache$$Limit = .
80000000 80000000        0     1 __ospi0_cs0_noinit$$
80000000 80000000        0     1         __ospi0_cs0_noinit$$Base = .
80000000 80000000        0     1         __ospi0_cs0_noinit$$Limit = .
80000000 80000000        0     1 __ospi0_cs0_zero$$
80000000 80000000        0     1         __ospi0_cs0_zero$$Base = .
80000000 80000000        0     1         __ospi0_cs0_zero$$Limit = .
80000000 80000000        0     1 .ospi0_cs0.endof
80000000 80000000        0     1         __ddsc_OSPI0_CS0_END = .
70000000 70000000        0     1 __ospi1_cs0_from_flash$$
70000000 70000000        0     1         __ospi1_cs0_from_flash$$Base = .
70000000 70000000        0     1         __ospi1_cs0_from_flash$$Load = LOADADDR(__ospi1_cs0_from_flash$$)
70000000 70000000        0     1         __ospi1_cs0_from_flash$$Limit = .
70000000 70000000        0     1 __ospi1_cs0_noinit_nocache$$
70000000 70000000        0     1         __ospi1_cs0_noinit_nocache$$Base = .
70000000 70000000        0     1         __ospi1_cs0_noinit_nocache$$Limit = .
70000000 70000000        0     1 __ospi1_cs0_zero_nocache$$
70000000 70000000        0     1         __ospi1_cs0_zero_nocache$$Base = .
70000000 70000000        0     1         . = ALIGN(32)
70000000 70000000        0     1         __ospi1_cs0_zero_nocache$$Limit = .
70000000 70000000        0     1 __ospi1_cs0_noinit$$
70000000 70000000        0     1         __ospi1_cs0_noinit$$Base = .
70000000 70000000        0     1         __ospi1_cs0_noinit$$Limit = .
70000000 70000000        0     1 __ospi1_cs0_zero$$
70000000 70000000        0     1         __ospi1_cs0_zero$$Base = .
70000000 70000000        0     1         __ospi1_cs0_zero$$Limit = .
70000000 70000000        0     1 .ospi1_cs0.endof
70000000 70000000        0     1         __ddsc_OSPI1_CS0_END = .
       0        0        0     1 __itcm_from_flash$$
       0        0        0     1         __itcm_from_flash$$Base = .
       0        0        0     1         __itcm_from_flash$$Load = LOADADDR(__itcm_from_flash$$)
       0        0        0     1         __itcm_from_flash$$Limit = .
       0        0        0     1 __itcm_noinit$$
       0        0        0     1         __itcm_noinit$$Base = .
       0        0        0     1         __itcm_noinit$$Limit = .
       0        0        0     1 __itcm_zero$$
       0        0        0     1         __itcm_zero$$Base = .
       0        0        0     1         __itcm_zero$$Limit = .
       0        0        0     1 .itcm.endof
       0        0        0     1         __ddsc_ITCM_END = .
20000000 20000000        0     1 __dtcm_from_flash$$
20000000 20000000        0     1         __dtcm_from_flash$$Base = .
20000000 20000000        0     1         __dtcm_from_flash$$Load = LOADADDR(__dtcm_from_flash$$)
20000000 20000000        0     1         __dtcm_from_flash$$Limit = .
20000000 20000000        0     1 __dtcm_noinit$$
20000000 20000000        0     1         __dtcm_noinit$$Base = .
20000000 20000000        0     1         __dtcm_noinit$$Limit = .
20000000 20000000        0     1 __dtcm_zero$$
20000000 20000000        0     1         __dtcm_zero$$Base = .
20000000 20000000        0     1         __dtcm_zero$$Limit = .
20000000 20000000        0     1 .dtcm.endof
20000000 20000000        0     1         __ddsc_DTCM_END = .
22000000  2000084       70     4 __ram_from_flash$$
22000000  2000084        0     1         __ram_from_flash$$Base = .
22000000  2000084        0     1         __ram_from_flash$$Load = LOADADDR(__ram_from_flash$$)
22000000  2000084       10     4         ./src/dataset_storage.o:(.data.g_next_index)
22000000  2000084       10     1                 g_next_index
22000010  2000094        1     1         ./src/ft6336.o:(.data.g_i2c_event)
22000010  2000094        1     1                 g_i2c_event
22000011  2000095        1     1         ./src/ft6336.o:(.data.g_ft6336_status)
22000011  2000095        1     1                 g_ft6336_status
22000012  2000096        1     1         ./src/ili9488.o:(.data.g_spi_last_event)
22000012  2000096        1     1                 g_spi_last_event
22000013  2000097        1     1         ./src/machine_control.o:(.data.g_right_servo_output)
22000013  2000097        1     1                 g_right_servo_output
22000014  2000098        1     1         ./src/machine_control.o:(.data.g_candidate_class)
22000014  2000098        1     1                 g_candidate_class
22000018  200009c        4     4         ./ra_gen/common_data.o:(.data.g_rm_ethosu0_ext_cfg)
22000018  200009c        4     1                 g_rm_ethosu0_ext_cfg
2200001c  20000a0       18     4         ./ra_gen/common_data.o:(.data.g_rm_ethosu0_ctrl)
2200001c  20000a0       18     1                 g_rm_ethosu0_ctrl
22000034  20000b8        4     4         ./ra_gen/hal_data.o:(.data.g_weight_uart_baud_setting)
22000034  20000b8        4     1                 g_weight_uart_baud_setting
22000038  20000bc       10     4         ./ra_gen/hal_data.o:(.data.g_sdmmc0_transfer_info)
22000038  20000bc       10     1                 g_sdmmc0_transfer_info
22000048  20000cc       24     4         ./ra_gen/hal_data.o:(.data.g_sdmmc0_cfg)
22000048  20000cc       24     1                 g_sdmmc0_cfg
2200006c  20000f0        4     4         ./ra/fsp/src/r_sdhi/r_sdhi.o:(.data.g_sdhi_last_command)
2200006c  20000f0        4     1                 g_sdhi_last_command
22000070  20000f4        0     1         __ram_from_flash$$Limit = .
22000080 22000080        0     1 __ram_noinit_nocache$$
22000080 22000080        0     1         __ram_noinit_nocache$$Base = .
22000080 22000080        0     1         __ram_noinit_nocache$$Limit = .
22000080 22000080        0     1 __ram_zero_nocache$$
22000080 22000080        0     1         __ram_zero_nocache$$Base = .
22000080 22000080        0     1         . = ALIGN(32)
22000080 22000080        0     1         __ram_zero_nocache$$Limit = .
22000080 22000080     502c     8 __ram_noinit$$
22000080 22000080        0     1         __ram_noinit$$Base = .
22000080 22000080     1000     8         ./ra/fsp/src/bsp/cmsis/Device/RENESAS/Source/startup.o:(.bss.g_heap)
22000080 22000080     1000     1                 g_heap
22001080 22001080     4000     8         ./ra/fsp/src/bsp/cmsis/Device/RENESAS/Source/startup.o:(.bss.g_main_stack)
22001080 22001080     4000     1                 g_main_stack
22005080 22005080       2c     4         ./ra/fsp/src/bsp/mcu/all/bsp_clocks.o:(.ram_noinit)
22005080 22005080       2c     1                 g_clock_freq
220050ac 220050ac        0     1         __ram_noinit$$Limit = .
220050c0 220050c0    edffc    32 __ram_zero$$
220050c0 220050c0        0     1         __ram_zero$$Base = .
220050c0 220050c0        4     4         ./src/fatfs/ff.o:(.bss.FatFs)
220050c0 220050c0        4     1                 FatFs
220050c4 220050c4        2     2         ./src/fatfs/ff.o:(.bss.Fsid)
220050c4 220050c4        2     1                 Fsid
220050c8 220050c8    1b000     4         ./src/ai_model/model.o:(.bss.buf_images_70692_11487_70629)
220050c8 220050c8    1b000     1                 buf_images_70692_11487_70629
220200c8 220200c8     1b00     4         ./src/ai_model/model.o:(.bss.buf_reg_s22_70462_70750)
220200c8 220200c8     1b00     1                 buf_reg_s22_70462_70750
22021bc8 22021bc8      6c0     4         ./src/ai_model/model.o:(.bss.buf_obj_s22_70463_70748)
22021bc8 22021bc8      6c0     1                 buf_obj_s22_70463_70748
22022288 22022288      900     4         ./src/ai_model/model.o:(.bss.buf_cls_s22_70464_70746)
22022288 22022288      900     1                 buf_cls_s22_70464_70746
22022b88 22022b88      6c0     4         ./src/ai_model/model.o:(.bss.buf_reg_s11_70465_70749)
22022b88 22022b88      6c0     1                 buf_reg_s11_70465_70749
22023248 22023248      1b0     4         ./src/ai_model/model.o:(.bss.buf_obj_s11_70466_70747)
22023248 22023248      1b0     1                 buf_obj_s11_70466_70747
220233f8 220233f8      240     4         ./src/ai_model/model.o:(.bss.buf_cls_s11_70467_70745)
220233f8 220233f8      240     1                 buf_cls_s11_70467_70745
22023638 22023638        9     1         ./src/ai_model/model.o:(.bss.compute_arena_sub_0002)
22023638 22023638        9     1                 compute_arena_sub_0002
22023644 22023644     6c00     4         ./src/ai_model/model.o:(.bss.buf__fpn_Resize_output_0_70446_11129)
22023644 22023644     6c00     1                 buf__fpn_Resize_output_0_70446_11129
2202a244 2202a244        9     1         ./src/ai_model/model.o:(.bss.compute_arena_sub_0004)
2202a244 2202a244        9     1                 compute_arena_sub_0004
2202a250 2202a250    63000    16         ./src/ai_model/sub_0001_invoke.o:(.bss.sub_0001_arena)
2202a250 2202a250    63000     1                 sub_0001_arena
2208d250 2208d250    14400    16         ./src/ai_model/sub_0003_invoke.o:(.bss.sub_0003_arena)
2208d250 2208d250    14400     1                 sub_0003_arena
220a1650 220a1650        1     1         ./src/dataset_storage.o:(.bss.g_sd_card_inserted)
220a1650 220a1650        1     1                 g_sd_card_inserted
220a1651 220a1651        1     1         ./src/dataset_storage.o:(.bss.g_sd_media_ready)
220a1651 220a1651        1     1                 g_sd_media_ready
220a1652 220a1652        1     1         ./src/dataset_storage.o:(.bss.g_fs_mounted)
220a1652 220a1652        1     1                 g_fs_mounted
220a1653 220a1653        1     1         ./src/dataset_storage.o:(.bss.g_sd_transfer_error)
220a1653 220a1653        1     1                 g_sd_transfer_error
220a1654 220a1654        1     1         ./src/dataset_storage.o:(.bss.g_sd_transfer_done)
220a1654 220a1654        1     1                 g_sd_transfer_done
220a1655 220a1655        1     1         ./src/dataset_storage.o:(.bss.g_storage_status)
220a1655 220a1655        1     1                 g_storage_status
220a1656 220a1656        2     2         ./src/dataset_storage.o:(.bss.g_storage_error_detail)
220a1656 220a1656        2     1                 g_storage_error_detail
220a1658 220a1658        1     1         ./src/dataset_storage.o:(.bss.g_sd_driver_open)
220a1658 220a1658        1     1                 g_sd_driver_open
220a165c 220a165c       14     4         ./src/dataset_storage.o:(.bss.g_sd_device)
220a165c 220a165c       14     1                 g_sd_device
220a1670 220a1670      230     4         ./src/dataset_storage.o:(.bss.g_dataset_fs)
220a1670 220a1670      230     1                 g_dataset_fs
220a18a0 220a18a0      200    32         ./src/dataset_storage.o:(.bss.g_sd_test_block)
220a18a0 220a18a0      200     1                 g_sd_test_block
220a1aa0 220a1aa0     3c00    32         ./src/dataset_storage.o:(.bss.g_bmp_chunk)
220a1aa0 220a1aa0     3c00     1                 g_bmp_chunk
220a56a0 220a56a0        1     1         ./src/ft6336.o:(.bss.g_i2c_done)
220a56a0 220a56a0        1     1                 g_i2c_done
220a56a1 220a56a1        1     1         ./src/ft6336.o:(.bss.g_ft6336_chip_id)
220a56a1 220a56a1        1     1                 g_ft6336_chip_id
220a56a2 220a56a2        1     1         ./src/ft6336.o:(.bss.g_ft6336_bus_levels)
220a56a2 220a56a2        1     1                 g_ft6336_bus_levels
220a56a3 220a56a3        1     1         ./src/ft6336.o:(.bss.g_i2c_open)
220a56a3 220a56a3        1     1                 g_i2c_open
220a56a4 220a56a4        4     4         ./src/hal_entry.o:(.bss.g_ceu_callback_events)
220a56a4 220a56a4        4     1                 g_ceu_callback_events
220a56a8 220a56a8        1     1         ./src/hal_entry.o:(.bss.g_ceu_frame_done)
220a56a8 220a56a8        1     1                 g_ceu_frame_done
220a56c0 220a56c0    25800    32         ./src/hal_entry.o:(.bss.ceu_buf_a)
220a56c0 220a56c0    25800     1                 ceu_buf_a
220caec0 220caec0    25800    32         ./src/hal_entry.o:(.bss.ceu_buf_b)
220caec0 220caec0    25800     1                 ceu_buf_b
220f06c0 220f06c0        1     1         ./src/ili9488.o:(.bss.g_spi_transfer_done)
220f06c0 220f06c0        1     1                 g_spi_transfer_done
220f06c1 220f06c1      3c0     1         ./src/ili9488.o:(.bss.g_line_buf)
220f06c1 220f06c1      3c0     1                 g_line_buf
220f0a81 220f0a81     1e00     1         ./src/ili9488.o:(.bss.g_camera_chunk)
220f0a81 220f0a81     1e00     1                 g_camera_chunk
220f2881 220f2881        1     1         ./src/ili9488.o:(.bss.g_spi_opened)
220f2881 220f2881        1     1                 g_spi_opened
220f2884 220f2884       20     4         ./src/machine_control.o:(.bss.g_servo_pair_ctrl)
220f2884 220f2884       20     1                 g_servo_pair_ctrl
220f28a4 220f28a4       20     4         ./src/machine_control.o:(.bss.g_servo_backup_ctrl)
220f28a4 220f28a4       20     1                 g_servo_backup_ctrl
220f28c4 220f28c4       20     4         ./src/machine_control.o:(.bss.g_status)
220f28c4 220f28c4       20     1                 g_status
220f28e4 220f28e4        1     1         ./src/machine_control.o:(.bss.g_left_servo_output)
220f28e4 220f28e4        1     1                 g_left_servo_output
220f28e8 220f28e8       20     4         ./src/machine_control.o:(.bss.g_stepper_primary_ctrl)
220f28e8 220f28e8       20     1                 g_stepper_primary_ctrl
220f2908 220f2908       20     4         ./src/machine_control.o:(.bss.g_stepper_backup_ctrl)
220f2908 220f2908       20     1                 g_stepper_backup_ctrl
220f2928 220f2928        1     1         ./src/machine_control.o:(.bss.g_stepper_output)
220f2928 220f2928        1     1                 g_stepper_output
220f292c 220f292c        4     4         ./src/machine_control.o:(.bss.g_cycles_per_ms)
220f292c 220f292c        4     1                 g_cycles_per_ms
220f2930 220f2930        1     1         ./src/machine_control.o:(.bss.g_initialized)
220f2930 220f2930        1     1                 g_initialized
220f2931 220f2931        1     1         ./src/machine_control.o:(.bss.g_candidate_ticks)
220f2931 220f2931        1     1                 g_candidate_ticks
220f2932 220f2932        1     1         ./src/machine_control.o:(.bss.g_clear_ticks)
220f2932 220f2932        1     1                 g_clear_ticks
220f2933 220f2933        1     1         ./src/machine_control.o:(.bss.g_align_lost_ticks)
220f2933 220f2933        1     1                 g_align_lost_ticks
220f2934 220f2934        1     1         ./src/machine_control.o:(.bss.g_align_dir)
220f2934 220f2934        1     1                 g_align_dir
220f2935 220f2935        1     1         ./src/machine_control.o:(.bss.g_transport_settling)
220f2935 220f2935        1     1                 g_transport_settling
220f2938 220f2938        4     4         ./src/machine_control.o:(.bss.g_state_elapsed_ms)
220f2938 220f2938        4     1                 g_state_elapsed_ms
220f293c 220f293c        4     4         ./src/machine_control.o:(.bss.g_state_start_cycles)
220f293c 220f293c        4     1                 g_state_start_cycles
220f2940 220f2940        c     4         ./src/platform_services.o:(.bss.g_health)
220f2940 220f2940        c     1                 g_health
220f294c 220f294c        1     1         ./src/weight_sensor.o:(.bss.g_rx_byte)
220f294c 220f294c        1     1                 g_rx_byte
220f294d 220f294d        1     1         ./src/weight_sensor.o:(.bss.g_frame_index)
220f294d 220f294d        1     1                 g_frame_index
220f294e 220f294e        1     1         ./src/weight_sensor.o:(.bss.g_has_value)
220f294e 220f294e        1     1                 g_has_value
220f2950 220f2950        2     2         ./src/weight_sensor.o:(.bss.g_weight_grams)
220f2950 220f2950        2     1                 g_weight_grams
220f2954 220f2954        4     4         ./src/weight_sensor.o:(.bss.g_rx_bytes)
220f2954 220f2954        4     1                 g_rx_bytes
220f2958 220f2958        4     4         ./src/weight_sensor.o:(.bss.g_frame_count)
220f2958 220f2958        4     1                 g_frame_count
220f295c 220f295c        2     2         ./src/weight_sensor.o:(.bss.g_last_raw)
220f295c 220f295c        2     1                 g_last_raw
220f295e 220f295e        4     1         ./src/weight_sensor.o:(.bss.g_frame)
220f295e 220f295e        4     1                 g_frame
220f2964 220f2964        4     4         ./src/yolo_detector.o:(.bss.g_detection_count)
220f2964 220f2964        4     1                 g_detection_count
220f2968 220f2968       c0     4         ./src/yolo_detector.o:(.bss.g_detections)
220f2968 220f2968       c0     1                 g_detections
220f2a28 220f2a28      240     4         ./src/yolo_detector.o:(.bss.g_candidates)
220f2a28 220f2a28      240     1                 g_candidates
220f2c68 220f2c68       48     8         ./ra_gen/common_data.o:(.bss.g_ethosu0)
220f2c68 220f2c68       48     1                 g_ethosu0
220f2cb0 220f2cb0        8     4         ./ra_gen/common_data.o:(.bss.g_ioport_ctrl)
220f2cb0 220f2cb0        8     1                 g_ioport_ctrl
220f2cb8 220f2cb8       34     4         ./ra_gen/hal_data.o:(.bss.g_weight_uart_ctrl)
220f2cb8 220f2cb8       34     1                 g_weight_uart_ctrl
220f2cec 220f2cec       40     4         ./ra_gen/hal_data.o:(.bss.g_i2c_master0_ctrl)
220f2cec 220f2cec       40     1                 g_i2c_master0_ctrl
220f2d2c 220f2d2c       30     4         ./ra_gen/hal_data.o:(.bss.g_spi1_ctrl)
220f2d2c 220f2d2c       30     1                 g_spi1_ctrl
220f2d5c 220f2d5c       20     4         ./ra_gen/hal_data.o:(.bss.g_ceu_qvga_ctrl)
220f2d5c 220f2d5c       20     1                 g_ceu_qvga_ctrl
220f2d7c 220f2d7c      248     4         ./ra_gen/hal_data.o:(.bss.g_sdmmc0_ctrl)
220f2d7c 220f2d7c      248     1                 g_sdmmc0_ctrl
220f2fc4 220f2fc4       18     4         ./ra_gen/hal_data.o:(.bss.g_sdmmc0_transfer_ctrl)
220f2fc4 220f2fc4       18     1                 g_sdmmc0_transfer_ctrl
220f2fdc 220f2fdc        1     1         ./ra/npu/ethos-u-core-driver/src/ethosu_driver.o:(.bss.ethosu_mutex_create.mutex_placeholder)
220f2fdc 220f2fdc        1     1                 ethosu_mutex_create.mutex_placeholder
220f2fe0 220f2fe0        4     4         ./ra/npu/ethos-u-core-driver/src/ethosu_driver.o:(.bss.ethosu_mutex)
220f2fe0 220f2fe0        4     1                 ethosu_mutex
220f2fe4 220f2fe4        4     4         ./ra/npu/ethos-u-core-driver/src/ethosu_driver.o:(.bss.ethosu_semaphore)
220f2fe4 220f2fe4        4     1                 ethosu_semaphore
220f2fe8 220f2fe8        4     4         ./ra/npu/ethos-u-core-driver/src/ethosu_driver.o:(.bss.registered_drivers)
220f2fe8 220f2fe8        4     1                 registered_drivers
220f2fec 220f2fec        4     4         ./ra/fsp/src/r_spi_b/r_spi_b.o:(.bss.r_spi_b_write_read_common.dummy_rx)
220f2fec 220f2fec        4     1                 r_spi_b_write_read_common.dummy_rx
220f2ff0 220f2ff0        4     4         ./ra/fsp/src/r_spi_b/r_spi_b.o:(.bss.r_spi_b_write_read_common.dummy_tx)
220f2ff0 220f2ff0        4     1                 r_spi_b_write_read_common.dummy_tx
220f2ff4 220f2ff4        4     4         ./ra/fsp/src/r_sdhi/r_sdhi.o:(.bss.g_sdhi_last_error_info2)
220f2ff4 220f2ff4        4     1                 g_sdhi_last_error_info2
220f2ff8 220f2ff8       54     4         ./ra/fsp/src/bsp/mcu/all/bsp_group_irq.o:(.bss.g_bsp_group_irq_sources)
220f2ff8 220f2ff8       54     1                 g_bsp_group_irq_sources
220f304c 220f304c        4     4         ./ra/fsp/src/bsp/mcu/all/bsp_io.o:(.bss.g_protect_pfswe_counter)
220f304c 220f304c        4     1                 g_protect_pfswe_counter
220f3050 220f3050       44     4         ./ra/fsp/src/bsp/mcu/all/bsp_irq.o:(.bss.gp_renesas_isr_context)
220f3050 220f3050       44     1                 gp_renesas_isr_context
220f3094 220f3094        a     2         ./ra/fsp/src/bsp/mcu/all/bsp_register_protection.o:(.bss.g_protect_counters)
220f3094 220f3094        a     1                 g_protect_counters
220f30a0 220f30a0        4     4         ./ra/fsp/src/bsp/mcu/all/bsp_sbrk.o:(.bss.sbrk.current_block_offset)
220f30a0 220f30a0        4     1                 sbrk.current_block_offset
220f30a4 220f30a4        4     4         ./ra/fsp/src/bsp/cmsis/Device/RENESAS/Source/system.o:(.bss.SystemCoreClock)
220f30a4 220f30a4        4     1                 SystemCoreClock
220f30a8 220f30a8        4     4         D:\Renesas\RA\e2studio_v2025-12_fsp_v6.4.0\toolchains\llvm_arm\ATfE-21.1.1-Windows-x86_64\bin\..\lib\clang-runtimes/arm-none-eabi/armv8.1m.main_hard_fpdp_nomve_exn_rtti_unaligned_size\lib\libc.a(nano-malloc.c.o):(.bss.__malloc_free_list)
220f30a8 220f30a8        4     1                 __malloc_free_list
220f30ac 220f30ac        8     4         D:\Renesas\RA\e2studio_v2025-12_fsp_v6.4.0\toolchains\llvm_arm\ATfE-21.1.1-Windows-x86_64\bin\..\lib\clang-runtimes/arm-none-eabi/armv8.1m.main_hard_fpdp_nomve_exn_rtti_unaligned_size\lib\libc.a(nano-malloc.c.o):(.bss..L_MergedGlobals)
220f30ac 220f30ac        4     1                 __malloc_sbrk_top
220f30b0 220f30b0        4     1                 __malloc_sbrk_start
220f30b4 220f30b4        1     1         D:\Renesas\RA\e2studio_v2025-12_fsp_v6.4.0\toolchains\llvm_arm\ATfE-21.1.1-Windows-x86_64\bin\..\lib\clang-runtimes/arm-none-eabi/armv8.1m.main_hard_fpdp_nomve_exn_rtti_unaligned_size\lib\libc.a(libc_misc_lock.c.o):(.bss.__lock___libc_recursive_mutex)
220f30b4 220f30b4        1     1                 __lock___libc_recursive_mutex
220f30b8 220f30b8        4     4         D:\Renesas\RA\e2studio_v2025-12_fsp_v6.4.0\toolchains\llvm_arm\ATfE-21.1.1-Windows-x86_64\bin\..\lib\clang-runtimes/arm-none-eabi/armv8.1m.main_hard_fpdp_nomve_exn_rtti_unaligned_size\lib\libc.a(libc_picolib_machine_arm_tls.c.o):(.bss.__tls)
220f30b8 220f30b8        4     1                 __tls
220f30bc 220f30bc        0     1         __ram_zero$$Limit = .
220f30bc 220f30bc        0     1 __ram_tdata$$
220f30bc 220f30bc        0     1         __ram_tdata$$Base = .
220f30bc 220f30bc        0     1         __ram_tdata$$Load = LOADADDR(__ram_tdata$$)
220f30bc 220f30bc        0     1         __ram_tdata$$Limit = .
220f30bc 220f30bc        4     4 __ram_tbss$$
220f30bc 220f30bc        0     1         __ram_tbss$$Base = .
220f30bc 220f30bc        4     4         D:\Renesas\RA\e2studio_v2025-12_fsp_v6.4.0\toolchains\llvm_arm\ATfE-21.1.1-Windows-x86_64\bin\..\lib\clang-runtimes/arm-none-eabi/armv8.1m.main_hard_fpdp_nomve_exn_rtti_unaligned_size\lib\libc.a(libc_errno_errno.c.o):(.tbss.errno)
       0        0        4     1                 errno
220f30c0 220f30c0        0     1         __ram_tbss$$Limit = .
220f30c0 220f30c0        0     1 __ram_thread_stack$$
220f30c0 220f30c0        0     1         __ram_thread_stack$$Base = .
220f30c0 220f30c0        0     1         __ram_thread_stack$$Limit = .
220f3200 220f3200        0     1 .ram.endof
220f3200 220f3200        0     1         __ddsc_RAM_END = .
220f3200 220f3200        0     1 .ram.flat_nsc
220f3200 220f3200        0     1         __ddsc_RAM_NSC = .
 2000100  2000100    6b4c2    16 __flash_readonly$$
 2000100  2000100        0     1         __flash_readonly$$Base = .
 2000100  2000100       72     8         ./src/fatfs/ff.o:(.text.f_mount)
 2000100  2000100        0     1                 $t
 2000101  2000101       72     1                 f_mount
 2000178  2000178       40     8         ./src/fatfs/ff.o:(.text.get_ldnumber)
 2000178  2000178        0     1                 $t
 2000179  2000179       40     1                 get_ldnumber
 20001b8  20001b8      270     8         ./src/fatfs/ff.o:(.text.mount_volume)
 20001b8  20001b8        0     1                 $t
 20001b9  20001b9      270     1                 mount_volume
 2000428  2000428      230     8         ./src/fatfs/ff.o:(.text.f_open)
 2000428  2000428        0     1                 $t
 2000429  2000429      230     1                 f_open
 2000648  2000648        0     1                 $d
 2000658  2000658      204     8         ./src/fatfs/ff.o:(.text.follow_path)
 2000658  2000658        0     1                 $t
 2000659  2000659      204     1                 follow_path
 2000860  2000860       74     8         ./src/fatfs/ff.o:(.text.dir_register)
 2000860  2000860        0     1                 $t
 2000861  2000861       74     1                 dir_register
 20008d8  20008d8       92     8         ./src/fatfs/ff.o:(.text.remove_chain)
 20008d8  20008d8        0     1                 $t
 20008d9  20008d9       92     1                 remove_chain
 200096a  200096a       3a     2         ./src/fatfs/ff.o:(.text.move_window)
 200096a  200096a        0     1                 $t
 200096b  200096b       3a     1                 move_window
 20009a4  20009a4       cc     2         ./src/fatfs/ff.o:(.text.get_fat)
 20009a4  20009a4        0     1                 $t
 20009a5  20009a5       cc     1                 get_fat
 2000a70  2000a70       30     2         ./src/fatfs/ff.o:(.text.validate)
 2000a70  2000a70        0     1                 $t
 2000a71  2000a71       30     1                 validate
 2000aa0  2000aa0      1ae     8         ./src/fatfs/ff.o:(.text.f_write)
 2000aa0  2000aa0        0     1                 $t
 2000aa1  2000aa1      1ae     1                 f_write
 2000c50  2000c50      12c     8         ./src/fatfs/ff.o:(.text.create_chain)
 2000c50  2000c50        0     1                 $t
 2000c51  2000c51      12c     1                 create_chain
 2000d80  2000d80       a8     8         ./src/fatfs/ff.o:(.text.f_sync)
 2000d80  2000d80        0     1                 $t
 2000d81  2000d81       a8     1                 f_sync
 2000e18  2000e18        0     1                 $d
 2000e28  2000e28       a8     8         ./src/fatfs/ff.o:(.text.sync_fs)
 2000e28  2000e28        0     1                 $t
 2000e29  2000e29       a8     1                 sync_fs
 2000eb0  2000eb0        0     1                 $d
 2000ed0  2000ed0       1e     2         ./src/fatfs/ff.o:(.text.f_close)
 2000ed0  2000ed0        0     1                 $t
 2000ed1  2000ed1       1e     1                 f_close
 2000eee  2000eee       78     2         ./src/fatfs/ff.o:(.text.f_opendir)
 2000eee  2000eee        0     1                 $t
 2000eef  2000eef       78     1                 f_opendir
 2000f68  2000f68       78     8         ./src/fatfs/ff.o:(.text.dir_sdi)
 2000f68  2000f68        0     1                 $t
 2000f69  2000f69       78     1                 dir_sdi
 2000fe0  2000fe0       16     2         ./src/fatfs/ff.o:(.text.f_closedir)
 2000fe0  2000fe0        0     1                 $t
 2000fe1  2000fe1       16     1                 f_closedir
 2000ff6  2000ff6       42     2         ./src/fatfs/ff.o:(.text.f_readdir)
 2000ff6  2000ff6        0     1                 $t
 2000ff7  2000ff7       42     1                 f_readdir
 2001038  2001038       5c     8         ./src/fatfs/ff.o:(.text.dir_read)
 2001038  2001038        0     1                 $t
 2001039  2001039       5c     1                 dir_read
 2001098  2001098       70     8         ./src/fatfs/ff.o:(.text.get_fileinfo)
 2001098  2001098        0     1                 $t
 2001099  2001099       70     1                 get_fileinfo
 2001108  2001108       e8     2         ./src/fatfs/ff.o:(.text.dir_next)
 2001108  2001108        0     1                 $t
 2001109  2001109       e8     1                 dir_next
 20011f0  20011f0      140     8         ./src/fatfs/ff.o:(.text.f_mkdir)
 20011f0  20011f0        0     1                 $t
 20011f1  20011f1      140     1                 f_mkdir
 2001320  2001320        0     1                 $d
 2001330  2001330       66     8         ./src/fatfs/ff.o:(.text.dir_clear)
 2001330  2001330        0     1                 $t
 2001331  2001331       66     1                 dir_clear
 2001396  2001396       b4     2         ./src/fatfs/ff.o:(.text.check_fs)
 2001396  2001396        0     1                 $t
 2001397  2001397       b4     1                 check_fs
 200144a  200144a      108     2         ./src/fatfs/ff.o:(.text.put_fat)
 200144a  200144a        0     1                 $t
 200144b  200144b      108     1                 put_fat
 2001552  2001552       44     2         ./src/fatfs/ff.o:(.text.sync_window)
 2001552  2001552        0     1                 $t
 2001553  2001553       44     1                 sync_window
 2001598  2001598       88     4         ./src/ai_model/compute_sub_0002.o:(.text.compute_sub_0002)
 2001598  2001598        0     1                 $t
 2001599  2001599       88     1                 compute_sub_0002
 2001614  2001614        0     1                 $d
 2001620  2001620       54     4         ./src/ai_model/compute_sub_0004.o:(.text.compute_sub_0004)
 2001620  2001620        0     1                 $t
 2001621  2001621       54     1                 compute_sub_0004
 2001668  2001668        0     1                 $d
 2001678  2001678       24     8         ./src/ai_model/kernel_library_int.o:(.text.AffineDequantizeInt8ToFloat)
 2001678  2001678        0     1                 $t
 2001679  2001679       24     1                 AffineDequantizeInt8ToFloat
 20016a0  20016a0       be     8         ./src/ai_model/kernel_library_int.o:(.text.UpsamplingNearestNeighbor)
 20016a0  20016a0        0     1                 $t
 20016a1  20016a1       be     1                 UpsamplingNearestNeighbor
 2001760  2001760       8c     4         ./src/ai_model/kernel_library_utils.o:(.text.GetNearestNeighbor)
 2001760  2001760        0     1                 $t
 2001761  2001761       8c     1                 GetNearestNeighbor
 20017e8  20017e8        0     1                 $d
 20017ec  20017ec        a     2         ./src/ai_model/model.o:(.text.GetModelInputQuantizedPtr_images)
 20017ec  20017ec        0     1                 $t
 20017ed  20017ed        a     1                 GetModelInputQuantizedPtr_images
 20017f6  20017f6        a     2         ./src/ai_model/model.o:(.text.GetModelOutputPtr_reg_s22_70462_70750)
 20017f6  20017f6        0     1                 $t
 20017f7  20017f7        a     1                 GetModelOutputPtr_reg_s22_70462_70750
 2001800  2001800        a     2         ./src/ai_model/model.o:(.text.GetModelOutputPtr_obj_s22_70463_70748)
 2001800  2001800        0     1                 $t
 2001801  2001801        a     1                 GetModelOutputPtr_obj_s22_70463_70748
 200180a  200180a        a     2         ./src/ai_model/model.o:(.text.GetModelOutputPtr_cls_s22_70464_70746)
 200180a  200180a        0     1                 $t
 200180b  200180b        a     1                 GetModelOutputPtr_cls_s22_70464_70746
 2001814  2001814        a     2         ./src/ai_model/model.o:(.text.GetModelOutputPtr_reg_s11_70465_70749)
 2001814  2001814        0     1                 $t
 2001815  2001815        a     1                 GetModelOutputPtr_reg_s11_70465_70749
 200181e  200181e        a     2         ./src/ai_model/model.o:(.text.GetModelOutputPtr_obj_s11_70466_70747)
 200181e  200181e        0     1                 $t
 200181f  200181f        a     1                 GetModelOutputPtr_obj_s11_70466_70747
 2001828  2001828        a     2         ./src/ai_model/model.o:(.text.GetModelOutputPtr_cls_s11_70467_70745)
 2001828  2001828        0     1                 $t
 2001829  2001829        a     1                 GetModelOutputPtr_cls_s11_70467_70745
 2001832  2001832      14a     2         ./src/ai_model/model.o:(.text.RunModelQuantized)
 2001832  2001832        0     1                 $t
 2001833  2001833      14a     1                 RunModelQuantized
 2001980  2001980       e0     8         ./src/ai_model/sub_0001_invoke.o:(.text.sub_0001_invoke)
 2001980  2001980        0     1                 $t
 2001981  2001981       e0     1                 sub_0001_invoke
 2001a50  2001a50        0     1                 $d
 2001a60  2001a60       c8     8         ./src/ai_model/sub_0003_invoke.o:(.text.sub_0003_invoke)
 2001a60  2001a60        0     1                 $t
 2001a61  2001a61       c8     1                 sub_0003_invoke
 2001b18  2001b18        0     1                 $d
 2001b28  2001b28       88     2         ./src/dataset_storage.o:(.text.dataset_storage_sdhi_callback)
 2001b28  2001b28        0     1                 $t
 2001b29  2001b29       88     1                 dataset_storage_sdhi_callback
 2001bb0  2001bb0      3b6     8         ./src/dataset_storage.o:(.text.dataset_storage_mount)
 2001bb0  2001bb0        0     1                 $t
 2001bb1  2001bb1      3b6     1                 dataset_storage_mount
 2001f66  2001f66       d2     2         ./src/dataset_storage.o:(.text.sd_media_error_detail)
 2001f66  2001f66        0     1                 $t
 2001f67  2001f67       d2     1                 sd_media_error_detail
 2002038  2002038       5e     2         ./src/dataset_storage.o:(.text.reset_sd_session)
 2002038  2002038        0     1                 $t
 2002039  2002039       5e     1                 reset_sd_session
 2002098  2002098       6c     8         ./src/dataset_storage.o:(.text.create_dataset_directories)
 2002098  2002098        0     1                 $t
 2002099  2002099       6c     1                 create_dataset_directories
 2002108  2002108      330     8         ./src/dataset_storage.o:(.text.dataset_storage_save_frame)
 2002108  2002108        0     1                 $t
 2002109  2002109      330     1                 dataset_storage_save_frame
 2002438  2002438        c     2         ./src/dataset_storage.o:(.text.dataset_storage_get_status)
 2002438  2002438        0     1                 $t
 2002439  2002439        c     1                 dataset_storage_get_status
 2002444  2002444       1c     2         ./src/dataset_storage.o:(.text.dataset_storage_get_saved_count)
 2002444  2002444        0     1                 $t
 2002445  2002445       1c     1                 dataset_storage_get_saved_count
 2002460  2002460        c     2         ./src/dataset_storage.o:(.text.dataset_storage_get_error_detail)
 2002460  2002460        0     1                 $t
 2002461  2002461        c     1                 dataset_storage_get_error_detail
 200246c  200246c       18     2         ./src/dataset_storage.o:(.text.disk_initialize)
 200246c  200246c        0     1                 $t
 200246d  200246d       18     1                 disk_initialize
 2002484  2002484       28     2         ./src/dataset_storage.o:(.text.disk_status)
 2002484  2002484        0     1                 $t
 2002485  2002485       28     1                 disk_status
 20024ac  20024ac       6c     2         ./src/dataset_storage.o:(.text.disk_read)
 20024ac  20024ac        0     1                 $t
 20024ad  20024ad       6c     1                 disk_read
 2002518  2002518       46     8         ./src/dataset_storage.o:(.text.sd_wait_for_transfer)
 2002518  2002518        0     1                 $t
 2002519  2002519       46     1                 sd_wait_for_transfer
 200255e  200255e       6c     2         ./src/dataset_storage.o:(.text.disk_write)
 200255e  200255e        0     1                 $t
 200255f  200255f       6c     1                 disk_write
 20025cc  20025cc       56     4         ./src/dataset_storage.o:(.text.disk_ioctl)
 20025cc  20025cc        0     1                 $t
 20025cd  20025cd       56     1                 disk_ioctl
 20025ea  20025ea        0     1                 $d
 20025ee  20025ee        0     1                 $t
 2002622  2002622       3a     2         ./src/dataset_storage.o:(.text.fat_write_exact)
 2002622  2002622        0     1                 $t
 2002623  2002623       3a     1                 fat_write_exact
 2002660  2002660       a2     8         ./src/dataset_storage.o:(.text.build_directory_path)
 2002660  2002660        0     1                 $t
 2002661  2002661       a2     1                 build_directory_path
 2002702  2002702       22     2         ./src/ft6336.o:(.text.ft6336_i2c_callback)
 2002702  2002702        0     1                 $t
 2002703  2002703       22     1                 ft6336_i2c_callback
 2002724  2002724      100     2         ./src/ft6336.o:(.text.ft6336_init)
 2002724  2002724        0     1                 $t
 2002725  2002725      100     1                 ft6336_init
 2002828  2002828       ca     8         ./src/ft6336.o:(.text.ft6336_read_regs)
 2002828  2002828        0     1                 $t
 2002829  2002829       ca     1                 ft6336_read_regs
 20028f2  20028f2        c     2         ./src/ft6336.o:(.text.ft6336_get_status)
 20028f2  20028f2        0     1                 $t
 20028f3  20028f3        c     1                 ft6336_get_status
 20028fe  20028fe        c     2         ./src/ft6336.o:(.text.ft6336_get_bus_levels)
 20028fe  20028fe        0     1                 $t
 20028ff  20028ff        c     1                 ft6336_get_bus_levels
 200290a  200290a       88     2         ./src/ft6336.o:(.text.ft6336_read)
 200290a  200290a        0     1                 $t
 200290b  200290b       88     1                 ft6336_read
 2002992  2002992       4e     2         ./src/hal_entry.o:(.text.dataset_storage_progress)
 2002992  2002992        0     1                 $t
 2002993  2002993       4e     1                 dataset_storage_progress
 20029e0  20029e0       26     2         ./src/hal_entry.o:(.text.g_ceu_callback)
 20029e0  20029e0        0     1                 $t
 20029e1  20029e1       26     1                 g_ceu_callback
 2002a08  2002a08      6a6     8         ./src/hal_entry.o:(.text.hal_entry)
 2002a08  2002a08        0     1                 $t
 2002a09  2002a09      6a6     1                 hal_entry
 2002e54  2002e54        0     1                 $d
 2002e68  2002e68        0     1                 $t
 20030b0  20030b0       84     8         ./src/hal_entry.o:(.text.draw_dataset_dashboard_now)
 20030b0  20030b0        0     1                 $t
 20030b1  20030b1       84     1                 draw_dataset_dashboard_now
 2003134  2003134       1a     2         ./src/hal_warmstart.o:(.text.R_BSP_WarmStart)
 2003134  2003134        0     1                 $t
 2003135  2003135       1a     1                 R_BSP_WarmStart
 200314e  200314e       1c     2         ./src/ili9488.o:(.text.spi_callback)
 200314e  200314e        0     1                 $t
 200314f  200314f       1c     1                 spi_callback
 2003170  2003170      d8a     8         ./src/ili9488.o:(.text.ili9488_init)
 2003170  2003170        0     1                 $t
 2003171  2003171      d8a     1                 ili9488_init
 2003f00  2003f00       96     8         ./src/ili9488.o:(.text.ili9488_fill_color)
 2003f00  2003f00        0     1                 $t
 2003f01  2003f01       96     1                 ili9488_fill_color
 2003f96  2003f96      1ca     2         ./src/ili9488.o:(.text.ili9488_set_window)
 2003f96  2003f96        0     1                 $t
 2003f97  2003f97      1ca     1                 ili9488_set_window
 2004160  2004160       a8     8         ./src/ili9488.o:(.text.spi_write_bytes)
 2004160  2004160        0     1                 $t
 2004161  2004161       a8     1                 spi_write_bytes
 2004208  2004208       ce     8         ./src/ili9488.o:(.text.ili9488_display_qvga_2x)
 2004208  2004208        0     1                 $t
 2004209  2004209       ce     1                 ili9488_display_qvga_2x
 20042d8  20042d8       c6     8         ./src/ili9488.o:(.text.ili9488_fill_rect)
 20042d8  20042d8        0     1                 $t
 20042d9  20042d9       c6     1                 ili9488_fill_rect
 20043a0  20043a0     12a8     8         ./src/ili9488.o:(.text.ili9488_draw_dashboard)
 20043a0  20043a0        0     1                 $t
 20043a1  20043a1     12a8     1                 ili9488_draw_dashboard
 2005648  2005648      298     8         ./src/ili9488.o:(.text.ili9488_draw_controls)
 2005648  2005648        0     1                 $t
 2005649  2005649      298     1                 ili9488_draw_controls
 20058e0  20058e0      380     8         ./src/ili9488.o:(.text.ili9488_draw_dataset_controls)
 20058e0  20058e0        0     1                 $t
 20058e1  20058e1      380     1                 ili9488_draw_dataset_controls
 2005c60  2005c60       3a     2         ./src/ili9488.o:(.text.spi_recover)
 2005c60  2005c60        0     1                 $t
 2005c61  2005c61       3a     1                 spi_recover
 2005c9a  2005c9a       2e     2         ./src/ili9488.o:(.text.dashboard_append_i32)
 2005c9a  2005c9a        0     1                 $t
 2005c9b  2005c9b       2e     1                 dashboard_append_i32
 2005cc8  2005cc8       76     8         ./src/ili9488.o:(.text.dashboard_append_u32)
 2005cc8  2005cc8        0     1                 $t
 2005cc9  2005cc9       76     1                 dashboard_append_u32
 2005d3e  2005d3e       5e     2         ./src/machine_control.o:(.text.machine_servo_set)
 2005d3e  2005d3e        0     1                 $t
 2005d3f  2005d3f       5e     1                 machine_servo_set
 2005d9c  2005d9c       3a     2         ./src/machine_control.o:(.text.all_servos_stop)
 2005d9c  2005d9c        0     1                 $t
 2005d9d  2005d9d       3a     1                 all_servos_stop
 2005dd6  2005dd6       2e     2         ./src/machine_control.o:(.text.machine_stepper_stop)
 2005dd6  2005dd6        0     1                 $t
 2005dd7  2005dd7       2e     1                 machine_stepper_stop
 2005e04  2005e04       7e     2         ./src/machine_control.o:(.text.machine_stepper_run)
 2005e04  2005e04        0     1                 $t
 2005e05  2005e05       7e     1                 machine_stepper_run
 2005e82  2005e82      126     2         ./src/machine_control.o:(.text.machine_control_init)
 2005e82  2005e82        0     1                 $t
 2005e83  2005e83      126     1                 machine_control_init
 2005fa8  2005fa8       7e     2         ./src/machine_control.o:(.text.machine_control_set_mode)
 2005fa8  2005fa8        0     1                 $t
 2005fa9  2005fa9       7e     1                 machine_control_set_mode
 2006026  2006026        e     2         ./src/machine_control.o:(.text.machine_control_set_weight)
 2006026  2006026        0     1                 $t
 2006027  2006027        e     1                 machine_control_set_weight
 2006034  2006034      4ac     4         ./src/machine_control.o:(.text.machine_control_process)
 2006034  2006034        0     1                 $t
 2006035  2006035      4ac     1                 machine_control_process
 2006066  2006066        0     1                 $d
 2006076  2006076        0     1                 $t
 200645c  200645c        0     1                 $d
 2006460  2006460        0     1                 $t
 20064dc  20064dc        0     1                 $d
 20064e0  20064e0       70     2         ./src/machine_control.o:(.text.sorting_servo_start)
 20064e0  20064e0        0     1                 $t
 20064e1  20064e1       70     1                 sorting_servo_start
 2006550  2006550       5a     2         ./src/machine_control.o:(.text.machine_control_get_status)
 2006550  2006550        0     1                 $t
 2006551  2006551       5a     1                 machine_control_get_status
 20065b0  20065b0      15e     8         ./src/ov5640.o:(.text.ov5640_init)
 20065b0  20065b0        0     1                 $t
 20065b1  20065b1      15e     1                 ov5640_init
 2006710  2006710       58     8         ./src/ov5640.o:(.text.sccb_bus_recover)
 2006710  2006710        0     1                 $t
 2006711  2006711       58     1                 sccb_bus_recover
 2006768  2006768       46     2         ./src/ov5640.o:(.text.ov5640_read_reg)
 2006768  2006768        0     1                 $t
 2006769  2006769       46     1                 ov5640_read_reg
 20067ae  20067ae       36     2         ./src/ov5640.o:(.text.ov5640_write_reg)
 20067ae  20067ae        0     1                 $t
 20067af  20067af       36     1                 ov5640_write_reg
 20067e4  20067e4       34     2         ./src/ov5640.o:(.text.sccb_stop)
 20067e4  20067e4        0     1                 $t
 20067e5  20067e5       34     1                 sccb_stop
 2006818  2006818       3a     2         ./src/ov5640.o:(.text.sccb_start)
 2006818  2006818        0     1                 $t
 2006819  2006819       3a     1                 sccb_start
 2006858  2006858       76     8         ./src/ov5640.o:(.text.sccb_send_byte)
 2006858  2006858        0     1                 $t
 2006859  2006859       76     1                 sccb_send_byte
 20068d0  20068d0       70     8         ./src/ov5640.o:(.text.sccb_read_byte)
 20068d0  20068d0        0     1                 $t
 20068d1  20068d1       70     1                 sccb_read_byte
 2006940  2006940       36     2         ./src/platform_services.o:(.text.platform_services_init)
 2006940  2006940        0     1                 $t
 2006941  2006941       36     1                 platform_services_init
 2006976  2006976       24     2         ./src/platform_services.o:(.text.platform_services_poll)
 2006976  2006976        0     1                 $t
 2006977  2006977       24     1                 platform_services_poll
 200699a  200699a       2a     2         ./src/platform_services.o:(.text.platform_services_touch_read)
 200699a  200699a        0     1                 $t
 200699b  200699b       2a     1                 platform_services_touch_read
 20069c4  20069c4       24     2         ./src/platform_services.o:(.text.platform_services_weight_get)
 20069c4  20069c4        0     1                 $t
 20069c5  20069c5       24     1                 platform_services_weight_get
 20069e8  20069e8       16     2         ./src/platform_services.o:(.text.platform_services_health_get)
 20069e8  20069e8        0     1                 $t
 20069e9  20069e9       16     1                 platform_services_health_get
 20069fe  20069fe        2     2         ./src/platform_services.o:(.text.platform_services_m85_heartbeat)
 20069fe  20069fe        0     1                 $t
 20069ff  20069ff        2     1                 platform_services_m85_heartbeat
 2006a00  2006a00      112     2         ./src/weight_sensor.o:(.text.weight_uart_callback)
 2006a00  2006a00        0     1                 $t
 2006a01  2006a01      112     1                 weight_uart_callback
 2006b12  2006b12       2e     2         ./src/weight_sensor.o:(.text.weight_sensor_init)
 2006b12  2006b12        0     1                 $t
 2006b13  2006b13       2e     1                 weight_sensor_init
 2006b40  2006b40       12     2         ./src/weight_sensor.o:(.text.weight_sensor_has_value)
 2006b40  2006b40        0     1                 $t
 2006b41  2006b41       12     1                 weight_sensor_has_value
 2006b52  2006b52        e     2         ./src/weight_sensor.o:(.text.weight_sensor_get_grams)
 2006b52  2006b52        0     1                 $t
 2006b53  2006b53        e     1                 weight_sensor_get_grams
 2006b60  2006b60        c     2         ./src/weight_sensor.o:(.text.weight_sensor_get_frame_count)
 2006b60  2006b60        0     1                 $t
 2006b61  2006b61        c     1                 weight_sensor_get_frame_count
 2006b6c  2006b6c        e     2         ./src/weight_sensor.o:(.text.weight_sensor_get_last_raw)
 2006b6c  2006b6c        0     1                 $t
 2006b6d  2006b6d        e     1                 weight_sensor_get_last_raw
 2006b7a  2006b7a       14     2         ./src/yolo_detector.o:(.text.yolo_detector_open)
 2006b7a  2006b7a        0     1                 $t
 2006b7b  2006b7b       14     1                 yolo_detector_open
 2006b90  2006b90      3a8     8         ./src/yolo_detector.o:(.text.yolo_detector_infer)
 2006b90  2006b90        0     1                 $t
 2006b91  2006b91      3a8     1                 yolo_detector_infer
 2006f28  2006f28        0     1                 $d
 2006f38  2006f38      444     8         ./src/yolo_detector.o:(.text.decode_scale)
 2006f38  2006f38        0     1                 $t
 2006f39  2006f39      444     1                 decode_scale
 20072b8  20072b8        0     1                 $d
 20072d0  20072d0        0     1                 $t
 2007378  2007378        0     1                 $d
 200737c  200737c       9c     4         ./src/yolo_detector.o:(.text.intersection_over_union)
 200737c  200737c        0     1                 $t
 200737d  200737d       9c     1                 intersection_over_union
 2007414  2007414        0     1                 $d
 2007418  2007418      2f8     8         ./src/yolo_detector.o:(.text.yolo_detector_draw_latest)
 2007418  2007418        0     1                 $t
 2007419  2007419      2f8     1                 yolo_detector_draw_latest
 200770c  200770c        0     1                 $d
 2007710  2007710       8a     8         ./src/yolo_detector.o:(.text.yolo_detector_get_best)
 2007710  2007710        0     1                 $t
 2007711  2007711       8a     1                 yolo_detector_get_best
 20077a0  20077a0       d8     8         ./src/yolo_detector.o:(.text.draw_text)
 20077a0  20077a0        0     1                 $t
 20077a1  20077a1       d8     1                 draw_text
 2007878  2007878        6     2         ./ra_gen/hal_data.o:(.text.g_sdmmc0_dmac_callback)
 2007878  2007878        0     1                 $t
 2007879  2007879        6     1                 g_sdmmc0_dmac_callback
 200787e  200787e        a     2         ./ra_gen/main.o:(.text.main)
 200787e  200787e        0     1                 $t
 200787f  200787f        a     1                 main
 2007888  2007888        2     2         ./ra/npu/ethos-u-core-driver/src/ethosu_device_u55_u65.o:(.text.ethosu_address_remap)
 2007888  2007888        0     1                 $t
 2007889  2007889        2     1                 ethosu_address_remap
 200788a  200788a       22     2         ./ra/npu/ethos-u-core-driver/src/ethosu_device_u55_u65.o:(.text.ethosu_dev_init)
 200788a  200788a        0     1                 $t
 200788b  200788b       22     1                 ethosu_dev_init
 20078b0  20078b0       88     8         ./ra/npu/ethos-u-core-driver/src/ethosu_device_u55_u65.o:(.text.ethosu_dev_soft_reset)
 20078b0  20078b0        0     1                 $t
 20078b1  20078b1       88     1                 ethosu_dev_soft_reset
 2007938  2007938       bc     8         ./ra/npu/ethos-u-core-driver/src/ethosu_device_u55_u65.o:(.text.ethosu_dev_run_command_stream)
 2007938  2007938        0     1                 $t
 2007939  2007939       bc     1                 ethosu_dev_run_command_stream
 20079f4  20079f4        2     2         ./ra/npu/ethos-u-core-driver/src/ethosu_device_u55_u65.o:(.text.ethosu_dev_print_err_status)
 20079f4  20079f4        0     1                 $t
 20079f5  20079f5        2     1                 ethosu_dev_print_err_status
 20079f6  20079f6       36     2         ./ra/npu/ethos-u-core-driver/src/ethosu_device_u55_u65.o:(.text.ethosu_dev_handle_interrupt)
 20079f6  20079f6        0     1                 $t
 20079f7  20079f7       36     1                 ethosu_dev_handle_interrupt
 2007a2c  2007a2c       32     2         ./ra/npu/ethos-u-core-driver/src/ethosu_device_u55_u65.o:(.text.ethosu_dev_set_clock_and_power)
 2007a2c  2007a2c        0     1                 $t
 2007a2d  2007a2d       32     1                 ethosu_dev_set_clock_and_power
 2007a5e  2007a5e       52     2         ./ra/npu/ethos-u-core-driver/src/ethosu_device_u55_u65.o:(.text.ethosu_dev_verify_optimizer_config)
 2007a5e  2007a5e        0     1                 $t
 2007a5f  2007a5f       52     1                 ethosu_dev_verify_optimizer_config
 2007ab0  2007ab0        a     2         ./ra/npu/ethos-u-core-driver/src/ethosu_driver.o:(.text.ethosu_mutex_create)
 2007ab0  2007ab0        0     1                 $t
 2007ab1  2007ab1        a     1                 ethosu_mutex_create
 2007aba  2007aba        4     2         ./ra/npu/ethos-u-core-driver/src/ethosu_driver.o:(.text.ethosu_mutex_lock)
 2007aba  2007aba        0     1                 $t
 2007abb  2007abb        4     1                 ethosu_mutex_lock
 2007abe  2007abe        4     2         ./ra/npu/ethos-u-core-driver/src/ethosu_driver.o:(.text.ethosu_mutex_unlock)
 2007abe  2007abe        0     1                 $t
 2007abf  2007abf        4     1                 ethosu_mutex_unlock
 2007ac2  2007ac2       10     2         ./ra/npu/ethos-u-core-driver/src/ethosu_driver.o:(.text.ethosu_semaphore_create)
 2007ac2  2007ac2        0     1                 $t
 2007ac3  2007ac3       10     1                 ethosu_semaphore_create
 2007ad8  2007ad8       18     8         ./ra/npu/ethos-u-core-driver/src/ethosu_driver.o:(.text.ethosu_semaphore_take)
 2007ad8  2007ad8        0     1                 $t
 2007ad9  2007ad9       18     1                 ethosu_semaphore_take
 2007af0  2007af0        c     2         ./ra/npu/ethos-u-core-driver/src/ethosu_driver.o:(.text.ethosu_semaphore_give)
 2007af0  2007af0        0     1                 $t
 2007af1  2007af1        c     1                 ethosu_semaphore_give
 2007afc  2007afc        2     2         ./ra/npu/ethos-u-core-driver/src/ethosu_driver.o:(.text.ethosu_inference_begin)
 2007afc  2007afc        0     1                 $t
 2007afd  2007afd        2     1                 ethosu_inference_begin
 2007afe  2007afe        2     2         ./ra/npu/ethos-u-core-driver/src/ethosu_driver.o:(.text.ethosu_inference_end)
 2007afe  2007afe        0     1                 $t
 2007aff  2007aff        2     1                 ethosu_inference_end
 2007b00  2007b00       28     2         ./ra/npu/ethos-u-core-driver/src/ethosu_driver.o:(.text.ethosu_irq_handler)
 2007b00  2007b00        0     1                 $t
 2007b01  2007b01       28     1                 ethosu_irq_handler
 2007b28  2007b28       a6     2         ./ra/npu/ethos-u-core-driver/src/ethosu_driver.o:(.text.ethosu_init)
 2007b28  2007b28        0     1                 $t
 2007b29  2007b29       a6     1                 ethosu_init
 2007bce  2007bce       24     2         ./ra/npu/ethos-u-core-driver/src/ethosu_driver.o:(.text.ethosu_soft_reset)
 2007bce  2007bce        0     1                 $t
 2007bcf  2007bcf       24     1                 ethosu_soft_reset
 2007bf2  2007bf2       2a     2         ./ra/npu/ethos-u-core-driver/src/ethosu_driver.o:(.text.ethosu_request_power)
 2007bf2  2007bf2        0     1                 $t
 2007bf3  2007bf3       2a     1                 ethosu_request_power
 2007c20  2007c20       c8     8         ./ra/npu/ethos-u-core-driver/src/ethosu_driver.o:(.text.ethosu_wait)
 2007c20  2007c20        0     1                 $t
 2007c21  2007c21       c8     1                 ethosu_wait
 2007ce8  2007ce8      1a2     8         ./ra/npu/ethos-u-core-driver/src/ethosu_driver.o:(.text.ethosu_invoke_async)
 2007ce8  2007ce8        0     1                 $t
 2007ce9  2007ce9      1a2     1                 ethosu_invoke_async
 2007e8a  2007e8a       2e     2         ./ra/npu/ethos-u-core-driver/src/ethosu_driver.o:(.text.ethosu_invoke_v3)
 2007e8a  2007e8a        0     1                 $t
 2007e8b  2007e8b       2e     1                 ethosu_invoke_v3
 2007eb8  2007eb8       d8     2         ./ra/fsp/src/rm_ethosu/rm_ethosu.o:(.text.RM_ETHOSU_Open)
 2007eb8  2007eb8        0     1                 $t
 2007eb9  2007eb9       d8     1                 RM_ETHOSU_Open
 2007f90  2007f90       62     2         ./ra/fsp/src/rm_ethosu/rm_ethosu.o:(.text.rm_ethosu_isr)
 2007f90  2007f90        0     1                 $t
 2007f91  2007f91       62     1                 rm_ethosu_isr
 2007ff2  2007ff2        2     2         ./ra/fsp/src/rm_ethosu/rm_ethosu.o:(.text.ethosu_flush_dcache)
 2007ff2  2007ff2        0     1                 $t
 2007ff3  2007ff3        2     1                 ethosu_flush_dcache
 2007ff4  2007ff4        2     2         ./ra/fsp/src/rm_ethosu/rm_ethosu.o:(.text.ethosu_invalidate_dcache)
 2007ff4  2007ff4        0     1                 $t
 2007ff5  2007ff5        2     1                 ethosu_invalidate_dcache
 2007ff6  2007ff6      314     2         ./ra/fsp/src/r_spi_b/r_spi_b.o:(.text.R_SPI_B_Open)
 2007ff6  2007ff6        0     1                 $t
 2007ff7  2007ff7      314     1                 R_SPI_B_Open
 200830a  200830a       16     2         ./ra/fsp/src/r_spi_b/r_spi_b.o:(.text.R_SPI_B_Read)
 200830a  200830a        0     1                 $t
 200830b  200830b       16     1                 R_SPI_B_Read
 2008320  2008320       14     2         ./ra/fsp/src/r_spi_b/r_spi_b.o:(.text.R_SPI_B_Write)
 2008320  2008320        0     1                 $t
 2008321  2008321       14     1                 R_SPI_B_Write
 2008334  2008334        c     2         ./ra/fsp/src/r_spi_b/r_spi_b.o:(.text.R_SPI_B_WriteRead)
 2008334  2008334        0     1                 $t
 2008335  2008335        c     1                 R_SPI_B_WriteRead
 2008340  2008340        c     2         ./ra/fsp/src/r_spi_b/r_spi_b.o:(.text.R_SPI_B_CallbackSet)
 2008340  2008340        0     1                 $t
 2008341  2008341        c     1                 R_SPI_B_CallbackSet
 200834c  200834c       e8     2         ./ra/fsp/src/r_spi_b/r_spi_b.o:(.text.R_SPI_B_Close)
 200834c  200834c        0     1                 $t
 200834d  200834d       e8     1                 R_SPI_B_Close
 2008434  2008434      140     2         ./ra/fsp/src/r_spi_b/r_spi_b.o:(.text.r_spi_b_write_read_common)
 2008434  2008434        0     1                 $t
 2008435  2008435      140     1                 r_spi_b_write_read_common
 2008574  2008574       96     2         ./ra/fsp/src/r_spi_b/r_spi_b.o:(.text.spi_b_rxi_isr)
 2008574  2008574        0     1                 $t
 2008575  2008575       96     1                 spi_b_rxi_isr
 200860a  200860a       a6     2         ./ra/fsp/src/r_spi_b/r_spi_b.o:(.text.spi_b_txi_isr)
 200860a  200860a        0     1                 $t
 200860b  200860b       a6     1                 spi_b_txi_isr
 20086b0  20086b0       6e     2         ./ra/fsp/src/r_spi_b/r_spi_b.o:(.text.r_spi_b_transmit)
 20086b0  20086b0        0     1                 $t
 20086b1  20086b1       6e     1                 r_spi_b_transmit
 200871e  200871e       e0     2         ./ra/fsp/src/r_spi_b/r_spi_b.o:(.text.spi_b_tei_isr)
 200871e  200871e        0     1                 $t
 200871f  200871f       e0     1                 spi_b_tei_isr
 20087fe  20087fe       3e     2         ./ra/fsp/src/r_spi_b/r_spi_b.o:(.text.r_spi_b_call_callback)
 20087fe  20087fe        0     1                 $t
 20087ff  20087ff       3e     1                 r_spi_b_call_callback
 200883c  200883c       e2     2         ./ra/fsp/src/r_spi_b/r_spi_b.o:(.text.spi_b_eri_isr)
 200883c  200883c        0     1                 $t
 200883d  200883d       e2     1                 spi_b_eri_isr
 200891e  200891e      156     2         ./ra/fsp/src/r_sdhi/r_sdhi.o:(.text.R_SDHI_Open)
 200891e  200891e        0     1                 $t
 200891f  200891f      156     1                 R_SDHI_Open
 2008a78  2008a78      23a     8         ./ra/fsp/src/r_sdhi/r_sdhi.o:(.text.R_SDHI_MediaInit)
 2008a78  2008a78        0     1                 $t
 2008a79  2008a79      23a     1                 R_SDHI_MediaInit
 2008cb2  2008cb2       da     2         ./ra/fsp/src/r_sdhi/r_sdhi.o:(.text.R_SDHI_Read)
 2008cb2  2008cb2        0     1                 $t
 2008cb3  2008cb3       da     1                 R_SDHI_Read
 2008d8c  2008d8c       f4     2         ./ra/fsp/src/r_sdhi/r_sdhi.o:(.text.R_SDHI_Write)
 2008d8c  2008d8c        0     1                 $t
 2008d8d  2008d8d       f4     1                 R_SDHI_Write
 2008e80  2008e80        4     2         ./ra/fsp/src/r_sdhi/r_sdhi.o:(.text.R_SDHI_ReadIo)
 2008e80  2008e80        0     1                 $t
 2008e81  2008e81        4     1                 R_SDHI_ReadIo
 2008e84  2008e84        4     2         ./ra/fsp/src/r_sdhi/r_sdhi.o:(.text.R_SDHI_WriteIo)
 2008e84  2008e84        0     1                 $t
 2008e85  2008e85        4     1                 R_SDHI_WriteIo
 2008e88  2008e88        4     2         ./ra/fsp/src/r_sdhi/r_sdhi.o:(.text.R_SDHI_ReadIoExt)
 2008e88  2008e88        0     1                 $t
 2008e89  2008e89        4     1                 R_SDHI_ReadIoExt
 2008e8c  2008e8c        4     2         ./ra/fsp/src/r_sdhi/r_sdhi.o:(.text.R_SDHI_WriteIoExt)
 2008e8c  2008e8c        0     1                 $t
 2008e8d  2008e8d        4     1                 R_SDHI_WriteIoExt
 2008e90  2008e90        4     2         ./ra/fsp/src/r_sdhi/r_sdhi.o:(.text.R_SDHI_IoIntEnable)
 2008e90  2008e90        0     1                 $t
 2008e91  2008e91        4     1                 R_SDHI_IoIntEnable
 2008e94  2008e94       2e     2         ./ra/fsp/src/r_sdhi/r_sdhi.o:(.text.R_SDHI_StatusGet)
 2008e94  2008e94        0     1                 $t
 2008e95  2008e95       2e     1                 R_SDHI_StatusGet
 2008ec2  2008ec2       a8     2         ./ra/fsp/src/r_sdhi/r_sdhi.o:(.text.R_SDHI_Erase)
 2008ec2  2008ec2        0     1                 $t
 2008ec3  2008ec3       a8     1                 R_SDHI_Erase
 2008f6a  2008f6a        e     2         ./ra/fsp/src/r_sdhi/r_sdhi.o:(.text.R_SDHI_CallbackSet)
 2008f6a  2008f6a        0     1                 $t
 2008f6b  2008f6b        e     1                 R_SDHI_CallbackSet
 2008f78  2008f78       b6     2         ./ra/fsp/src/r_sdhi/r_sdhi.o:(.text.R_SDHI_Close)
 2008f78  2008f78        0     1                 $t
 2008f79  2008f79       b6     1                 R_SDHI_Close
 200902e  200902e       5c     2         ./ra/fsp/src/r_sdhi/r_sdhi.o:(.text.r_sdhi_irq_enable)
 200902e  200902e        0     1                 $t
 200902f  200902f       5c     1                 r_sdhi_irq_enable
 2009090  2009090       da     8         ./ra/fsp/src/r_sdhi/r_sdhi.o:(.text.r_sdhi_command_send)
 2009090  2009090        0     1                 $t
 2009091  2009091       da     1                 r_sdhi_command_send
 200916a  200916a       68     2         ./ra/fsp/src/r_sdhi/r_sdhi.o:(.text.r_sdhi_command_send_no_wait)
 200916a  200916a        0     1                 $t
 200916b  200916b       68     1                 r_sdhi_command_send_no_wait
 20091d2  20091d2       96     2         ./ra/fsp/src/r_sdhi/r_sdhi.o:(.text.r_sdhi_transfer_callback)
 20091d2  20091d2        0     1                 $t
 20091d3  20091d3       96     1                 r_sdhi_transfer_callback
 2009268  2009268       4a     2         ./ra/fsp/src/r_sdhi/r_sdhi.o:(.text.r_sdhi_call_callback)
 2009268  2009268        0     1                 $t
 2009269  2009269       4a     1                 r_sdhi_call_callback
 20092b2  20092b2      158     2         ./ra/fsp/src/r_sdhi/r_sdhi.o:(.text.sdhimmc_accs_isr)
 20092b2  20092b2        0     1                 $t
 20092b3  20092b3      158     1                 sdhimmc_accs_isr
 200940a  200940a       7c     2         ./ra/fsp/src/r_sdhi/r_sdhi.o:(.text.sdhimmc_card_isr)
[...]
__itcm_from_ospi1_cs1$$Base                       fsp_gen.lld:228
                                                  ./ra/fsp/src/bsp/mcu/ra8p1/bsp_linker.o
__itcm_from_ospi1_cs1$$Limit                      fsp_gen.lld:233
                                                  ./ra/fsp/src/bsp/mcu/ra8p1/bsp_linker.o
__itcm_from_ospi1_cs1$$Load                       fsp_gen.lld:228
                                                  ./ra/fsp/src/bsp/mcu/ra8p1/bsp_linker.o
__itcm_from_data_flash$$Base                      fsp_gen.lld:328
                                                  ./ra/fsp/src/bsp/mcu/ra8p1/bsp_linker.o
__itcm_from_data_flash$$Limit                     fsp_gen.lld:333
                                                  ./ra/fsp/src/bsp/mcu/ra8p1/bsp_linker.o
__itcm_from_data_flash$$Load                      fsp_gen.lld:328
                                                  ./ra/fsp/src/bsp/mcu/ra8p1/bsp_linker.o
__itcm_from_flash$$Base                           fsp_gen.lld:557
                                                  ./ra/fsp/src/bsp/mcu/ra8p1/bsp_linker.o
__itcm_from_flash$$Limit                          fsp_gen.lld:562
                                                  ./ra/fsp/src/bsp/mcu/ra8p1/bsp_linker.o
__itcm_from_flash$$Load                           fsp_gen.lld:557
                                                  ./ra/fsp/src/bsp/mcu/ra8p1/bsp_linker.o
__dtcm_from_ospi0_cs1$$Base                       fsp_gen.lld:129
                                                  ./ra/fsp/src/bsp/mcu/ra8p1/bsp_linker.o
__dtcm_from_ospi0_cs1$$Limit                      fsp_gen.lld:134
                                                  ./ra/fsp/src/bsp/mcu/ra8p1/bsp_linker.o
__dtcm_from_ospi0_cs1$$Load                       fsp_gen.lld:129
                                                  ./ra/fsp/src/bsp/mcu/ra8p1/bsp_linker.o
__dtcm_from_ospi1_cs1$$Base                       fsp_gen.lld:240
                                                  ./ra/fsp/src/bsp/mcu/ra8p1/bsp_linker.o
__dtcm_from_ospi1_cs1$$Limit                      fsp_gen.lld:245
                                                  ./ra/fsp/src/bsp/mcu/ra8p1/bsp_linker.o
__dtcm_from_ospi1_cs1$$Load                       fsp_gen.lld:240
                                                  ./ra/fsp/src/bsp/mcu/ra8p1/bsp_linker.o
__dtcm_from_data_flash$$Base                      fsp_gen.lld:340
                                                  ./ra/fsp/src/bsp/mcu/ra8p1/bsp_linker.o
__dtcm_from_data_flash$$Limit                     fsp_gen.lld:345
                                                  ./ra/fsp/src/bsp/mcu/ra8p1/bsp_linker.o
__dtcm_from_data_flash$$Load                      fsp_gen.lld:340
                                                  ./ra/fsp/src/bsp/mcu/ra8p1/bsp_linker.o
__dtcm_from_flash$$Base                           fsp_gen.lld:590
                                                  ./ra/fsp/src/bsp/mcu/ra8p1/bsp_linker.o
__dtcm_from_flash$$Limit                          fsp_gen.lld:595
                                                  ./ra/fsp/src/bsp/mcu/ra8p1/bsp_linker.o
__dtcm_from_flash$$Load                           fsp_gen.lld:590
                                                  ./ra/fsp/src/bsp/mcu/ra8p1/bsp_linker.o
__ram_from_ospi0_cs1$$Base                        fsp_gen.lld:152
                                                  ./ra/fsp/src/bsp/mcu/ra8p1/bsp_linker.o
__ram_from_ospi0_cs1$$Limit                       fsp_gen.lld:157
                                                  ./ra/fsp/src/bsp/mcu/ra8p1/bsp_linker.o
__ram_from_ospi0_cs1$$Load                        fsp_gen.lld:152
                                                  ./ra/fsp/src/bsp/mcu/ra8p1/bsp_linker.o
__ram_from_ospi1_cs1$$Base                        fsp_gen.lld:252
                                                  ./ra/fsp/src/bsp/mcu/ra8p1/bsp_linker.o
__ram_from_ospi1_cs1$$Limit                       fsp_gen.lld:257
                                                  ./ra/fsp/src/bsp/mcu/ra8p1/bsp_linker.o
__ram_from_ospi1_cs1$$Load                        fsp_gen.lld:252
                                                  ./ra/fsp/src/bsp/mcu/ra8p1/bsp_linker.o
__ram_from_data_flash$$Base                       fsp_gen.lld:352
                                                  ./ra/fsp/src/bsp/mcu/ra8p1/bsp_linker.o
__ram_from_data_flash$$Limit                      fsp_gen.lld:357
                                                  ./ra/fsp/src/bsp/mcu/ra8p1/bsp_linker.o
__ram_from_data_flash$$Load                       fsp_gen.lld:352
                                                  ./ra/fsp/src/bsp/mcu/ra8p1/bsp_linker.o
__ram_from_flash$$Base                            fsp_gen.lld:623
                                                  ./ra/fsp/src/bsp/mcu/ra8p1/bsp_linker.o
__ram_from_flash$$Limit                           fsp_gen.lld:630
                                                  ./ra/fsp/src/bsp/mcu/ra8p1/bsp_linker.o
__ram_from_flash$$Load                            fsp_gen.lld:623
                                                  ./ra/fsp/src/bsp/mcu/ra8p1/bsp_linker.o
__ram_tdata$$Base                                 fsp_gen.lld:672
                                                  ./ra/fsp/src/bsp/mcu/ra8p1/bsp_linker.o
__ram_tdata$$Limit                                fsp_gen.lld:676
                                                  ./ra/fsp/src/bsp/mcu/ra8p1/bsp_linker.o
__ram_tdata$$Load                                 fsp_gen.lld:672
                                                  ./ra/fsp/src/bsp/mcu/ra8p1/bsp_linker.o
SystemCoreClockUpdate                             ./ra/fsp/src/bsp/mcu/all/bsp_clocks.o
                                                  ./ra/fsp/src/bsp/cmsis/Device/RENESAS/Source/system.o
bsp_clock_init                                    ./ra/fsp/src/bsp/mcu/all/bsp_clocks.o
                                                  ./ra/fsp/src/bsp/cmsis/Device/RENESAS/Source/system.o
R_BSP_OctaclkUpdate                               ./ra/fsp/src/bsp/mcu/all/bsp_clocks.o
R_BSP_SubClockStabilizeWaitAfterReset             ./ra/fsp/src/bsp/mcu/all/bsp_clocks.o
R_BSP_Init_RTC                                    ./ra/fsp/src/bsp/mcu/all/bsp_clocks.o
                                                  ./ra/fsp/src/bsp/cmsis/Device/RENESAS/Source/system.o
bsp_init_internal                                 ./ra/fsp/src/bsp/mcu/all/bsp_common.o
bsp_init                                          ./ra/fsp/src/bsp/mcu/all/bsp_common.o
                                                  ./ra/fsp/src/bsp/cmsis/Device/RENESAS/Source/system.o
g_bsp_group_irq_sources                           ./ra/fsp/src/bsp/mcu/all/bsp_group_irq.o
NMI_Handler                                       ./ra/fsp/src/bsp/mcu/all/bsp_group_irq.o
                                                  ./ra/fsp/src/bsp/cmsis/Device/RENESAS/Source/startup.o
bsp_irq_cfg                                       ./ra/fsp/src/bsp/mcu/all/bsp_irq.o
                                                  ./ra/fsp/src/bsp/cmsis/Device/RENESAS/Source/system.o
g_protect_counters                                ./ra/fsp/src/bsp/mcu/all/bsp_register_protection.o
sbrk                                              ./ra/fsp/src/bsp/mcu/all/bsp_sbrk.o
                                                  D:\Renesas\RA\e2studio_v2025-12_fsp_v6.4.0\toolchains\llvm_arm\ATfE-21.1.1-Windows-x86_64\bin\..\lib\clang-runtimes/arm-none-eabi/armv8.1m.main_hard_fpdp_nomve_exn_rtti_unaligned_size\lib\libc.a(nano-malloc.c.o)
__aeabi_read_tp                                   D:\Renesas\RA\e2studio_v2025-12_fsp_v6.4.0\toolchains\llvm_arm\ATfE-21.1.1-Windows-x86_64\bin\..\lib\clang-runtimes/arm-none-eabi/armv8.1m.main_hard_fpdp_nomve_exn_rtti_unaligned_size\lib\libc.a(libc_picolib_machine_arm_read_tp.S.o)
                                                  ./ra/fsp/src/bsp/mcu/all/bsp_sbrk.o
                                                  D:\Renesas\RA\e2studio_v2025-12_fsp_v6.4.0\toolchains\llvm_arm\ATfE-21.1.1-Windows-x86_64\bin\..\lib\clang-runtimes/arm-none-eabi/armv8.1m.main_hard_fpdp_nomve_exn_rtti_unaligned_size\lib\libc.a(nano-free.c.o)
                                                  D:\Renesas\RA\e2studio_v2025-12_fsp_v6.4.0\toolchains\llvm_arm\ATfE-21.1.1-Windows-x86_64\bin\..\lib\clang-runtimes/arm-none-eabi/armv8.1m.main_hard_fpdp_nomve_exn_rtti_unaligned_size\lib\libc.a(nano-malloc.c.o)
g_heap                                            ./ra/fsp/src/bsp/cmsis/Device/RENESAS/Source/startup.o
                                                  ./ra/fsp/src/bsp/mcu/all/bsp_sbrk.o
errno                                             D:\Renesas\RA\e2studio_v2025-12_fsp_v6.4.0\toolchains\llvm_arm\ATfE-21.1.1-Windows-x86_64\bin\..\lib\clang-runtimes/arm-none-eabi/armv8.1m.main_hard_fpdp_nomve_exn_rtti_unaligned_size\lib\libc.a(libc_errno_errno.c.o)
                                                  ./ra/fsp/src/bsp/mcu/all/bsp_sbrk.o
                                                  D:\Renesas\RA\e2studio_v2025-12_fsp_v6.4.0\toolchains\llvm_arm\ATfE-21.1.1-Windows-x86_64\bin\..\lib\clang-runtimes/arm-none-eabi/armv8.1m.main_hard_fpdp_nomve_exn_rtti_unaligned_size\lib\libc.a(nano-free.c.o)
                                                  D:\Renesas\RA\e2studio_v2025-12_fsp_v6.4.0\toolchains\llvm_arm\ATfE-21.1.1-Windows-x86_64\bin\..\lib\clang-runtimes/arm-none-eabi/armv8.1m.main_hard_fpdp_nomve_exn_rtti_unaligned_size\lib\libc.a(nano-malloc.c.o)
Reset_Handler                                     ./ra/fsp/src/bsp/cmsis/Device/RENESAS/Source/startup.o
SystemInit                                        ./ra/fsp/src/bsp/cmsis/Device/RENESAS/Source/system.o
                                                  ./ra/fsp/src/bsp/cmsis/Device/RENESAS/Source/startup.o
Default_Handler                                   ./ra/fsp/src/bsp/cmsis/Device/RENESAS/Source/startup.o
g_main_stack                                      ./ra/fsp/src/bsp/cmsis/Device/RENESAS/Source/startup.o
                                                  ./ra/fsp/src/bsp/cmsis/Device/RENESAS/Source/system.o
__Vectors                                         ./ra/fsp/src/bsp/cmsis/Device/RENESAS/Source/startup.o
                                                  ./ra/fsp/src/bsp/cmsis/Device/RENESAS/Source/system.o
HardFault_Handler                                 ./ra/fsp/src/bsp/cmsis/Device/RENESAS/Source/startup.o
MemManage_Handler                                 ./ra/fsp/src/bsp/cmsis/Device/RENESAS/Source/startup.o
BusFault_Handler                                  ./ra/fsp/src/bsp/cmsis/Device/RENESAS/Source/startup.o
UsageFault_Handler                                ./ra/fsp/src/bsp/cmsis/Device/RENESAS/Source/startup.o
SecureFault_Handler                               ./ra/fsp/src/bsp/cmsis/Device/RENESAS/Source/startup.o
SVC_Handler                                       ./ra/fsp/src/bsp/cmsis/Device/RENESAS/Source/startup.o
DebugMon_Handler                                  ./ra/fsp/src/bsp/cmsis/Device/RENESAS/Source/startup.o
PendSV_Handler                                    ./ra/fsp/src/bsp/cmsis/Device/RENESAS/Source/startup.o
SysTick_Handler                                   ./ra/fsp/src/bsp/cmsis/Device/RENESAS/Source/startup.o
_init_tls                                         D:\Renesas\RA\e2studio_v2025-12_fsp_v6.4.0\toolchains\llvm_arm\ATfE-21.1.1-Windows-x86_64\bin\..\lib\clang-runtimes/arm-none-eabi/armv8.1m.main_hard_fpdp_nomve_exn_rtti_unaligned_size\lib\libc.a(libc_picolib_inittls.c.o)
                                                  ./ra/fsp/src/bsp/cmsis/Device/RENESAS/Source/system.o
__init_array_start                                fsp_gen.lld:749
                                                  ./ra/fsp/src/bsp/cmsis/Device/RENESAS/Source/system.o
__init_array_end                                  fsp_gen.lld:752
                                                  ./ra/fsp/src/bsp/cmsis/Device/RENESAS/Source/system.o
__aeabi_memcpy8                                   D:\Renesas\RA\e2studio_v2025-12_fsp_v6.4.0\toolchains\llvm_arm\ATfE-21.1.1-Windows-x86_64\bin\..\lib\clang-runtimes/arm-none-eabi/armv8.1m.main_hard_fpdp_nomve_exn_rtti_unaligned_size\lib\libc.a(memcpy.c.o)
                                                  ./ra/arm/CMSIS-NN/Source/FullyConnectedFunctions/arm_vector_sum_s8_s64.o
bzero                                             D:\Renesas\RA\e2studio_v2025-12_fsp_v6.4.0\toolchains\llvm_arm\ATfE-21.1.1-Windows-x86_64\bin\..\lib\clang-runtimes/arm-none-eabi/armv8.1m.main_hard_fpdp_nomve_exn_rtti_unaligned_size\lib\libc.a(bzero.c.o)
__retarget_lock_acquire_recursive                 D:\Renesas\RA\e2studio_v2025-12_fsp_v6.4.0\toolchains\llvm_arm\ATfE-21.1.1-Windows-x86_64\bin\..\lib\clang-runtimes/arm-none-eabi/armv8.1m.main_hard_fpdp_nomve_exn_rtti_unaligned_size\lib\libc.a(libc_misc_lock.c.o)
                                                  D:\Renesas\RA\e2studio_v2025-12_fsp_v6.4.0\toolchains\llvm_arm\ATfE-21.1.1-Windows-x86_64\bin\..\lib\clang-runtimes/arm-none-eabi/armv8.1m.main_hard_fpdp_nomve_exn_rtti_unaligned_size\lib\libc.a(nano-free.c.o)
                                                  D:\Renesas\RA\e2studio_v2025-12_fsp_v6.4.0\toolchains\llvm_arm\ATfE-21.1.1-Windows-x86_64\bin\..\lib\clang-runtimes/arm-none-eabi/armv8.1m.main_hard_fpdp_nomve_exn_rtti_unaligned_size\lib\libc.a(nano-malloc.c.o)
__retarget_lock_release_recursive                 D:\Renesas\RA\e2studio_v2025-12_fsp_v6.4.0\toolchains\llvm_arm\ATfE-21.1.1-Windows-x86_64\bin\..\lib\clang-runtimes/arm-none-eabi/armv8.1m.main_hard_fpdp_nomve_exn_rtti_unaligned_size\lib\libc.a(libc_misc_lock.c.o)
                                                  D:\Renesas\RA\e2studio_v2025-12_fsp_v6.4.0\toolchains\llvm_arm\ATfE-21.1.1-Windows-x86_64\bin\..\lib\clang-runtimes/arm-none-eabi/armv8.1m.main_hard_fpdp_nomve_exn_rtti_unaligned_size\lib\libc.a(nano-free.c.o)
                                                  D:\Renesas\RA\e2studio_v2025-12_fsp_v6.4.0\toolchains\llvm_arm\ATfE-21.1.1-Windows-x86_64\bin\..\lib\clang-runtimes/arm-none-eabi/armv8.1m.main_hard_fpdp_nomve_exn_rtti_unaligned_size\lib\libc.a(nano-malloc.c.o)
__lock___libc_recursive_mutex                     D:\Renesas\RA\e2studio_v2025-12_fsp_v6.4.0\toolchains\llvm_arm\ATfE-21.1.1-Windows-x86_64\bin\..\lib\clang-runtimes/arm-none-eabi/armv8.1m.main_hard_fpdp_nomve_exn_rtti_unaligned_size\lib\libc.a(libc_misc_lock.c.o)
                                                  D:\Renesas\RA\e2studio_v2025-12_fsp_v6.4.0\toolchains\llvm_arm\ATfE-21.1.1-Windows-x86_64\bin\..\lib\clang-runtimes/arm-none-eabi/armv8.1m.main_hard_fpdp_nomve_exn_rtti_unaligned_size\lib\libc.a(nano-free.c.o)
                                                  D:\Renesas\RA\e2studio_v2025-12_fsp_v6.4.0\toolchains\llvm_arm\ATfE-21.1.1-Windows-x86_64\bin\..\lib\clang-runtimes/arm-none-eabi/armv8.1m.main_hard_fpdp_nomve_exn_rtti_unaligned_size\lib\libc.a(nano-malloc.c.o)
__malloc_free_list                                D:\Renesas\RA\e2studio_v2025-12_fsp_v6.4.0\toolchains\llvm_arm\ATfE-21.1.1-Windows-x86_64\bin\..\lib\clang-runtimes/arm-none-eabi/armv8.1m.main_hard_fpdp_nomve_exn_rtti_unaligned_size\lib\libc.a(nano-malloc.c.o)
                                                  D:\Renesas\RA\e2studio_v2025-12_fsp_v6.4.0\toolchains\llvm_arm\ATfE-21.1.1-Windows-x86_64\bin\..\lib\clang-runtimes/arm-none-eabi/armv8.1m.main_hard_fpdp_nomve_exn_rtti_unaligned_size\lib\libc.a(nano-free.c.o)
__malloc_free                                     D:\Renesas\RA\e2studio_v2025-12_fsp_v6.4.0\toolchains\llvm_arm\ATfE-21.1.1-Windows-x86_64\bin\..\lib\clang-runtimes/arm-none-eabi/armv8.1m.main_hard_fpdp_nomve_exn_rtti_unaligned_size\lib\libc.a(nano-free.c.o)
                                                  D:\Renesas\RA\e2studio_v2025-12_fsp_v6.4.0\toolchains\llvm_arm\ATfE-21.1.1-Windows-x86_64\bin\..\lib\clang-runtimes/arm-none-eabi/armv8.1m.main_hard_fpdp_nomve_exn_rtti_unaligned_size\lib\libc.a(nano-malloc.c.o)
cfree                                             D:\Renesas\RA\e2studio_v2025-12_fsp_v6.4.0\toolchains\llvm_arm\ATfE-21.1.1-Windows-x86_64\bin\..\lib\clang-runtimes/arm-none-eabi/armv8.1m.main_hard_fpdp_nomve_exn_rtti_unaligned_size\lib\libc.a(nano-free.c.o)
__malloc_grow_chunk                               D:\Renesas\RA\e2studio_v2025-12_fsp_v6.4.0\toolchains\llvm_arm\ATfE-21.1.1-Windows-x86_64\bin\..\lib\clang-runtimes/arm-none-eabi/armv8.1m.main_hard_fpdp_nomve_exn_rtti_unaligned_size\lib\libc.a(nano-malloc.c.o)
__malloc_malloc                                   D:\Renesas\RA\e2studio_v2025-12_fsp_v6.4.0\toolchains\llvm_arm\ATfE-21.1.1-Windows-x86_64\bin\..\lib\clang-runtimes/arm-none-eabi/armv8.1m.main_hard_fpdp_nomve_exn_rtti_unaligned_size\lib\libc.a(nano-malloc.c.o)
__malloc_sbrk_top                                 D:\Renesas\RA\e2studio_v2025-12_fsp_v6.4.0\toolchains\llvm_arm\ATfE-21.1.1-Windows-x86_64\bin\..\lib\clang-runtimes/arm-none-eabi/armv8.1m.main_hard_fpdp_nomve_exn_rtti_unaligned_size\lib\libc.a(nano-malloc.c.o)
__malloc_sbrk_start                               D:\Renesas\RA\e2studio_v2025-12_fsp_v6.4.0\toolchains\llvm_arm\ATfE-21.1.1-Windows-x86_64\bin\..\lib\clang-runtimes/arm-none-eabi/armv8.1m.main_hard_fpdp_nomve_exn_rtti_unaligned_size\lib\libc.a(nano-malloc.c.o)
__tdata_source                                    fsp_gen.lld:1285
                                                  D:\Renesas\RA\e2studio_v2025-12_fsp_v6.4.0\toolchains\llvm_arm\ATfE-21.1.1-Windows-x86_64\bin\..\lib\clang-runtimes/arm-none-eabi/armv8.1m.main_hard_fpdp_nomve_exn_rtti_unaligned_size\lib\libc.a(libc_picolib_inittls.c.o)
__tdata_size                                      fsp_gen.lld:1286
                                                  D:\Renesas\RA\e2studio_v2025-12_fsp_v6.4.0\toolchains\llvm_arm\ATfE-21.1.1-Windows-x86_64\bin\..\lib\clang-runtimes/arm-none-eabi/armv8.1m.main_hard_fpdp_nomve_exn_rtti_unaligned_size\lib\libc.a(libc_picolib_inittls.c.o)
__tbss_offset                                     fsp_gen.lld:1287
                                                  D:\Renesas\RA\e2studio_v2025-12_fsp_v6.4.0\toolchains\llvm_arm\ATfE-21.1.1-Windows-x86_64\bin\..\lib\clang-runtimes/arm-none-eabi/armv8.1m.main_hard_fpdp_nomve_exn_rtti_unaligned_size\lib\libc.a(libc_picolib_inittls.c.o)
__tbss_size                                       fsp_gen.lld:1288
                                                  D:\Renesas\RA\e2studio_v2025-12_fsp_v6.4.0\toolchains\llvm_arm\ATfE-21.1.1-Windows-x86_64\bin\..\lib\clang-runtimes/arm-none-eabi/armv8.1m.main_hard_fpdp_nomve_exn_rtti_unaligned_size\lib\libc.a(libc_picolib_inittls.c.o)
__arm32_tls_tcb_offset                            fsp_gen.lld:1289
                                                  D:\Renesas\RA\e2studio_v2025-12_fsp_v6.4.0\toolchains\llvm_arm\ATfE-21.1.1-Windows-x86_64\bin\..\lib\clang-runtimes/arm-none-eabi/armv8.1m.main_hard_fpdp_nomve_exn_rtti_unaligned_size\lib\libc.a(libc_picolib_machine_arm_set_tls.c.o)
__tls                                             D:\Renesas\RA\e2studio_v2025-12_fsp_v6.4.0\toolchains\llvm_arm\ATfE-21.1.1-Windows-x86_64\bin\..\lib\clang-runtimes/arm-none-eabi/armv8.1m.main_hard_fpdp_nomve_exn_rtti_unaligned_size\lib\libc.a(libc_picolib_machine_arm_tls.c.o)
                                                  D:\Renesas\RA\e2studio_v2025-12_fsp_v6.4.0\toolchains\llvm_arm\ATfE-21.1.1-Windows-x86_64\bin\..\lib\clang-runtimes/arm-none-eabi/armv8.1m.main_hard_fpdp_nomve_exn_rtti_unaligned_size\lib\libc.a(libc_picolib_machine_arm_set_tls.c.o)
                                                  D:\Renesas\RA\e2studio_v2025-12_fsp_v6.4.0\toolchains\llvm_arm\ATfE-21.1.1-Windows-x86_64\bin\..\lib\clang-runtimes/arm-none-eabi/armv8.1m.main_hard_fpdp_nomve_exn_rtti_unaligned_size\lib\libc.a(libc_picolib_machine_arm_read_tp.S.o)
