T0E90 000:001.313   SEGGER J-Link V9.14a Log File
T0E90 000:001.408   DLL Compiled: Jan 28 2026 17:11:52
T0E90 000:001.413   Logging started @ 2026-08-12 05:43
T0E90 000:001.417   Process: C:\Users\Rainy\.eclipse\com.renesas.platform_823709855\DebugComp\RA\e2-server-gdb.exe
T0E90 000:001.425 - 1.421ms 
T0E90 000:001.436 JLINK_GetDLLVersion()
T0E90 000:001.440 - 0.004ms returns 91401
T0E90 000:003.617 JLINK_OpenEx(...)
T0E90 000:008.686   Firmware: J-Link OB-RA4M2 compiled Dec 10 2025 15:52:53
T0E90 000:009.216   Firmware: J-Link OB-RA4M2 compiled Dec 10 2025 15:52:53
T0E90 000:022.664   Hardware: V1.00
T0E90 000:022.675   S/N: 1083220728
T0E90 000:022.680   OEM: SEGGER
T0E90 000:022.688   Feature(s): None
T0E90 000:023.161   Bootloader: 2021 May 14
T0E90 000:023.488   USB speed mode: Full speed (12 MBit/s)
T0E90 000:023.747   TELNET listener socket opened on port 19021
T0E90 000:023.871   WEBSRV WEBSRV_Init(): Starting webserver thread(s)
T0E90 000:023.974   WEBSRV Webserver running on local port 19080
T0E90 000:024.103   Looking for J-Link GUI Server exe at: C:\Users\Rainy\.eclipse\com.renesas.platform_823709855\DebugComp\RA\ARM\Segger_v9.14.1\JLinkGUIServer.exe
T0E90 000:024.208   Looking for J-Link GUI Server exe at: C:\Program Files\SEGGER\JLink_V942\JLinkGUIServer.exe
T0E90 000:024.239   Forking J-Link GUI Server: C:\Program Files\SEGGER\JLink_V942\JLinkGUIServer.exe
T0E90 000:054.395   J-Link GUI Server info: "J-Link GUI server V9.42 "
T0E90 000:054.733 - 51.114ms returns "O.K."
T0E90 000:054.810 JLINK_TIF_Select(JLINKARM_TIF_SWD)
T0E90 000:055.206 - 0.396ms returns 0x00
T0E90 000:055.219 JLINK_ClrRESET()
T0E90 000:055.361 - 0.141ms 
T0E90 000:106.043 JLINK_SetSpeed(1500)
T0E90 000:106.191 - 0.152ms 
T0E90 000:106.201 JLINK_CORESIGHT_Configure(PerformTIFInit=0)
T0E90 000:106.571 - 0.370ms returns 0
T0E90 000:107.002 JLINK_CORESIGHT_ReadAPDPReg(DP reg 0x00)
T0E90 000:107.367   Value=0x6BA02477
T0E90 000:107.373 - 0.372ms returns 0
T0E90 000:107.379 JLINK_CORESIGHT_WriteAPDPReg(DP reg 0x00, 0x0000001F)
T0E90 000:107.537 - 0.158ms returns 0
T0E90 000:107.543 JLINK_CORESIGHT_ReadAPDPReg(DP reg 0x00)
T0E90 000:107.715   Value=0x6BA02477
T0E90 000:107.721 - 0.178ms returns 0
T0E90 000:107.726 JLINK_CORESIGHT_WriteAPDPReg(DP reg 0x02, 0x00000000)
T0E90 000:107.880 - 0.154ms returns 0
T0E90 000:107.886 JLINK_CORESIGHT_WriteAPDPReg(DP reg 0x01, 0x50000000)
T0E90 000:108.039 - 0.153ms returns 0
T0E90 000:108.049 JLINK_CORESIGHT_ReadAPDPReg(DP reg 0x01)
T0E90 000:108.290   Value=0xF0000040
T0E90 000:108.295 - 0.246ms returns 0
T0E90 000:108.300 JLINK_CORESIGHT_WriteAPDPReg(DP reg 0x00, 0x0000001F)
T0E90 000:108.453 - 0.153ms returns 0
T0E90 000:108.459 JLINK_CORESIGHT_ReadAPDPReg(DP reg 0x00)
T0E90 000:108.638   Value=0x6BA02477
T0E90 000:108.644 - 0.185ms returns 0
T0E90 000:108.649 JLINK_CORESIGHT_WriteAPDPReg(DP reg 0x01, 0x54000000)
T0E90 000:108.896 - 0.246ms returns 0
T0E90 000:108.902 JLINK_CORESIGHT_WriteAPDPReg(DP reg 0x01, 0x50000F00)
T0E90 000:109.061 - 0.158ms returns 0
T0E90 000:109.076 JLINK_CORESIGHT_WriteAPDPReg(DP reg 0x02, 0x01000000)
T0E90 000:109.290 - 0.213ms returns 0
T0E90 000:109.297 JLINK_CORESIGHT_WriteAPDPReg(AP reg 0x00, 0x80000002)
T0E90 000:109.451 - 0.154ms returns 0
T0E90 000:109.456 JLINK_CORESIGHT_WriteAPDPReg(AP reg 0x01, 0x80011100)
T0E90 000:109.604 - 0.148ms returns 0
T0E90 000:109.610 JLINK_CORESIGHT_WriteAPDPReg(AP reg 0x03, 0x000000A5)
T0E90 000:109.767 - 0.157ms returns 0
T0E90 000:109.780 JLINK_CORESIGHT_WriteAPDPReg(AP reg 0x00, 0x80000002)
T0E90 000:110.016 - 0.236ms returns 0
T0E90 000:110.022 JLINK_CORESIGHT_WriteAPDPReg(AP reg 0x01, 0x80011100)
T0E90 000:110.305 - 0.283ms returns 0
T0E90 000:110.314 JLINK_CORESIGHT_ReadAPDPReg(AP reg 0x03)
T0E90 000:110.522   Value=0x000000A5
T0E90 000:110.530 - 0.216ms returns 0
T0E90 000:110.536 JLINK_ClrTMS()
T0E90 000:110.576 - 0.040ms 
T0E90 000:115.633 JLINK_SetTCK()
T0E90 000:115.692 - 0.058ms returns 0
T0E90 000:121.633 JLINK_SetRESET()
T0E90 000:121.683 - 0.050ms 
T0E90 000:322.026 JLINK_CORESIGHT_WriteAPDPReg(AP reg 0x00, 0x80000002)
T0E90 000:322.294 - 0.268ms returns 0
T0E90 000:322.301 JLINK_CORESIGHT_WriteAPDPReg(AP reg 0x01, 0x80011100)
T0E90 000:322.459 - 0.158ms returns 0
T0E90 000:322.464 JLINK_CORESIGHT_ReadAPDPReg(AP reg 0x03)
T0E90 000:322.735   Value=0x00000000
T0E90 000:322.741 - 0.277ms returns 0
T0E90 000:322.747 JLINK_CORESIGHT_WriteAPDPReg(AP reg 0x00, 0x80000002)
T0E90 000:322.909 - 0.162ms returns 0
T0E90 000:322.914 JLINK_CORESIGHT_WriteAPDPReg(AP reg 0x01, 0x80011140)
T0E90 000:323.069 - 0.154ms returns 0
T0E90 000:323.077 JLINK_CORESIGHT_ReadAPDPReg(AP reg 0x03)
T0E90 000:323.288   Value=0x00000002
T0E90 000:323.294 - 0.217ms returns 0
T0E90 000:323.299 JLINK_CORESIGHT_WriteAPDPReg(AP reg 0x00, 0x80000002)
T0E90 000:323.452 - 0.153ms returns 0
T0E90 000:323.457 JLINK_CORESIGHT_WriteAPDPReg(AP reg 0x01, 0x80011120)
T0E90 000:323.611 - 0.154ms returns 0
T0E90 000:323.616 JLINK_CORESIGHT_WriteAPDPReg(AP reg 0x03, 0x00000055)
T0E90 000:323.793 - 0.176ms returns 0
T0E90 000:323.798 JLINK_CORESIGHT_WriteAPDPReg(AP reg 0x00, 0x80000002)
T0E90 000:324.029 - 0.231ms returns 0
T0E90 000:324.035 JLINK_CORESIGHT_WriteAPDPReg(AP reg 0x01, 0x80011140)
T0E90 000:324.216 - 0.181ms returns 0
T0E90 000:324.224 JLINK_CORESIGHT_ReadAPDPReg(AP reg 0x03)
T0E90 000:324.471   Value=0x00000002
T0E90 000:324.477 - 0.253ms returns 0
T0E90 000:324.481 JLINK_CORESIGHT_ReadAPDPReg(AP reg 0x03)
T0E90 000:324.688   Value=0x00000002
T0E90 000:324.694 - 0.212ms returns 0
T0E90 000:324.698 JLINK_CORESIGHT_ReadAPDPReg(AP reg 0x03)
T0E90 000:324.912   Value=0x00000002
T0E90 000:324.917 - 0.219ms returns 0
T0E90 000:324.922 JLINK_CORESIGHT_ReadAPDPReg(AP reg 0x03)
T0E90 000:325.134   Value=0x00000002
T0E90 000:325.140 - 0.218ms returns 0
T0E90 000:325.145 JLINK_CORESIGHT_ReadAPDPReg(AP reg 0x03)
T0E90 000:325.446   Value=0x00000002
T0E90 000:325.452 - 0.306ms returns 0
T0E90 000:325.456 JLINK_CORESIGHT_ReadAPDPReg(AP reg 0x03)
T0E90 000:325.660   Value=0x00000002
T0E90 000:325.666 - 0.209ms returns 0
T0E90 000:325.670 JLINK_CORESIGHT_ReadAPDPReg(AP reg 0x03)
T0E90 000:325.873   Value=0x00000002
T0E90 000:325.878 - 0.207ms returns 0
T0E90 000:325.882 JLINK_CORESIGHT_ReadAPDPReg(AP reg 0x03)
T0E90 000:326.086   Value=0x00000002
T0E90 000:326.091 - 0.208ms returns 0
T0E90 000:326.096 JLINK_CORESIGHT_ReadAPDPReg(AP reg 0x03)
T0E90 000:326.314   Value=0x00000002
T0E90 000:326.319 - 0.223ms returns 0
T0E90 000:326.323 JLINK_CORESIGHT_ReadAPDPReg(AP reg 0x03)
T0E90 000:326.526   Value=0x00000002
T0E90 000:326.532 - 0.208ms returns 0
T0E90 000:326.536 JLINK_CORESIGHT_ReadAPDPReg(AP reg 0x03)
T0E90 000:326.739   Value=0x00000002
T0E90 000:326.744 - 0.208ms returns 0
T0E90 000:326.749 JLINK_CORESIGHT_ReadAPDPReg(AP reg 0x03)
T0E90 000:326.960   Value=0x00000002
T0E90 000:326.965 - 0.216ms returns 0
T0E90 000:326.970 JLINK_CORESIGHT_ReadAPDPReg(AP reg 0x03)
T0E90 000:327.176   Value=0x00000002
T0E90 000:327.182 - 0.212ms returns 0
T0E90 000:327.186 JLINK_CORESIGHT_ReadAPDPReg(AP reg 0x03)
T0E90 000:327.446   Value=0x00000002
T0E90 000:327.452 - 0.265ms returns 0
T0E90 000:327.456 JLINK_CORESIGHT_ReadAPDPReg(AP reg 0x03)
T0E90 000:327.660   Value=0x00000002
T0E90 000:327.665 - 0.208ms returns 0
T0E90 000:327.669 JLINK_CORESIGHT_ReadAPDPReg(AP reg 0x03)
T0E90 000:329.009   Value=0x00000002
T0E90 000:329.015 - 1.345ms returns 0
T0E90 000:329.020 JLINK_CORESIGHT_ReadAPDPReg(AP reg 0x03)
T0E90 000:329.288   Value=0x00000002
T0E90 000:329.293 - 0.273ms returns 0
T0E90 000:329.298 JLINK_CORESIGHT_ReadAPDPReg(AP reg 0x03)
T0E90 000:329.504   Value=0x00000002
T0E90 000:329.509 - 0.211ms returns 0
T0E90 000:329.513 JLINK_CORESIGHT_ReadAPDPReg(AP reg 0x03)
T0E90 000:329.716   Value=0x00000002
T0E90 000:329.722 - 0.208ms returns 0
T0E90 000:329.726 JLINK_CORESIGHT_ReadAPDPReg(AP reg 0x03)
T0E90 000:329.929   Value=0x00000002
T0E90 000:329.934 - 0.208ms returns 0
T0E90 000:329.939 JLINK_CORESIGHT_ReadAPDPReg(AP reg 0x03)
T0E90 000:330.292   Value=0x00000002
T0E90 000:330.304 - 0.365ms returns 0
T0E90 000:330.309 JLINK_CORESIGHT_ReadAPDPReg(AP reg 0x03)
T0E90 000:330.519   Value=0x00000002
T0E90 000:330.524 - 0.214ms returns 0
T0E90 000:330.528 JLINK_CORESIGHT_ReadAPDPReg(AP reg 0x03)
T0E90 000:330.733   Value=0x00000002
T0E90 000:330.738 - 0.209ms returns 0
T0E90 000:330.742 JLINK_CORESIGHT_ReadAPDPReg(AP reg 0x03)
T0E90 000:330.946   Value=0x00000002
T0E90 000:330.951 - 0.208ms returns 0
T0E90 000:330.955 JLINK_CORESIGHT_ReadAPDPReg(AP reg 0x03)
T0E90 000:331.189   Value=0x00000002
T0E90 000:331.209 - 0.253ms returns 0
T0E90 000:331.222 JLINK_CORESIGHT_ReadAPDPReg(AP reg 0x03)
T0E90 000:331.455   Value=0x00000002
T0E90 000:331.464 - 0.241ms returns 0
T0E90 000:331.470 JLINK_CORESIGHT_ReadAPDPReg(AP reg 0x03)
T0E90 000:331.686   Value=0x00000002
T0E90 000:331.691 - 0.221ms returns 0
T0E90 000:331.696 JLINK_CORESIGHT_ReadAPDPReg(AP reg 0x03)
T0E90 000:331.902   Value=0x00000002
T0E90 000:331.908 - 0.212ms returns 0
T0E90 000:331.912 JLINK_CORESIGHT_ReadAPDPReg(AP reg 0x03)
T0E90 000:332.120   Value=0x00000002
T0E90 000:332.127 - 0.214ms returns 0
T0E90 000:332.132 JLINK_CORESIGHT_ReadAPDPReg(AP reg 0x03)
T0E90 000:332.339   Value=0x00000002
T0E90 000:332.345 - 0.213ms returns 0
T0E90 000:332.349 JLINK_CORESIGHT_ReadAPDPReg(AP reg 0x03)
T0E90 000:332.563   Value=0x00000002
T0E90 000:332.568 - 0.219ms returns 0
T0E90 000:332.573 JLINK_CORESIGHT_ReadAPDPReg(AP reg 0x03)
T0E90 000:332.775   Value=0x00000002
T0E90 000:332.781 - 0.208ms returns 0
T0E90 000:332.785 JLINK_CORESIGHT_ReadAPDPReg(AP reg 0x03)
T0E90 000:332.989   Value=0x00000002
T0E90 000:332.994 - 0.208ms returns 0
T0E90 000:332.998 JLINK_CORESIGHT_ReadAPDPReg(AP reg 0x03)
T0E90 000:333.211   Value=0x00000002
T0E90 000:333.216 - 0.217ms returns 0
T0E90 000:333.221 JLINK_CORESIGHT_ReadAPDPReg(AP reg 0x03)
T0E90 000:333.447   Value=0x00000002
T0E90 000:333.452 - 0.232ms returns 0
T0E90 000:333.457 JLINK_CORESIGHT_ReadAPDPReg(AP reg 0x03)
T0E90 000:333.663   Value=0x00000002
T0E90 000:333.668 - 0.211ms returns 0
T0E90 000:333.672 JLINK_CORESIGHT_ReadAPDPReg(AP reg 0x03)
T0E90 000:333.876   Value=0x00000002
T0E90 000:333.881 - 0.208ms returns 0
T0E90 000:333.886 JLINK_CORESIGHT_ReadAPDPReg(AP reg 0x03)
T0E90 000:334.086   Value=0x00000002
T0E90 000:334.093 - 0.207ms returns 0
T0E90 000:334.098 JLINK_CORESIGHT_ReadAPDPReg(AP reg 0x03)
T0E90 000:334.315   Value=0x00000002
T0E90 000:334.321 - 0.223ms returns 0
T0E90 000:334.326 JLINK_CORESIGHT_ReadAPDPReg(AP reg 0x03)
T0E90 000:334.535   Value=0x00000002
T0E90 000:334.540 - 0.214ms returns 0
T0E90 000:334.545 JLINK_CORESIGHT_ReadAPDPReg(AP reg 0x03)
T0E90 000:334.751   Value=0x00000002
T0E90 000:334.756 - 0.211ms returns 0
T0E90 000:334.760 JLINK_CORESIGHT_ReadAPDPReg(AP reg 0x03)
T0E90 000:334.960   Value=0x00000002
T0E90 000:334.966 - 0.205ms returns 0
T0E90 000:334.970 JLINK_CORESIGHT_ReadAPDPReg(AP reg 0x03)
T0E90 000:335.174   Value=0x00000000
T0E90 000:335.180 - 0.210ms returns 0
T0E90 000:335.186 JLINK_CORESIGHT_WriteAPDPReg(AP reg 0x00, 0x80000002)
T0E90 000:335.397 - 0.211ms returns 0
T0E90 000:335.402 JLINK_CORESIGHT_WriteAPDPReg(AP reg 0x01, 0x80011130)
T0E90 000:335.561 - 0.158ms returns 0
T0E90 000:335.566 JLINK_CORESIGHT_ReadAPDPReg(AP reg 0x03)
T0E90 000:335.797   Value=0x000000C6
T0E90 000:335.803 - 0.237ms returns 0
T0E90 000:335.819 JLINK_CORESIGHT_WriteAPDPReg(AP reg 0x00, 0x80000002)
T0E90 000:335.976 - 0.156ms returns 0
T0E90 000:335.981 JLINK_CORESIGHT_WriteAPDPReg(AP reg 0x01, 0x80011140)
T0E90 000:336.144 - 0.162ms returns 0
T0E90 000:336.168 JLINK_CORESIGHT_ReadAPDPReg(AP reg 0x03)
T0E90 000:336.472   Value=0x00000002
T0E90 000:336.490 - 0.322ms returns 0
T0E90 000:336.503 JLINK_CORESIGHT_WriteAPDPReg(AP reg 0x00, 0x80000002)
T0E90 000:336.689 - 0.187ms returns 0
T0E90 000:336.701 JLINK_CORESIGHT_WriteAPDPReg(AP reg 0x01, 0x80011120)
T0E90 000:336.952 - 0.250ms returns 0
T0E90 000:336.971 JLINK_CORESIGHT_WriteAPDPReg(AP reg 0x03, 0x3A010001)
T0E90 000:337.165 - 0.194ms returns 0
T0E90 000:337.179 JLINK_CORESIGHT_WriteAPDPReg(AP reg 0x00, 0x80000002)
T0E90 000:337.396 - 0.217ms returns 0
T0E90 000:337.402 JLINK_CORESIGHT_WriteAPDPReg(AP reg 0x01, 0x80011140)
T0E90 000:337.556 - 0.154ms returns 0
T0E90 000:337.562 JLINK_CORESIGHT_ReadAPDPReg(AP reg 0x03)
T0E90 000:337.790   Value=0x00000002
T0E90 000:337.795 - 0.232ms returns 0
T0E90 000:337.800 JLINK_CORESIGHT_WriteAPDPReg(AP reg 0x00, 0x80000002)
T0E90 000:337.953 - 0.152ms returns 0
T0E90 000:337.958 JLINK_CORESIGHT_WriteAPDPReg(AP reg 0x01, 0x80011120)
T0E90 000:338.113 - 0.154ms returns 0
T0E90 000:338.119 JLINK_CORESIGHT_WriteAPDPReg(AP reg 0x03, 0x000003C5)
T0E90 000:338.298 - 0.178ms returns 0
T0E90 000:338.303 JLINK_CORESIGHT_WriteAPDPReg(AP reg 0x00, 0x80000002)
T0E90 000:338.457 - 0.153ms returns 0
T0E90 000:338.462 JLINK_CORESIGHT_WriteAPDPReg(AP reg 0x01, 0x80011140)
T0E90 000:338.615 - 0.152ms returns 0
T0E90 000:338.621 JLINK_CORESIGHT_ReadAPDPReg(AP reg 0x03)
T0E90 000:338.836   Value=0x00000002
T0E90 000:338.841 - 0.220ms returns 0
T0E90 000:338.846 JLINK_CORESIGHT_ReadAPDPReg(AP reg 0x03)
T0E90 000:339.051   Value=0x00000002
T0E90 000:339.057 - 0.210ms returns 0
T0E90 000:339.062 JLINK_CORESIGHT_ReadAPDPReg(AP reg 0x03)
T0E90 000:339.290   Value=0x00000002
T0E90 000:339.295 - 0.232ms returns 0
T0E90 000:339.301 JLINK_CORESIGHT_ReadAPDPReg(AP reg 0x03)
T0E90 000:339.504   Value=0x00000002
T0E90 000:339.509 - 0.208ms returns 0
T0E90 000:339.514 JLINK_CORESIGHT_ReadAPDPReg(AP reg 0x03)
T0E90 000:339.716   Value=0x00000002
T0E90 000:339.721 - 0.206ms returns 0
T0E90 000:339.726 JLINK_CORESIGHT_ReadAPDPReg(AP reg 0x03)
T0E90 000:339.929   Value=0x00000002
T0E90 000:339.934 - 0.207ms returns 0
T0E90 000:339.939 JLINK_CORESIGHT_ReadAPDPReg(AP reg 0x03)
T0E90 000:340.146   Value=0x00000002
T0E90 000:340.151 - 0.212ms returns 0
T0E90 000:340.156 JLINK_CORESIGHT_ReadAPDPReg(AP reg 0x03)
T0E90 000:340.365   Value=0x00000002
T0E90 000:340.370 - 0.214ms returns 0
T0E90 000:340.375 JLINK_CORESIGHT_ReadAPDPReg(AP reg 0x03)
T0E90 000:340.586   Value=0x00000002
T0E90 000:340.591 - 0.215ms returns 0
T0E90 000:340.596 JLINK_CORESIGHT_ReadAPDPReg(AP reg 0x03)
T0E90 000:340.801   Value=0x00000002
T0E90 000:340.806 - 0.210ms returns 0
T0E90 000:340.811 JLINK_CORESIGHT_ReadAPDPReg(AP reg 0x03)
T0E90 000:341.020   Value=0x00000002
T0E90 000:341.026 - 0.214ms returns 0
T0E90 000:341.032 JLINK_CORESIGHT_ReadAPDPReg(AP reg 0x03)
T0E90 000:341.315   Value=0x00000002
T0E90 000:341.321 - 0.288ms returns 0
T0E90 000:341.326 JLINK_CORESIGHT_ReadAPDPReg(AP reg 0x03)
T0E90 000:341.530   Value=0x00000002
T0E90 000:341.535 - 0.209ms returns 0
T0E90 000:341.540 JLINK_CORESIGHT_ReadAPDPReg(AP reg 0x03)
T0E90 000:341.744   Value=0x00000002
T0E90 000:341.749 - 0.208ms returns 0
T0E90 000:341.754 JLINK_CORESIGHT_ReadAPDPReg(AP reg 0x03)
T0E90 000:341.961   Value=0x00000002
T0E90 000:341.966 - 0.212ms returns 0
T0E90 000:341.971 JLINK_CORESIGHT_ReadAPDPReg(AP reg 0x03)
T0E90 000:344.009   Value=0x00000002
T0E90 000:344.019 - 2.048ms returns 0
T0E90 000:344.027 JLINK_CORESIGHT_ReadAPDPReg(AP reg 0x03)
T0E90 000:344.290   Value=0x00000000
T0E90 000:344.295 - 0.268ms returns 0
T0E90 000:344.301 JLINK_CORESIGHT_WriteAPDPReg(AP reg 0x00, 0x80000002)
T0E90 000:344.457 - 0.156ms returns 0
T0E90 000:344.463 JLINK_CORESIGHT_WriteAPDPReg(AP reg 0x01, 0x80011130)
T0E90 000:344.616 - 0.153ms returns 0
T0E90 000:344.622 JLINK_CORESIGHT_ReadAPDPReg(AP reg 0x03)
T0E90 000:344.835   Value=0x3A2A0081
T0E90 000:344.840 - 0.218ms returns 0
T0E90 000:344.845 JLINK_CORESIGHT_WriteAPDPReg(AP reg 0x00, 0x80000002)
T0E90 000:345.000 - 0.154ms returns 0
T0E90 000:345.007 JLINK_CORESIGHT_WriteAPDPReg(AP reg 0x01, 0x80011140)
T0E90 000:345.290 - 0.282ms returns 0
T0E90 000:345.296 JLINK_CORESIGHT_ReadAPDPReg(AP reg 0x03)
T0E90 000:345.529   Value=0x00000000
T0E90 000:345.534 - 0.237ms returns 0
T0E90 000:345.540 JLINK_CORESIGHT_WriteAPDPReg(AP reg 0x00, 0x80000002)
T0E90 000:345.693 - 0.153ms returns 0
T0E90 000:345.737 JLINK_CORESIGHT_WriteAPDPReg(AP reg 0x01, 0x80011130)
T0E90 000:345.891 - 0.154ms returns 0
T0E90 000:345.897 JLINK_CORESIGHT_ReadAPDPReg(AP reg 0x03)
T0E90 000:346.288   Value=0x808D5B00
T0E90 000:346.294 - 0.397ms returns 0
T0E90 000:346.301 JLINK_CORESIGHT_WriteAPDPReg(AP reg 0x00, 0x80000002)
T0E90 000:346.457 - 0.157ms returns 0
T0E90 000:346.463 JLINK_CORESIGHT_WriteAPDPReg(AP reg 0x01, 0x80011140)
T0E90 000:346.616 - 0.152ms returns 0
T0E90 000:346.622 JLINK_CORESIGHT_ReadAPDPReg(AP reg 0x03)
T0E90 000:346.837   Value=0x00000000
T0E90 000:346.842 - 0.220ms returns 0
T0E90 000:346.847 JLINK_CORESIGHT_WriteAPDPReg(AP reg 0x00, 0x80000002)
T0E90 000:347.000 - 0.152ms returns 0
T0E90 000:347.006 JLINK_CORESIGHT_WriteAPDPReg(AP reg 0x01, 0x80011130)
T0E90 000:347.313 - 0.305ms returns 0
T0E90 000:347.336 JLINK_CORESIGHT_ReadAPDPReg(AP reg 0x03)
T0E90 000:347.568   Value=0x0406070A
T0E90 000:347.578 - 0.241ms returns 0
T0E90 000:347.584 JLINK_CORESIGHT_WriteAPDPReg(AP reg 0x00, 0x80000002)
T0E90 000:347.746 - 0.162ms returns 0
T0E90 000:347.752 JLINK_CORESIGHT_WriteAPDPReg(AP reg 0x01, 0x80011140)
T0E90 000:347.909 - 0.157ms returns 0
T0E90 000:347.915 JLINK_CORESIGHT_ReadAPDPReg(AP reg 0x03)
T0E90 000:348.117   Value=0x00000000
T0E90 000:348.122 - 0.207ms returns 0
T0E90 000:348.127 JLINK_CORESIGHT_WriteAPDPReg(AP reg 0x00, 0x80000002)
T0E90 000:348.295 - 0.167ms returns 0
T0E90 000:348.315 JLINK_CORESIGHT_WriteAPDPReg(AP reg 0x01, 0x80011130)
T0E90 000:348.478 - 0.163ms returns 0
T0E90 000:348.495 JLINK_CORESIGHT_ReadAPDPReg(AP reg 0x03)
T0E90 000:348.780   Value=0x3254540B
T0E90 000:348.797 - 0.301ms returns 0
T0E90 000:348.810 JLINK_CORESIGHT_WriteAPDPReg(AP reg 0x00, 0x80000002)
T0E90 000:348.986 - 0.177ms returns 0
T0E90 000:348.997 JLINK_CORESIGHT_WriteAPDPReg(AP reg 0x01, 0x80011140)
T0E90 000:349.160 - 0.163ms returns 0
T0E90 000:349.167 JLINK_CORESIGHT_ReadAPDPReg(AP reg 0x03)
T0E90 000:349.470   Value=0x00000000
T0E90 000:349.475 - 0.308ms returns 0
T0E90 000:349.481 JLINK_CORESIGHT_WriteAPDPReg(AP reg 0x00, 0x80000002)
T0E90 000:349.634 - 0.153ms returns 0
T0E90 000:349.640 JLINK_CORESIGHT_WriteAPDPReg(AP reg 0x01, 0x80011130)
T0E90 000:349.896 - 0.256ms returns 0
T0E90 000:349.901 JLINK_CORESIGHT_ReadAPDPReg(AP reg 0x03)
T0E90 000:350.129   Value=0x54D4E359
T0E90 000:350.135 - 0.233ms returns 0
T0E90 000:350.141 JLINK_CORESIGHT_WriteAPDPReg(AP reg 0x00, 0x80000002)
T0E90 000:350.313 - 0.172ms returns 0
T0E90 000:350.319 JLINK_CORESIGHT_WriteAPDPReg(AP reg 0x01, 0x80011140)
T0E90 000:350.473 - 0.154ms returns 0
T0E90 000:350.478 JLINK_CORESIGHT_ReadAPDPReg(AP reg 0x03)
T0E90 000:350.678   Value=0x00000000
T0E90 000:350.683 - 0.204ms returns 0
T0E90 000:350.688 JLINK_CORESIGHT_WriteAPDPReg(AP reg 0x00, 0x80000002)
T0E90 000:350.839 - 0.151ms returns 0
T0E90 000:350.844 JLINK_CORESIGHT_WriteAPDPReg(AP reg 0x01, 0x80011130)
T0E90 000:350.994 - 0.150ms returns 0
T0E90 000:351.000 JLINK_CORESIGHT_ReadAPDPReg(AP reg 0x03)
T0E90 000:351.211   Value=0x34325736
T0E90 000:351.217 - 0.217ms returns 0
T0E90 000:351.223 JLINK_CORESIGHT_WriteAPDPReg(AP reg 0x00, 0x80000002)
T0E90 000:351.396 - 0.173ms returns 0
T0E90 000:351.402 JLINK_CORESIGHT_WriteAPDPReg(AP reg 0x01, 0x80011140)
T0E90 000:351.553 - 0.151ms returns 0
T0E90 000:351.559 JLINK_CORESIGHT_ReadAPDPReg(AP reg 0x03)
T0E90 000:351.785   Value=0x00000000
T0E90 000:351.790 - 0.231ms returns 0
T0E90 000:351.795 JLINK_CORESIGHT_WriteAPDPReg(AP reg 0x00, 0x80000002)
T0E90 000:351.945 - 0.149ms returns 0
T0E90 000:351.950 JLINK_CORESIGHT_WriteAPDPReg(AP reg 0x01, 0x80011130)
T0E90 000:352.100 - 0.150ms returns 0
T0E90 000:352.106 JLINK_CORESIGHT_ReadAPDPReg(AP reg 0x03)
T0E90 000:352.313   Value=0x63082D30
T0E90 000:352.318 - 0.211ms returns 0
T0E90 000:352.324 JLINK_CORESIGHT_WriteAPDPReg(AP reg 0x00, 0x80000002)
T0E90 000:352.475 - 0.151ms returns 0
T0E90 000:352.480 JLINK_CORESIGHT_WriteAPDPReg(AP reg 0x01, 0x80011140)
T0E90 000:352.632 - 0.151ms returns 0
T0E90 000:352.639 JLINK_CORESIGHT_ReadAPDPReg(AP reg 0x03)
T0E90 000:352.866   Value=0x00000000
T0E90 000:352.871 - 0.231ms returns 0
T0E90 000:352.876 JLINK_CORESIGHT_WriteAPDPReg(AP reg 0x00, 0x80000002)
T0E90 000:353.041 - 0.164ms returns 0
T0E90 000:353.058 JLINK_CORESIGHT_WriteAPDPReg(AP reg 0x01, 0x80011130)
T0E90 000:353.290 - 0.232ms returns 0
T0E90 000:353.303 JLINK_CORESIGHT_ReadAPDPReg(AP reg 0x03)
T0E90 000:353.539   Value=0x4B375276
T0E90 000:353.551 - 0.248ms returns 0
T0E90 000:353.561 JLINK_CORESIGHT_WriteAPDPReg(AP reg 0x00, 0x80000002)
T0E90 000:353.723 - 0.162ms returns 0
T0E90 000:353.735 JLINK_CORESIGHT_WriteAPDPReg(AP reg 0x01, 0x80011140)
T0E90 000:353.911 - 0.176ms returns 0
T0E90 000:353.924 JLINK_CORESIGHT_ReadAPDPReg(AP reg 0x03)
T0E90 000:354.143   Value=0x00000000
T0E90 000:354.155 - 0.232ms returns 0
T0E90 000:354.167 JLINK_CORESIGHT_WriteAPDPReg(AP reg 0x00, 0x80000002)
T0E90 000:354.446 - 0.278ms returns 0
T0E90 000:354.466 JLINK_CORESIGHT_WriteAPDPReg(AP reg 0x01, 0x80011130)
T0E90 000:354.647 - 0.181ms returns 0
T0E90 000:354.665 JLINK_CORESIGHT_ReadAPDPReg(AP reg 0x03)
T0E90 000:354.977   Value=0x31503841
T0E90 000:354.990 - 0.324ms returns 0
T0E90 000:355.000 JLINK_CORESIGHT_WriteAPDPReg(AP reg 0x00, 0x80000002)
T0E90 000:355.188 - 0.187ms returns 0
T0E90 000:355.200 JLINK_CORESIGHT_WriteAPDPReg(AP reg 0x01, 0x80011140)
T0E90 000:355.398 - 0.198ms returns 0
T0E90 000:355.411 JLINK_CORESIGHT_ReadAPDPReg(AP reg 0x03)
T0E90 000:355.624   Value=0x00000000
T0E90 000:355.636 - 0.224ms returns 0
T0E90 000:355.646 JLINK_CORESIGHT_WriteAPDPReg(AP reg 0x00, 0x80000002)
T0E90 000:355.812 - 0.165ms returns 0
T0E90 000:355.824 JLINK_CORESIGHT_WriteAPDPReg(AP reg 0x01, 0x80011130)
T0E90 000:355.985 - 0.161ms returns 0
T0E90 000:355.998 JLINK_CORESIGHT_ReadAPDPReg(AP reg 0x03)
T0E90 000:356.212   Value=0x434C464B
T0E90 000:356.224 - 0.226ms returns 0
T0E90 000:356.234 JLINK_CORESIGHT_WriteAPDPReg(AP reg 0x00, 0x80000002)
T0E90 000:356.398 - 0.164ms returns 0
T0E90 000:356.410 JLINK_CORESIGHT_WriteAPDPReg(AP reg 0x01, 0x80011140)
T0E90 000:356.574 - 0.164ms returns 0
T0E90 000:356.587 JLINK_CORESIGHT_ReadAPDPReg(AP reg 0x03)
T0E90 000:356.824   Value=0x00000000
T0E90 000:356.835 - 0.248ms returns 0
T0E90 000:356.845 JLINK_CORESIGHT_WriteAPDPReg(AP reg 0x00, 0x80000002)
T0E90 000:357.010 - 0.164ms returns 0
T0E90 000:357.022 JLINK_CORESIGHT_WriteAPDPReg(AP reg 0x01, 0x80011130)
T0E90 000:357.183 - 0.161ms returns 0
T0E90 000:357.195 JLINK_CORESIGHT_ReadAPDPReg(AP reg 0x03)
T0E90 000:357.457   Value=0x20204341
T0E90 000:357.468 - 0.273ms returns 0
T0E90 000:357.478 JLINK_CORESIGHT_WriteAPDPReg(AP reg 0x00, 0x80000002)
T0E90 000:357.640 - 0.161ms returns 0
T0E90 000:357.653 JLINK_CORESIGHT_WriteAPDPReg(AP reg 0x01, 0x80011140)
T0E90 000:357.892 - 0.239ms returns 0
T0E90 000:357.904 JLINK_CORESIGHT_ReadAPDPReg(AP reg 0x03)
T0E90 000:358.202   Value=0x00000000
T0E90 000:358.219 - 0.314ms returns 0
T0E90 000:358.238 JLINK_CORESIGHT_WriteAPDPReg(AP reg 0x00, 0x80000002)
T0E90 000:358.409 - 0.171ms returns 0
T0E90 000:358.422 JLINK_CORESIGHT_WriteAPDPReg(AP reg 0x01, 0x80011130)
T0E90 000:358.587 - 0.165ms returns 0
T0E90 000:358.599 JLINK_CORESIGHT_ReadAPDPReg(AP reg 0x03)
T0E90 000:358.837   Value=0x0003CD20
T0E90 000:358.848 - 0.249ms returns 0
T0E90 000:359.524 JLINK_CORESIGHT_WriteAPDPReg(AP reg 0x00, 0x80000002)
T0E90 000:359.708 - 0.183ms returns 0
T0E90 000:359.720 JLINK_CORESIGHT_WriteAPDPReg(AP reg 0x01, 0x80011140)
T0E90 000:359.886 - 0.165ms returns 0
T0E90 000:359.898 JLINK_CORESIGHT_ReadAPDPReg(AP reg 0x03)
T0E90 000:360.110   Value=0x00000002
T0E90 000:360.122 - 0.224ms returns 0
T0E90 000:360.131 JLINK_CORESIGHT_WriteAPDPReg(AP reg 0x00, 0x80000002)
T0E90 000:360.315 - 0.184ms returns 0
T0E90 000:360.327 JLINK_CORESIGHT_WriteAPDPReg(AP reg 0x01, 0x80011120)
T0E90 000:360.501 - 0.173ms returns 0
T0E90 000:360.520 JLINK_CORESIGHT_WriteAPDPReg(AP reg 0x03, 0x39020001)
T0E90 000:360.714 - 0.193ms returns 0
T0E90 000:360.725 JLINK_CORESIGHT_WriteAPDPReg(AP reg 0x00, 0x80000002)
T0E90 000:360.912 - 0.186ms returns 0
T0E90 000:360.923 JLINK_CORESIGHT_WriteAPDPReg(AP reg 0x01, 0x80011140)
T0E90 000:361.088 - 0.165ms returns 0
T0E90 000:361.101 JLINK_CORESIGHT_ReadAPDPReg(AP reg 0x03)
T0E90 000:361.340   Value=0x00000002
T0E90 000:361.352 - 0.251ms returns 0
T0E90 000:361.362 JLINK_CORESIGHT_WriteAPDPReg(AP reg 0x00, 0x80000002)
T0E90 000:361.536 - 0.174ms returns 0
T0E90 000:361.547 JLINK_CORESIGHT_WriteAPDPReg(AP reg 0x01, 0x80011120)
T0E90 000:361.709 - 0.162ms returns 0
T0E90 000:361.719 JLINK_CORESIGHT_WriteAPDPReg(AP reg 0x03, 0x0003B312)
T0E90 000:361.881 - 0.161ms returns 0
T0E90 000:361.892 JLINK_CORESIGHT_WriteAPDPReg(AP reg 0x00, 0x80000002)
T0E90 000:362.055 - 0.163ms returns 0
T0E90 000:362.067 JLINK_CORESIGHT_WriteAPDPReg(AP reg 0x01, 0x80011140)
T0E90 000:362.289 - 0.222ms returns 0
T0E90 000:362.300 JLINK_CORESIGHT_ReadAPDPReg(AP reg 0x03)
T0E90 000:362.537   Value=0x00000000
T0E90 000:362.549 - 0.248ms returns 0
T0E90 000:362.557 JLINK_CORESIGHT_WriteAPDPReg(AP reg 0x00, 0x80000002)
T0E90 000:362.720 - 0.162ms returns 0
T0E90 000:362.730 JLINK_CORESIGHT_WriteAPDPReg(AP reg 0x01, 0x80011130)
T0E90 000:362.891 - 0.160ms returns 0
T0E90 000:362.901 JLINK_CORESIGHT_ReadAPDPReg(AP reg 0x03)
T0E90 000:363.311   Value=0xB90A0081
T0E90 000:363.323 - 0.421ms returns 0
T0E90 000:363.330 JLINK_CORESIGHT_WriteAPDPReg(AP reg 0x00, 0x80000002)
T0E90 000:363.508 - 0.178ms returns 0
T0E90 000:363.539 JLINK_CORESIGHT_WriteAPDPReg(AP reg 0x01, 0x80011140)
T0E90 000:363.722 - 0.182ms returns 0
T0E90 000:363.742 JLINK_CORESIGHT_ReadAPDPReg(AP reg 0x03)
T0E90 000:363.998   Value=0x00000000
T0E90 000:364.020 - 0.278ms returns 0
T0E90 000:364.032 JLINK_CORESIGHT_WriteAPDPReg(AP reg 0x00, 0x80000002)
T0E90 000:364.216 - 0.183ms returns 0
T0E90 000:364.230 JLINK_CORESIGHT_WriteAPDPReg(AP reg 0x01, 0x80011130)
T0E90 000:364.406 - 0.176ms returns 0
T0E90 000:364.419 JLINK_CORESIGHT_ReadAPDPReg(AP reg 0x03)
T0E90 000:364.634   Value=0xFFFFFFC0
T0E90 000:364.647 - 0.228ms returns 0
T0E90 000:364.657 JLINK_CORESIGHT_WriteAPDPReg(AP reg 0x00, 0x80000002)
T0E90 000:364.848 - 0.190ms returns 0
T0E90 000:364.860 JLINK_CORESIGHT_WriteAPDPReg(AP reg 0x01, 0x80011140)
T0E90 000:365.038 - 0.177ms returns 0
T0E90 000:365.050 JLINK_CORESIGHT_ReadAPDPReg(AP reg 0x03)
T0E90 000:365.301   Value=0x00000000
T0E90 000:365.314 - 0.264ms returns 0
T0E90 000:365.324 JLINK_CORESIGHT_WriteAPDPReg(AP reg 0x00, 0x80000002)
T0E90 000:365.491 - 0.167ms returns 0
T0E90 000:365.503 JLINK_CORESIGHT_WriteAPDPReg(AP reg 0x01, 0x80011130)
T0E90 000:365.690 - 0.186ms returns 0
T0E90 000:365.702 JLINK_CORESIGHT_ReadAPDPReg(AP reg 0x03)
T0E90 000:365.945   Value=0xFFFFFFFF
T0E90 000:365.958 - 0.256ms returns 0
T0E90 000:365.968 JLINK_CORESIGHT_WriteAPDPReg(AP reg 0x00, 0x80000002)
T0E90 000:366.139 - 0.170ms returns 0
T0E90 000:366.157 JLINK_CORESIGHT_WriteAPDPReg(AP reg 0x01, 0x80011140)
T0E90 000:366.342 - 0.185ms returns 0
T0E90 000:366.354 JLINK_CORESIGHT_ReadAPDPReg(AP reg 0x03)
T0E90 000:366.580   Value=0x00000000
T0E90 000:366.600 - 0.246ms returns 0
T0E90 000:366.612 JLINK_CORESIGHT_WriteAPDPReg(AP reg 0x00, 0x80000002)
T0E90 000:366.815 - 0.203ms returns 0
T0E90 000:366.828 JLINK_CORESIGHT_WriteAPDPReg(AP reg 0x01, 0x80011130)
T0E90 000:366.997 - 0.168ms returns 0
T0E90 000:367.011 JLINK_CORESIGHT_ReadAPDPReg(AP reg 0x03)
T0E90 000:367.292   Value=0x000385FF
T0E90 000:367.304 - 0.293ms returns 0
T0E90 000:367.388 JLINK_CORESIGHT_WriteAPDPReg(AP reg 0x00, 0x80000002)
T0E90 000:367.565 - 0.176ms returns 0
T0E90 000:367.587 JLINK_CORESIGHT_WriteAPDPReg(AP reg 0x01, 0x80011140)
T0E90 000:367.803 - 0.216ms returns 0
T0E90 000:367.823 JLINK_CORESIGHT_ReadAPDPReg(AP reg 0x03)
T0E90 000:368.048   Value=0x00000002
T0E90 000:368.061 - 0.237ms returns 0
T0E90 000:368.071 JLINK_CORESIGHT_WriteAPDPReg(AP reg 0x00, 0x80000002)
T0E90 000:368.291 - 0.220ms returns 0
T0E90 000:368.303 JLINK_CORESIGHT_WriteAPDPReg(AP reg 0x01, 0x80011120)
T0E90 000:368.473 - 0.170ms returns 0
T0E90 000:368.487 JLINK_CORESIGHT_WriteAPDPReg(AP reg 0x03, 0x2C010001)
T0E90 000:368.688 - 0.200ms returns 0
T0E90 000:368.700 JLINK_CORESIGHT_WriteAPDPReg(AP reg 0x00, 0x80000002)
T0E90 000:368.879 - 0.179ms returns 0
T0E90 000:368.890 JLINK_CORESIGHT_WriteAPDPReg(AP reg 0x01, 0x80011140)
T0E90 000:369.071 - 0.180ms returns 0
T0E90 000:369.095 JLINK_CORESIGHT_ReadAPDPReg(AP reg 0x03)
T0E90 000:369.355   Value=0x00000002
T0E90 000:369.366 - 0.271ms returns 0
T0E90 000:369.373 JLINK_CORESIGHT_WriteAPDPReg(AP reg 0x00, 0x80000002)
T0E90 000:369.563 - 0.190ms returns 0
T0E90 000:369.570 JLINK_CORESIGHT_WriteAPDPReg(AP reg 0x01, 0x80011120)
T0E90 000:369.726 - 0.156ms returns 0
T0E90 000:369.732 JLINK_CORESIGHT_WriteAPDPReg(AP reg 0x03, 0x000003D3)
T0E90 000:369.888 - 0.156ms returns 0
T0E90 000:369.893 JLINK_CORESIGHT_WriteAPDPReg(AP reg 0x00, 0x80000002)
T0E90 000:370.143 - 0.249ms returns 0
T0E90 000:370.148 JLINK_CORESIGHT_WriteAPDPReg(AP reg 0x01, 0x80011140)
T0E90 000:370.314 - 0.165ms returns 0
T0E90 000:370.319 JLINK_CORESIGHT_ReadAPDPReg(AP reg 0x03)
T0E90 000:370.521   Value=0x00000002
T0E90 000:370.527 - 0.208ms returns 0
T0E90 000:370.531 JLINK_CORESIGHT_ReadAPDPReg(AP reg 0x03)
T0E90 000:370.735   Value=0x00000000
T0E90 000:370.741 - 0.209ms returns 0
T0E90 000:370.746 JLINK_CORESIGHT_WriteAPDPReg(AP reg 0x00, 0x80000002)
T0E90 000:370.910 - 0.164ms returns 0
T0E90 000:370.916 JLINK_CORESIGHT_WriteAPDPReg(AP reg 0x01, 0x80011130)
T0E90 000:371.073 - 0.157ms returns 0
T0E90 000:371.079 JLINK_CORESIGHT_ReadAPDPReg(AP reg 0x03)
T0E90 000:371.289   Value=0x2C020081
T0E90 000:371.294 - 0.215ms returns 0
T0E90 000:371.298 JLINK_CORESIGHT_WriteAPDPReg(AP reg 0x00, 0x80000002)
T0E90 000:371.452 - 0.153ms returns 0
T0E90 000:371.457 JLINK_CORESIGHT_WriteAPDPReg(AP reg 0x01, 0x80011140)
T0E90 000:371.613 - 0.157ms returns 0
T0E90 000:371.619 JLINK_CORESIGHT_ReadAPDPReg(AP reg 0x03)
T0E90 000:371.835   Value=0x00000000
T0E90 000:371.841 - 0.222ms returns 0
T0E90 000:371.846 JLINK_CORESIGHT_WriteAPDPReg(AP reg 0x00, 0x80000002)
T0E90 000:372.001 - 0.155ms returns 0
T0E90 000:372.007 JLINK_CORESIGHT_WriteAPDPReg(AP reg 0x01, 0x80011130)
T0E90 000:372.287 - 0.280ms returns 0
T0E90 000:372.292 JLINK_CORESIGHT_ReadAPDPReg(AP reg 0x03)
T0E90 000:372.622   Value=0x0003CE04
T0E90 000:372.628 - 0.336ms returns 0
T0E90 000:372.638 JLINK_CORESIGHT_WriteAPDPReg(AP reg 0x00, 0x80000002)
T0E90 000:372.835 - 0.196ms returns 0
T0E90 000:372.855 JLINK_CORESIGHT_WriteAPDPReg(AP reg 0x01, 0x80011140)
T0E90 000:373.041 - 0.185ms returns 0
T0E90 000:373.054 JLINK_CORESIGHT_ReadAPDPReg(AP reg 0x03)
T0E90 000:373.293   Value=0x00000002
T0E90 000:373.306 - 0.252ms returns 0
T0E90 000:373.316 JLINK_CORESIGHT_WriteAPDPReg(AP reg 0x00, 0x80000002)
T0E90 000:373.488 - 0.171ms returns 0
T0E90 000:373.514 JLINK_CORESIGHT_WriteAPDPReg(AP reg 0x01, 0x80011120)
T0E90 000:373.689 - 0.175ms returns 0
T0E90 000:373.695 JLINK_CORESIGHT_WriteAPDPReg(AP reg 0x03, 0x73010001)
T0E90 000:373.881 - 0.186ms returns 0
T0E90 000:373.889 JLINK_CORESIGHT_WriteAPDPReg(AP reg 0x00, 0x80000002)
T0E90 000:374.120 - 0.230ms returns 0
T0E90 000:374.133 JLINK_CORESIGHT_WriteAPDPReg(AP reg 0x01, 0x80011140)
T0E90 000:375.762 - 1.628ms returns 0
T0E90 000:375.775 JLINK_CORESIGHT_ReadAPDPReg(AP reg 0x03)
T0E90 000:376.052   Value=0x00000002
T0E90 000:376.064 - 0.288ms returns 0
T0E90 000:376.071 JLINK_CORESIGHT_WriteAPDPReg(AP reg 0x00, 0x80000002)
T0E90 000:376.362 - 0.290ms returns 0
T0E90 000:376.374 JLINK_CORESIGHT_WriteAPDPReg(AP reg 0x01, 0x80011120)
T0E90 000:376.640 - 0.266ms returns 0
T0E90 000:376.652 JLINK_CORESIGHT_WriteAPDPReg(AP reg 0x03, 0x0000038C)
T0E90 000:376.889 - 0.236ms returns 0
T0E90 000:376.901 JLINK_CORESIGHT_WriteAPDPReg(AP reg 0x00, 0x80000002)
T0E90 000:377.155 - 0.253ms returns 0
T0E90 000:377.167 JLINK_CORESIGHT_WriteAPDPReg(AP reg 0x01, 0x80011140)
T0E90 000:377.417 - 0.250ms returns 0
T0E90 000:377.430 JLINK_CORESIGHT_ReadAPDPReg(AP reg 0x03)
T0E90 000:377.687   Value=0x00000002
T0E90 000:377.694 - 0.264ms returns 0
T0E90 000:377.699 JLINK_CORESIGHT_ReadAPDPReg(AP reg 0x03)
T0E90 000:377.903   Value=0x00000002
T0E90 000:377.909 - 0.209ms returns 0
T0E90 000:377.913 JLINK_CORESIGHT_ReadAPDPReg(AP reg 0x03)
T0E90 000:378.117   Value=0x00000002
T0E90 000:378.122 - 0.209ms returns 0
T0E90 000:378.127 JLINK_CORESIGHT_ReadAPDPReg(AP reg 0x03)
T0E90 000:378.340   Value=0x00000002
T0E90 000:378.347 - 0.220ms returns 0
T0E90 000:378.352 JLINK_CORESIGHT_ReadAPDPReg(AP reg 0x03)
T0E90 000:378.567   Value=0x00000002
T0E90 000:378.575 - 0.222ms returns 0
T0E90 000:378.580 JLINK_CORESIGHT_ReadAPDPReg(AP reg 0x03)
T0E90 000:378.788   Value=0x00000002
T0E90 000:378.794 - 0.214ms returns 0
T0E90 000:378.800 JLINK_CORESIGHT_ReadAPDPReg(AP reg 0x03)
T0E90 000:379.004   Value=0x00000002
T0E90 000:379.009 - 0.209ms returns 0
T0E90 000:379.014 JLINK_CORESIGHT_ReadAPDPReg(AP reg 0x03)
T0E90 000:379.289   Value=0x00000002
T0E90 000:379.295 - 0.281ms returns 0
T0E90 000:379.299 JLINK_CORESIGHT_ReadAPDPReg(AP reg 0x03)
T0E90 000:379.503   Value=0x00000000
T0E90 000:379.508 - 0.209ms returns 0
T0E90 000:379.514 JLINK_CORESIGHT_WriteAPDPReg(AP reg 0x00, 0x80000002)
T0E90 000:379.667 - 0.153ms returns 0
T0E90 000:379.672 JLINK_CORESIGHT_WriteAPDPReg(AP reg 0x01, 0x80011130)
T0E90 000:379.851 - 0.179ms returns 0
T0E90 000:379.856 JLINK_CORESIGHT_ReadAPDPReg(AP reg 0x03)
T0E90 000:380.061   Value=0x73020081
T0E90 000:380.067 - 0.210ms returns 0
T0E90 000:380.071 JLINK_CORESIGHT_WriteAPDPReg(AP reg 0x00, 0x80000002)
T0E90 000:380.289 - 0.218ms returns 0
T0E90 000:380.294 JLINK_CORESIGHT_WriteAPDPReg(AP reg 0x01, 0x80011140)
T0E90 000:380.453 - 0.158ms returns 0
T0E90 000:380.458 JLINK_CORESIGHT_ReadAPDPReg(AP reg 0x03)
T0E90 000:380.660   Value=0x00000000
T0E90 000:380.666 - 0.208ms returns 0
T0E90 000:380.670 JLINK_CORESIGHT_WriteAPDPReg(AP reg 0x00, 0x80000002)
T0E90 000:380.849 - 0.178ms returns 0
T0E90 000:380.854 JLINK_CORESIGHT_WriteAPDPReg(AP reg 0x01, 0x80011130)
T0E90 000:381.006 - 0.152ms returns 0
T0E90 000:381.011 JLINK_CORESIGHT_ReadAPDPReg(AP reg 0x03)
T0E90 000:381.214   Value=0x00038902
T0E90 000:381.220 - 0.209ms returns 0
T0E90 000:381.227 JLINK_CORESIGHT_WriteAPDPReg(AP reg 0x00, 0x80000002)
T0E90 000:381.398 - 0.171ms returns 0
T0E90 000:381.403 JLINK_CORESIGHT_WriteAPDPReg(AP reg 0x01, 0x80011140)
T0E90 000:381.556 - 0.153ms returns 0
T0E90 000:381.561 JLINK_CORESIGHT_ReadAPDPReg(AP reg 0x03)
T0E90 000:381.788   Value=0x00000002
T0E90 000:381.793 - 0.232ms returns 0
T0E90 000:381.798 JLINK_CORESIGHT_WriteAPDPReg(AP reg 0x00, 0x80000002)
T0E90 000:381.953 - 0.155ms returns 0
T0E90 000:381.959 JLINK_CORESIGHT_WriteAPDPReg(AP reg 0x01, 0x80011120)
T0E90 000:382.112 - 0.153ms returns 0
T0E90 000:382.117 JLINK_CORESIGHT_WriteAPDPReg(AP reg 0x03, 0x75010001)
T0E90 000:382.291 - 0.174ms returns 0
T0E90 000:382.296 JLINK_CORESIGHT_WriteAPDPReg(AP reg 0x00, 0x80000002)
T0E90 000:382.449 - 0.153ms returns 0
T0E90 000:382.454 JLINK_CORESIGHT_WriteAPDPReg(AP reg 0x01, 0x80011140)
T0E90 000:382.607 - 0.153ms returns 0
T0E90 000:382.612 JLINK_CORESIGHT_ReadAPDPReg(AP reg 0x03)
T0E90 000:382.840   Value=0x00000002
T0E90 000:382.846 - 0.233ms returns 0
T0E90 000:382.850 JLINK_CORESIGHT_WriteAPDPReg(AP reg 0x00, 0x80000002)
T0E90 000:383.001 - 0.151ms returns 0
T0E90 000:383.006 JLINK_CORESIGHT_WriteAPDPReg(AP reg 0x01, 0x80011120)
T0E90 000:383.163 - 0.156ms returns 0
T0E90 000:383.168 JLINK_CORESIGHT_WriteAPDPReg(AP reg 0x03, 0x0000038A)
T0E90 000:383.339 - 0.171ms returns 0
T0E90 000:383.345 JLINK_CORESIGHT_WriteAPDPReg(AP reg 0x00, 0x80000002)
T0E90 000:383.497 - 0.152ms returns 0
T0E90 000:383.502 JLINK_CORESIGHT_WriteAPDPReg(AP reg 0x01, 0x80011140)
T0E90 000:383.661 - 0.158ms returns 0
T0E90 000:383.666 JLINK_CORESIGHT_ReadAPDPReg(AP reg 0x03)
T0E90 000:383.893   Value=0x00000000
T0E90 000:383.899 - 0.233ms returns 0
T0E90 000:383.903 JLINK_CORESIGHT_WriteAPDPReg(AP reg 0x00, 0x80000002)
T0E90 000:384.156 - 0.252ms returns 0
T0E90 000:384.172 JLINK_CORESIGHT_WriteAPDPReg(AP reg 0x01, 0x80011130)
T0E90 000:384.340 - 0.168ms returns 0
T0E90 000:384.349 JLINK_CORESIGHT_ReadAPDPReg(AP reg 0x03)
T0E90 000:384.554   Value=0x75020081
T0E90 000:384.560 - 0.210ms returns 0
T0E90 000:384.565 JLINK_CORESIGHT_WriteAPDPReg(AP reg 0x00, 0x80000002)
T0E90 000:384.759 - 0.193ms returns 0
T0E90 000:384.767 JLINK_CORESIGHT_WriteAPDPReg(AP reg 0x01, 0x80011140)
T0E90 000:384.921 - 0.154ms returns 0
T0E90 000:384.928 JLINK_CORESIGHT_ReadAPDPReg(AP reg 0x03)
T0E90 000:385.132   Value=0x00000000
T0E90 000:385.139 - 0.211ms returns 0
T0E90 000:385.145 JLINK_CORESIGHT_WriteAPDPReg(AP reg 0x00, 0x80000002)
T0E90 000:385.315 - 0.170ms returns 0
T0E90 000:385.321 JLINK_CORESIGHT_WriteAPDPReg(AP reg 0x01, 0x80011130)
T0E90 000:385.474 - 0.152ms returns 0
T0E90 000:385.479 JLINK_CORESIGHT_ReadAPDPReg(AP reg 0x03)
T0E90 000:385.681   Value=0x00038702
T0E90 000:385.686 - 0.207ms returns 0
T0E90 000:386.110 JLINK_CORESIGHT_WriteAPDPReg(AP reg 0x00, 0x80000002)
T0E90 000:386.290 - 0.179ms returns 0
T0E90 000:386.295 JLINK_CORESIGHT_WriteAPDPReg(AP reg 0x01, 0x80011140)
T0E90 000:386.442 - 0.147ms returns 0
T0E90 000:386.447 JLINK_CORESIGHT_ReadAPDPReg(AP reg 0x03)
T0E90 000:386.650   Value=0x00000002
T0E90 000:386.656 - 0.208ms returns 0
T0E90 000:386.660 JLINK_CORESIGHT_WriteAPDPReg(AP reg 0x00, 0x80000002)
T0E90 000:386.839 - 0.179ms returns 0
T0E90 000:386.844 JLINK_CORESIGHT_WriteAPDPReg(AP reg 0x01, 0x80011120)
T0E90 000:387.005 - 0.161ms returns 0
T0E90 000:387.011 JLINK_CORESIGHT_WriteAPDPReg(AP reg 0x03, 0x4F010001)
T0E90 000:387.160 - 0.150ms returns 0
T0E90 000:387.166 JLINK_CORESIGHT_WriteAPDPReg(AP reg 0x00, 0x80000002)
T0E90 000:387.339 - 0.173ms returns 0
T0E90 000:387.344 JLINK_CORESIGHT_WriteAPDPReg(AP reg 0x01, 0x80011140)
T0E90 000:387.499 - 0.154ms returns 0
T0E90 000:387.504 JLINK_CORESIGHT_ReadAPDPReg(AP reg 0x03)
T0E90 000:387.712   Value=0x00000002
T0E90 000:387.717 - 0.213ms returns 0
T0E90 000:387.722 JLINK_CORESIGHT_WriteAPDPReg(AP reg 0x00, 0x80000002)
T0E90 000:387.876 - 0.154ms returns 0
T0E90 000:387.881 JLINK_CORESIGHT_WriteAPDPReg(AP reg 0x01, 0x80011120)
T0E90 000:388.145 - 0.263ms returns 0
T0E90 000:388.164 JLINK_CORESIGHT_WriteAPDPReg(AP reg 0x03, 0x000003B0)
T0E90 000:388.400 - 0.236ms returns 0
T0E90 000:388.411 JLINK_CORESIGHT_WriteAPDPReg(AP reg 0x00, 0x80000002)
T0E90 000:388.569 - 0.158ms returns 0
T0E90 000:388.575 JLINK_CORESIGHT_WriteAPDPReg(AP reg 0x01, 0x80011140)
T0E90 000:388.728 - 0.154ms returns 0
T0E90 000:388.733 JLINK_CORESIGHT_ReadAPDPReg(AP reg 0x03)
T0E90 000:388.936   Value=0x00000002
T0E90 000:388.941 - 0.208ms returns 0
T0E90 000:388.946 JLINK_CORESIGHT_ReadAPDPReg(AP reg 0x03)
T0E90 000:389.151   Value=0x00000002
T0E90 000:389.158 - 0.212ms returns 0
T0E90 000:389.164 JLINK_CORESIGHT_ReadAPDPReg(AP reg 0x03)
T0E90 000:389.366   Value=0x00000002
T0E90 000:389.373 - 0.209ms returns 0
T0E90 000:389.379 JLINK_CORESIGHT_ReadAPDPReg(AP reg 0x03)
T0E90 000:389.586   Value=0x00000002
T0E90 000:389.592 - 0.213ms returns 0
T0E90 000:389.597 JLINK_CORESIGHT_ReadAPDPReg(AP reg 0x03)
T0E90 000:389.802   Value=0x00000002
T0E90 000:389.807 - 0.210ms returns 0
T0E90 000:389.811 JLINK_CORESIGHT_ReadAPDPReg(AP reg 0x03)
T0E90 000:390.014   Value=0x00000002
T0E90 000:390.019 - 0.208ms returns 0
T0E90 000:390.024 JLINK_CORESIGHT_ReadAPDPReg(AP reg 0x03)
T0E90 000:390.315   Value=0x00000002
T0E90 000:390.320 - 0.296ms returns 0
T0E90 000:390.325 JLINK_CORESIGHT_ReadAPDPReg(AP reg 0x03)
T0E90 000:390.529   Value=0x00000002
T0E90 000:390.534 - 0.209ms returns 0
T0E90 000:390.539 JLINK_CORESIGHT_ReadAPDPReg(AP reg 0x03)
T0E90 000:390.741   Value=0x00000002
T0E90 000:390.747 - 0.208ms returns 0
T0E90 000:390.753 JLINK_CORESIGHT_ReadAPDPReg(AP reg 0x03)
T0E90 000:390.961   Value=0x00000002
T0E90 000:390.967 - 0.214ms returns 0
T0E90 000:390.972 JLINK_CORESIGHT_ReadAPDPReg(AP reg 0x03)
T0E90 000:391.174   Value=0x00000002
T0E90 000:391.183 - 0.211ms returns 0
T0E90 000:391.187 JLINK_CORESIGHT_ReadAPDPReg(AP reg 0x03)
T0E90 000:391.446   Value=0x00000002
T0E90 000:391.452 - 0.264ms returns 0
T0E90 000:391.456 JLINK_CORESIGHT_ReadAPDPReg(AP reg 0x03)
T0E90 000:391.660   Value=0x00000002
T0E90 000:391.666 - 0.209ms returns 0
T0E90 000:391.670 JLINK_CORESIGHT_ReadAPDPReg(AP reg 0x03)
T0E90 000:391.872   Value=0x00000002
T0E90 000:391.877 - 0.206ms returns 0
T0E90 000:391.882 JLINK_CORESIGHT_ReadAPDPReg(AP reg 0x03)
T0E90 000:392.086   Value=0x00000002
T0E90 000:392.092 - 0.209ms returns 0
T0E90 000:392.096 JLINK_CORESIGHT_ReadAPDPReg(AP reg 0x03)
T0E90 000:392.289   Value=0x00000002
T0E90 000:392.296 - 0.199ms returns 0
T0E90 000:392.301 JLINK_CORESIGHT_ReadAPDPReg(AP reg 0x03)
T0E90 000:392.507   Value=0x00000002
T0E90 000:392.512 - 0.211ms returns 0
T0E90 000:392.517 JLINK_CORESIGHT_ReadAPDPReg(AP reg 0x03)
T0E90 000:392.721   Value=0x00000000
T0E90 000:392.727 - 0.209ms returns 0
T0E90 000:392.732 JLINK_CORESIGHT_WriteAPDPReg(AP reg 0x00, 0x80000002)
T0E90 000:392.884 - 0.152ms returns 0
T0E90 000:392.889 JLINK_CORESIGHT_WriteAPDPReg(AP reg 0x01, 0x80011130)
T0E90 000:393.147 - 0.258ms returns 0
T0E90 000:393.152 JLINK_CORESIGHT_ReadAPDPReg(AP reg 0x03)
T0E90 000:393.364   Value=0x4F0B0081
T0E90 000:393.369 - 0.216ms returns 0
T0E90 000:393.374 JLINK_CORESIGHT_WriteAPDPReg(AP reg 0x00, 0x80000002)
T0E90 000:393.535 - 0.161ms returns 0
T0E90 000:393.541 JLINK_CORESIGHT_WriteAPDPReg(AP reg 0x01, 0x80011140)
T0E90 000:393.692 - 0.152ms returns 0
T0E90 000:393.698 JLINK_CORESIGHT_ReadAPDPReg(AP reg 0x03)
T0E90 000:393.909   Value=0x00000000
T0E90 000:393.915 - 0.217ms returns 0
T0E90 000:393.920 JLINK_CORESIGHT_WriteAPDPReg(AP reg 0x00, 0x80000002)
T0E90 000:394.072 - 0.152ms returns 0
T0E90 000:394.077 JLINK_CORESIGHT_WriteAPDPReg(AP reg 0x01, 0x80011130)
T0E90 000:394.292 - 0.215ms returns 0
T0E90 000:394.300 JLINK_CORESIGHT_ReadAPDPReg(AP reg 0x03)
T0E90 000:394.510   Value=0xC0010000
T0E90 000:394.521 - 0.221ms returns 0
T0E90 000:394.528 JLINK_CORESIGHT_WriteAPDPReg(AP reg 0x00, 0x80000002)
T0E90 000:394.681 - 0.153ms returns 0
T0E90 000:394.688 JLINK_CORESIGHT_WriteAPDPReg(AP reg 0x01, 0x80011140)
T0E90 000:394.864 - 0.176ms returns 0
T0E90 000:394.870 JLINK_CORESIGHT_ReadAPDPReg(AP reg 0x03)
T0E90 000:395.085   Value=0x00000000
T0E90 000:395.090 - 0.220ms returns 0
T0E90 000:395.095 JLINK_CORESIGHT_WriteAPDPReg(AP reg 0x00, 0x80000002)
T0E90 000:395.290 - 0.194ms returns 0
T0E90 000:395.300 JLINK_CORESIGHT_WriteAPDPReg(AP reg 0x01, 0x80011130)
T0E90 000:395.451 - 0.151ms returns 0
T0E90 000:395.457 JLINK_CORESIGHT_ReadAPDPReg(AP reg 0x03)
T0E90 000:395.658   Value=0x00000000
T0E90 000:395.664 - 0.207ms returns 0
T0E90 000:395.669 JLINK_CORESIGHT_WriteAPDPReg(AP reg 0x00, 0x80000002)
T0E90 000:395.847 - 0.178ms returns 0
T0E90 000:395.853 JLINK_CORESIGHT_WriteAPDPReg(AP reg 0x01, 0x80011140)
T0E90 000:396.002 - 0.149ms returns 0
T0E90 000:396.008 JLINK_CORESIGHT_ReadAPDPReg(AP reg 0x03)
T0E90 000:396.210   Value=0x00000000
T0E90 000:396.216 - 0.208ms returns 0
T0E90 000:396.221 JLINK_CORESIGHT_WriteAPDPReg(AP reg 0x00, 0x80000002)
T0E90 000:396.395 - 0.174ms returns 0
T0E90 000:396.401 JLINK_CORESIGHT_WriteAPDPReg(AP reg 0x01, 0x80011130)
T0E90 000:396.554 - 0.152ms returns 0
T0E90 000:396.559 JLINK_CORESIGHT_ReadAPDPReg(AP reg 0x03)
T0E90 000:396.795   Value=0x03E50000
T0E90 000:396.804 - 0.244ms returns 0
T0E90 000:396.881 JLINK_CORESIGHT_ReadAPDPReg(DP reg 0x01)
T0E90 000:397.061   Value=0xF0000F40
T0E90 000:397.069 - 0.188ms returns 0
T0E90 000:397.075 JLINK_CORESIGHT_WriteAPDPReg(DP reg 0x01, 0xA0000F40)
T0E90 000:397.288 - 0.213ms returns 0
T0E90 000:397.294 JLINK_CORESIGHT_ReadAPDPReg(DP reg 0x01)
T0E90 000:397.473   Value=0x00000F40
T0E90 000:397.479 - 0.185ms returns 0
T0E90 000:397.484 JLINK_ClrRESET()
T0E90 000:397.625 - 0.140ms 
T0E90 000:500.128 JLINK_Close()
T0E90 000:517.068 - 16.939ms
T0E90 000:517.086   
T0E90 000:517.090   Closed
