CMD:[D:/RA/second/.metadata/.plugins/com.renesas.ai.translator/py.bat D:/RA/second/rainy/.settings/.plugin/com.renesas.ai.translator/renesas_aicompiler_caller/cli.py ruhmi deploy --framework quantized --input_model D:/RA/second/rainy/conversion_results/quantized/model.mera --output_dir D:/RA/second/rainy/conversion_results/converted --optimization_mode 0 --memory_mode 0 --mera_options  --vela_options  --shape_dict_json D:/RA/second/rainy/conversion_results/conversion_tool_settings/2026-08-11.onnx_input_shape.json ]
2026-08-11 22:47:05,673 [DEBUG] (__init__.py #342, wrapper): matplotlib data path: D:\Renesas\RA\e2studio_v2025-12_fsp_v6.4.0\ruhmi\.venv\lib\site-packages\matplotlib\mpl-data
2026-08-11 22:47:05,677 [DEBUG] (__init__.py #342, wrapper): CONFIGDIR=C:\Users\Rainy\.matplotlib
2026-08-11 22:47:05,678 [DEBUG] (__init__.py #1560, <module>): interactive is False
2026-08-11 22:47:05,678 [DEBUG] (__init__.py #1561, <module>): platform is win32
2026-08-11 22:47:05,701 [DEBUG] (__init__.py #342, wrapper): CACHEDIR=C:\Users\Rainy\.matplotlib
2026-08-11 22:47:05,704 [DEBUG] (font_manager.py #1635, _load_fontmanager): Using fontManager instance from C:\Users\Rainy\.matplotlib\fontlist-v390.json
2026-08-11 22:47:06,322 [INFO] (environment_check.py #360, check_ruhmi_environment): Checking RUHMI environment ...
2026-08-11 22:47:06,322 [INFO] (environment_check.py #248, _check_python_deps_for_ruhmi): mera version 2.6.0+pkg.4815 released on 2026-03-05
2026-08-11 22:47:06,324 [INFO] (environment_check.py #234, _check_python_package_and_version): 'mera' version 2.6.0+pkg.4815 is installed.
2026-08-11 22:47:06,325 [INFO] (environment_check.py #234, _check_python_package_and_version): 'ethos-u-vela' version 4.2.0 is installed.
2026-08-11 22:47:06,326 [INFO] (environment_check.py #234, _check_python_package_and_version): 'tflite' version 2.18.0 is installed.
2026-08-11 22:47:06,328 [INFO] (environment_check.py #234, _check_python_package_and_version): 'onnx' version 1.17.0 is installed.
2026-08-11 22:47:06,329 [INFO] (environment_check.py #234, _check_python_package_and_version): 'typing_extensions' version 4.16.0 is installed.
2026-08-11 22:47:06,330 [INFO] (environment_check.py #234, _check_python_package_and_version): 'mera-visualizer' version 2.5.0+mcuv4 is installed.
2026-08-11 22:47:06,333 [INFO] (deploy_model.py #337, main): Arguments: Namespace(framework='quantized', input_model='D:/RA/second/rainy/conversion_results/quantized/model.mera', output_dir='D:/RA/second/rainy/conversion_results/converted', shape_dict_json='D:/RA/second/rainy/conversion_results/conversion_tool_settings/2026-08-11.onnx_input_shape.json', optimization_mode=0, memory_mode=0, use_only_cpu=False, weight_loc=0, ethos_configuration_filepath=None, mera_options='', vela_options='')
2026-08-11 22:47:06,333 [INFO] (deploy_model.py #338, main): Mera options: Namespace(target='mcu', enable_ospi=False, enable_ref_data=True, suffix='', use_x86=False, args=[])
2026-08-11 22:47:06,333 [INFO] (deploy_model.py #339, main): Vela options: Namespace(sys_config='RA8P1', accel_config='ethos-u55-256', verbose_all=False, args=[])
2026-08-11 22:47:06,333 [WARNING] (deploy_model.py #264, _validate_args): enable_ref_data can only be specified when using .tflite models. Therefore forcing enable_ref_data to False.
Variable container does not have anything...
2026-08-11 22:47:06,333 [INFO] (deploy_model.py #363, main): Targeting MCU on ALT2 
2026-08-11 22:47:06,333 [INFO] (deploy_model.py #295, compile_mera): 
Deploying MERA model ...
2026-08-11 22:47:06,370 [DEBUG] (deploy_project.py #241, pushd): (pushd) Running in model
2026-08-11 22:47:06,386 [DEBUG] (deploy_project.py #208, save_artifact): Saved json artifact 'input_desc.json' into D:\RA\second\rainy\conversion_results\converted\model
2026-08-11 22:47:06,386 [DEBUG] (deploy_project.py #248, popd): (popd) cwd is now D:\RA\second\rainy\conversion_results\converted
2026-08-11 22:47:06,386 [INFO] (deploy.py #309, deploy):  *** mera v2.6.0+pkg.4815 ***
2026-08-11 22:47:06,386 [INFO] (deploy.py #310, deploy): Starting deployment of model 'model'...
2026-08-11 22:47:06,386 [DEBUG] (deploy_project.py #241, pushd): (pushd) Running in build
2026-08-11 22:47:06,387 [DEBUG] (deploy_project.py #241, pushd): (pushd) Running in MCU
2026-08-11 22:47:06,388 [DEBUG] (deploy_project.py #208, save_artifact): Saved json artifact 'deploy_cfg.json' into D:\RA\second\rainy\conversion_results\converted\build\MCU
2026-08-11 22:47:06,390 [DEBUG] (utils.py #22, cmd): Running command 'D:\Renesas\RA\e2studio_v2025-12_fsp_v6.4.0\ruhmi\.venv\Lib\site-packages\mera\bin_utils\fe_meraqtz_cli D:\RA\second\rainy\conversion_results\converted\build\MCU\deploy_cfg.json'
2026-08-11 22:47:11,650 [DEBUG] (deploy_project.py #241, pushd): (pushd) Running in model
2026-08-11 22:47:11,651 [DEBUG] (deploy_project.py #208, save_artifact): Saved json artifact 'input_desc.json' into D:\RA\second\rainy\conversion_results\converted\model
2026-08-11 22:47:11,651 [DEBUG] (deploy_project.py #248, popd): (popd) cwd is now D:\RA\second\rainy\conversion_results\converted\build\MCU
2026-08-11 22:47:11,659 [DEBUG] (utils.py #22, cmd): Running command 'D:\Renesas\RA\e2studio_v2025-12_fsp_v6.4.0\ruhmi\.venv\Lib\site-packages\mera\bin_utils\ccodegen\c_codegen D:\RA\second\rainy\conversion_results\converted\build\MCU\compilation D:\RA\second\rainy\conversion_results\converted\build\MCU\compilation\src  '
2026-08-11 22:47:11,937 [DEBUG] (utils.py #22, cmd): Running command 'D:\Renesas\RA\e2studio_v2025-12_fsp_v6.4.0\ruhmi\.venv\Lib\site-packages\mera\bin_utils\ccodegen\c_codegen D:\RA\second\rainy\conversion_results\converted\build\MCU\compilation\sub_0000__CPU_C_CODEGEN\model.merair D:\Renesas\RA\e2studio_v2025-12_fsp_v6.4.0\ruhmi\.venv\Lib\site-packages\mera\bin_utils\ccodegen\templates D:\Renesas\RA\e2studio_v2025-12_fsp_v6.4.0\ruhmi\.venv\Lib\site-packages\mera\bin_utils\ccodegen\kernel_library sub_0000 D:\RA\second\rainy\conversion_results\converted\build\MCU\compilation\src flash   '
2026-08-11 22:47:12,065 [DEBUG] (utils.py #22, cmd): Running command 'D:\Renesas\RA\e2studio_v2025-12_fsp_v6.4.0\ruhmi\.venv\Lib\site-packages\mera\bin_utils\ccodegen\c_codegen D:\RA\second\rainy\conversion_results\converted\build\MCU\compilation\sub_0002__CPU_C_CODEGEN\model.merair D:\Renesas\RA\e2studio_v2025-12_fsp_v6.4.0\ruhmi\.venv\Lib\site-packages\mera\bin_utils\ccodegen\templates D:\Renesas\RA\e2studio_v2025-12_fsp_v6.4.0\ruhmi\.venv\Lib\site-packages\mera\bin_utils\ccodegen\kernel_library sub_0002 D:\RA\second\rainy\conversion_results\converted\build\MCU\compilation\src flash   '
2026-08-11 22:47:12,203 [DEBUG] (utils.py #22, cmd): Running command 'D:\Renesas\RA\e2studio_v2025-12_fsp_v6.4.0\ruhmi\.venv\Lib\site-packages\mera\bin_utils\ccodegen\c_codegen D:\RA\second\rainy\conversion_results\converted\build\MCU\compilation\sub_0004__CPU_C_CODEGEN\model.merair D:\Renesas\RA\e2studio_v2025-12_fsp_v6.4.0\ruhmi\.venv\Lib\site-packages\mera\bin_utils\ccodegen\templates D:\Renesas\RA\e2studio_v2025-12_fsp_v6.4.0\ruhmi\.venv\Lib\site-packages\mera\bin_utils\ccodegen\kernel_library sub_0004 D:\RA\second\rainy\conversion_results\converted\build\MCU\compilation\src flash   '
2026-08-11 22:47:12,331 [DEBUG] (utils.py #22, cmd): Running command 'vela --config D:\Renesas\RA\e2studio_v2025-12_fsp_v6.4.0\ruhmi\.venv\Lib\site-packages\mera\bin_utils\ccodegen\system_config.ini --system-config RA8P1 --memory-mode Sram_Only --accelerator-config ethos-u55-256 --optimise Performance --output-dir D:\RA\second\rainy\conversion_results\converted\build\MCU\compilation\sub_0001__ARM_ETHOS_U55_C_CODEGEN  D:\RA\second\rainy\conversion_results\converted\build\MCU\compilation\sub_0001__ARM_ETHOS_U55_C_CODEGEN/model.tflite'
2026-08-11 22:47:15,048 [DEBUG] (utils.py #22, cmd): Running command 'vela --config D:\Renesas\RA\e2studio_v2025-12_fsp_v6.4.0\ruhmi\.venv\Lib\site-packages\mera\bin_utils\ccodegen\system_config.ini --system-config RA8P1 --memory-mode Sram_Only --accelerator-config ethos-u55-256 --optimise Performance --output-dir D:\RA\second\rainy\conversion_results\converted\build\MCU\compilation\sub_0003__ARM_ETHOS_U55_C_CODEGEN  D:\RA\second\rainy\conversion_results\converted\build\MCU\compilation\sub_0003__ARM_ETHOS_U55_C_CODEGEN/model.tflite'
2026-08-11 22:47:15,779 [DEBUG] (utils.py #22, cmd): Running command 'D:\Renesas\RA\e2studio_v2025-12_fsp_v6.4.0\ruhmi\.venv\Lib\site-packages\mera\bin_utils\ccodegen\vela_optimized_to_source D:\RA\second\rainy\conversion_results\converted\build\MCU  '
2026-08-11 22:47:16,149 [INFO] (deploy_model.py #380, main): SUCCESS, saved at D:/RA/second/rainy/conversion_results/converted
[2026-08-11 22:47:06.854] [info] Loading and converting MERAQtz model ... 
[2026-08-11 22:47:06.890] [info] Converting to canonical ...
[2026-08-11 22:47:08.194] [info] Converting to target IR ...
[2026-08-11 22:47:08.208] [info] Dividing and exporting regions ...
[2026-08-11 22:47:08.351] [info] Ethos-U support is enabled, matching patterns for target Ethos-U55
[2026-08-11 22:47:11.380] [info]   [DivideByTarget] Assembled 5 final regions:
[2026-08-11 22:47:11.380] [info]     + C_CODEGEN = 3 regions.
[2026-08-11 22:47:11.380] [info]     + ARM_ETHOS_U55 = 2 regions.
>> src_dir: 
"D:\\RA\\second\\rainy\\conversion_results\\converted\\build\\MCU\\compilation\\src/"
Loaded MERA IR
>> src_dir: 
"D:\\RA\\second\\rainy\\conversion_results\\converted\\build\\MCU\\compilation\\src/"
Success
Loaded MERA IR
>> src_dir: 
"D:\\RA\\second\\rainy\\conversion_results\\converted\\build\\MCU\\compilation\\src/"
Success
Loaded MERA IR
>> src_dir: 
"D:\\RA\\second\\rainy\\conversion_results\\converted\\build\\MCU\\compilation\\src/"
Success
Info: Changing const_mem_area from Sram to OnChipFlash. This will use the same characteristics as Sram.
Warning: Input TensorFlow Lite network contains a zero length buffer (index = 0) which is semantically not empty. However, it will be treated as an empty buffer.

Network summary for model
Accelerator configuration               Ethos_U55_256
System configuration                            RA8P1
Memory mode                                 Sram_Only
Accelerator clock                                 500 MHz
Design peak SRAM bandwidth                       1.86 GB/s
Design peak On-chip Flash bandwidth              1.86 GB/s

Total SRAM used                                396.00 KiB
Total On-chip Flash used                       307.92 KiB

CPU operators = 0 (0.0%)
NPU operators = 223 (100.0%)

Average SRAM bandwidth                           0.29 GB/s
Input   SRAM bandwidth                           3.45 MB/batch
Weight  SRAM bandwidth                           0.00 MB/batch
Output  SRAM bandwidth                           2.23 MB/batch
Total   SRAM bandwidth                           5.68 MB/batch
Total   SRAM bandwidth            per input      5.68 MB/inference (batch size 1)

Average On-chip Flash bandwidth                  0.02 GB/s
Input   On-chip Flash bandwidth                  0.00 MB/batch
Weight  On-chip Flash bandwidth                  0.39 MB/batch
Output  On-chip Flash bandwidth                  0.00 MB/batch
Total   On-chip Flash bandwidth                  0.44 MB/batch
Total   On-chip Flash bandwidth   per input      0.44 MB/inference (batch size 1)

Neural network macs                          42379020 MACs/batch

Info: Changing const_mem_area from Sram to OnChipFlash. This will use the same characteristics as Sram.
Warning: Input TensorFlow Lite network contains a zero length buffer (index = 0) which is semantically not empty. However, it will be treated as an empty buffer.

Network summary for model
Accelerator configuration               Ethos_U55_256
System configuration                            RA8P1
Memory mode                                 Sram_Only
Accelerator clock                                 500 MHz
Design peak SRAM bandwidth                       1.86 GB/s
Design peak On-chip Flash bandwidth              1.86 GB/s

Total SRAM used                                 81.00 KiB
Total On-chip Flash used                        67.59 KiB

CPU operators = 0 (0.0%)
NPU operators = 17 (100.0%)

Average SRAM bandwidth                           1.22 GB/s
Input   SRAM bandwidth                           0.34 MB/batch
Weight  SRAM bandwidth                           0.00 MB/batch
Output  SRAM bandwidth                           0.14 MB/batch
Total   SRAM bandwidth                           0.48 MB/batch
Total   SRAM bandwidth            per input      0.48 MB/inference (batch size 1)

Average On-chip Flash bandwidth                  0.46 GB/s
Input   On-chip Flash bandwidth                  0.00 MB/batch
Weight  On-chip Flash bandwidth                  0.18 MB/batch
Output  On-chip Flash bandwidth                  0.00 MB/batch
Total   On-chip Flash bandwidth                  0.18 MB/batch
Total   On-chip Flash bandwidth   per input      0.18 MB/inference (batch size 1)

Neural network macs                           7249968 MACs/batch

[INFO] Success to execute the command
