CMD:[D:/RA/second/.metadata/.plugins/com.renesas.ai.translator/py.bat D:/RA/second/rainy/.settings/.plugin/com.renesas.ai.translator/renesas_aicompiler_caller/cli.py ruhmi quantize --framework onnx --input_model C:\Users\Rainy\Downloads\ho-ra8p1-192-uint8-raw-op11.onnx --output_dir D:/RA/second/rainy/conversion_results/quantized --quant_config_json D:/RA/second/rainy/conversion_results/conversion_tool_settings/ho-ra8p1-192-uint8-raw-op11.onnx_quant_config.json --shape_dict_json D:/RA/second/rainy/conversion_results/conversion_tool_settings/ho-ra8p1-192-uint8-raw-op11.onnx_input_shape.json ]
2026-07-18 00:40:03,505 [DEBUG] (__init__.py #342, wrapper): matplotlib data path: D:\Renesas\RA\e2studio_v2025-12_fsp_v6.4.0\ruhmi\.venv\lib\site-packages\matplotlib\mpl-data
2026-07-18 00:40:03,510 [DEBUG] (__init__.py #342, wrapper): CONFIGDIR=C:\Users\Rainy\.matplotlib
2026-07-18 00:40:03,513 [DEBUG] (__init__.py #1560, <module>): interactive is False
2026-07-18 00:40:03,513 [DEBUG] (__init__.py #1561, <module>): platform is win32
2026-07-18 00:40:03,541 [DEBUG] (__init__.py #342, wrapper): CACHEDIR=C:\Users\Rainy\.matplotlib
2026-07-18 00:40:03,543 [DEBUG] (font_manager.py #1635, _load_fontmanager): Using fontManager instance from C:\Users\Rainy\.matplotlib\fontlist-v390.json
2026-07-18 00:40:04,275 [INFO] (environment_check.py #360, check_ruhmi_environment): Checking RUHMI environment ...
2026-07-18 00:40:04,275 [INFO] (environment_check.py #248, _check_python_deps_for_ruhmi): mera version 2.6.0+pkg.4815 released on 2026-03-05
2026-07-18 00:40:04,277 [INFO] (environment_check.py #234, _check_python_package_and_version): 'mera' version 2.6.0+pkg.4815 is installed.
2026-07-18 00:40:04,278 [INFO] (environment_check.py #234, _check_python_package_and_version): 'ethos-u-vela' version 4.2.0 is installed.
2026-07-18 00:40:04,280 [INFO] (environment_check.py #234, _check_python_package_and_version): 'tflite' version 2.18.0 is installed.
2026-07-18 00:40:04,281 [INFO] (environment_check.py #234, _check_python_package_and_version): 'onnx' version 1.17.0 is installed.
2026-07-18 00:40:04,283 [INFO] (environment_check.py #234, _check_python_package_and_version): 'typing_extensions' version 4.16.0 is installed.
2026-07-18 00:40:04,284 [INFO] (environment_check.py #234, _check_python_package_and_version): 'mera-visualizer' version 2.5.0+mcuv4 is installed.
2026-07-18 00:40:04,286 [INFO] (quantize_model.py #465, main): Arguments: Namespace(framework='onnx', input_model='C:\\Users\\Rainy\\Downloads\\ho-ra8p1-192-uint8-raw-op11.onnx', output_dir='D:/RA/second/rainy/conversion_results/quantized', quant_config_json='D:/RA/second/rainy/conversion_results/conversion_tool_settings/ho-ra8p1-192-uint8-raw-op11.onnx_quant_config.json', shape_dict_json='D:/RA/second/rainy/conversion_results/conversion_tool_settings/ho-ra8p1-192-uint8-raw-op11.onnx_input_shape.json')
Variable container does not have anything...
2026-07-18 00:40:04,287 [INFO] (quantize_model.py #485, main): Using Device Platform: ALT2
2026-07-18 00:40:04,287 [INFO] (quantize_model.py #388, quantize): Running MERA quantization ...
2026-07-18 00:40:04,355 [INFO] (utils.py #49, get_onnx_symbolic_shape_mapping): Check input name: images ...
2026-07-18 00:40:04,356 [DEBUG] (deploy_project.py #241, pushd): (pushd) Running in model
2026-07-18 00:40:04,357 [DEBUG] (utils.py #22, cmd): Running command 'D:\Renesas\RA\e2studio_v2025-12_fsp_v6.4.0\ruhmi\.venv\Lib\site-packages\mera\bin_utils\fe_onnx_cli --io_desc_input C:\Users\Rainy\Downloads\ho-ra8p1-192-uint8-raw-op11.onnx --io_desc_result C:\Users\Rainy\AppData\Local\Temp\tmpwf9oe3al\tempfile'
2026-07-18 00:40:04,584 [DEBUG] (deploy_project.py #208, save_artifact): Saved json artifact 'input_desc.json' into D:\RA\second\rainy\conversion_results\quantized\model
2026-07-18 00:40:04,584 [DEBUG] (deploy_project.py #248, popd): (popd) cwd is now D:\RA\second\rainy\conversion_results\quantized
2026-07-18 00:40:04,584 [INFO] (quantize_model.py #88, generate_random_data): Generate sample images with npy extension to temp_dir='C:\\Users\\Rainy\\AppData\\Local\\Temp\\tmpbd78gzfh'...
2026-07-18 00:40:04,594 [INFO] (quantize_model.py #155, glob_calibration_data_file): Calibration data size: 5
2026-07-18 00:40:04,594 [INFO] (quantize_model.py #165, glob_calibration_data_file): Updated: {'skip_preprocess': 'False', 'num_calibrate_samples': 5, 'calibrate_method': 'MinMax', 'percentile_value': 99.999, 'quant_options': '', 'drp_compiler_version': '100', 'cpu_data_type': 'float16', 'nodes': [{'name': 'images', 'calibrate_sample_dir': 'C:\\Users\\Rainy\\AppData\\Local\\Temp\\tmpbd78gzfh', 'mean': [0.0, 0.0, 0.0], 'std': [1.0, 1.0, 1.0], 'file_list': array([WindowsPath('C:/Users/Rainy/AppData/Local/Temp/tmpbd78gzfh/rand3.npy'),
       WindowsPath('C:/Users/Rainy/AppData/Local/Temp/tmpbd78gzfh/rand2.npy'),
       WindowsPath('C:/Users/Rainy/AppData/Local/Temp/tmpbd78gzfh/rand1.npy'),
       WindowsPath('C:/Users/Rainy/AppData/Local/Temp/tmpbd78gzfh/rand0.npy'),
       WindowsPath('C:/Users/Rainy/AppData/Local/Temp/tmpbd78gzfh/rand4.npy')],
      dtype=object)}], 'node': [{'name': 'images', 'calibrate_sample_dir': 'C:\\Users\\Rainy\\AppData\\Local\\Temp\\tmpbd78gzfh', 'mean': [0.0, 0.0, 0.0], 'std': [1.0, 1.0, 1.0], 'file_list': array([WindowsPath('C:/Users/Rainy/AppData/Local/Temp/tmpbd78gzfh/rand3.npy'),
       WindowsPath('C:/Users/Rainy/AppData/Local/Temp/tmpbd78gzfh/rand2.npy'),
       WindowsPath('C:/Users/Rainy/AppData/Local/Temp/tmpbd78gzfh/rand1.npy'),
       WindowsPath('C:/Users/Rainy/AppData/Local/Temp/tmpbd78gzfh/rand0.npy'),
       WindowsPath('C:/Users/Rainy/AppData/Local/Temp/tmpbd78gzfh/rand4.npy')],
      dtype=object)}]}
2026-07-18 00:40:04,594 [INFO] (quantize_model.py #197, read_calibration_data): Load C:\Users\Rainy\AppData\Local\Temp\tmpbd78gzfh\rand3.npy...
2026-07-18 00:40:04,594 [WARNING] (quantize_model.py #201, read_calibration_data): No preprocessing functions are applied to this file: C:\Users\Rainy\AppData\Local\Temp\tmpbd78gzfh\rand3.npy
2026-07-18 00:40:04,595 [INFO] (quantize_model.py #197, read_calibration_data): Load C:\Users\Rainy\AppData\Local\Temp\tmpbd78gzfh\rand2.npy...
2026-07-18 00:40:04,595 [WARNING] (quantize_model.py #201, read_calibration_data): No preprocessing functions are applied to this file: C:\Users\Rainy\AppData\Local\Temp\tmpbd78gzfh\rand2.npy
2026-07-18 00:40:04,596 [INFO] (quantize_model.py #197, read_calibration_data): Load C:\Users\Rainy\AppData\Local\Temp\tmpbd78gzfh\rand1.npy...
2026-07-18 00:40:04,596 [WARNING] (quantize_model.py #201, read_calibration_data): No preprocessing functions are applied to this file: C:\Users\Rainy\AppData\Local\Temp\tmpbd78gzfh\rand1.npy
2026-07-18 00:40:04,597 [INFO] (quantize_model.py #197, read_calibration_data): Load C:\Users\Rainy\AppData\Local\Temp\tmpbd78gzfh\rand0.npy...
2026-07-18 00:40:04,597 [WARNING] (quantize_model.py #201, read_calibration_data): No preprocessing functions are applied to this file: C:\Users\Rainy\AppData\Local\Temp\tmpbd78gzfh\rand0.npy
2026-07-18 00:40:04,598 [INFO] (quantize_model.py #197, read_calibration_data): Load C:\Users\Rainy\AppData\Local\Temp\tmpbd78gzfh\rand4.npy...
2026-07-18 00:40:04,598 [WARNING] (quantize_model.py #201, read_calibration_data): No preprocessing functions are applied to this file: C:\Users\Rainy\AppData\Local\Temp\tmpbd78gzfh\rand4.npy
2026-07-18 00:40:04,598 [INFO] (mera_quantizer.py #195, __init__): Using existing prepared model for quantization.
2026-07-18 00:40:04,600 [DEBUG] (deploy_project.py #208, save_artifact): Saved json artifact 'qtz_conf.json' into D:\RA\second\rainy\conversion_results\quantized
[2026-07-18 00:40:04.621] [info] Setting up observers
[2026-07-18 00:40:04.623] [info] Quantizer Ready
2026-07-18 00:40:04,622 [INFO] (mera_quantizer.py #229, __init__): Model ready for quantization
2026-07-18 00:40:04,623 [INFO] (mera_quantizer.py #322, __run_samples_core): Running model calibration with 5 samples ...

Running calibration:   0%|[33m                                               [0m| 0/5 [00:00<?,? samples/s][0m
Running calibration:   0%|[33m                                               [0m| 0/5 [00:00<?,? samples/s][0m
Traceback (most recent call last):
  File "D:\RA\second\rainy\.settings\.plugin\com.renesas.ai.translator\renesas_aicompiler_caller\commands\ruhmi\quantize_model.py", line 413, in quantize
    model_qtz = qtzer.calibrate(calib_data).quantize()
  File "D:\Renesas\RA\e2studio_v2025-12_fsp_v6.4.0\ruhmi\.venv\lib\site-packages\mera\mera_quantizer.py", line 402, in calibrate
    self.__run_samples_core(calibration_data, "calibration")
  File "D:\Renesas\RA\e2studio_v2025-12_fsp_v6.4.0\ruhmi\.venv\lib\site-packages\mera\mera_quantizer.py", line 364, in __run_samples_core
    raise ValueError(
ValueError: ERROR at #0: Input dtype mismatch for "images": float32 vs UInt8

During handling of the above exception, another exception occurred:

Traceback (most recent call last):
  File "D:\RA\second\rainy\.settings\.plugin\com.renesas.ai.translator\renesas_aicompiler_caller\cli.py", line 149, in <module>
    dispatch(sys.argv[1:])
  File "D:\RA\second\rainy\.settings\.plugin\com.renesas.ai.translator\renesas_aicompiler_caller\cli.py", line 144, in dispatch
    runpy.run_module(module_name, run_name="__main__")
  File "C:\Users\Rainy\AppData\Local\Programs\Python\Python310\lib\runpy.py", line 227, in run_module
    return _run_code(code, {}, init_globals, run_name, mod_spec)
  File "C:\Users\Rainy\AppData\Local\Programs\Python\Python310\lib\runpy.py", line 86, in _run_code
    exec(code, run_globals)
  File "D:\RA\second\rainy\.settings\.plugin\com.renesas.ai.translator\renesas_aicompiler_caller\commands\ruhmi\quantize_model.py", line 498, in <module>
    main(sys.argv[1:])
  File "D:\RA\second\rainy\.settings\.plugin\com.renesas.ai.translator\renesas_aicompiler_caller\commands\ruhmi\quantize_model.py", line 486, in main
    mera_path = quantize(
  File "D:\RA\second\rainy\.settings\.plugin\com.renesas.ai.translator\renesas_aicompiler_caller\commands\ruhmi\quantize_model.py", line 415, in quantize
    raise RuntimeError(f"Error: {e}\n\n"
RuntimeError: Error: ERROR at #0: Input dtype mismatch for "images": float32 vs UInt8

Failed to quantize the model: C:\Users\Rainy\Downloads\ho-ra8p1-192-uint8-raw-op11.onnx. See the above error log for more details. If that does not help, please contact Renesas.
[ERROR] Failed to execute the command
Failed to perform quantization.
