T1C5C 000:001.778   SEGGER J-Link V9.14a Log File
T1C5C 000:001.914   DLL Compiled: Jan 28 2026 17:11:52
T1C5C 000:001.919   Logging started @ 2026-08-20 18:06
T1C5C 000:001.923   Process: C:\Users\Rainy\.eclipse\com.renesas.platform_823709855\DebugComp\RA\e2-server-gdb.exe
T1C5C 000:001.936 - 1.933ms 
T1C5C 000:001.971 JLINK_GetDLLVersion()
T1C5C 000:001.981 - 0.009ms returns 91401
T1C5C 000:004.453 JLINK_OpenEx(...)
T1C5C 000:016.468   Firmware: J-Link OB-RA4M2 compiled Dec 10 2025 15:52:53
T1C5C 000:018.165   Firmware: J-Link OB-RA4M2 compiled Dec 10 2025 15:52:53
T1C5C 000:035.314   Hardware: V1.00
T1C5C 000:035.421   S/N: 1083220728
T1C5C 000:035.427   OEM: SEGGER
T1C5C 000:035.436   Feature(s): None
T1C5C 000:036.451   Bootloader: 2021 May 14
T1C5C 000:038.031   USB speed mode: Full speed (12 MBit/s)
T1C5C 000:038.594   TELNET listener socket opened on port 19021
T1C5C 000:039.098   WEBSRV WEBSRV_Init(): Starting webserver thread(s)
T1C5C 000:039.202   WEBSRV Failed to put socket into listener state (port 19080)
T1C5C 000:039.307   WEBSRV Webserver running on local port 19081
T1C5C 000:039.540   Looking for J-Link GUI Server exe at: C:\Users\Rainy\.eclipse\com.renesas.platform_823709855\DebugComp\RA\ARM\Segger_v9.14.1\JLinkGUIServer.exe
T1C5C 000:039.832   Looking for J-Link GUI Server exe at: C:\Program Files\SEGGER\JLink_V942\JLinkGUIServer.exe
T1C5C 000:039.897   Forking J-Link GUI Server: C:\Program Files\SEGGER\JLink_V942\JLinkGUIServer.exe
T1C5C 000:085.990   J-Link GUI Server info: "J-Link GUI server V9.42 "
T1C5C 000:086.507 - 82.047ms returns "O.K."
T1C5C 000:086.691 JLINK_ExecCommand("ProjectFile=D:\RA\second\rainy_dual_CPU1/rainy_dual_CPU1 Debug_Attach.jlink", ...). 
T1C5C 000:112.126 - 25.436ms returns 0x00
T1C5C 000:112.476 JLINK_ExecCommand("device=R7KA8P1KF_CPU1", ...). 
T1C5C 000:113.510   Flash bank @ 0x02000000: SFL: Parsing sectorization info from ELF file
T1C5C 000:113.523     FlashDevice.SectorInfo[0]: .SectorSize = 0x00000800, .SectorStartAddr = 0x00000000
T1C5C 000:113.529   FlashBank @0x02000000: Sectorization info from SFL ELF file ignored because sectorization override from DLL / XML file is active.
T1C5C 000:113.861   Flash bank @ 0x02E07400: SFL: Parsing sectorization info from ELF file
T1C5C 000:113.869     FlashDevice.SectorInfo[0]: .SectorSize = 0x00000010, .SectorStartAddr = 0x00000000
T1C5C 000:113.876   FlashBank @0x02C9F020: Sectorization info from SFL ELF file ignored because sectorization override from DLL / XML file is active.
T1C5C 000:113.889   Flash bank @ 0x02E07400: SFL: Parsing sectorization info from ELF file
T1C5C 000:113.895     FlashDevice.SectorInfo[0]: .SectorSize = 0x00000010, .SectorStartAddr = 0x00000000
T1C5C 000:113.902   FlashBank @0x02E07400: Sectorization info from SFL ELF file ignored because sectorization override from DLL / XML file is active.
T1C5C 000:113.927   Flash bank @ 0x12000000: SFL: Parsing sectorization info from ELF file
T1C5C 000:113.934     FlashDevice.SectorInfo[0]: .SectorSize = 0x00000800, .SectorStartAddr = 0x00000000
T1C5C 000:113.940   FlashBank @0x12000000: Sectorization info from SFL ELF file ignored because sectorization override from DLL / XML file is active.
T1C5C 000:114.259   Flash bank @ 0x12E07400: SFL: Parsing sectorization info from ELF file
T1C5C 000:114.269     FlashDevice.SectorInfo[0]: .SectorSize = 0x00000010, .SectorStartAddr = 0x00000000
T1C5C 000:114.275   FlashBank @0x12C9F4C0: Sectorization info from SFL ELF file ignored because sectorization override from DLL / XML file is active.
T1C5C 000:114.289   Flash bank @ 0x12E07400: SFL: Parsing sectorization info from ELF file
T1C5C 000:114.296     FlashDevice.SectorInfo[0]: .SectorSize = 0x00000010, .SectorStartAddr = 0x00000000
T1C5C 000:114.303   FlashBank @0x12E07780: Sectorization info from SFL ELF file ignored because sectorization override from DLL / XML file is active.
T1C5C 000:114.360   Flash bank @ 0x70000000: SFL: Parsing sectorization info from ELF file
T1C5C 000:114.373     FlashDevice.SectorInfo[0]: .SectorSize = 0x00010000, .SectorStartAddr = 0x00000000
T1C5C 000:121.907   Flash bank @ 0x78000000: SFL: Parsing sectorization info from ELF file
T1C5C 000:121.929     FlashDevice.SectorInfo[0]: .SectorSize = 0x00010000, .SectorStartAddr = 0x00000000
T1C5C 000:129.860   Flash bank @ 0x80000000: SFL: Parsing sectorization info from ELF file
T1C5C 000:129.886     FlashDevice.SectorInfo[0]: .SectorSize = 0x00010000, .SectorStartAddr = 0x00000000
T1C5C 000:145.004   Flash bank @ 0x90000000: SFL: Parsing sectorization info from ELF file
T1C5C 000:145.029     FlashDevice.SectorInfo[0]: .SectorSize = 0x00010000, .SectorStartAddr = 0x00000000
T1C5C 000:159.245   Device "R7KA8P1KF_CPU1" selected.
T1C5C 000:160.112 - 47.635ms returns 0x00
T1C5C 000:160.144 JLINK_TIF_GetAvailable(...)
T1C5C 000:162.252 - 2.107ms 
T1C5C 000:162.294 JLINK_TIF_Select(JLINKARM_TIF_SWD)
T1C5C 000:163.079 - 0.785ms returns 0x00
T1C5C 000:163.113 JLINK_SetSpeed(4000)
T1C5C 000:163.228 - 0.116ms 
T1C5C 000:163.295 JLINK_ReadMem(0xE000EDF0, 0x4 Bytes, ...)
T1C5C 000:163.495   ConfigTargetSettings() start
T1C5C 000:163.504    J-Link Script File: Executing ConfigTargetSettings()
T1C5C 000:163.511   Configuring FlashDLNoRMWThreshold=0x200 in order to make sure that option bytes programming is done via read-modify-write
T1C5C 000:182.951   ConfigTargetSettings() end - Took 19.4ms
T1C5C 000:182.971   InitTarget() start
T1C5C 000:182.978    J-Link Script File: Executing InitTarget()
T1C5C 000:182.985   Identifying target device...
T1C5C 000:182.992   SWD selected. Executing JTAG -> SWD switching sequence...
T1C5C 000:183.796   Initializing DAP...
T1C5C 000:186.551   DAP initialized successfully.
T1C5C 000:186.571   Enabling secondary core if necessary...
T1C5C 000:187.955     Secondary core already enabled. Performing attach...
T1C5C 000:187.983   Determining TrustZone configuration...
T1C5C 000:189.170     Secure Debug: Enabled (SSD)
T1C5C 000:189.196   Determining currently configured transfer type by reading the AHB-AP CSW register.
T1C5C 000:190.136     --> Correct transfer type configured. Done.
T1C5C 000:190.153   InitTarget() end - Took 7.17ms
T1C5C 000:192.708   Found SW-DP with ID 0x6BA02477
T1C5C 000:194.824   DPIDR: 0x6BA02477
T1C5C 000:194.846   CoreSight SoC-400 or earlier
T1C5C 000:194.856   AP map detection skipped. Manually configured AP map found.
T1C5C 000:194.863   AP[0]: AHB-AP (IDR: Not set, ADDR: 0x00000000)
T1C5C 000:194.869   AP[1]: APB-AP (IDR: Not set, ADDR: 0x00000000)
T1C5C 000:194.874   AP[2]: AHB-AP (IDR: Not set, ADDR: 0x00000000)
T1C5C 000:195.795   AP[2]: Core found
T1C5C 000:195.819   AP[2]: AHB-AP ROM base: 0xE00FE000
T1C5C 000:196.416   CPUID register: 0x410FD214. Implementer code: 0x41 (ARM)
T1C5C 000:196.430   Feature set: Mainline
T1C5C 000:196.925   Cache: No cache
T1C5C 000:196.944   Found Cortex-M33 r0p4, Little endian.
T1C5C 000:197.236   -- Max. mem block: 0x0001D328
T1C5C 000:197.890   
  ***** Warning: 
T1C5C 000:197.898   Cortex-M: NonCacheAwareDebugAHBAP == 1 specified but there is no workaround available for the connected core. Proper debug functionality cannot be guaranteed
T1C5C 000:198.099   CPU_ReadMem(4 bytes @ 0xE000EDF0)
T1C5C 000:198.529   CPU_WriteMem(4 bytes @ 0xE000EDF0)
T1C5C 000:198.799   CPU_ReadMem(4 bytes @ 0xE0002000)
T1C5C 000:199.150   FPUnit: 8 code (BP) slots and 0 literal slots
T1C5C 000:199.160   CPU_ReadMem(4 bytes @ 0xE000EDFC)
T1C5C 000:199.448   CPU_ReadMem(4 bytes @ 0xE0001000)
T1C5C 000:199.728   CPU_ReadMem(4 bytes @ 0xE0001000)
T1C5C 000:199.988   CPU_ReadMem(4 bytes @ 0xE0001028)
T1C5C 000:200.248   CPU_ReadMem(4 bytes @ 0xE0001038)
T1C5C 000:200.504   CPU_ReadMem(4 bytes @ 0xE0001048)
T1C5C 000:200.804   CPU_ReadMem(4 bytes @ 0xE0001058)
T1C5C 000:201.075   CPU_WriteMem(4 bytes @ 0xE0001000)
T1C5C 000:201.358   CPU_ReadMem(4 bytes @ 0xE000ED88)
T1C5C 000:201.608   CPU_WriteMem(4 bytes @ 0xE000ED88)
T1C5C 000:201.923   CPU_ReadMem(4 bytes @ 0xE000ED88)
T1C5C 000:202.174   CPU_WriteMem(4 bytes @ 0xE000ED88)
T1C5C 000:202.527   CPU_ReadMem(4 bytes @ 0xE000EFB8)
T1C5C 000:202.904   Security extension: implemented
T1C5C 000:202.915   Secure debug: enabled
T1C5C 000:202.922   CoreSight components:
T1C5C 000:202.928   ROMTbl[0] @ E00FE000
T1C5C 000:202.939   CPU_ReadMem(64 bytes @ 0xE00FE000)
T1C5C 000:203.586   CPU_ReadMem(32 bytes @ 0xE00FFFE0)
T1C5C 000:204.072   [0][0]: E00FF000 CID B105100D PID 000BB4C9 ROM Table
T1C5C 000:204.083   ROMTbl[1] @ E00FF000
T1C5C 000:204.091   CPU_ReadMem(64 bytes @ 0xE00FF000)
T1C5C 000:204.789   CPU_ReadMem(32 bytes @ 0xE000EFE0)
T1C5C 000:205.325   CPU_ReadMem(4 bytes @ 0xE000EFBC)
T1C5C 000:205.635   CPU_ReadMem(4 bytes @ 0xE000EFCC)
T1C5C 000:205.904   [1][0]: E000E000 CID B105900D PID 000BBD21 DEVARCH 47702A04 DEVTYPE 00 Cortex-M33
T1C5C 000:205.913   CPU_ReadMem(32 bytes @ 0xE0001FE0)
T1C5C 000:206.377   CPU_ReadMem(4 bytes @ 0xE0001FBC)
T1C5C 000:206.733   CPU_ReadMem(4 bytes @ 0xE0001FCC)
T1C5C 000:207.014   [1][1]: E0001000 CID B105900D PID 000BBD21 DEVARCH 47701A02 DEVTYPE 00 DWT
T1C5C 000:207.023   CPU_ReadMem(32 bytes @ 0xE0002FE0)
T1C5C 000:207.520   CPU_ReadMem(4 bytes @ 0xE0002FBC)
T1C5C 000:207.799   CPU_ReadMem(4 bytes @ 0xE0002FCC)
T1C5C 000:208.065   [1][2]: E0002000 CID B105900D PID 000BBD21 DEVARCH 47701A03 DEVTYPE 00 FPB
T1C5C 000:208.073   CPU_ReadMem(32 bytes @ 0xE0000FE0)
T1C5C 000:208.581   CPU_ReadMem(4 bytes @ 0xE0000FBC)
T1C5C 000:208.906   CPU_ReadMem(4 bytes @ 0xE0000FCC)
T1C5C 000:209.175   [1][3]: E0000000 CID B105900D PID 000BBD21 DEVARCH 47701A01 DEVTYPE 43 ITM
T1C5C 000:209.185   CPU_ReadMem(32 bytes @ 0xE0041FE0)
T1C5C 000:209.689   CPU_ReadMem(4 bytes @ 0xE0041FBC)
T1C5C 000:210.190   CPU_ReadMem(4 bytes @ 0xE0041FCC)
T1C5C 000:210.481   [1][5]: E0041000 CID B105900D PID 002BBD21 DEVARCH 47724A13 DEVTYPE 13 ETM
T1C5C 000:210.492   CPU_ReadMem(32 bytes @ 0xE0042FE0)
T1C5C 000:210.974   CPU_ReadMem(4 bytes @ 0xE0042FBC)
T1C5C 000:211.311   CPU_ReadMem(4 bytes @ 0xE0042FCC)
T1C5C 000:211.649   [1][6]: E0042000 CID B105900D PID 000BBD21 DEVARCH 47701A14 DEVTYPE 14 CSS600-CTI
T1C5C 000:211.659   CPU_ReadMem(32 bytes @ 0xE0040FE0)
T1C5C 000:212.162   CPU_ReadMem(4 bytes @ 0xE0040FBC)
T1C5C 000:212.470   CPU_ReadMem(4 bytes @ 0xE0040FCC)
T1C5C 000:212.752   [0][1]: E0040000 CID B105900D PID 000BBD21 DEVARCH 00000000 DEVTYPE 11 TPIU
T1C5C 000:212.805   CPU_ReadMem(4 bytes @ 0xE000EDF0)
T1C5C 000:213.077   Data:  01 00 10 00
T1C5C 000:213.088   Debug reg: DHCSR
T1C5C 000:213.097 - 49.801ms returns 0
T1C5C 000:213.129 JLINK_ReadMem(0x40204038, 0x4 Bytes, ...)
T1C5C 000:213.137   CPU_ReadMem(4 bytes @ 0x40204038)
T1C5C 000:214.032   Data:  04 00 00 00
T1C5C 000:214.045 - 0.916ms returns 0
T1C5C 000:214.074 JLINK_ReadMem(0xE000EDF0, 0x4 Bytes, ...)
T1C5C 000:214.083   CPU_ReadMem(4 bytes @ 0xE000EDF0)
T1C5C 000:214.373   Data:  01 00 10 00
T1C5C 000:214.382   Debug reg: DHCSR
T1C5C 000:214.390 - 0.315ms returns 0
T1C5C 000:214.428 JLINK_ReadMem(0xE000EDF0, 0x4 Bytes, ...)
T1C5C 000:214.436   CPU_ReadMem(4 bytes @ 0xE000EDF0)
T1C5C 000:214.731   Data:  01 00 10 00
T1C5C 000:214.741   Debug reg: DHCSR
T1C5C 000:214.748 - 0.320ms returns 0
T1C5C 000:214.773 JLINK_ReadMem(0xE000EDF0, 0x4 Bytes, ...)
T1C5C 000:214.782   CPU_ReadMem(4 bytes @ 0xE000EDF0)
T1C5C 000:215.095   Data:  01 00 10 00
T1C5C 000:215.103   Debug reg: DHCSR
T1C5C 000:215.109 - 0.335ms returns 0
T1C5C 000:215.131 JLINK_ReadMem(0xE000EDF0, 0x4 Bytes, ...)
T1C5C 000:215.137   CPU_ReadMem(4 bytes @ 0xE000EDF0)
T1C5C 000:215.459   Data:  01 00 10 00
T1C5C 000:215.480   Debug reg: DHCSR
T1C5C 000:215.486 - 0.355ms returns 0
T1C5C 000:215.509 JLINK_ReadMem(0xE000EDF0, 0x4 Bytes, ...)
T1C5C 000:215.515   CPU_ReadMem(4 bytes @ 0xE000EDF0)
T1C5C 000:215.905   Data:  01 00 10 00
T1C5C 000:215.924   Debug reg: DHCSR
T1C5C 000:215.929 - 0.421ms returns 0
T1C5C 000:215.951 JLINK_ReadMem(0x40204038, 0x4 Bytes, ...)
T1C5C 000:215.959   CPU_ReadMem(4 bytes @ 0x40204038)
T1C5C 000:216.348   Data:  04 00 00 00
T1C5C 000:216.397 - 0.445ms returns 0
T1C5C 000:216.475 JLINK_ReadMem(0xE000EDF0, 0x4 Bytes, ...)
T1C5C 000:216.496   CPU_ReadMem(4 bytes @ 0xE000EDF0)
T1C5C 000:216.900   Data:  01 00 10 00
T1C5C 000:216.910   Debug reg: DHCSR
T1C5C 000:216.916 - 0.441ms returns 0
T1C5C 000:216.940 JLINK_ReadMem(0xE000EDF0, 0x4 Bytes, ...)
T1C5C 000:216.946   CPU_ReadMem(4 bytes @ 0xE000EDF0)
T1C5C 000:217.208   Data:  01 00 10 00
T1C5C 000:217.217   Debug reg: DHCSR
T1C5C 000:217.223 - 0.283ms returns 0
T1C5C 000:217.240 JLINK_ReadMem(0x40204030, 0x4 Bytes, ...)
T1C5C 000:217.247   CPU_ReadMem(4 bytes @ 0x40204030)
T1C5C 000:217.625   Data:  00 00 10 00
T1C5C 000:217.640 - 0.400ms returns 0
T1C5C 000:217.844 JLINK_SetEndian(ARM_ENDIAN_LITTLE)
T1C5C 000:217.852 - 0.007ms returns 0
T1C5C 000:217.861 JLINK_SetInitRegsOnReset(OFF)
T1C5C 000:217.865 - 0.004ms returns 1
T1C5C 000:217.871 JLINK_SetResetType(JLINKARM_CM3_RESET_TYPE_NORMAL)
T1C5C 000:217.875 - 0.004ms returns JLINKARM_CM3_RESET_TYPE_NORMAL
T1C5C 000:217.882 JLINK_ExecCommand("EnableFlashBPs", ...). 
T1C5C 000:217.890 - 0.008ms returns 0x00
T1C5C 000:217.897 JLINK_ExecCommand("SetAllowFlashCache = 1", ...). 
T1C5C 000:217.902 - 0.005ms returns 0x01
T1C5C 000:217.908 JLINK_ExecCommand("SetRestartOnClose = 0", ...). 
T1C5C 000:217.918 - 0.010ms returns 0x01
T1C5C 000:217.924 JLINK_ExecCommand("SetAllowSimulation = 0", ...). 
T1C5C 000:217.929 - 0.005ms returns 0x00
T1C5C 000:217.937 JLINK_EnableSoftBPs(ON)
T1C5C 000:217.941 - 0.007ms 
T1C5C 000:217.947 JLINK_Connect()
T1C5C 000:218.184   ConfigTargetSettings() start
T1C5C 000:218.195    J-Link Script File: Executing ConfigTargetSettings()
T1C5C 000:218.202   Configuring FlashDLNoRMWThreshold=0x200 in order to make sure that option bytes programming is done via read-modify-write
T1C5C 000:239.794   ConfigTargetSettings() end - Took 21.5ms
T1C5C 000:239.819   InitTarget() start
T1C5C 000:239.829    J-Link Script File: Executing InitTarget()
T1C5C 000:239.838   Identifying target device...
T1C5C 000:239.849   SWD selected. Executing JTAG -> SWD switching sequence...
T1C5C 000:243.353   Initializing DAP...
T1C5C 000:244.036   DAP initialized successfully.
T1C5C 000:244.048   Enabling secondary core if necessary...
T1C5C 000:245.648     Secondary core already enabled. Performing attach...
T1C5C 000:245.665   Determining TrustZone configuration...
T1C5C 000:246.465     Secure Debug: Enabled (SSD)
T1C5C 000:246.476   Determining currently configured transfer type by reading the AHB-AP CSW register.
T1C5C 000:247.099     --> Correct transfer type configured. Done.
T1C5C 000:247.112   InitTarget() end - Took 7.28ms
T1C5C 000:247.580   Found SW-DP with ID 0x6BA02477
T1C5C 000:249.373   DPIDR: 0x6BA02477
T1C5C 000:249.405   CoreSight SoC-400 or earlier
T1C5C 000:249.412   AP map detection skipped. Manually configured AP map found.
T1C5C 000:249.418   AP[0]: AHB-AP (IDR: Not set, ADDR: 0x00000000)
T1C5C 000:249.426   AP[1]: APB-AP (IDR: Not set, ADDR: 0x00000000)
T1C5C 000:249.433   AP[2]: AHB-AP (IDR: Not set, ADDR: 0x00000000)
T1C5C 000:250.195   AP[2]: Core found
T1C5C 000:250.210   AP[2]: AHB-AP ROM base: 0xE00FE000
T1C5C 000:250.652   CPUID register: 0x410FD214. Implementer code: 0x41 (ARM)
T1C5C 000:250.662   Feature set: Mainline
T1C5C 000:251.114   Cache: No cache
T1C5C 000:251.127   Found Cortex-M33 r0p4, Little endian.
T1C5C 000:251.348   -- Max. mem block: 0x0001D030
T1C5C 000:251.362   
  ***** Warning: 
T1C5C 000:251.368   Cortex-M: NonCacheAwareDebugAHBAP == 1 specified but there is no workaround available for the connected core. Proper debug functionality cannot be guaranteed
T1C5C 000:251.378   CPU_ReadMem(4 bytes @ 0xE000EDF0)
T1C5C 000:251.652   CPU_ReadMem(4 bytes @ 0xE0002000)
T1C5C 000:251.918   FPUnit: 8 code (BP) slots and 0 literal slots
T1C5C 000:251.928   CPU_ReadMem(4 bytes @ 0xE000EDFC)
T1C5C 000:252.228   CPU_ReadMem(4 bytes @ 0xE0001000)
T1C5C 000:252.565   CPU_ReadMem(4 bytes @ 0xE0001000)
T1C5C 000:252.904   CPU_ReadMem(4 bytes @ 0xE0001028)
T1C5C 000:253.210   CPU_ReadMem(4 bytes @ 0xE0001038)
T1C5C 000:253.533   CPU_ReadMem(4 bytes @ 0xE0001048)
T1C5C 000:253.928   CPU_ReadMem(4 bytes @ 0xE0001058)
T1C5C 000:254.202   CPU_WriteMem(4 bytes @ 0xE0001000)
T1C5C 000:254.487   CPU_ReadMem(4 bytes @ 0xE000ED88)
T1C5C 000:254.752   CPU_WriteMem(4 bytes @ 0xE000ED88)
T1C5C 000:255.072   CPU_ReadMem(4 bytes @ 0xE000ED88)
T1C5C 000:255.327   CPU_WriteMem(4 bytes @ 0xE000ED88)
T1C5C 000:255.777   CPU_ReadMem(4 bytes @ 0xE000EFB8)
T1C5C 000:256.105   Security extension: implemented
T1C5C 000:256.134   Secure debug: enabled
T1C5C 000:256.147   CoreSight components:
T1C5C 000:256.182   ROMTbl[0] @ E00FE000
T1C5C 000:256.190   CPU_ReadMem(64 bytes @ 0xE00FE000)
T1C5C 000:268.197   CPU_ReadMem(32 bytes @ 0xE00FFFE0)
T1C5C 000:269.669   [0][0]: E00FF000 CID B105100D PID 000BB4C9 ROM Table
T1C5C 000:269.749   ROMTbl[1] @ E00FF000
T1C5C 000:269.760   CPU_ReadMem(64 bytes @ 0xE00FF000)
T1C5C 000:270.637   CPU_ReadMem(32 bytes @ 0xE000EFE0)
T1C5C 000:271.278   CPU_ReadMem(4 bytes @ 0xE000EFBC)
T1C5C 000:273.986   CPU_ReadMem(4 bytes @ 0xE000EFCC)
T1C5C 000:274.325   [1][0]: E000E000 CID B105900D PID 000BBD21 DEVARCH 47702A04 DEVTYPE 00 Cortex-M33
T1C5C 000:274.340   CPU_ReadMem(32 bytes @ 0xE0001FE0)
T1C5C 000:274.777   CPU_ReadMem(4 bytes @ 0xE0001FBC)
T1C5C 000:275.179   CPU_ReadMem(4 bytes @ 0xE0001FCC)
T1C5C 000:275.532   [1][1]: E0001000 CID B105900D PID 000BBD21 DEVARCH 47701A02 DEVTYPE 00 DWT
T1C5C 000:275.568   CPU_ReadMem(32 bytes @ 0xE0002FE0)
T1C5C 000:276.086   CPU_ReadMem(4 bytes @ 0xE0002FBC)
T1C5C 000:276.529   CPU_ReadMem(4 bytes @ 0xE0002FCC)
T1C5C 000:276.805   [1][2]: E0002000 CID B105900D PID 000BBD21 DEVARCH 47701A03 DEVTYPE 00 FPB
T1C5C 000:276.816   CPU_ReadMem(32 bytes @ 0xE0000FE0)
T1C5C 000:277.281   CPU_ReadMem(4 bytes @ 0xE0000FBC)
T1C5C 000:277.546   CPU_ReadMem(4 bytes @ 0xE0000FCC)
T1C5C 000:277.802   [1][3]: E0000000 CID B105900D PID 000BBD21 DEVARCH 47701A01 DEVTYPE 43 ITM
T1C5C 000:277.812   CPU_ReadMem(32 bytes @ 0xE0041FE0)
T1C5C 000:278.263   CPU_ReadMem(4 bytes @ 0xE0041FBC)
T1C5C 000:278.586   CPU_ReadMem(4 bytes @ 0xE0041FCC)
T1C5C 000:278.906   [1][5]: E0041000 CID B105900D PID 002BBD21 DEVARCH 47724A13 DEVTYPE 13 ETM
T1C5C 000:278.916   CPU_ReadMem(32 bytes @ 0xE0042FE0)
T1C5C 000:279.349   CPU_ReadMem(4 bytes @ 0xE0042FBC)
T1C5C 000:279.619   CPU_ReadMem(4 bytes @ 0xE0042FCC)
T1C5C 000:279.908   [1][6]: E0042000 CID B105900D PID 000BBD21 DEVARCH 47701A14 DEVTYPE 14 CSS600-CTI
T1C5C 000:279.920   CPU_ReadMem(32 bytes @ 0xE0040FE0)
T1C5C 000:280.373   CPU_ReadMem(4 bytes @ 0xE0040FBC)
T1C5C 000:280.633   CPU_ReadMem(4 bytes @ 0xE0040FCC)
T1C5C 000:280.934   [0][1]: E0040000 CID B105900D PID 000BBD21 DEVARCH 00000000 DEVTYPE 11 TPIU
T1C5C 000:280.949 - 63.000ms returns 0x00
T1C5C 000:281.085 JLINK_ReadMem(0xE000EDF0, 0x4 Bytes, ...)
T1C5C 000:281.098   CPU_ReadMem(4 bytes @ 0xE000EDF0)
T1C5C 000:282.258   Data:  01 00 10 00
T1C5C 000:282.269   Debug reg: DHCSR
T1C5C 000:282.275 - 1.190ms returns 0
T1C5C 000:282.304 JLINK_IsHalted()
T1C5C 000:282.610 - 0.305ms returns FALSE
T1C5C 000:282.689 JLINK_ReadMem(0x4000F054, 0x1 Bytes, ...)
T1C5C 000:282.700   CPU_ReadMem(1 bytes @ 0x4000F054)
T1C5C 000:283.093   Data:  01
T1C5C 000:283.104 - 0.414ms returns 0
T1C5C 000:283.121 JLINK_Halt()
T1C5C 000:285.954   
  ***** Warning: 
T1C5C 000:285.968   CPU could not be halted
T1C5C 000:285.974 - 2.852ms returns 0x01
T1C5C 000:286.228 JLINK_ReadReg(XPSR)
T1C5C 000:286.559   CPU is running
T1C5C 000:286.573   
  ***** Error: 
T1C5C 000:286.580   Cannot read register 16 (XPSR) while CPU is running
T1C5C 000:286.586 - 0.357ms returns 0x00000000
T8760 003:104.897 JLINK_GetNumBPUnits(Type = 0xFFFFFF00)
T8760 003:104.933 - 0.036ms returns 0x08
T8760 003:104.942 JLINK_GetNumWPUnits()
T8760 003:104.950 - 0.007ms returns 4
T8760 003:105.233 JLINK_GetNumBPUnits(Type = 0xFFFFFF00)
T8760 003:105.257 - 0.024ms returns 0x08
T8760 003:105.265 JLINK_GetNumWPUnits()
T8760 003:105.272 - 0.006ms returns 4
T8760 003:106.246 JLINK_GetNumBPUnits(Type = 0xFFFFFF00)
T8760 003:106.271 - 0.025ms returns 0x08
T8760 003:106.293 JLINK_GetNumWPUnits()
T8760 003:106.302 - 0.008ms returns 4
T8760 003:106.653 JLINK_ReadMem(0xE000EDF0, 0x4 Bytes, ...)
T8760 003:106.690   CPU_ReadMem(4 bytes @ 0xE000EDF0)
T8760 003:107.391   Data:  03 00 10 00
T8760 003:107.415   Debug reg: DHCSR
T8760 003:107.426 - 0.772ms returns 0
T8760 003:107.467 JLINK_ReadMem(0x40204038, 0x4 Bytes, ...)
T8760 003:107.485   CPU_ReadMem(4 bytes @ 0x40204038)
T8760 003:108.117   Data:  04 00 00 00
T8760 003:108.142 - 0.675ms returns 0
T8760 003:108.203 JLINK_ReadMem(0xE000EDF0, 0x4 Bytes, ...)
T8760 003:108.220   CPU_ReadMem(4 bytes @ 0xE000EDF0)
T8760 003:109.096   Data:  03 00 10 00
T8760 003:109.117   Debug reg: DHCSR
T8760 003:109.126 - 0.923ms returns 0
T8760 003:109.977 JLINK_GetNumBPUnits(Type = 0xFFFFFF00)
T8760 003:109.997 - 0.019ms returns 0x08
T8760 003:110.006 JLINK_GetNumWPUnits()
T8760 003:110.013 - 0.007ms returns 4
T8760 003:110.440 JLINK_ReadReg(XPSR)
T8760 003:111.175   CPU is running
T8760 003:111.236   
  ***** Error: 
T8760 003:111.255   Cannot read register 16 (XPSR) while CPU is running
T8760 003:111.274 - 0.833ms returns 0x00000000
T8760 003:111.377 JLINK_ReadReg(R15 (PC))
T8760 003:112.698   CPU is running
T8760 003:112.753   
  ***** Error: 
T8760 003:112.773   Cannot read register 15 (R15) while CPU is running
T8760 003:112.792 - 1.422ms returns 0x00000000
TA008 003:113.029 JLINK_IsHalted()
TA008 003:113.896 - 0.867ms returns FALSE
TA008 003:113.988 JLINK_IsHalted()
TA008 003:114.488 - 0.498ms returns FALSE
T8760 003:114.971 JLINK_GetNumBPUnits(Type = 0xFFFFFF00)
T8760 003:114.991 - 0.020ms returns 0x08
T8760 003:114.998 JLINK_GetNumWPUnits()
T8760 003:115.004 - 0.005ms returns 4
T8760 003:115.185 JLINK_GetNumBPUnits(Type = 0xFFFFFF00)
T8760 003:115.203 - 0.018ms returns 0x08
T8760 003:115.211 JLINK_GetNumWPUnits()
T8760 003:115.217 - 0.006ms returns 4
T8760 003:115.395 JLINK_GetNumBPUnits(Type = 0xFFFFFF00)
T8760 003:115.407 - 0.011ms returns 0x08
T8760 003:115.414 JLINK_GetNumWPUnits()
T8760 003:115.420 - 0.005ms returns 4
T8760 003:115.549 JLINK_GetNumBPUnits(Type = 0xFFFFFF00)
T8760 003:115.560 - 0.010ms returns 0x08
T8760 003:115.568 JLINK_GetNumWPUnits()
T8760 003:115.574 - 0.005ms returns 4
TA008 003:220.575 JLINK_IsHalted()
TA008 003:221.423 - 0.847ms returns FALSE
TA008 003:221.476 JLINK_IsHalted()
TA008 003:221.931 - 0.455ms returns FALSE
TA008 003:330.264 JLINK_IsHalted()
TA008 003:331.464 - 1.199ms returns FALSE
TA008 003:331.599 JLINK_IsHalted()
TA008 003:332.352 - 0.752ms returns FALSE
TA008 003:439.748 JLINK_IsHalted()
TA008 003:440.793 - 1.044ms returns FALSE
TA008 003:440.881 JLINK_IsHalted()
TA008 003:443.158 - 2.276ms returns FALSE
TA008 003:548.460 JLINK_IsHalted()
TA008 003:549.461 - 1.000ms returns FALSE
TA008 003:549.606 JLINK_IsHalted()
TA008 003:550.120 - 0.514ms returns FALSE
TA008 003:658.409 JLINK_IsHalted()
TA008 003:659.502 - 1.091ms returns FALSE
TA008 003:659.644 JLINK_IsHalted()
TA008 003:660.438 - 0.793ms returns FALSE
TA008 003:767.072 JLINK_IsHalted()
TA008 003:767.755 - 0.682ms returns FALSE
TA008 003:767.829 JLINK_IsHalted()
TA008 003:768.241 - 0.411ms returns FALSE
TA008 003:877.478 JLINK_IsHalted()
TA008 003:878.595 - 1.118ms returns FALSE
TA008 003:878.691 JLINK_IsHalted()
TA008 003:879.299 - 0.607ms returns FALSE
TA008 003:986.230 JLINK_IsHalted()
TA008 003:987.108 - 0.878ms returns FALSE
TA008 003:987.292 JLINK_IsHalted()
TA008 003:987.834 - 0.540ms returns FALSE
TA008 004:095.256 JLINK_IsHalted()
TA008 004:096.065 - 0.807ms returns FALSE
TA008 004:096.251 JLINK_IsHalted()
TA008 004:096.729 - 0.476ms returns FALSE
TA008 004:205.107 JLINK_IsHalted()
TA008 004:205.616 - 0.507ms returns FALSE
TA008 004:205.651 JLINK_IsHalted()
TA008 004:205.977 - 0.324ms returns FALSE
TA008 004:314.089 JLINK_IsHalted()
TA008 004:314.833 - 0.742ms returns FALSE
TA008 004:314.895 JLINK_IsHalted()
TA008 004:315.268 - 0.371ms returns FALSE
TA008 004:423.651 JLINK_IsHalted()
TA008 004:424.327 - 0.675ms returns FALSE
TA008 004:424.407 JLINK_IsHalted()
TA008 004:424.895 - 0.487ms returns FALSE
TA008 004:533.251 JLINK_IsHalted()
TA008 004:534.052 - 0.799ms returns FALSE
TA008 004:534.200 JLINK_IsHalted()
TA008 004:534.666 - 0.463ms returns FALSE
TA008 004:642.500 JLINK_IsHalted()
TA008 004:642.997 - 0.496ms returns FALSE
TA008 004:643.024 JLINK_IsHalted()
TA008 004:643.355 - 0.329ms returns FALSE
TA008 004:752.548 JLINK_IsHalted()
TA008 004:755.130 - 2.580ms returns FALSE
TA008 004:755.284 JLINK_IsHalted()
TA008 004:756.965 - 1.677ms returns FALSE
TA008 004:860.865 JLINK_IsHalted()
TA008 004:862.138 - 1.271ms returns FALSE
TA008 004:862.267 JLINK_IsHalted()
TA008 004:863.805 - 1.536ms returns FALSE
TA008 004:970.454 JLINK_IsHalted()
TA008 004:971.691 - 1.233ms returns FALSE
TA008 004:971.929 JLINK_IsHalted()
TA008 004:973.045 - 1.114ms returns FALSE
TA008 005:079.756 JLINK_IsHalted()
TA008 005:082.730 - 2.972ms returns FALSE
TA008 005:082.923 JLINK_IsHalted()
TA008 005:083.750 - 0.826ms returns FALSE
TA008 005:189.658 JLINK_IsHalted()
TA008 005:190.600 - 0.940ms returns FALSE
TA008 005:190.699 JLINK_IsHalted()
TA008 005:191.296 - 0.597ms returns FALSE
TA008 005:298.385 JLINK_IsHalted()
TA008 005:299.173 - 0.787ms returns FALSE
TA008 005:299.276 JLINK_IsHalted()
TA008 005:300.139 - 0.861ms returns FALSE
TA008 005:407.591 JLINK_IsHalted()
TA008 005:408.264 - 0.672ms returns FALSE
TA008 005:408.305 JLINK_IsHalted()
TA008 005:408.612 - 0.307ms returns FALSE
TA008 005:517.746 JLINK_IsHalted()
TA008 005:518.253 - 0.506ms returns FALSE
TA008 005:518.288 JLINK_IsHalted()
TA008 005:518.704 - 0.415ms returns FALSE
TA008 005:627.027 JLINK_IsHalted()
TA008 005:628.148 - 1.120ms returns FALSE
TA008 005:628.234 JLINK_IsHalted()
TA008 005:628.697 - 0.462ms returns FALSE
TA008 005:736.051 JLINK_IsHalted()
TA008 005:737.112 - 1.059ms returns FALSE
TA008 005:737.207 JLINK_IsHalted()
TA008 005:738.033 - 0.824ms returns FALSE
TA008 005:845.411 JLINK_IsHalted()
TA008 005:846.851 - 1.439ms returns FALSE
TA008 005:846.929 JLINK_IsHalted()
TA008 005:847.944 - 1.014ms returns FALSE
TA008 005:955.566 JLINK_IsHalted()
TA008 005:956.392 - 0.824ms returns FALSE
TA008 005:956.483 JLINK_IsHalted()
TA008 005:957.092 - 0.608ms returns FALSE
TA008 006:064.417 JLINK_IsHalted()
TA008 006:065.629 - 1.209ms returns FALSE
TA008 006:065.809 JLINK_IsHalted()
TA008 006:066.499 - 0.688ms returns FALSE
TA008 006:173.393 JLINK_IsHalted()
TA008 006:174.069 - 0.674ms returns FALSE
TA008 006:174.181 JLINK_IsHalted()
TA008 006:174.601 - 0.418ms returns FALSE
TA008 006:283.691 JLINK_IsHalted()
TA008 006:284.693 - 1.000ms returns FALSE
TA008 006:284.777 JLINK_IsHalted()
TA008 006:285.204 - 0.425ms returns FALSE
TA008 006:392.222 JLINK_IsHalted()
TA008 006:393.201 - 0.978ms returns FALSE
TA008 006:393.287 JLINK_IsHalted()
TA008 006:393.969 - 0.681ms returns FALSE
TA008 006:502.407 JLINK_IsHalted()
TA008 006:505.109 - 2.701ms returns FALSE
TA008 006:505.195 JLINK_IsHalted()
TA008 006:506.281 - 1.084ms returns FALSE
TA008 006:611.801 JLINK_IsHalted()
TA008 006:612.799 - 0.996ms returns FALSE
TA008 006:612.937 JLINK_IsHalted()
TA008 006:616.815 - 3.876ms returns FALSE
TA008 006:720.157 JLINK_IsHalted()
TA008 006:723.065 - 2.908ms returns FALSE
TA008 006:723.252 JLINK_IsHalted()
TA008 006:726.009 - 2.756ms returns FALSE
TA008 006:829.625 JLINK_IsHalted()
TA008 006:830.733 - 1.107ms returns FALSE
TA008 006:830.875 JLINK_IsHalted()
TA008 006:831.641 - 0.763ms returns FALSE
TA008 006:939.291 JLINK_IsHalted()
TA008 006:940.101 - 0.808ms returns FALSE
TA008 006:940.177 JLINK_IsHalted()
TA008 006:940.841 - 0.662ms returns FALSE
TA008 007:048.621 JLINK_IsHalted()
TA008 007:049.414 - 0.792ms returns FALSE
TA008 007:049.550 JLINK_IsHalted()
TA008 007:050.367 - 0.816ms returns FALSE
TA008 007:158.197 JLINK_IsHalted()
TA008 007:159.190 - 0.991ms returns FALSE
TA008 007:159.305 JLINK_IsHalted()
TA008 007:159.831 - 0.524ms returns FALSE
TA008 007:267.657 JLINK_IsHalted()
TA008 007:270.668 - 3.009ms returns FALSE
TA008 007:270.853 JLINK_IsHalted()
TA008 007:271.453 - 0.600ms returns FALSE
TA008 007:376.956 JLINK_IsHalted()
TA008 007:377.797 - 0.838ms returns FALSE
TA008 007:377.898 JLINK_IsHalted()
TA008 007:378.528 - 0.628ms returns FALSE
TA008 007:486.308 JLINK_IsHalted()
TA008 007:487.133 - 0.824ms returns FALSE
TA008 007:487.601 JLINK_IsHalted()
TA008 007:488.117 - 0.516ms returns FALSE
TA008 007:595.506 JLINK_IsHalted()
TA008 007:596.461 - 0.953ms returns FALSE
TA008 007:596.654 JLINK_IsHalted()
TA008 007:597.321 - 0.667ms returns FALSE
TA008 007:704.477 JLINK_IsHalted()
TA008 007:705.433 - 0.954ms returns FALSE
TA008 007:705.543 JLINK_IsHalted()
TA008 007:706.312 - 0.767ms returns FALSE
TA008 007:813.767 JLINK_IsHalted()
TA008 007:814.639 - 0.870ms returns FALSE
TA008 007:814.721 JLINK_IsHalted()
TA008 007:815.378 - 0.655ms returns FALSE
TA008 007:923.385 JLINK_IsHalted()
TA008 007:924.718 - 1.333ms returns FALSE
TA008 007:924.972 JLINK_IsHalted()
TA008 007:925.914 - 0.942ms returns FALSE
TA008 008:033.037 JLINK_IsHalted()
TA008 008:033.993 - 0.954ms returns FALSE
TA008 008:034.153 JLINK_IsHalted()
TA008 008:034.663 - 0.509ms returns FALSE
TA008 008:142.142 JLINK_IsHalted()
TA008 008:145.648 - 3.504ms returns FALSE
TA008 008:145.771 JLINK_IsHalted()
TA008 008:146.473 - 0.699ms returns FALSE
TA008 008:251.425 JLINK_IsHalted()
TA008 008:254.307 - 2.881ms returns FALSE
TA008 008:254.449 JLINK_IsHalted()
TA008 008:255.232 - 0.782ms returns FALSE
TA008 008:360.922 JLINK_IsHalted()
TA008 008:362.601 - 1.676ms returns FALSE
TA008 008:362.828 JLINK_IsHalted()
TA008 008:366.790 - 3.959ms returns FALSE
TA008 008:470.289 JLINK_IsHalted()
TA008 008:471.602 - 1.312ms returns FALSE
TA008 008:471.783 JLINK_IsHalted()
TA008 008:472.682 - 0.895ms returns FALSE
TA008 008:579.878 JLINK_IsHalted()
TA008 008:581.126 - 1.246ms returns FALSE
TA008 008:581.296 JLINK_IsHalted()
TA008 008:582.263 - 0.965ms returns FALSE
TA008 008:689.374 JLINK_IsHalted()
TA008 008:690.642 - 1.266ms returns FALSE
TA008 008:690.873 JLINK_IsHalted()
TA008 008:691.795 - 0.920ms returns FALSE
TA008 008:799.265 JLINK_IsHalted()
TA008 008:800.139 - 0.871ms returns FALSE
TA008 008:800.243 JLINK_IsHalted()
TA008 008:801.052 - 0.807ms returns FALSE
TA008 008:907.799 JLINK_IsHalted()
TA008 008:908.866 - 1.065ms returns FALSE
TA008 008:908.983 JLINK_IsHalted()
TA008 008:909.616 - 0.631ms returns FALSE
TA008 009:017.212 JLINK_IsHalted()
TA008 009:017.973 - 0.759ms returns FALSE
TA008 009:018.055 JLINK_IsHalted()
TA008 009:018.498 - 0.442ms returns FALSE
TA008 009:126.481 JLINK_IsHalted()
TA008 009:127.450 - 0.966ms returns FALSE
TA008 009:127.638 JLINK_IsHalted()
TA008 009:128.134 - 0.495ms returns FALSE
TA008 009:236.157 JLINK_IsHalted()
TA008 009:237.163 - 1.005ms returns FALSE
TA008 009:237.246 JLINK_IsHalted()
TA008 009:239.130 - 1.881ms returns FALSE
TA008 009:346.994 JLINK_IsHalted()
TA008 009:348.169 - 1.173ms returns FALSE
TA008 009:348.339 JLINK_IsHalted()
TA008 009:351.263 - 2.923ms returns FALSE
TA008 009:454.984 JLINK_IsHalted()
TA008 009:455.644 - 0.659ms returns FALSE
TA008 009:455.739 JLINK_IsHalted()
TA008 009:456.082 - 0.342ms returns FALSE
TA008 009:564.455 JLINK_IsHalted()
TA008 009:566.555 - 2.099ms returns FALSE
TA008 009:566.674 JLINK_IsHalted()
TA008 009:567.253 - 0.577ms returns FALSE
TA008 009:674.015 JLINK_IsHalted()
TA008 009:676.374 - 2.357ms returns FALSE
TA008 009:676.563 JLINK_IsHalted()
TA008 009:677.259 - 0.694ms returns FALSE
TA008 009:782.990 JLINK_IsHalted()
TA008 009:784.431 - 1.437ms returns FALSE
TA008 009:784.627 JLINK_IsHalted()
TA008 009:785.404 - 0.776ms returns FALSE
TA008 009:892.709 JLINK_IsHalted()
TA008 009:893.252 - 0.541ms returns FALSE
TA008 009:893.295 JLINK_IsHalted()
TA008 009:893.875 - 0.579ms returns FALSE
TA008 010:001.206 JLINK_IsHalted()
TA008 010:003.679 - 2.472ms returns FALSE
TA008 010:003.713 JLINK_IsHalted()
TA008 010:004.097 - 0.384ms returns FALSE
TA008 010:110.683 JLINK_IsHalted()
TA008 010:111.782 - 1.098ms returns FALSE
TA008 010:111.834 JLINK_IsHalted()
TA008 010:112.227 - 0.392ms returns FALSE
TA008 010:221.034 JLINK_IsHalted()
TA008 010:221.734 - 0.700ms returns FALSE
TA008 010:221.774 JLINK_IsHalted()
TA008 010:222.914 - 1.140ms returns FALSE
TA008 010:330.059 JLINK_IsHalted()
TA008 010:330.778 - 0.718ms returns FALSE
TA008 010:330.814 JLINK_IsHalted()
TA008 010:331.271 - 0.457ms returns FALSE
TA008 010:439.541 JLINK_IsHalted()
TA008 010:440.368 - 0.828ms returns FALSE
TA008 010:440.417 JLINK_IsHalted()
TA008 010:441.005 - 0.587ms returns FALSE
TA008 010:548.582 JLINK_IsHalted()
TA008 010:549.306 - 0.723ms returns FALSE
TA008 010:549.363 JLINK_IsHalted()
TA008 010:549.873 - 0.509ms returns FALSE
TA008 010:658.384 JLINK_IsHalted()
TA008 010:659.480 - 1.096ms returns FALSE
TA008 010:659.539 JLINK_IsHalted()
TA008 010:659.975 - 0.435ms returns FALSE
TA008 010:767.195 JLINK_IsHalted()
TA008 010:767.791 - 0.594ms returns FALSE
TA008 010:767.824 JLINK_IsHalted()
TA008 010:768.202 - 0.377ms returns FALSE
TA008 010:877.050 JLINK_IsHalted()
TA008 010:878.000 - 0.949ms returns FALSE
TA008 010:878.088 JLINK_IsHalted()
TA008 010:878.555 - 0.453ms returns FALSE
TA008 010:986.074 JLINK_IsHalted()
TA008 010:990.339 - 4.264ms returns FALSE
TA008 010:990.626 JLINK_IsHalted()
TA008 010:995.312 - 4.684ms returns FALSE
TA008 011:095.744 JLINK_IsHalted()
TA008 011:096.242 - 0.496ms returns FALSE
TA008 011:096.312 JLINK_IsHalted()
TA008 011:096.704 - 0.391ms returns FALSE
TA008 011:204.845 JLINK_IsHalted()
TA008 011:205.652 - 0.806ms returns FALSE
TA008 011:205.774 JLINK_IsHalted()
TA008 011:206.369 - 0.594ms returns FALSE
TA008 011:313.828 JLINK_IsHalted()
TA008 011:314.417 - 0.587ms returns FALSE
TA008 011:314.589 JLINK_IsHalted()
TA008 011:314.973 - 0.383ms returns FALSE
TA008 011:423.254 JLINK_IsHalted()
TA008 011:424.050 - 0.793ms returns FALSE
TA008 011:424.108 JLINK_IsHalted()
TA008 011:424.743 - 0.633ms returns FALSE
TA008 011:533.026 JLINK_IsHalted()
TA008 011:535.194 - 2.166ms returns FALSE
TA008 011:535.302 JLINK_IsHalted()
TA008 011:535.898 - 0.595ms returns FALSE
TA008 011:642.013 JLINK_IsHalted()
TA008 011:642.851 - 0.837ms returns FALSE
TA008 011:642.923 JLINK_IsHalted()
TA008 011:643.636 - 0.709ms returns FALSE
TA008 011:751.280 JLINK_IsHalted()
TA008 011:752.216 - 0.934ms returns FALSE
TA008 011:752.306 JLINK_IsHalted()
TA008 011:753.058 - 0.751ms returns FALSE
TA008 011:861.723 JLINK_IsHalted()
TA008 011:862.337 - 0.612ms returns FALSE
TA008 011:862.376 JLINK_IsHalted()
TA008 011:863.115 - 0.738ms returns FALSE
TA008 011:970.778 JLINK_IsHalted()
TA008 011:971.394 - 0.614ms returns FALSE
TA008 011:971.443 JLINK_IsHalted()
TA008 011:971.814 - 0.369ms returns FALSE
TA008 012:079.547 JLINK_IsHalted()
TA008 012:080.478 - 0.930ms returns FALSE
TA008 012:080.722 JLINK_IsHalted()
TA008 012:081.857 - 1.134ms returns FALSE
TA008 012:189.386 JLINK_IsHalted()
TA008 012:190.312 - 0.924ms returns FALSE
TA008 012:190.446 JLINK_IsHalted()
TA008 012:191.279 - 0.831ms returns FALSE
TA008 012:300.542 JLINK_IsHalted()
TA008 012:304.193 - 3.651ms returns FALSE
TA008 012:304.364 JLINK_IsHalted()
TA008 012:305.112 - 0.748ms returns FALSE
TA008 012:408.250 JLINK_IsHalted()
TA008 012:408.817 - 0.565ms returns FALSE
TA008 012:408.906 JLINK_IsHalted()
TA008 012:409.243 - 0.336ms returns FALSE
TA008 012:517.002 JLINK_IsHalted()
TA008 012:518.328 - 1.323ms returns FALSE
TA008 012:518.592 JLINK_IsHalted()
TA008 012:519.492 - 0.898ms returns FALSE
TA008 012:626.193 JLINK_IsHalted()
TA008 012:626.828 - 0.633ms returns FALSE
TA008 012:626.874 JLINK_IsHalted()
TA008 012:627.241 - 0.366ms returns FALSE
TA008 012:736.110 JLINK_IsHalted()
TA008 012:738.186 - 2.074ms returns FALSE
TA008 012:738.392 JLINK_IsHalted()
TA008 012:738.961 - 0.568ms returns FALSE
TA008 012:845.630 JLINK_IsHalted()
TA008 012:846.054 - 0.423ms returns FALSE
TA008 012:846.078 JLINK_IsHalted()
TA008 012:846.369 - 0.290ms returns FALSE
TA008 012:954.805 JLINK_IsHalted()
TA008 012:955.473 - 0.665ms returns FALSE
TA008 012:955.580 JLINK_IsHalted()
TA008 012:956.211 - 0.630ms returns FALSE
TA008 013:064.548 JLINK_IsHalted()
TA008 013:065.569 - 1.019ms returns FALSE
TA008 013:065.718 JLINK_IsHalted()
TA008 013:066.562 - 0.841ms returns FALSE
TA008 013:173.207 JLINK_IsHalted()
TA008 013:174.403 - 1.193ms returns FALSE
TA008 013:174.631 JLINK_IsHalted()
TA008 013:175.542 - 0.907ms returns FALSE
TA008 013:283.181 JLINK_IsHalted()
TA008 013:284.019 - 0.836ms returns FALSE
TA008 013:284.106 JLINK_IsHalted()
TA008 013:284.654 - 0.546ms returns FALSE
TA008 013:391.882 JLINK_IsHalted()
TA008 013:392.470 - 0.585ms returns FALSE
TA008 013:392.656 JLINK_IsHalted()
TA008 013:393.218 - 0.561ms returns FALSE
TA008 013:502.133 JLINK_IsHalted()
TA008 013:503.280 - 1.146ms returns FALSE
TA008 013:503.642 JLINK_IsHalted()
TA008 013:504.424 - 0.782ms returns FALSE
TA008 013:611.240 JLINK_IsHalted()
TA008 013:612.227 - 0.986ms returns FALSE
TA008 013:612.306 JLINK_IsHalted()
TA008 013:612.970 - 0.663ms returns FALSE
TA008 013:720.222 JLINK_IsHalted()
TA008 013:721.246 - 1.021ms returns FALSE
TA008 013:721.386 JLINK_IsHalted()
TA008 013:722.064 - 0.677ms returns FALSE
TA008 013:830.453 JLINK_IsHalted()
TA008 013:832.296 - 1.840ms returns FALSE
TA008 013:832.402 JLINK_IsHalted()
TA008 013:833.072 - 0.669ms returns FALSE
TA008 013:939.717 JLINK_IsHalted()
TA008 013:940.379 - 0.662ms returns FALSE
TA008 013:940.434 JLINK_IsHalted()
TA008 013:940.808 - 0.373ms returns FALSE
TA008 014:048.213 JLINK_IsHalted()
TA008 014:049.462 - 1.248ms returns FALSE
TA008 014:049.565 JLINK_IsHalted()
TA008 014:050.189 - 0.622ms returns FALSE
TA008 014:158.307 JLINK_IsHalted()
TA008 014:159.141 - 0.831ms returns FALSE
TA008 014:159.261 JLINK_IsHalted()
TA008 014:159.976 - 0.714ms returns FALSE
TA008 014:267.208 JLINK_IsHalted()
TA008 014:268.221 - 1.013ms returns FALSE
TA008 014:268.370 JLINK_IsHalted()
TA008 014:268.994 - 0.622ms returns FALSE
TA008 014:376.619 JLINK_IsHalted()
TA008 014:381.218 - 4.597ms returns TRUE
TA008 014:381.310 JLINK_ReadReg(XPSR)
TA008 014:381.333   CPU_ReadMem(4 bytes @ 0xE000EE08)
TA008 014:382.595 - 1.284ms returns 0xF9000000
TA008 014:382.678 JLINK_ReadReg(R15 (PC))
TA008 014:382.694 - 0.016ms returns 0x020E1F7C
TA008 014:382.718 JLINK_ReadReg(XPSR)
TA008 014:382.730 - 0.012ms returns 0xF9000000
TA008 014:382.742 JLINK_ReadReg(XPSR)
TA008 014:382.752 - 0.010ms returns 0xF9000000
TA008 014:382.763 JLINK_ReadReg(R15 (PC))
TA008 014:382.773 - 0.010ms returns 0x020E1F7C
TA008 014:382.784 JLINK_ReadReg(XPSR)
TA008 014:382.794 - 0.010ms returns 0xF9000000
TA008 014:382.805 JLINK_ReadReg(XPSR)
TA008 014:382.816 - 0.010ms returns 0xF9000000
TA008 014:382.829 JLINK_ReadMem(0x020E1F7C, 0x1 Bytes, ...)
TA008 014:382.850   CPU_ReadMem(64 bytes @ 0x020E1F40)
TA008 014:384.304    -- Updating C cache (64 bytes @ 0x020E1F40)
TA008 014:384.334    -- Read from C cache (1 bytes @ 0x020E1F7C)
TA008 014:384.349   Data:  00
TA008 014:384.363 - 1.534ms returns 0
TA008 014:384.416 JLINK_IsHalted()
TA008 014:384.426 - 0.010ms returns TRUE
TA008 014:384.438 JLINK_ReadReg(XPSR)
TA008 014:384.450 - 0.011ms returns 0xF9000000
TA008 014:384.461 JLINK_ReadReg(XPSR)
TA008 014:384.470 - 0.009ms returns 0xF9000000
TA008 014:384.480 JLINK_ReadReg(R15 (PC))
TA008 014:384.490 - 0.009ms returns 0x020E1F7C
TA008 014:384.502 JLINK_ReadReg(XPSR)
TA008 014:384.512 - 0.009ms returns 0xF9000000
TA008 014:384.522 JLINK_ReadReg(XPSR)
TA008 014:384.531 - 0.009ms returns 0xF9000000
TA008 014:384.542 JLINK_ReadMem(0x020E1F7C, 0x1 Bytes, ...)
TA008 014:384.557    -- Read from C cache (1 bytes @ 0x020E1F7C)
TA008 014:384.571   Data:  00
TA008 014:384.587 - 0.044ms returns 0
TA008 014:384.693 JLINK_IsHalted()
TA008 014:384.704 - 0.011ms returns TRUE
TA008 014:384.714 JLINK_ReadReg(XPSR)
TA008 014:384.725 - 0.010ms returns 0xF9000000
TA008 014:384.738 JLINK_ReadReg(R15 (PC))
TA008 014:384.746 - 0.009ms returns 0x020E1F7C
TA008 014:384.757 JLINK_ReadReg(XPSR)
TA008 014:384.778 - 0.020ms returns 0xF9000000
TA008 014:384.787 JLINK_ReadReg(XPSR)
TA008 014:384.797 - 0.009ms returns 0xF9000000
TA008 014:384.806 JLINK_ReadReg(R15 (PC))
TA008 014:384.816 - 0.009ms returns 0x020E1F7C
TA008 014:384.826 JLINK_ReadReg(XPSR)
TA008 014:384.835 - 0.009ms returns 0xF9000000
TA008 014:384.845 JLINK_ReadReg(XPSR)
TA008 014:384.854 - 0.009ms returns 0xF9000000
TA008 014:384.864 JLINK_ReadMem(0x020E1F7C, 0x1 Bytes, ...)
TA008 014:384.874    -- Read from C cache (1 bytes @ 0x020E1F7C)
TA008 014:384.886   Data:  00
TA008 014:384.898 - 0.034ms returns 0
TA008 014:384.907 JLINK_IsHalted()
TA008 014:384.917 - 0.008ms returns TRUE
TA008 014:384.926 JLINK_ReadReg(XPSR)
TA008 014:384.934 - 0.008ms returns 0xF9000000
TA008 014:384.946 JLINK_ReadReg(XPSR)
TA008 014:384.954 - 0.009ms returns 0xF9000000
TA008 014:384.963 JLINK_ReadReg(R15 (PC))
TA008 014:384.973 - 0.009ms returns 0x020E1F7C
TA008 014:384.984 JLINK_ReadReg(XPSR)
TA008 014:384.994 - 0.009ms returns 0xF9000000
TA008 014:385.003 JLINK_ReadReg(XPSR)
TA008 014:385.013 - 0.009ms returns 0xF9000000
TA008 014:385.024 JLINK_ReadMem(0x020E1F7C, 0x1 Bytes, ...)
TA008 014:385.034    -- Read from C cache (1 bytes @ 0x020E1F7C)
TA008 014:385.046   Data:  00
TA008 014:385.058 - 0.034ms returns 0
TA008 014:386.739 JLINK_ReadRegs(NumRegs = 20)
TA008 014:386.803   
  R0 (0)        = 0x00                 R1 (1)        = 0x00                 R2 (2)        = 0x00                 R3 (3)        = 0x00              
  R4 (4)        = 0x00                 R5 (5)        = 0x00                 R6 (6)        = 0x00                 R7 (7)        = 0x00              
  R8 (8)        = 0x4072707A           R9 (9)        = 0x00                 R10 (10)      = 0x20E2224            R11 (11)      = 0xFFFF            
  R12 (12)      = 0x4025E100           R13 (SP) (13) = 0x22180420           R14 (14)      = 0xFFFFFFFF           R15 (PC) (15) = 0x20E1F7C         
  XPSR (16)     = 0xF9000000           MSPLIM (86)   = 0x00                 PSPLIM (87)   = 0x00                 CFBP (20)     = 0x00              
TA008 014:386.818 - 0.077ms returns 0x00
TA008 014:396.563 JLINK_ReadMem(0xE000EDF0, 0x4 Bytes, ...)
TA008 014:396.624   CPU_ReadMem(4 bytes @ 0xE000EDF0)
TA008 014:397.333   Data:  03 00 13 00
TA008 014:397.357   Debug reg: DHCSR
TA008 014:397.368 - 0.805ms returns 0
TA008 014:398.910 JLINK_ReadMem(0x020E1F7C, 0x4 Bytes, ...)
TA008 014:398.941    -- Read from C cache (4 bytes @ 0x020E1F7C)
TA008 014:398.954   Data:  00 F0 06 F8
TA008 014:398.998 - 0.087ms returns 0
T8760 014:403.502 JLINK_ReadReg(XPSR)
T8760 014:403.546 - 0.042ms returns 0xF9000000
T8760 014:403.557 JLINK_ReadReg(R15 (PC))
T8760 014:403.565 - 0.008ms returns 0x020E1F7C
T8760 014:404.834 JLINK_IsHalted()
T8760 014:404.861 - 0.026ms returns TRUE
T8760 014:404.870 JLINK_ReadReg(XPSR)
T8760 014:404.883 - 0.012ms returns 0xF9000000
T8760 014:404.891 JLINK_ReadReg(R15 (PC))
T8760 014:404.899 - 0.007ms returns 0x020E1F7C
T8760 014:404.907 JLINK_ReadReg(XPSR)
T8760 014:404.915 - 0.007ms returns 0xF9000000
T8760 014:404.925 JLINK_ReadReg(XPSR)
T8760 014:404.931 - 0.006ms returns 0xF9000000
T8760 014:404.939 JLINK_ReadReg(R15 (PC))
T8760 014:404.946 - 0.006ms returns 0x020E1F7C
T8760 014:404.954 JLINK_ReadReg(XPSR)
T8760 014:404.962 - 0.007ms returns 0xF9000000
T8760 014:404.968 JLINK_ReadReg(XPSR)
T8760 014:404.976 - 0.007ms returns 0xF9000000
T8760 014:404.984 JLINK_ReadMem(0x020E1F7C, 0x1 Bytes, ...)
T8760 014:404.997    -- Read from C cache (1 bytes @ 0x020E1F7C)
T8760 014:405.006   Data:  00
T8760 014:405.016 - 0.032ms returns 0
T8760 014:405.024 JLINK_IsHalted()
T8760 014:405.030 - 0.006ms returns TRUE
T8760 014:405.038 JLINK_ReadReg(XPSR)
T8760 014:405.045 - 0.006ms returns 0xF9000000
T8760 014:405.053 JLINK_ReadReg(XPSR)
T8760 014:405.059 - 0.006ms returns 0xF9000000
T8760 014:405.066 JLINK_ReadReg(R15 (PC))
T8760 014:405.074 - 0.006ms returns 0x020E1F7C
T8760 014:405.080 JLINK_ReadReg(XPSR)
T8760 014:405.088 - 0.006ms returns 0xF9000000
T8760 014:405.102 JLINK_ReadReg(XPSR)
T8760 014:405.112 - 0.010ms returns 0xF9000000
T8760 014:405.120 JLINK_ReadMem(0x020E1F7C, 0x1 Bytes, ...)
T8760 014:405.128    -- Read from C cache (1 bytes @ 0x020E1F7C)
T8760 014:405.136   Data:  00
T8760 014:405.146 - 0.025ms returns 0
T8760 014:405.197 JLINK_ReadMem(0xE0001000, 0x4 Bytes, ...)
T8760 014:405.210   CPU_ReadMem(4 bytes @ 0xE0001000)
T8760 014:405.794   Data:  01 00 00 40
T8760 014:405.819   Debug reg: DWT_CTRL
T8760 014:405.829 - 0.632ms returns 0
T8760 014:406.450 JLINK_WriteMem(0xE0001FB0, 0x8 Bytes, ...)
T8760 014:406.509   Data:  00 00 00 00 55 CE AC C5
T8760 014:407.269   CPU_WriteMem(8 bytes @ 0xE0001FB0)
T8760 014:408.270 - 1.822ms returns 0x8
T8760 014:408.370 JLINK_ReadMem(0xE000EDFC, 0x4 Bytes, ...)
T8760 014:408.386   CPU_ReadMem(4 bytes @ 0xE000EDFC)
T8760 014:408.771   Data:  00 00 10 01
T8760 014:408.786   Debug reg: DEMCR
T8760 014:408.792 - 0.422ms returns 0
T8760 014:411.746 JLINK_ReadMem(0xE0001004, 0x4 Bytes, ...)
T8760 014:411.811   CPU_ReadMem(4 bytes @ 0xE0001004)
T8760 014:412.397   Data:  CB 00 62 36
T8760 014:412.438   Debug reg: DWT_CYCCNT
T8760 014:412.461 - 0.716ms returns 0
TA008 014:423.568 JLINK_ReadMem(0x020E1F7C, 0x4 Bytes, ...)
TA008 014:423.618    -- Read from C cache (4 bytes @ 0x020E1F7C)
TA008 014:423.634   Data:  00 F0 06 F8
TA008 014:423.650 - 0.082ms returns 0
TA008 015:786.051 JLINK_ReadMem(0xE0001004, 0x4 Bytes, ...)
TA008 015:786.206   Data:  CB 00 62 36
TA008 015:786.251   Debug reg: DWT_CYCCNT
TA008 015:786.290 - 0.237ms returns 0
TA008 015:786.331 JLINK_IsHalted()
TA008 015:787.323 - 0.991ms returns TRUE
TA008 015:790.526 JLINK_ReadMem(0xE0001004, 0x4 Bytes, ...)
TA008 015:790.619   Data:  CB 00 62 36
TA008 015:790.640   Debug reg: DWT_CYCCNT
TA008 015:790.666 - 0.138ms returns 0
TA008 015:790.752 JLINK_GoEx(MaxEmulInsts = 0, Flags = 0x01)
TA008 015:790.787   CPU_ReadMem(4 bytes @ 0xE0001000)
TA008 015:792.442   Memory map 'after startup completion point' is active
TA008 015:792.467 - 1.716ms 
TA008 015:892.994 JLINK_IsHalted()
TA008 015:894.640 - 1.644ms returns FALSE
TA008 015:894.882 JLINK_IsHalted()
TA008 015:895.800 - 0.917ms returns FALSE
TA008 016:001.528 JLINK_IsHalted()
TA008 016:002.267 - 0.739ms returns FALSE
TA008 016:002.346 JLINK_IsHalted()
TA008 016:002.861 - 0.513ms returns FALSE
TA008 016:110.989 JLINK_IsHalted()
TA008 016:112.054 - 1.061ms returns FALSE
TA008 016:112.413 JLINK_IsHalted()
TA008 016:114.323 - 1.908ms returns FALSE
TA008 016:220.093 JLINK_IsHalted()
TA008 016:220.955 - 0.860ms returns FALSE
TA008 016:221.029 JLINK_IsHalted()
TA008 016:221.589 - 0.558ms returns FALSE
TA008 016:329.866 JLINK_IsHalted()
TA008 016:331.363 - 1.497ms returns FALSE
TA008 016:331.454 JLINK_IsHalted()
TA008 016:332.141 - 0.684ms returns FALSE
TA008 016:439.365 JLINK_IsHalted()
TA008 016:440.480 - 1.113ms returns FALSE
TA008 016:440.624 JLINK_IsHalted()
TA008 016:441.406 - 0.778ms returns FALSE
TA008 016:548.054 JLINK_IsHalted()
TA008 016:549.434 - 1.378ms returns FALSE
TA008 016:549.549 JLINK_IsHalted()
TA008 016:550.186 - 0.634ms returns FALSE
TA008 016:658.659 JLINK_IsHalted()
TA008 016:660.034 - 1.373ms returns FALSE
TA008 016:660.205 JLINK_IsHalted()
TA008 016:660.947 - 0.741ms returns FALSE
TA008 016:767.515 JLINK_IsHalted()
TA008 016:768.374 - 0.858ms returns FALSE
TA008 016:768.408 JLINK_IsHalted()
TA008 016:769.066 - 0.656ms returns FALSE
T8760 016:784.554 JLINK_IsHalted()
T8760 016:785.550 - 0.995ms returns FALSE
T8760 016:785.634 JLINK_IsHalted()
T8760 016:786.298 - 0.663ms returns FALSE
TA008 016:876.860 JLINK_IsHalted()
TA008 016:877.632 - 0.771ms returns FALSE
TA008 016:877.736 JLINK_IsHalted()
TA008 016:878.308 - 0.569ms returns FALSE
TA008 016:985.718 JLINK_IsHalted()
TA008 016:986.478 - 0.758ms returns FALSE
TA008 016:986.536 JLINK_IsHalted()
TA008 016:987.086 - 0.550ms returns FALSE
TA008 017:095.814 JLINK_IsHalted()
TA008 017:097.212 - 1.396ms returns FALSE
TA008 017:097.372 JLINK_IsHalted()
TA008 017:098.164 - 0.790ms returns FALSE
TA008 017:204.784 JLINK_IsHalted()
TA008 017:205.888 - 1.102ms returns FALSE
TA008 017:206.028 JLINK_IsHalted()
TA008 017:206.548 - 0.517ms returns FALSE
TA008 017:313.836 JLINK_IsHalted()
TA008 017:314.982 - 1.146ms returns FALSE
TA008 017:315.082 JLINK_IsHalted()
TA008 017:315.708 - 0.624ms returns FALSE
TA008 017:423.616 JLINK_IsHalted()
TA008 017:424.360 - 0.743ms returns FALSE
TA008 017:424.456 JLINK_IsHalted()
TA008 017:424.884 - 0.427ms returns FALSE
TA008 017:532.846 JLINK_IsHalted()
TA008 017:533.568 - 0.719ms returns FALSE
TA008 017:533.642 JLINK_IsHalted()
TA008 017:534.172 - 0.527ms returns FALSE
TA008 017:642.566 JLINK_IsHalted()
TA008 017:643.200 - 0.633ms returns FALSE
TA008 017:643.304 JLINK_IsHalted()
TA008 017:643.788 - 0.482ms returns FALSE
TA008 017:751.906 JLINK_IsHalted()
TA008 017:753.032 - 1.124ms returns FALSE
TA008 017:753.188 JLINK_IsHalted()
TA008 017:756.212 - 3.021ms returns FALSE
T8760 017:786.788 JLINK_IsHalted()
T8760 017:787.846 - 1.057ms returns FALSE
T8760 017:787.962 JLINK_IsHalted()
T8760 017:788.622 - 0.659ms returns FALSE
TA008 017:860.708 JLINK_IsHalted()
TA008 017:861.862 - 1.153ms returns FALSE
TA008 017:862.028 JLINK_IsHalted()
TA008 017:862.642 - 0.613ms returns FALSE
TA008 017:969.988 JLINK_IsHalted()
TA008 017:970.894 - 0.903ms returns FALSE
TA008 017:971.000 JLINK_IsHalted()
TA008 017:971.736 - 0.736ms returns FALSE
TA008 018:080.044 JLINK_IsHalted()
TA008 018:080.814 - 0.768ms returns FALSE
TA008 018:081.094 JLINK_IsHalted()
TA008 018:081.786 - 0.690ms returns FALSE
TA008 018:189.662 JLINK_IsHalted()
TA008 018:190.498 - 0.834ms returns FALSE
TA008 018:190.638 JLINK_IsHalted()
TA008 018:192.302 - 1.663ms returns FALSE
TA008 018:299.224 JLINK_IsHalted()
TA008 018:300.792 - 1.566ms returns FALSE
TA008 018:301.004 JLINK_IsHalted()
TA008 018:301.526 - 0.523ms returns FALSE
TA008 018:408.212 JLINK_IsHalted()
TA008 018:411.632 - 3.418ms returns FALSE
TA008 018:411.818 JLINK_IsHalted()
TA008 018:412.620 - 0.800ms returns FALSE
TA008 018:517.188 JLINK_IsHalted()
TA008 018:518.638 - 1.448ms returns FALSE
TA008 018:518.872 JLINK_IsHalted()
TA008 018:519.768 - 0.893ms returns FALSE
TA008 018:627.220 JLINK_IsHalted()
TA008 018:628.604 - 1.384ms returns FALSE
TA008 018:628.796 JLINK_IsHalted()
TA008 018:629.676 - 0.879ms returns FALSE
TA008 018:736.612 JLINK_IsHalted()
TA008 018:737.294   
  ***** Error: 
TA008 018:737.392   Communication timed out: Requested 4 bytes, received -1 bytes !
TA008 018:737.418 - 0.804ms returns ERROR
TA008 018:737.522 JLINK_IsHalted()
TA008 018:739.902 - 2.376ms returns ERROR
T1C5C 018:748.886 JLINK_Halt()
T1C5C 018:750.638   
  ***** Warning: 
T1C5C 018:750.678   CPU could not be halted
T1C5C 018:750.696 - 1.809ms returns 0x01
T1C5C 018:750.802 JLINK_ReadReg(XPSR)
T1C5C 018:751.096   CPU is running
T1C5C 018:751.156   
  ***** Error: 
T1C5C 018:751.172   Cannot read register 16 (XPSR) while CPU is running
T1C5C 018:751.190 - 0.388ms returns 0x00000000
T1C5C 018:751.868 JLINK_Close()
T1C5C 018:776.476 - 24.605ms
T1C5C 018:776.516   
T1C5C 018:776.528   Closed
