T609C 000:001.654   SEGGER J-Link V9.14a Log File
T609C 000:001.781   DLL Compiled: Jan 28 2026 17:11:52
T609C 000:001.786   Logging started @ 2026-08-20 18:06
T609C 000:001.790   Process: C:\Users\Rainy\.eclipse\com.renesas.platform_823709855\DebugComp\RA\e2-server-gdb.exe
T609C 000:001.800 - 1.796ms 
T609C 000:001.814 JLINK_GetDLLVersion()
T609C 000:001.818 - 0.005ms returns 91401
T609C 000:004.460 JLINK_OpenEx(...)
T609C 000:012.815   Firmware: J-Link OB-RA4M2 compiled Dec 10 2025 15:52:53
T609C 000:014.857   Firmware: J-Link OB-RA4M2 compiled Dec 10 2025 15:52:53
T609C 000:029.016   Hardware: V1.00
T609C 000:029.036   S/N: 1083220728
T609C 000:029.041   OEM: SEGGER
T609C 000:029.051   Feature(s): None
T609C 000:030.212   Bootloader: 2021 May 14
T609C 000:030.947   USB speed mode: Full speed (12 MBit/s)
T609C 000:031.537   TELNET listener socket opened on port 19021
T609C 000:031.888   WEBSRV WEBSRV_Init(): Starting webserver thread(s)
T609C 000:032.085   WEBSRV Webserver running on local port 19080
T609C 000:032.318   Looking for J-Link GUI Server exe at: C:\Users\Rainy\.eclipse\com.renesas.platform_823709855\DebugComp\RA\ARM\Segger_v9.14.1\JLinkGUIServer.exe
T609C 000:032.444   Looking for J-Link GUI Server exe at: C:\Program Files\SEGGER\JLink_V942\JLinkGUIServer.exe
T609C 000:032.484   Forking J-Link GUI Server: C:\Program Files\SEGGER\JLink_V942\JLinkGUIServer.exe
T609C 000:102.649   J-Link GUI Server info: "J-Link GUI server V9.42 "
T609C 000:104.580 - 100.117ms returns "O.K."
T609C 000:104.677 JLINK_TIF_Select(JLINKARM_TIF_SWD)
T609C 000:110.133 - 5.454ms returns 0x00
T609C 000:110.207 JLINK_ClrRESET()
T609C 000:110.936 - 0.728ms 
T609C 000:161.975 JLINK_SetSpeed(1500)
T609C 000:162.178 - 0.223ms 
T609C 000:162.188 JLINK_CORESIGHT_Configure(PerformTIFInit=0)
T609C 000:162.611 - 0.424ms returns 0
T609C 000:162.637 JLINK_CORESIGHT_ReadAPDPReg(DP reg 0x00)
T609C 000:163.108   Value=0x6BA02477
T609C 000:163.115 - 0.481ms returns 0
T609C 000:163.127 JLINK_CORESIGHT_WriteAPDPReg(DP reg 0x00, 0x0000001F)
T609C 000:163.282 - 0.155ms returns 0
T609C 000:163.291 JLINK_CORESIGHT_ReadAPDPReg(DP reg 0x00)
T609C 000:163.474   Value=0x6BA02477
T609C 000:163.480 - 0.189ms returns 0
T609C 000:163.487 JLINK_CORESIGHT_WriteAPDPReg(DP reg 0x02, 0x00000000)
T609C 000:163.642 - 0.155ms returns 0
T609C 000:163.650 JLINK_CORESIGHT_WriteAPDPReg(DP reg 0x01, 0x50000000)
T609C 000:163.836 - 0.186ms returns 0
T609C 000:163.848 JLINK_CORESIGHT_ReadAPDPReg(DP reg 0x01)
T609C 000:164.128   Value=0xF0000000
T609C 000:164.135 - 0.286ms returns 0
T609C 000:164.142 JLINK_CORESIGHT_WriteAPDPReg(DP reg 0x00, 0x0000001F)
T609C 000:164.393 - 0.251ms returns 0
T609C 000:164.401 JLINK_CORESIGHT_ReadAPDPReg(DP reg 0x00)
T609C 000:164.593   Value=0x6BA02477
T609C 000:164.599 - 0.198ms returns 0
T609C 000:164.606 JLINK_CORESIGHT_WriteAPDPReg(DP reg 0x01, 0x54000000)
T609C 000:164.803 - 0.197ms returns 0
T609C 000:164.811 JLINK_CORESIGHT_WriteAPDPReg(DP reg 0x01, 0x50000F00)
T609C 000:164.962 - 0.150ms returns 0
T609C 000:164.969 JLINK_CORESIGHT_WriteAPDPReg(DP reg 0x02, 0x01000000)
T609C 000:165.179 - 0.209ms returns 0
T609C 000:165.187 JLINK_CORESIGHT_WriteAPDPReg(AP reg 0x00, 0x80000002)
T609C 000:165.406 - 0.220ms returns 0
T609C 000:165.415 JLINK_CORESIGHT_WriteAPDPReg(AP reg 0x01, 0x80011100)
T609C 000:165.580 - 0.165ms returns 0
T609C 000:165.588 JLINK_CORESIGHT_WriteAPDPReg(AP reg 0x03, 0x000000A5)
T609C 000:165.812 - 0.224ms returns 0
T609C 000:165.820 JLINK_CORESIGHT_WriteAPDPReg(AP reg 0x00, 0x80000002)
T609C 000:165.993 - 0.172ms returns 0
T609C 000:166.003 JLINK_CORESIGHT_WriteAPDPReg(AP reg 0x01, 0x80011100)
T609C 000:166.504 - 0.499ms returns 0
T609C 000:166.549 JLINK_CORESIGHT_ReadAPDPReg(AP reg 0x03)
T609C 000:166.803   Value=0x000000A5
T609C 000:166.810 - 0.261ms returns 0
T609C 000:166.818 JLINK_ClrTMS()
T609C 000:166.858 - 0.039ms 
T609C 000:172.925 JLINK_SetTCK()
T609C 000:173.072 - 0.147ms returns 0
T609C 000:178.480 JLINK_SetRESET()
T609C 000:178.598 - 0.118ms 
T609C 000:379.550 JLINK_CORESIGHT_WriteAPDPReg(AP reg 0x00, 0x80000002)
T609C 000:380.224 - 0.674ms returns 0
T609C 000:380.287 JLINK_CORESIGHT_WriteAPDPReg(AP reg 0x01, 0x80011100)
T609C 000:380.760 - 0.474ms returns 0
T609C 000:380.821 JLINK_CORESIGHT_ReadAPDPReg(AP reg 0x03)
T609C 000:381.465   Value=0x00000000
T609C 000:381.525 - 0.704ms returns 0
T609C 000:381.558 JLINK_CORESIGHT_WriteAPDPReg(AP reg 0x00, 0x80000002)
T609C 000:382.058 - 0.500ms returns 0
T609C 000:382.118 JLINK_CORESIGHT_WriteAPDPReg(AP reg 0x01, 0x80011140)
T609C 000:382.501 - 0.383ms returns 0
T609C 000:382.558 JLINK_CORESIGHT_ReadAPDPReg(AP reg 0x03)
T609C 000:382.922   Value=0x00000002
T609C 000:382.968 - 0.410ms returns 0
T609C 000:383.011 JLINK_CORESIGHT_WriteAPDPReg(AP reg 0x00, 0x80000002)
T609C 000:383.315 - 0.304ms returns 0
T609C 000:383.373 JLINK_CORESIGHT_WriteAPDPReg(AP reg 0x01, 0x80011120)
T609C 000:383.665 - 0.291ms returns 0
T609C 000:383.719 JLINK_CORESIGHT_WriteAPDPReg(AP reg 0x03, 0x00000055)
T609C 000:384.054 - 0.335ms returns 0
T609C 000:384.110 JLINK_CORESIGHT_WriteAPDPReg(AP reg 0x00, 0x80000002)
T609C 000:386.926 - 2.815ms returns 0
T609C 000:387.008 JLINK_CORESIGHT_WriteAPDPReg(AP reg 0x01, 0x80011140)
T609C 000:387.285 - 0.276ms returns 0
T609C 000:387.333 JLINK_CORESIGHT_ReadAPDPReg(AP reg 0x03)
T609C 000:387.709   Value=0x00000002
T609C 000:387.757 - 0.423ms returns 0
T609C 000:387.795 JLINK_CORESIGHT_ReadAPDPReg(AP reg 0x03)
T609C 000:388.154   Value=0x00000002
T609C 000:388.198 - 0.402ms returns 0
T609C 000:388.244 JLINK_CORESIGHT_ReadAPDPReg(AP reg 0x03)
T609C 000:388.665   Value=0x00000002
T609C 000:388.709 - 0.465ms returns 0
T609C 000:388.745 JLINK_CORESIGHT_ReadAPDPReg(AP reg 0x03)
T609C 000:389.035   Value=0x00000002
T609C 000:389.078 - 0.332ms returns 0
T609C 000:389.112 JLINK_CORESIGHT_ReadAPDPReg(AP reg 0x03)
T609C 000:389.384   Value=0x00000002
T609C 000:389.433 - 0.321ms returns 0
T609C 000:389.468 JLINK_CORESIGHT_ReadAPDPReg(AP reg 0x03)
T609C 000:389.881   Value=0x00000002
T609C 000:389.925 - 0.456ms returns 0
T609C 000:389.960 JLINK_CORESIGHT_ReadAPDPReg(AP reg 0x03)
T609C 000:390.350   Value=0x00000002
T609C 000:390.509 - 0.547ms returns 0
T609C 000:390.570 JLINK_CORESIGHT_ReadAPDPReg(AP reg 0x03)
T609C 000:391.054   Value=0x00000002
T609C 000:391.163 - 0.592ms returns 0
T609C 000:391.202 JLINK_CORESIGHT_ReadAPDPReg(AP reg 0x03)
T609C 000:391.736   Value=0x00000002
T609C 000:391.786 - 0.583ms returns 0
T609C 000:391.822 JLINK_CORESIGHT_ReadAPDPReg(AP reg 0x03)
T609C 000:392.189   Value=0x00000002
T609C 000:392.240 - 0.417ms returns 0
T609C 000:392.291 JLINK_CORESIGHT_ReadAPDPReg(AP reg 0x03)
T609C 000:392.663   Value=0x00000002
T609C 000:392.712 - 0.421ms returns 0
T609C 000:392.750 JLINK_CORESIGHT_ReadAPDPReg(AP reg 0x03)
T609C 000:393.057   Value=0x00000002
T609C 000:393.102 - 0.352ms returns 0
T609C 000:393.136 JLINK_CORESIGHT_ReadAPDPReg(AP reg 0x03)
T609C 000:393.452   Value=0x00000002
T609C 000:393.495 - 0.359ms returns 0
T609C 000:393.527 JLINK_CORESIGHT_ReadAPDPReg(AP reg 0x03)
T609C 000:393.922   Value=0x00000002
T609C 000:393.963 - 0.435ms returns 0
T609C 000:393.996 JLINK_CORESIGHT_ReadAPDPReg(AP reg 0x03)
T609C 000:394.304   Value=0x00000002
T609C 000:394.354 - 0.358ms returns 0
T609C 000:394.386 JLINK_CORESIGHT_ReadAPDPReg(AP reg 0x03)
T609C 000:394.677   Value=0x00000002
T609C 000:394.713 - 0.327ms returns 0
T609C 000:394.742 JLINK_CORESIGHT_ReadAPDPReg(AP reg 0x03)
T609C 000:395.026   Value=0x00000002
T609C 000:395.063 - 0.320ms returns 0
T609C 000:395.092 JLINK_CORESIGHT_ReadAPDPReg(AP reg 0x03)
T609C 000:395.413   Value=0x00000002
T609C 000:395.457 - 0.364ms returns 0
T609C 000:395.501 JLINK_CORESIGHT_ReadAPDPReg(AP reg 0x03)
T609C 000:395.822   Value=0x00000000
T609C 000:395.856 - 0.355ms returns 0
T609C 000:395.884 JLINK_CORESIGHT_WriteAPDPReg(AP reg 0x00, 0x80000002)
T609C 000:396.286 - 0.401ms returns 0
T609C 000:396.337 JLINK_CORESIGHT_WriteAPDPReg(AP reg 0x01, 0x80011130)
T609C 000:398.992 - 2.655ms returns 0
T609C 000:399.076 JLINK_CORESIGHT_ReadAPDPReg(AP reg 0x03)
T609C 000:399.417   Value=0x000000C6
T609C 000:399.489 - 0.412ms returns 0
T609C 000:401.419 JLINK_CORESIGHT_WriteAPDPReg(AP reg 0x00, 0x80000002)
T609C 000:401.960 - 0.541ms returns 0
T609C 000:402.030 JLINK_CORESIGHT_WriteAPDPReg(AP reg 0x01, 0x80011140)
T609C 000:402.455 - 0.426ms returns 0
T609C 000:402.504 JLINK_CORESIGHT_ReadAPDPReg(AP reg 0x03)
T609C 000:402.932   Value=0x00000002
T609C 000:402.973 - 0.469ms returns 0
T609C 000:402.995 JLINK_CORESIGHT_WriteAPDPReg(AP reg 0x00, 0x80000002)
T609C 000:403.399 - 0.403ms returns 0
T609C 000:403.448 JLINK_CORESIGHT_WriteAPDPReg(AP reg 0x01, 0x80011120)
T609C 000:403.760 - 0.310ms returns 0
T609C 000:403.830 JLINK_CORESIGHT_WriteAPDPReg(AP reg 0x03, 0x3A010001)
T609C 000:405.405 - 1.575ms returns 0
T609C 000:405.452 JLINK_CORESIGHT_WriteAPDPReg(AP reg 0x00, 0x80000002)
T609C 000:405.716 - 0.264ms returns 0
T609C 000:405.751 JLINK_CORESIGHT_WriteAPDPReg(AP reg 0x01, 0x80011140)
T609C 000:406.028 - 0.277ms returns 0
T609C 000:406.059 JLINK_CORESIGHT_ReadAPDPReg(AP reg 0x03)
T609C 000:406.341   Value=0x00000002
T609C 000:406.373 - 0.314ms returns 0
T609C 000:406.391 JLINK_CORESIGHT_WriteAPDPReg(AP reg 0x00, 0x80000002)
T609C 000:406.636 - 0.244ms returns 0
T609C 000:406.667 JLINK_CORESIGHT_WriteAPDPReg(AP reg 0x01, 0x80011120)
T609C 000:406.941 - 0.273ms returns 0
T609C 000:406.974 JLINK_CORESIGHT_WriteAPDPReg(AP reg 0x03, 0x000003C5)
T609C 000:407.234 - 0.259ms returns 0
T609C 000:407.265 JLINK_CORESIGHT_WriteAPDPReg(AP reg 0x00, 0x80000002)
T609C 000:407.558 - 0.292ms returns 0
T609C 000:407.590 JLINK_CORESIGHT_WriteAPDPReg(AP reg 0x01, 0x80011140)
T609C 000:407.856 - 0.265ms returns 0
T609C 000:407.887 JLINK_CORESIGHT_ReadAPDPReg(AP reg 0x03)
T609C 000:408.261   Value=0x00000000
T609C 000:408.293 - 0.405ms returns 0
T609C 000:408.311 JLINK_CORESIGHT_WriteAPDPReg(AP reg 0x00, 0x80000002)
T609C 000:408.581 - 0.269ms returns 0
T609C 000:408.632 JLINK_CORESIGHT_WriteAPDPReg(AP reg 0x01, 0x80011130)
T609C 000:409.013 - 0.379ms returns 0
T609C 000:409.047 JLINK_CORESIGHT_ReadAPDPReg(AP reg 0x03)
T609C 000:409.308   Value=0x3A2A0081
T609C 000:409.339 - 0.292ms returns 0
T609C 000:409.356 JLINK_CORESIGHT_WriteAPDPReg(AP reg 0x00, 0x80000002)
T609C 000:409.616 - 0.259ms returns 0
T609C 000:409.643 JLINK_CORESIGHT_WriteAPDPReg(AP reg 0x01, 0x80011140)
T609C 000:409.904 - 0.253ms returns 0
T609C 000:409.932 JLINK_CORESIGHT_ReadAPDPReg(AP reg 0x03)
T609C 000:410.310   Value=0x00000000
T609C 000:410.338 - 0.406ms returns 0
T609C 000:410.354 JLINK_CORESIGHT_WriteAPDPReg(AP reg 0x00, 0x80000002)
T609C 000:410.597 - 0.243ms returns 0
T609C 000:410.624 JLINK_CORESIGHT_WriteAPDPReg(AP reg 0x01, 0x80011130)
T609C 000:410.842 - 0.217ms returns 0
T609C 000:410.869 JLINK_CORESIGHT_ReadAPDPReg(AP reg 0x03)
T609C 000:411.244   Value=0x808D5B00
T609C 000:411.272 - 0.403ms returns 0
T609C 000:411.289 JLINK_CORESIGHT_WriteAPDPReg(AP reg 0x00, 0x80000002)
T609C 000:411.583 - 0.293ms returns 0
T609C 000:411.611 JLINK_CORESIGHT_WriteAPDPReg(AP reg 0x01, 0x80011140)
T609C 000:411.846 - 0.235ms returns 0
T609C 000:411.874 JLINK_CORESIGHT_ReadAPDPReg(AP reg 0x03)
T609C 000:412.248   Value=0x00000000
T609C 000:412.276 - 0.402ms returns 0
T609C 000:412.292 JLINK_CORESIGHT_WriteAPDPReg(AP reg 0x00, 0x80000002)
T609C 000:412.552 - 0.259ms returns 0
T609C 000:412.578 JLINK_CORESIGHT_WriteAPDPReg(AP reg 0x01, 0x80011130)
T609C 000:412.815 - 0.236ms returns 0
T609C 000:412.841 JLINK_CORESIGHT_ReadAPDPReg(AP reg 0x03)
T609C 000:413.169   Value=0x0406070A
T609C 000:413.196 - 0.355ms returns 0
T609C 000:413.211 JLINK_CORESIGHT_WriteAPDPReg(AP reg 0x00, 0x80000002)
T609C 000:413.436 - 0.224ms returns 0
T609C 000:413.462 JLINK_CORESIGHT_WriteAPDPReg(AP reg 0x01, 0x80011140)
T609C 000:413.682 - 0.219ms returns 0
T609C 000:413.708 JLINK_CORESIGHT_ReadAPDPReg(AP reg 0x03)
T609C 000:414.066   Value=0x00000000
T609C 000:414.091 - 0.383ms returns 0
T609C 000:414.106 JLINK_CORESIGHT_WriteAPDPReg(AP reg 0x00, 0x80000002)
T609C 000:414.344 - 0.237ms returns 0
T609C 000:414.391 JLINK_CORESIGHT_WriteAPDPReg(AP reg 0x01, 0x80011130)
T609C 000:414.706 - 0.315ms returns 0
T609C 000:414.737 JLINK_CORESIGHT_ReadAPDPReg(AP reg 0x03)
T609C 000:415.172   Value=0x3254540B
T609C 000:415.197 - 0.460ms returns 0
T609C 000:415.211 JLINK_CORESIGHT_WriteAPDPReg(AP reg 0x00, 0x80000002)
T609C 000:415.430 - 0.219ms returns 0
T609C 000:415.454 JLINK_CORESIGHT_WriteAPDPReg(AP reg 0x01, 0x80011140)
T609C 000:415.663 - 0.208ms returns 0
T609C 000:415.687 JLINK_CORESIGHT_ReadAPDPReg(AP reg 0x03)
T609C 000:416.085   Value=0x00000000
T609C 000:416.110 - 0.422ms returns 0
T609C 000:416.124 JLINK_CORESIGHT_WriteAPDPReg(AP reg 0x00, 0x80000002)
T609C 000:416.327 - 0.203ms returns 0
T609C 000:416.352 JLINK_CORESIGHT_WriteAPDPReg(AP reg 0x01, 0x80011130)
T609C 000:416.591 - 0.239ms returns 0
T609C 000:416.615 JLINK_CORESIGHT_ReadAPDPReg(AP reg 0x03)
T609C 000:416.988   Value=0x54D4E359
T609C 000:417.013 - 0.398ms returns 0
T609C 000:417.027 JLINK_CORESIGHT_WriteAPDPReg(AP reg 0x00, 0x80000002)
T609C 000:417.524 - 0.496ms returns 0
T609C 000:417.563 JLINK_CORESIGHT_WriteAPDPReg(AP reg 0x01, 0x80011140)
T609C 000:417.833 - 0.269ms returns 0
T609C 000:417.972 JLINK_CORESIGHT_ReadAPDPReg(AP reg 0x03)
T609C 000:418.326   Value=0x00000000
T609C 000:418.365 - 0.394ms returns 0
T609C 000:418.393 JLINK_CORESIGHT_WriteAPDPReg(AP reg 0x00, 0x80000002)
T609C 000:418.740 - 0.347ms returns 0
T609C 000:418.788 JLINK_CORESIGHT_WriteAPDPReg(AP reg 0x01, 0x80011130)
T609C 000:419.056 - 0.267ms returns 0
T609C 000:419.105 JLINK_CORESIGHT_ReadAPDPReg(AP reg 0x03)
T609C 000:419.634   Value=0x34325736
T609C 000:419.685 - 0.580ms returns 0
T609C 000:419.711 JLINK_CORESIGHT_WriteAPDPReg(AP reg 0x00, 0x80000002)
T609C 000:422.216 - 2.504ms returns 0
T609C 000:422.254 JLINK_CORESIGHT_WriteAPDPReg(AP reg 0x01, 0x80011140)
T609C 000:422.628 - 0.372ms returns 0
T609C 000:422.872 JLINK_CORESIGHT_ReadAPDPReg(AP reg 0x03)
T609C 000:423.256   Value=0x00000000
T609C 000:423.278 - 0.407ms returns 0
T609C 000:423.290 JLINK_CORESIGHT_WriteAPDPReg(AP reg 0x00, 0x80000002)
T609C 000:423.540 - 0.249ms returns 0
T609C 000:423.562 JLINK_CORESIGHT_WriteAPDPReg(AP reg 0x01, 0x80011130)
T609C 000:423.941 - 0.378ms returns 0
T609C 000:423.966 JLINK_CORESIGHT_ReadAPDPReg(AP reg 0x03)
T609C 000:424.342   Value=0x63082D30
T609C 000:424.364 - 0.398ms returns 0
T609C 000:424.376 JLINK_CORESIGHT_WriteAPDPReg(AP reg 0x00, 0x80000002)
T609C 000:424.586 - 0.210ms returns 0
T609C 000:424.605 JLINK_CORESIGHT_WriteAPDPReg(AP reg 0x01, 0x80011140)
T609C 000:424.884 - 0.278ms returns 0
T609C 000:424.903 JLINK_CORESIGHT_ReadAPDPReg(AP reg 0x03)
T609C 000:425.246   Value=0x00000000
T609C 000:425.268 - 0.364ms returns 0
T609C 000:425.280 JLINK_CORESIGHT_WriteAPDPReg(AP reg 0x00, 0x80000002)
T609C 000:425.482 - 0.201ms returns 0
T609C 000:425.500 JLINK_CORESIGHT_WriteAPDPReg(AP reg 0x01, 0x80011130)
T609C 000:425.734 - 0.233ms returns 0
T609C 000:425.753 JLINK_CORESIGHT_ReadAPDPReg(AP reg 0x03)
T609C 000:426.048   Value=0x4B375276
T609C 000:426.067 - 0.314ms returns 0
T609C 000:426.078 JLINK_CORESIGHT_WriteAPDPReg(AP reg 0x00, 0x80000002)
T609C 000:426.268 - 0.190ms returns 0
T609C 000:426.286 JLINK_CORESIGHT_WriteAPDPReg(AP reg 0x01, 0x80011140)
T609C 000:428.030 - 1.741ms returns 0
T609C 000:428.091 JLINK_CORESIGHT_ReadAPDPReg(AP reg 0x03)
T609C 000:428.420   Value=0x00000000
T609C 000:428.443 - 0.352ms returns 0
T609C 000:428.462 JLINK_CORESIGHT_WriteAPDPReg(AP reg 0x00, 0x80000002)
T609C 000:428.693 - 0.230ms returns 0
T609C 000:428.719 JLINK_CORESIGHT_WriteAPDPReg(AP reg 0x01, 0x80011130)
T609C 000:428.926 - 0.206ms returns 0
T609C 000:428.950 JLINK_CORESIGHT_ReadAPDPReg(AP reg 0x03)
T609C 000:429.314   Value=0x31503841
T609C 000:429.335 - 0.385ms returns 0
T609C 000:429.352 JLINK_CORESIGHT_WriteAPDPReg(AP reg 0x00, 0x80000002)
T609C 000:429.584 - 0.232ms returns 0
T609C 000:429.609 JLINK_CORESIGHT_WriteAPDPReg(AP reg 0x01, 0x80011140)
T609C 000:429.942 - 0.332ms returns 0
T609C 000:429.976 JLINK_CORESIGHT_ReadAPDPReg(AP reg 0x03)
T609C 000:430.327   Value=0x00000000
T609C 000:430.350 - 0.373ms returns 0
T609C 000:430.367 JLINK_CORESIGHT_WriteAPDPReg(AP reg 0x00, 0x80000002)
T609C 000:430.599 - 0.231ms returns 0
T609C 000:430.629 JLINK_CORESIGHT_WriteAPDPReg(AP reg 0x01, 0x80011130)
T609C 000:430.931 - 0.301ms returns 0
T609C 000:430.956 JLINK_CORESIGHT_ReadAPDPReg(AP reg 0x03)
T609C 000:433.751   Value=0x434C464B
T609C 000:433.791 - 2.834ms returns 0
T609C 000:433.816 JLINK_CORESIGHT_WriteAPDPReg(AP reg 0x00, 0x80000002)
T609C 000:434.038 - 0.222ms returns 0
T609C 000:434.061 JLINK_CORESIGHT_WriteAPDPReg(AP reg 0x01, 0x80011140)
T609C 000:434.251 - 0.189ms returns 0
T609C 000:434.282 JLINK_CORESIGHT_ReadAPDPReg(AP reg 0x03)
T609C 000:434.594   Value=0x00000000
T609C 000:434.617 - 0.335ms returns 0
T609C 000:434.634 JLINK_CORESIGHT_WriteAPDPReg(AP reg 0x00, 0x80000002)
T609C 000:436.175 - 1.537ms returns 0
T609C 000:436.354 JLINK_CORESIGHT_WriteAPDPReg(AP reg 0x01, 0x80011130)
T609C 000:436.728 - 0.376ms returns 0
T609C 000:436.757 JLINK_CORESIGHT_ReadAPDPReg(AP reg 0x03)
T609C 000:437.161   Value=0x20204341
T609C 000:437.217 - 0.458ms returns 0
T609C 000:437.268 JLINK_CORESIGHT_WriteAPDPReg(AP reg 0x00, 0x80000002)
T609C 000:437.579 - 0.311ms returns 0
T609C 000:437.605 JLINK_CORESIGHT_WriteAPDPReg(AP reg 0x01, 0x80011140)
T609C 000:437.871 - 0.266ms returns 0
T609C 000:437.901 JLINK_CORESIGHT_ReadAPDPReg(AP reg 0x03)
T609C 000:438.171   Value=0x00000000
T609C 000:438.193 - 0.292ms returns 0
T609C 000:438.210 JLINK_CORESIGHT_WriteAPDPReg(AP reg 0x00, 0x80000002)
T609C 000:438.440 - 0.230ms returns 0
T609C 000:438.468 JLINK_CORESIGHT_WriteAPDPReg(AP reg 0x01, 0x80011130)
T609C 000:438.672 - 0.204ms returns 0
T609C 000:438.699 JLINK_CORESIGHT_ReadAPDPReg(AP reg 0x03)
T609C 000:439.340   Value=0x0003CD20
T609C 000:439.396 - 0.696ms returns 0
T609C 000:441.277 JLINK_CORESIGHT_WriteAPDPReg(AP reg 0x00, 0x80000002)
T609C 000:441.651 - 0.373ms returns 0
T609C 000:441.704 JLINK_CORESIGHT_WriteAPDPReg(AP reg 0x01, 0x80011140)
T609C 000:442.033 - 0.329ms returns 0
T609C 000:442.078 JLINK_CORESIGHT_ReadAPDPReg(AP reg 0x03)
T609C 000:443.785   Value=0x00000002
T609C 000:444.043 - 1.964ms returns 0
T609C 000:444.094 JLINK_CORESIGHT_WriteAPDPReg(AP reg 0x00, 0x80000002)
T609C 000:446.089 - 1.993ms returns 0
T609C 000:446.215 JLINK_CORESIGHT_WriteAPDPReg(AP reg 0x01, 0x80011120)
T609C 000:446.556 - 0.341ms returns 0
T609C 000:446.586 JLINK_CORESIGHT_WriteAPDPReg(AP reg 0x03, 0x39020001)
T609C 000:446.835 - 0.249ms returns 0
T609C 000:446.864 JLINK_CORESIGHT_WriteAPDPReg(AP reg 0x00, 0x80000002)
T609C 000:447.136 - 0.272ms returns 0
T609C 000:447.166 JLINK_CORESIGHT_WriteAPDPReg(AP reg 0x01, 0x80011140)
T609C 000:447.415 - 0.249ms returns 0
T609C 000:447.445 JLINK_CORESIGHT_ReadAPDPReg(AP reg 0x03)
T609C 000:447.719   Value=0x00000002
T609C 000:447.750 - 0.305ms returns 0
T609C 000:447.767 JLINK_CORESIGHT_WriteAPDPReg(AP reg 0x00, 0x80000002)
T609C 000:447.997 - 0.229ms returns 0
T609C 000:448.025 JLINK_CORESIGHT_WriteAPDPReg(AP reg 0x01, 0x80011120)
T609C 000:448.291 - 0.265ms returns 0
T609C 000:448.320 JLINK_CORESIGHT_WriteAPDPReg(AP reg 0x03, 0x0003B312)
T609C 000:448.584 - 0.264ms returns 0
T609C 000:448.611 JLINK_CORESIGHT_WriteAPDPReg(AP reg 0x00, 0x80000002)
T609C 000:449.118 - 0.504ms returns 0
T609C 000:449.198 JLINK_CORESIGHT_WriteAPDPReg(AP reg 0x01, 0x80011140)
T609C 000:449.514 - 0.316ms returns 0
T609C 000:449.581 JLINK_CORESIGHT_ReadAPDPReg(AP reg 0x03)
T609C 000:449.886   Value=0x00000000
T609C 000:449.930 - 0.349ms returns 0
T609C 000:449.947 JLINK_CORESIGHT_WriteAPDPReg(AP reg 0x00, 0x80000002)
T609C 000:450.220 - 0.272ms returns 0
T609C 000:450.263 JLINK_CORESIGHT_WriteAPDPReg(AP reg 0x01, 0x80011130)
T609C 000:450.646 - 0.382ms returns 0
T609C 000:450.690 JLINK_CORESIGHT_ReadAPDPReg(AP reg 0x03)
T609C 000:451.159   Value=0xB90A0081
T609C 000:451.203 - 0.513ms returns 0
T609C 000:451.252 JLINK_CORESIGHT_WriteAPDPReg(AP reg 0x00, 0x80000002)
T609C 000:451.588 - 0.335ms returns 0
T609C 000:451.635 JLINK_CORESIGHT_WriteAPDPReg(AP reg 0x01, 0x80011140)
T609C 000:451.967 - 0.332ms returns 0
T609C 000:452.019 JLINK_CORESIGHT_ReadAPDPReg(AP reg 0x03)
T609C 000:452.460   Value=0x00000000
T609C 000:452.488 - 0.470ms returns 0
T609C 000:452.504 JLINK_CORESIGHT_WriteAPDPReg(AP reg 0x00, 0x80000002)
T609C 000:452.760 - 0.255ms returns 0
T609C 000:452.783 JLINK_CORESIGHT_WriteAPDPReg(AP reg 0x01, 0x80011130)
T609C 000:452.993 - 0.210ms returns 0
T609C 000:453.015 JLINK_CORESIGHT_ReadAPDPReg(AP reg 0x03)
T609C 000:453.283   Value=0xFFFFFFC0
T609C 000:453.306 - 0.290ms returns 0
T609C 000:453.320 JLINK_CORESIGHT_WriteAPDPReg(AP reg 0x00, 0x80000002)
T609C 000:453.559 - 0.238ms returns 0
T609C 000:453.581 JLINK_CORESIGHT_WriteAPDPReg(AP reg 0x01, 0x80011140)
T609C 000:453.820 - 0.239ms returns 0
T609C 000:453.843 JLINK_CORESIGHT_ReadAPDPReg(AP reg 0x03)
T609C 000:454.190   Value=0x00000000
T609C 000:454.213 - 0.370ms returns 0
T609C 000:454.227 JLINK_CORESIGHT_WriteAPDPReg(AP reg 0x00, 0x80000002)
T609C 000:454.449 - 0.222ms returns 0
T609C 000:454.472 JLINK_CORESIGHT_WriteAPDPReg(AP reg 0x01, 0x80011130)
T609C 000:454.689 - 0.217ms returns 0
T609C 000:454.711 JLINK_CORESIGHT_ReadAPDPReg(AP reg 0x03)
T609C 000:455.072   Value=0xFFFFFFFF
T609C 000:455.095 - 0.383ms returns 0
T609C 000:455.107 JLINK_CORESIGHT_WriteAPDPReg(AP reg 0x00, 0x80000002)
T609C 000:455.321 - 0.213ms returns 0
T609C 000:455.342 JLINK_CORESIGHT_WriteAPDPReg(AP reg 0x01, 0x80011140)
T609C 000:455.531 - 0.188ms returns 0
T609C 000:455.553 JLINK_CORESIGHT_ReadAPDPReg(AP reg 0x03)
T609C 000:455.869   Value=0x00000000
T609C 000:455.891 - 0.338ms returns 0
T609C 000:455.904 JLINK_CORESIGHT_WriteAPDPReg(AP reg 0x00, 0x80000002)
T609C 000:456.109 - 0.205ms returns 0
T609C 000:456.130 JLINK_CORESIGHT_WriteAPDPReg(AP reg 0x01, 0x80011130)
T609C 000:456.417 - 0.286ms returns 0
T609C 000:456.438 JLINK_CORESIGHT_ReadAPDPReg(AP reg 0x03)
T609C 000:456.763   Value=0x000385FF
T609C 000:456.784 - 0.346ms returns 0
T609C 000:456.916 JLINK_CORESIGHT_WriteAPDPReg(AP reg 0x00, 0x80000002)
T609C 000:457.268 - 0.350ms returns 0
T609C 000:457.295 JLINK_CORESIGHT_WriteAPDPReg(AP reg 0x01, 0x80011140)
T609C 000:457.571 - 0.276ms returns 0
T609C 000:457.596 JLINK_CORESIGHT_ReadAPDPReg(AP reg 0x03)
T609C 000:457.928   Value=0x00000002
T609C 000:457.949 - 0.352ms returns 0
T609C 000:457.962 JLINK_CORESIGHT_WriteAPDPReg(AP reg 0x00, 0x80000002)
T609C 000:458.170 - 0.207ms returns 0
T609C 000:458.190 JLINK_CORESIGHT_WriteAPDPReg(AP reg 0x01, 0x80011120)
T609C 000:458.396 - 0.206ms returns 0
T609C 000:458.416 JLINK_CORESIGHT_WriteAPDPReg(AP reg 0x03, 0x2C010001)
T609C 000:458.599 - 0.183ms returns 0
T609C 000:458.620 JLINK_CORESIGHT_WriteAPDPReg(AP reg 0x00, 0x80000002)
T609C 000:458.896 - 0.276ms returns 0
T609C 000:458.917 JLINK_CORESIGHT_WriteAPDPReg(AP reg 0x01, 0x80011140)
T609C 000:459.119 - 0.202ms returns 0
T609C 000:459.139 JLINK_CORESIGHT_ReadAPDPReg(AP reg 0x03)
T609C 000:459.429   Value=0x00000002
T609C 000:459.449 - 0.310ms returns 0
T609C 000:459.461 JLINK_CORESIGHT_WriteAPDPReg(AP reg 0x00, 0x80000002)
T609C 000:459.667 - 0.206ms returns 0
T609C 000:459.688 JLINK_CORESIGHT_WriteAPDPReg(AP reg 0x01, 0x80011120)
T609C 000:459.921 - 0.233ms returns 0
T609C 000:459.941 JLINK_CORESIGHT_WriteAPDPReg(AP reg 0x03, 0x000003D3)
T609C 000:460.252 - 0.311ms returns 0
T609C 000:460.273 JLINK_CORESIGHT_WriteAPDPReg(AP reg 0x00, 0x80000002)
T609C 000:460.487 - 0.214ms returns 0
T609C 000:460.507 JLINK_CORESIGHT_WriteAPDPReg(AP reg 0x01, 0x80011140)
T609C 000:460.696 - 0.188ms returns 0
T609C 000:460.716 JLINK_CORESIGHT_ReadAPDPReg(AP reg 0x03)
T609C 000:461.058   Value=0x00000002
T609C 000:461.079 - 0.363ms returns 0
T609C 000:461.091 JLINK_CORESIGHT_ReadAPDPReg(AP reg 0x03)
T609C 000:461.401   Value=0x00000000
T609C 000:461.422 - 0.331ms returns 0
T609C 000:461.434 JLINK_CORESIGHT_WriteAPDPReg(AP reg 0x00, 0x80000002)
T609C 000:461.673 - 0.239ms returns 0
T609C 000:461.693 JLINK_CORESIGHT_WriteAPDPReg(AP reg 0x01, 0x80011130)
T609C 000:461.925 - 0.231ms returns 0
T609C 000:461.944 JLINK_CORESIGHT_ReadAPDPReg(AP reg 0x03)
T609C 000:462.283   Value=0x2C020081
T609C 000:462.303 - 0.359ms returns 0
T609C 000:462.315 JLINK_CORESIGHT_WriteAPDPReg(AP reg 0x00, 0x80000002)
T609C 000:462.512 - 0.197ms returns 0
T609C 000:462.538 JLINK_CORESIGHT_WriteAPDPReg(AP reg 0x01, 0x80011140)
T609C 000:462.786 - 0.248ms returns 0
T609C 000:462.807 JLINK_CORESIGHT_ReadAPDPReg(AP reg 0x03)
T609C 000:463.051   Value=0x00000000
T609C 000:463.099 - 0.291ms returns 0
T609C 000:463.125 JLINK_CORESIGHT_WriteAPDPReg(AP reg 0x00, 0x80000002)
T609C 000:463.580 - 0.454ms returns 0
T609C 000:463.647 JLINK_CORESIGHT_WriteAPDPReg(AP reg 0x01, 0x80011130)
T609C 000:464.019 - 0.371ms returns 0
T609C 000:464.079 JLINK_CORESIGHT_ReadAPDPReg(AP reg 0x03)
T609C 000:464.605   Value=0x0003CE04
T609C 000:464.691 - 0.612ms returns 0
T609C 000:464.727 JLINK_CORESIGHT_WriteAPDPReg(AP reg 0x00, 0x80000002)
T609C 000:465.346 - 0.618ms returns 0
T609C 000:465.395 JLINK_CORESIGHT_WriteAPDPReg(AP reg 0x01, 0x80011140)
T609C 000:465.599 - 0.204ms returns 0
T609C 000:465.621 JLINK_CORESIGHT_ReadAPDPReg(AP reg 0x03)
T609C 000:465.911   Value=0x00000002
T609C 000:465.935 - 0.313ms returns 0
T609C 000:465.954 JLINK_CORESIGHT_WriteAPDPReg(AP reg 0x00, 0x80000002)
T609C 000:466.159 - 0.205ms returns 0
T609C 000:466.186 JLINK_CORESIGHT_WriteAPDPReg(AP reg 0x01, 0x80011120)
T609C 000:466.440 - 0.253ms returns 0
T609C 000:466.465 JLINK_CORESIGHT_WriteAPDPReg(AP reg 0x03, 0x73010001)
T609C 000:466.671 - 0.205ms returns 0
T609C 000:466.696 JLINK_CORESIGHT_WriteAPDPReg(AP reg 0x00, 0x80000002)
T609C 000:466.942 - 0.246ms returns 0
T609C 000:466.969 JLINK_CORESIGHT_WriteAPDPReg(AP reg 0x01, 0x80011140)
T609C 000:467.217 - 0.248ms returns 0
T609C 000:467.242 JLINK_CORESIGHT_ReadAPDPReg(AP reg 0x03)
T609C 000:467.539   Value=0x00000002
T609C 000:467.559 - 0.317ms returns 0
T609C 000:467.576 JLINK_CORESIGHT_WriteAPDPReg(AP reg 0x00, 0x80000002)
T609C 000:467.874 - 0.297ms returns 0
T609C 000:467.899 JLINK_CORESIGHT_WriteAPDPReg(AP reg 0x01, 0x80011120)
T609C 000:468.102 - 0.202ms returns 0
T609C 000:468.127 JLINK_CORESIGHT_WriteAPDPReg(AP reg 0x03, 0x0000038C)
T609C 000:468.377 - 0.250ms returns 0
T609C 000:468.401 JLINK_CORESIGHT_WriteAPDPReg(AP reg 0x00, 0x80000002)
T609C 000:468.601 - 0.200ms returns 0
T609C 000:468.625 JLINK_CORESIGHT_WriteAPDPReg(AP reg 0x01, 0x80011140)
T609C 000:468.821 - 0.196ms returns 0
T609C 000:468.846 JLINK_CORESIGHT_ReadAPDPReg(AP reg 0x03)
T609C 000:469.153   Value=0x00000000
T609C 000:469.207 - 0.360ms returns 0
T609C 000:469.250 JLINK_CORESIGHT_WriteAPDPReg(AP reg 0x00, 0x80000002)
T609C 000:469.497 - 0.248ms returns 0
T609C 000:469.526 JLINK_CORESIGHT_WriteAPDPReg(AP reg 0x01, 0x80011130)
T609C 000:469.764 - 0.237ms returns 0
T609C 000:469.811 JLINK_CORESIGHT_ReadAPDPReg(AP reg 0x03)
T609C 000:470.130   Value=0x73020081
T609C 000:470.175 - 0.363ms returns 0
T609C 000:470.212 JLINK_CORESIGHT_WriteAPDPReg(AP reg 0x00, 0x80000002)
T609C 000:470.574 - 0.362ms returns 0
T609C 000:470.599 JLINK_CORESIGHT_WriteAPDPReg(AP reg 0x01, 0x80011140)
T609C 000:470.808 - 0.208ms returns 0
T609C 000:470.831 JLINK_CORESIGHT_ReadAPDPReg(AP reg 0x03)
T609C 000:471.053   Value=0x00000000
T609C 000:471.095 - 0.263ms returns 0
T609C 000:471.110 JLINK_CORESIGHT_WriteAPDPReg(AP reg 0x00, 0x80000002)
T609C 000:471.301 - 0.190ms returns 0
T609C 000:471.325 JLINK_CORESIGHT_WriteAPDPReg(AP reg 0x01, 0x80011130)
T609C 000:471.547 - 0.222ms returns 0
T609C 000:471.569 JLINK_CORESIGHT_ReadAPDPReg(AP reg 0x03)
T609C 000:471.892   Value=0x00038902
T609C 000:471.911 - 0.342ms returns 0
T609C 000:471.928 JLINK_CORESIGHT_WriteAPDPReg(AP reg 0x00, 0x80000002)
T609C 000:472.123 - 0.194ms returns 0
T609C 000:472.145 JLINK_CORESIGHT_WriteAPDPReg(AP reg 0x01, 0x80011140)
T609C 000:472.351 - 0.206ms returns 0
T609C 000:472.376 JLINK_CORESIGHT_ReadAPDPReg(AP reg 0x03)
T609C 000:472.705   Value=0x00000002
T609C 000:472.741 - 0.365ms returns 0
T609C 000:472.756 JLINK_CORESIGHT_WriteAPDPReg(AP reg 0x00, 0x80000002)
T609C 000:472.968 - 0.211ms returns 0
T609C 000:472.997 JLINK_CORESIGHT_WriteAPDPReg(AP reg 0x01, 0x80011120)
T609C 000:473.187 - 0.190ms returns 0
T609C 000:473.209 JLINK_CORESIGHT_WriteAPDPReg(AP reg 0x03, 0x75010001)
T609C 000:473.379 - 0.170ms returns 0
T609C 000:473.400 JLINK_CORESIGHT_WriteAPDPReg(AP reg 0x00, 0x80000002)
T609C 000:473.602 - 0.201ms returns 0
T609C 000:473.622 JLINK_CORESIGHT_WriteAPDPReg(AP reg 0x01, 0x80011140)
T609C 000:473.837 - 0.214ms returns 0
T609C 000:473.859 JLINK_CORESIGHT_ReadAPDPReg(AP reg 0x03)
T609C 000:474.144   Value=0x00000002
T609C 000:474.163 - 0.304ms returns 0
T609C 000:474.178 JLINK_CORESIGHT_WriteAPDPReg(AP reg 0x00, 0x80000002)
T609C 000:474.379 - 0.201ms returns 0
T609C 000:474.400 JLINK_CORESIGHT_WriteAPDPReg(AP reg 0x01, 0x80011120)
T609C 000:474.594 - 0.194ms returns 0
T609C 000:474.615 JLINK_CORESIGHT_WriteAPDPReg(AP reg 0x03, 0x0000038A)
T609C 000:474.806 - 0.190ms returns 0
T609C 000:474.827 JLINK_CORESIGHT_WriteAPDPReg(AP reg 0x00, 0x80000002)
T609C 000:476.454 - 1.624ms returns 0
T609C 000:476.516 JLINK_CORESIGHT_WriteAPDPReg(AP reg 0x01, 0x80011140)
T609C 000:476.768 - 0.251ms returns 0
T609C 000:476.790 JLINK_CORESIGHT_ReadAPDPReg(AP reg 0x03)
T609C 000:477.105   Value=0x00000000
T609C 000:477.124 - 0.334ms returns 0
T609C 000:477.140 JLINK_CORESIGHT_WriteAPDPReg(AP reg 0x00, 0x80000002)
T609C 000:477.352 - 0.211ms returns 0
T609C 000:477.375 JLINK_CORESIGHT_WriteAPDPReg(AP reg 0x01, 0x80011130)
T609C 000:477.563 - 0.188ms returns 0
T609C 000:477.585 JLINK_CORESIGHT_ReadAPDPReg(AP reg 0x03)
T609C 000:477.835   Value=0x75020081
T609C 000:477.855 - 0.269ms returns 0
T609C 000:477.870 JLINK_CORESIGHT_WriteAPDPReg(AP reg 0x00, 0x80000002)
T609C 000:478.064 - 0.194ms returns 0
T609C 000:478.087 JLINK_CORESIGHT_WriteAPDPReg(AP reg 0x01, 0x80011140)
T609C 000:478.304 - 0.217ms returns 0
T609C 000:478.347 JLINK_CORESIGHT_ReadAPDPReg(AP reg 0x03)
T609C 000:478.587   Value=0x00000000
T609C 000:478.606 - 0.258ms returns 0
T609C 000:478.621 JLINK_CORESIGHT_WriteAPDPReg(AP reg 0x00, 0x80000002)
T609C 000:478.834 - 0.213ms returns 0
T609C 000:478.857 JLINK_CORESIGHT_WriteAPDPReg(AP reg 0x01, 0x80011130)
T609C 000:479.075 - 0.218ms returns 0
T609C 000:479.098 JLINK_CORESIGHT_ReadAPDPReg(AP reg 0x03)
T609C 000:479.324   Value=0x00038702
T609C 000:479.343 - 0.245ms returns 0
T609C 000:479.365 JLINK_CORESIGHT_WriteAPDPReg(AP reg 0x00, 0x80000002)
T609C 000:479.635 - 0.269ms returns 0
T609C 000:479.657 JLINK_CORESIGHT_WriteAPDPReg(AP reg 0x01, 0x80011140)
T609C 000:480.001 - 0.342ms returns 0
T609C 000:480.048 JLINK_CORESIGHT_ReadAPDPReg(AP reg 0x03)
T609C 000:480.426   Value=0x00000002
T609C 000:480.449 - 0.401ms returns 0
T609C 000:480.489 JLINK_CORESIGHT_WriteAPDPReg(AP reg 0x00, 0x80000002)
T609C 000:480.828 - 0.340ms returns 0
T609C 000:480.855 JLINK_CORESIGHT_WriteAPDPReg(AP reg 0x01, 0x80011120)
T609C 000:481.183 - 0.328ms returns 0
T609C 000:481.229 JLINK_CORESIGHT_WriteAPDPReg(AP reg 0x03, 0x4F010001)
T609C 000:481.467 - 0.238ms returns 0
T609C 000:481.493 JLINK_CORESIGHT_WriteAPDPReg(AP reg 0x00, 0x80000002)
T609C 000:481.794 - 0.301ms returns 0
T609C 000:481.821 JLINK_CORESIGHT_WriteAPDPReg(AP reg 0x01, 0x80011140)
T609C 000:482.098 - 0.277ms returns 0
T609C 000:482.121 JLINK_CORESIGHT_ReadAPDPReg(AP reg 0x03)
T609C 000:482.398   Value=0x00000002
T609C 000:482.415 - 0.294ms returns 0
T609C 000:482.429 JLINK_CORESIGHT_WriteAPDPReg(AP reg 0x00, 0x80000002)
T609C 000:482.601 - 0.172ms returns 0
T609C 000:482.615 JLINK_CORESIGHT_WriteAPDPReg(AP reg 0x01, 0x80011120)
T609C 000:482.831 - 0.215ms returns 0
T609C 000:482.854 JLINK_CORESIGHT_WriteAPDPReg(AP reg 0x03, 0x000003B0)
T609C 000:483.037 - 0.182ms returns 0
T609C 000:483.084 JLINK_CORESIGHT_WriteAPDPReg(AP reg 0x00, 0x80000002)
T609C 000:483.373 - 0.290ms returns 0
T609C 000:483.393 JLINK_CORESIGHT_WriteAPDPReg(AP reg 0x01, 0x80011140)
T609C 000:483.575 - 0.182ms returns 0
T609C 000:483.590 JLINK_CORESIGHT_ReadAPDPReg(AP reg 0x03)
T609C 000:483.829   Value=0x00000002
T609C 000:483.841 - 0.251ms returns 0
T609C 000:483.852 JLINK_CORESIGHT_ReadAPDPReg(AP reg 0x03)
T609C 000:484.063   Value=0x00000002
T609C 000:484.074 - 0.222ms returns 0
T609C 000:484.085 JLINK_CORESIGHT_ReadAPDPReg(AP reg 0x03)
T609C 000:484.294   Value=0x00000002
T609C 000:484.305 - 0.220ms returns 0
T609C 000:484.317 JLINK_CORESIGHT_ReadAPDPReg(AP reg 0x03)
T609C 000:484.552   Value=0x00000002
T609C 000:484.563 - 0.246ms returns 0
T609C 000:484.575 JLINK_CORESIGHT_ReadAPDPReg(AP reg 0x03)
T609C 000:484.824   Value=0x00000002
T609C 000:484.836 - 0.261ms returns 0
T609C 000:484.846 JLINK_CORESIGHT_ReadAPDPReg(AP reg 0x03)
T609C 000:485.099   Value=0x00000002
T609C 000:485.110 - 0.264ms returns 0
T609C 000:485.121 JLINK_CORESIGHT_ReadAPDPReg(AP reg 0x03)
T609C 000:485.331   Value=0x00000002
T609C 000:485.342 - 0.221ms returns 0
T609C 000:485.353 JLINK_CORESIGHT_ReadAPDPReg(AP reg 0x03)
T609C 000:485.561   Value=0x00000002
T609C 000:485.573 - 0.219ms returns 0
T609C 000:485.583 JLINK_CORESIGHT_ReadAPDPReg(AP reg 0x03)
T609C 000:485.802   Value=0x00000002
T609C 000:485.813 - 0.229ms returns 0
T609C 000:485.824 JLINK_CORESIGHT_ReadAPDPReg(AP reg 0x03)
T609C 000:486.033   Value=0x00000002
T609C 000:486.045 - 0.221ms returns 0
T609C 000:486.055 JLINK_CORESIGHT_ReadAPDPReg(AP reg 0x03)
T609C 000:486.262   Value=0x00000002
T609C 000:486.273 - 0.217ms returns 0
T609C 000:486.283 JLINK_CORESIGHT_ReadAPDPReg(AP reg 0x03)
T609C 000:486.491   Value=0x00000002
T609C 000:486.501 - 0.218ms returns 0
T609C 000:486.512 JLINK_CORESIGHT_ReadAPDPReg(AP reg 0x03)
T609C 000:486.744   Value=0x00000002
T609C 000:486.756 - 0.244ms returns 0
T609C 000:486.767 JLINK_CORESIGHT_ReadAPDPReg(AP reg 0x03)
T609C 000:487.089   Value=0x00000000
T609C 000:487.114 - 0.346ms returns 0
T609C 000:487.133 JLINK_CORESIGHT_WriteAPDPReg(AP reg 0x00, 0x80000002)
T609C 000:487.432 - 0.299ms returns 0
T609C 000:487.470 JLINK_CORESIGHT_WriteAPDPReg(AP reg 0x01, 0x80011130)
T609C 000:487.687 - 0.218ms returns 0
T609C 000:487.710 JLINK_CORESIGHT_ReadAPDPReg(AP reg 0x03)
T609C 000:487.991   Value=0x4F0B0081
T609C 000:488.011 - 0.300ms returns 0
T609C 000:488.027 JLINK_CORESIGHT_WriteAPDPReg(AP reg 0x00, 0x80000002)
T609C 000:488.220 - 0.193ms returns 0
T609C 000:488.243 JLINK_CORESIGHT_WriteAPDPReg(AP reg 0x01, 0x80011140)
T609C 000:488.475 - 0.231ms returns 0
T609C 000:488.504 JLINK_CORESIGHT_ReadAPDPReg(AP reg 0x03)
T609C 000:488.728   Value=0x00000000
T609C 000:488.747 - 0.242ms returns 0
T609C 000:488.761 JLINK_CORESIGHT_WriteAPDPReg(AP reg 0x00, 0x80000002)
T609C 000:488.934 - 0.173ms returns 0
T609C 000:488.949 JLINK_CORESIGHT_WriteAPDPReg(AP reg 0x01, 0x80011130)
T609C 000:489.174 - 0.225ms returns 0
T609C 000:489.203 JLINK_CORESIGHT_ReadAPDPReg(AP reg 0x03)
T609C 000:489.469   Value=0x00040000
T609C 000:489.488 - 0.285ms returns 0
T609C 000:489.504 JLINK_CORESIGHT_WriteAPDPReg(AP reg 0x00, 0x80000002)
T609C 000:489.706 - 0.201ms returns 0
T609C 000:489.730 JLINK_CORESIGHT_WriteAPDPReg(AP reg 0x01, 0x80011140)
T609C 000:489.920 - 0.189ms returns 0
T609C 000:489.946 JLINK_CORESIGHT_ReadAPDPReg(AP reg 0x03)
T609C 000:490.196   Value=0x00000000
T609C 000:490.217 - 0.271ms returns 0
T609C 000:490.233 JLINK_CORESIGHT_WriteAPDPReg(AP reg 0x00, 0x80000002)
T609C 000:490.476 - 0.243ms returns 0
T609C 000:490.501 JLINK_CORESIGHT_WriteAPDPReg(AP reg 0x01, 0x80011130)
T609C 000:490.783 - 0.281ms returns 0
T609C 000:490.808 JLINK_CORESIGHT_ReadAPDPReg(AP reg 0x03)
T609C 000:491.071   Value=0x00000000
T609C 000:491.090 - 0.281ms returns 0
T609C 000:491.104 JLINK_CORESIGHT_WriteAPDPReg(AP reg 0x00, 0x80000002)
T609C 000:491.311 - 0.207ms returns 0
T609C 000:491.329 JLINK_CORESIGHT_WriteAPDPReg(AP reg 0x01, 0x80011140)
T609C 000:491.526 - 0.196ms returns 0
T609C 000:491.843 JLINK_CORESIGHT_ReadAPDPReg(AP reg 0x03)
T609C 000:492.105   Value=0x00000000
T609C 000:492.129 - 0.286ms returns 0
T609C 000:492.145 JLINK_CORESIGHT_WriteAPDPReg(AP reg 0x00, 0x80000002)
T609C 000:492.338 - 0.192ms returns 0
T609C 000:492.369 JLINK_CORESIGHT_WriteAPDPReg(AP reg 0x01, 0x80011130)
T609C 000:492.566 - 0.196ms returns 0
T609C 000:492.595 JLINK_CORESIGHT_ReadAPDPReg(AP reg 0x03)
T609C 000:492.870   Value=0x03A20000
T609C 000:492.890 - 0.295ms returns 0
T609C 000:495.285 JLINK_CORESIGHT_ReadAPDPReg(DP reg 0x01)
T609C 000:497.112   Value=0xF0000F40
T609C 000:497.157 - 1.872ms returns 0
T609C 000:497.177 JLINK_CORESIGHT_WriteAPDPReg(DP reg 0x01, 0xA0000F40)
T609C 000:499.455 - 2.278ms returns 0
T609C 000:499.493 JLINK_CORESIGHT_ReadAPDPReg(DP reg 0x01)
T609C 000:499.831   Value=0x00000F40
T609C 000:499.875 - 0.381ms returns 0
T609C 000:499.909 JLINK_ClrRESET()
T609C 000:500.270 - 0.359ms 
T609C 000:611.676 JLINK_Close()
T609C 000:633.641 - 21.964ms
T609C 000:633.711   
T609C 000:633.727   Closed
