CMD:[D:/RA/second/.metadata/.plugins/com.renesas.ai.translator/py.bat D:/RA/second/rainy/.settings/.plugin/com.renesas.ai.translator/renesas_aicompiler_caller/cli.py ruhmi quantize --framework onnx --input_model C:\Users\Rainy\Downloads\ho-ruhmi-raw-op11-sim.onnx --output_dir D:/RA/second/rainy/conversion_results/quantized --quant_config_json D:/RA/second/rainy/conversion_results/conversion_tool_settings/ho-ruhmi-raw-op11-sim.onnx_quant_config.json --shape_dict_json D:/RA/second/rainy/conversion_results/conversion_tool_settings/ho-ruhmi-raw-op11-sim.onnx_input_shape.json ]
2026-07-17 22:22:16,774 [DEBUG] (__init__.py #342, wrapper): matplotlib data path: D:\Renesas\RA\e2studio_v2025-12_fsp_v6.4.0\ruhmi\.venv\lib\site-packages\matplotlib\mpl-data
2026-07-17 22:22:16,778 [DEBUG] (__init__.py #342, wrapper): CONFIGDIR=C:\Users\Rainy\.matplotlib
2026-07-17 22:22:16,780 [DEBUG] (__init__.py #1560, <module>): interactive is False
2026-07-17 22:22:16,780 [DEBUG] (__init__.py #1561, <module>): platform is win32
2026-07-17 22:22:16,803 [DEBUG] (__init__.py #342, wrapper): CACHEDIR=C:\Users\Rainy\.matplotlib
2026-07-17 22:22:16,805 [DEBUG] (font_manager.py #1635, _load_fontmanager): Using fontManager instance from C:\Users\Rainy\.matplotlib\fontlist-v390.json
2026-07-17 22:22:17,461 [INFO] (environment_check.py #360, check_ruhmi_environment): Checking RUHMI environment ...
2026-07-17 22:22:17,461 [INFO] (environment_check.py #248, _check_python_deps_for_ruhmi): mera version 2.6.0+pkg.4815 released on 2026-03-05
2026-07-17 22:22:17,462 [INFO] (environment_check.py #234, _check_python_package_and_version): 'mera' version 2.6.0+pkg.4815 is installed.
2026-07-17 22:22:17,463 [INFO] (environment_check.py #234, _check_python_package_and_version): 'ethos-u-vela' version 4.2.0 is installed.
2026-07-17 22:22:17,465 [INFO] (environment_check.py #234, _check_python_package_and_version): 'tflite' version 2.18.0 is installed.
2026-07-17 22:22:17,467 [INFO] (environment_check.py #234, _check_python_package_and_version): 'onnx' version 1.17.0 is installed.
2026-07-17 22:22:17,468 [INFO] (environment_check.py #234, _check_python_package_and_version): 'typing_extensions' version 4.16.0 is installed.
2026-07-17 22:22:17,469 [INFO] (environment_check.py #234, _check_python_package_and_version): 'mera-visualizer' version 2.5.0+mcuv4 is installed.
2026-07-17 22:22:17,471 [INFO] (quantize_model.py #465, main): Arguments: Namespace(framework='onnx', input_model='C:\\Users\\Rainy\\Downloads\\ho-ruhmi-raw-op11-sim.onnx', output_dir='D:/RA/second/rainy/conversion_results/quantized', quant_config_json='D:/RA/second/rainy/conversion_results/conversion_tool_settings/ho-ruhmi-raw-op11-sim.onnx_quant_config.json', shape_dict_json='D:/RA/second/rainy/conversion_results/conversion_tool_settings/ho-ruhmi-raw-op11-sim.onnx_input_shape.json')
Variable container does not have anything...
2026-07-17 22:22:17,472 [INFO] (quantize_model.py #485, main): Using Device Platform: ALT2
2026-07-17 22:22:17,472 [INFO] (quantize_model.py #388, quantize): Running MERA quantization ...
2026-07-17 22:22:17,535 [INFO] (utils.py #49, get_onnx_symbolic_shape_mapping): Check input name: images ...
2026-07-17 22:22:17,536 [DEBUG] (deploy_project.py #241, pushd): (pushd) Running in model
2026-07-17 22:22:17,538 [DEBUG] (utils.py #22, cmd): Running command 'D:\Renesas\RA\e2studio_v2025-12_fsp_v6.4.0\ruhmi\.venv\Lib\site-packages\mera\bin_utils\fe_onnx_cli --io_desc_input C:\Users\Rainy\Downloads\ho-ruhmi-raw-op11-sim.onnx --io_desc_result C:\Users\Rainy\AppData\Local\Temp\tmpooc7cjhq\tempfile'
2026-07-17 22:22:17,696 [DEBUG] (deploy_project.py #208, save_artifact): Saved json artifact 'input_desc.json' into D:\RA\second\rainy\conversion_results\quantized\model
2026-07-17 22:22:17,696 [DEBUG] (deploy_project.py #248, popd): (popd) cwd is now D:\RA\second\rainy\conversion_results\quantized
2026-07-17 22:22:17,698 [INFO] (quantize_model.py #155, glob_calibration_data_file): Calibration data size: 120
2026-07-17 22:22:17,698 [INFO] (quantize_model.py #165, glob_calibration_data_file): Updated: {'skip_preprocess': 'False', 'num_calibrate_samples': 120, 'calibrate_method': 'MinMax', 'percentile_value': 99.999, 'quant_options': '', 'drp_compiler_version': '100', 'cpu_data_type': 'float16', 'nodes': [{'name': 'images', 'calibrate_sample_dir': 'D:\\RA\\second\\rainy\\Yolo-FastestV2\\calibration_ho', 'mean': [0.0, 0.0, 0.0], 'std': [255.0, 255.0, 255.0], 'file_list': array([WindowsPath('D:/RA/second/rainy/Yolo-FastestV2/calibration_ho/1065_jpg.rf.N7Fz5F3ukG20WVFNaIV1.jpg'),
       WindowsPath('D:/RA/second/rainy/Yolo-FastestV2/calibration_ho/161_jpg.rf.pfuDlYhYYD6kfapjFxmr.jpg'),
       WindowsPath('D:/RA/second/rainy/Yolo-FastestV2/calibration_ho/162_jpg.rf.yiNJlSOzG4RE8mQyxrQo.jpg'),
       WindowsPath('D:/RA/second/rainy/Yolo-FastestV2/calibration_ho/1012_jpg.rf.qHQnbCCMK2KFNsfTfXQV.jpg'),
       WindowsPath('D:/RA/second/rainy/Yolo-FastestV2/calibration_ho/165_jpg.rf.XzWlRMuPoWvbtQfS9mMH.jpg'),
       WindowsPath('D:/RA/second/rainy/Yolo-FastestV2/calibration_ho/1028_jpg.rf.je519m5ZC5OvJpBIflMn.jpg'),
       WindowsPath('D:/RA/second/rainy/Yolo-FastestV2/calibration_ho/1011_jpg.rf.pvV6DErWQuHpbR7vJfAq.jpg'),
       WindowsPath('D:/RA/second/rainy/Yolo-FastestV2/calibration_ho/1015_jpg.rf.nz0NqzBIXtqJI17kWAt6.jpg'),
       WindowsPath('D:/RA/second/rainy/Yolo-FastestV2/calibration_ho/1061_jpg.rf.V9YxS53dPcy928rnUccy.jpg'),
       WindowsPath('D:/RA/second/rainy/Yolo-FastestV2/calibration_ho/157_jpg.rf.C38DiD1ipFHixWlf3Md9.jpg'),
       WindowsPath('D:/RA/second/rainy/Yolo-FastestV2/calibration_ho/1044_jpg.rf.gIFcwL0lqFdKGCOXvN8D.jpg'),
       WindowsPath('D:/RA/second/rainy/Yolo-FastestV2/calibration_ho/1067_jpg.rf.F2nZxCvMUIw1lgdCiyY0.jpg'),
       WindowsPath('D:/RA/second/rainy/Yolo-FastestV2/calibration_ho/1002_jpg.rf.add7Q2o5vGzXKthz9OIc.jpg'),
       WindowsPath('D:/RA/second/rainy/Yolo-FastestV2/calibration_ho/11_jpg.rf.MhPewxaFVoX8eMHfUNeM.jpg'),
       WindowsPath('D:/RA/second/rainy/Yolo-FastestV2/calibration_ho/192_jpg.rf.nqTWuDzZzrhXSxsqsJla.jpg'),
       WindowsPath('D:/RA/second/rainy/Yolo-FastestV2/calibration_ho/138_jpg.rf.lzAjcL5qSX384GDK2zpG.jpg'),
       WindowsPath('D:/RA/second/rainy/Yolo-FastestV2/calibration_ho/1041_jpg.rf.hxRUA2mhuIkPDqEy8Slp.jpg'),
       WindowsPath('D:/RA/second/rainy/Yolo-FastestV2/calibration_ho/1058_jpg.rf.5vwTT0fqFJHFvehQiGSf.jpg'),
       WindowsPath('D:/RA/second/rainy/Yolo-FastestV2/calibration_ho/181_jpg.rf.WO3xfHqDsn4f5ArYS6b2.jpg'),
       WindowsPath('D:/RA/second/rainy/Yolo-FastestV2/calibration_ho/13_jpg.rf.TDXSLVAtRdPcURP8SXd1.jpg'),
       WindowsPath('D:/RA/second/rainy/Yolo-FastestV2/calibration_ho/122_jpg.rf.9dVfPgvqZnvsUN5JSzQ3.jpg'),
       WindowsPath('D:/RA/second/rainy/Yolo-FastestV2/calibration_ho/119_jpg.rf.w41RMUULSGJ3WaYPzzUg.jpg'),
       WindowsPath('D:/RA/second/rainy/Yolo-FastestV2/calibration_ho/1021_jpg.rf.8hRSM4k2YTztbgoRZClB.jpg'),
       WindowsPath('D:/RA/second/rainy/Yolo-FastestV2/calibration_ho/1032_jpg.rf.0QwHxkwtyTgPUwglmEoh.jpg'),
       WindowsPath('D:/RA/second/rainy/Yolo-FastestV2/calibration_ho/17_jpg.rf.Cgwik9haDm50JNIayJaJ.jpg'),
       WindowsPath('D:/RA/second/rainy/Yolo-FastestV2/calibration_ho/1019_jpg.rf.Zk0ZWF2insGSST6srb9L.jpg'),
       WindowsPath('D:/RA/second/rainy/Yolo-FastestV2/calibration_ho/112_jpg.rf.whriPQoG6W1gHOmazvNk.jpg'),
       WindowsPath('D:/RA/second/rainy/Yolo-FastestV2/calibration_ho/160_jpg.rf.grgiWFv2hCo2dcnue0Pg.jpg'),
       WindowsPath('D:/RA/second/rainy/Yolo-FastestV2/calibration_ho/1036_jpg.rf.Z1V8g5tZ6J4ZbajIbAiR.jpg'),
       WindowsPath('D:/RA/second/rainy/Yolo-FastestV2/calibration_ho/132_jpg.rf.mxdkIsXZ4Akib930HYw3.jpg'),
       WindowsPath('D:/RA/second/rainy/Yolo-FastestV2/calibration_ho/1068_jpg.rf.n5Cj2LDFj3eXVOjRIgxk.jpg'),
       WindowsPath('D:/RA/second/rainy/Yolo-FastestV2/calibration_ho/183_jpg.rf.U2NHwUWx5IqSE7fNoMWA.jpg'),
       WindowsPath('D:/RA/second/rainy/Yolo-FastestV2/calibration_ho/177_jpg.rf.fqPJxmtd6HL9zrPBDAZG.jpg'),
       WindowsPath('D:/RA/second/rainy/Yolo-FastestV2/calibration_ho/120_jpg.rf.UbKHtHGerpd6r7De8rYN.jpg'),
       WindowsPath('D:/RA/second/rainy/Yolo-FastestV2/calibration_ho/1005_jpg.rf.nbyuTQpLB2he9HnNggio.jpg'),
       WindowsPath('D:/RA/second/rainy/Yolo-FastestV2/calibration_ho/163_jpg.rf.YLEo9GmRU2xwUU2CKcn0.jpg'),
       WindowsPath('D:/RA/second/rainy/Yolo-FastestV2/calibration_ho/1008_jpg.rf.ve7vkdpxjnuui8I9S6lP.jpg'),
       WindowsPath('D:/RA/second/rainy/Yolo-FastestV2/calibration_ho/139_jpg.rf.kwz4lFB0LcgpbHFEvlI8.jpg'),
       WindowsPath('D:/RA/second/rainy/Yolo-FastestV2/calibration_ho/170_jpg.rf.4dmVEjavihPIlqd2rMcW.jpg'),
       WindowsPath('D:/RA/second/rainy/Yolo-FastestV2/calibration_ho/159_jpg.rf.uVZ0CsXqprisAo7rVFU5.jpg'),
       WindowsPath('D:/RA/second/rainy/Yolo-FastestV2/calibration_ho/174_jpg.rf.6Z6N8x4gydLFxPOnCPjD.jpg'),
       WindowsPath('D:/RA/second/rainy/Yolo-FastestV2/calibration_ho/152_jpg.rf.HizzvATCH8koPAs5z33q.jpg'),
       WindowsPath('D:/RA/second/rainy/Yolo-FastestV2/calibration_ho/158_jpg.rf.x563mk9vBAxE1ee8swKD.jpg'),
       WindowsPath('D:/RA/second/rainy/Yolo-FastestV2/calibration_ho/127_jpg.rf.IpGbhwYVwHCY4IOLvtqy.jpg'),
       WindowsPath('D:/RA/second/rainy/Yolo-FastestV2/calibration_ho/1037_jpg.rf.DPx42xWdBrm5UEraHLjQ.jpg'),
       WindowsPath('D:/RA/second/rainy/Yolo-FastestV2/calibration_ho/1023_jpg.rf.YyqrNXI2it9YzfWsjYzo.jpg'),
       WindowsPath('D:/RA/second/rainy/Yolo-FastestV2/calibration_ho/16_jpg.rf.l4f3saeEsalrR6QRFyac.jpg'),
       WindowsPath('D:/RA/second/rainy/Yolo-FastestV2/calibration_ho/1016_jpg.rf.j7wjDKbLqVE4h8p1h7YL.jpg'),
       WindowsPath('D:/RA/second/rainy/Yolo-FastestV2/calibration_ho/121_jpg.rf.mT8T5AXsWvCpZ54Qmhjg.jpg'),
       WindowsPath('D:/RA/second/rainy/Yolo-FastestV2/calibration_ho/135_jpg.rf.cMSbYzL1V3AlfdlBy3Lc.jpg'),
       WindowsPath('D:/RA/second/rainy/Yolo-FastestV2/calibration_ho/115_jpg.rf.b8NxXQgFmUiJYqVqcR55.jpg'),
       WindowsPath('D:/RA/second/rainy/Yolo-FastestV2/calibration_ho/169_jpg.rf.SgUuR8wruJ9cimIc5utC.jpg'),
       WindowsPath('D:/RA/second/rainy/Yolo-FastestV2/calibration_ho/154_jpg.rf.7C5YUAhGxk4CSqk3ZXaR.jpg'),
       WindowsPath('D:/RA/second/rainy/Yolo-FastestV2/calibration_ho/1001_jpg.rf.Z0IFZNgwz0sUBbICEvqx.jpg'),
       WindowsPath('D:/RA/second/rainy/Yolo-FastestV2/calibration_ho/137_jpg.rf.bpSV33B9JzeQYOOQUoeL.jpg'),
       WindowsPath('D:/RA/second/rainy/Yolo-FastestV2/calibration_ho/1055_jpg.rf.Dr7ukZS84NVjUoSVTHUQ.jpg'),
       WindowsPath('D:/RA/second/rainy/Yolo-FastestV2/calibration_ho/1053_jpg.rf.BRaeGKE7U9NQORrE9PL3.jpg'),
       WindowsPath('D:/RA/second/rainy/Yolo-FastestV2/calibration_ho/1006_jpg.rf.lp6W4T265Cx18mDP7UP9.jpg'),
       WindowsPath('D:/RA/second/rainy/Yolo-FastestV2/calibration_ho/1020_jpg.rf.pkTmrInLRA77PPIMdBHY.jpg'),
       WindowsPath('D:/RA/second/rainy/Yolo-FastestV2/calibration_ho/1022_jpg.rf.VRuq3FqhI2MasuxAD47P.jpg'),
       WindowsPath('D:/RA/second/rainy/Yolo-FastestV2/calibration_ho/109_jpg.rf.Gq6cT3s60q0t98LcEnhR.jpg'),
       WindowsPath('D:/RA/second/rainy/Yolo-FastestV2/calibration_ho/1051_jpg.rf.vydgXiKPZgyy7tkYCecM.jpg'),
       WindowsPath('D:/RA/second/rainy/Yolo-FastestV2/calibration_ho/104_jpg.rf.7SItZi2HKYo78B73mWMV.jpg'),
       WindowsPath('D:/RA/second/rainy/Yolo-FastestV2/calibration_ho/1007_jpg.rf.bBXlP1rP106RvCEVKT8t.jpg'),
       WindowsPath('D:/RA/second/rainy/Yolo-FastestV2/calibration_ho/111_jpg.rf.l3wBOaUHEw0ppeBBLbpM.jpg'),
       WindowsPath('D:/RA/second/rainy/Yolo-FastestV2/calibration_ho/179_jpg.rf.zTdWnDEvu2a61MaXRx5m.jpg'),
       WindowsPath('D:/RA/second/rainy/Yolo-FastestV2/calibration_ho/184_jpg.rf.9on1m0vXNNWNsfW4VCHO.jpg'),
       WindowsPath('D:/RA/second/rainy/Yolo-FastestV2/calibration_ho/1000_jpg.rf.Etgr2vuHg4nqeDxzgWZk.jpg'),
       WindowsPath('D:/RA/second/rainy/Yolo-FastestV2/calibration_ho/1045_jpg.rf.572GAihGC64X6VuXjfBO.jpg'),
       WindowsPath('D:/RA/second/rainy/Yolo-FastestV2/calibration_ho/103_jpg.rf.3ub7Wrka4T7sJD93rhtr.jpg'),
       WindowsPath('D:/RA/second/rainy/Yolo-FastestV2/calibration_ho/113_jpg.rf.HWADdEsAA7QvKx3TCNdr.jpg'),
       WindowsPath('D:/RA/second/rainy/Yolo-FastestV2/calibration_ho/1046_jpg.rf.4TUnSvyAeMGhDnlkEBVH.jpg'),
       WindowsPath('D:/RA/second/rainy/Yolo-FastestV2/calibration_ho/102_jpg.rf.MTMZ5ZakBxPJofdVujhL.jpg'),
       WindowsPath('D:/RA/second/rainy/Yolo-FastestV2/calibration_ho/1042_jpg.rf.ORgy2bbmdC0SPHZMXhBc.jpg'),
       WindowsPath('D:/RA/second/rainy/Yolo-FastestV2/calibration_ho/143_jpg.rf.GMAfKIJzUaKtde7WRdnz.jpg'),
       WindowsPath('D:/RA/second/rainy/Yolo-FastestV2/calibration_ho/116_jpg.rf.X8IY4uZLyjMQvhnWCord.jpg'),
       WindowsPath('D:/RA/second/rainy/Yolo-FastestV2/calibration_ho/15_jpg.rf.61yEldPkAlvRpTWLT1Z9.jpg'),
       WindowsPath('D:/RA/second/rainy/Yolo-FastestV2/calibration_ho/172_jpg.rf.qlJdH4YTiErBBUzcZdGY.jpg'),
       WindowsPath('D:/RA/second/rainy/Yolo-FastestV2/calibration_ho/1043_jpg.rf.NqoLSuBHYChNPHYtiqUS.jpg'),
       WindowsPath('D:/RA/second/rainy/Yolo-FastestV2/calibration_ho/171_jpg.rf.cd7QX9uDDGBERQJNPSnl.jpg'),
       WindowsPath('D:/RA/second/rainy/Yolo-FastestV2/calibration_ho/101_jpg.rf.YDoNjf7hXE1S0HFy9IUZ.jpg'),
       WindowsPath('D:/RA/second/rainy/Yolo-FastestV2/calibration_ho/153_jpg.rf.HVRD73beEm8TmVLd0TT0.jpg'),
       WindowsPath('D:/RA/second/rainy/Yolo-FastestV2/calibration_ho/1024_jpg.rf.WaMyrGxubT53nzeTbpcN.jpg'),
       WindowsPath('D:/RA/second/rainy/Yolo-FastestV2/calibration_ho/1040_jpg.rf.Kg8d4hWILw7fBMXYLyjV.jpg'),
       WindowsPath('D:/RA/second/rainy/Yolo-FastestV2/calibration_ho/1066_jpg.rf.fQ0zEhW285vxekHk2OJt.jpg'),
       WindowsPath('D:/RA/second/rainy/Yolo-FastestV2/calibration_ho/14_jpg.rf.aWgKlgYd9QpNQF83n5pG.jpg'),
       WindowsPath('D:/RA/second/rainy/Yolo-FastestV2/calibration_ho/18_jpg.rf.GDqsz16V3uNuoaYp6lts.jpg'),
       WindowsPath('D:/RA/second/rainy/Yolo-FastestV2/calibration_ho/191_jpg.rf.FPkCaPCdfQao2TmbxfgC.jpg'),
       WindowsPath('D:/RA/second/rainy/Yolo-FastestV2/calibration_ho/144_jpg.rf.J68ephWPr471VjUh7u1U.jpg'),
       WindowsPath('D:/RA/second/rainy/Yolo-FastestV2/calibration_ho/133_jpg.rf.E2Xr5uKD13AURnmZAgr3.jpg'),
       WindowsPath('D:/RA/second/rainy/Yolo-FastestV2/calibration_ho/146_jpg.rf.REsRDgF7vbCALIwrI7Sr.jpg'),
       WindowsPath('D:/RA/second/rainy/Yolo-FastestV2/calibration_ho/1025_jpg.rf.lvedMvpngCJmTn89u1Dn.jpg'),
       WindowsPath('D:/RA/second/rainy/Yolo-FastestV2/calibration_ho/182_jpg.rf.zNZZMy65rs1Sl69J7qwT.jpg'),
       WindowsPath('D:/RA/second/rainy/Yolo-FastestV2/calibration_ho/136_jpg.rf.Om0qTv3MgFW8EZoqUqGw.jpg'),
       WindowsPath('D:/RA/second/rainy/Yolo-FastestV2/calibration_ho/140_jpg.rf.FwSbnh5PbRBcNSmkLIZv.jpg'),
       WindowsPath('D:/RA/second/rainy/Yolo-FastestV2/calibration_ho/1034_jpg.rf.8uVTNGroTmkhWW9rZlj7.jpg'),
       WindowsPath('D:/RA/second/rainy/Yolo-FastestV2/calibration_ho/1049_jpg.rf.riKdJXbenCSHWiSGuUft.jpg'),
       WindowsPath('D:/RA/second/rainy/Yolo-FastestV2/calibration_ho/149_jpg.rf.EkomAdunllGJLbLDieK5.jpg'),
       WindowsPath('D:/RA/second/rainy/Yolo-FastestV2/calibration_ho/175_jpg.rf.G9RJgodSo8dFdmZD1x5J.jpg'),
       WindowsPath('D:/RA/second/rainy/Yolo-FastestV2/calibration_ho/1062_jpg.rf.wv8lKyOQhwEwSulGW3NI.jpg'),
       WindowsPath('D:/RA/second/rainy/Yolo-FastestV2/calibration_ho/178_jpg.rf.WFPnfG0OyWre4cKZi5pt.jpg'),
       WindowsPath('D:/RA/second/rainy/Yolo-FastestV2/calibration_ho/1050_jpg.rf.XMwT5EawkMvY3SFblTWU.jpg'),
       WindowsPath('D:/RA/second/rainy/Yolo-FastestV2/calibration_ho/125_jpg.rf.53TUiIKuP4Ivd2unv24s.jpg'),
       WindowsPath('D:/RA/second/rainy/Yolo-FastestV2/calibration_ho/118_jpg.rf.DxrAPCZLlKFeBptmQBEI.jpg'),
       WindowsPath('D:/RA/second/rainy/Yolo-FastestV2/calibration_ho/1017_jpg.rf.1pYCx090tRnyu6h9zRzI.jpg'),
       WindowsPath('D:/RA/second/rainy/Yolo-FastestV2/calibration_ho/176_jpg.rf.RgyDhDjH5Z19ShVNPIT3.jpg'),
       WindowsPath('D:/RA/second/rainy/Yolo-FastestV2/calibration_ho/156_jpg.rf.SfvB8VpQpOjgEy4H7iAm.jpg'),
       WindowsPath('D:/RA/second/rainy/Yolo-FastestV2/calibration_ho/134_jpg.rf.Un1k8a2sFRwmFzI9CGqb.jpg'),
       WindowsPath('D:/RA/second/rainy/Yolo-FastestV2/calibration_ho/155_jpg.rf.mkMiayeJT5QNlAJifGaB.jpg'),
       WindowsPath('D:/RA/second/rainy/Yolo-FastestV2/calibration_ho/1047_jpg.rf.ej7S3jx2r0p8tTwCDOLi.jpg'),
       WindowsPath('D:/RA/second/rainy/Yolo-FastestV2/calibration_ho/1026_jpg.rf.9Or5odJxIWrSNmiRvj6C.jpg'),
       WindowsPath('D:/RA/second/rainy/Yolo-FastestV2/calibration_ho/151_jpg.rf.v1zUbDkMRjM9VAiWmy6e.jpg'),
       WindowsPath('D:/RA/second/rainy/Yolo-FastestV2/calibration_ho/1013_jpg.rf.CjtIywm93qgBR4BOgJ7W.jpg'),
       WindowsPath('D:/RA/second/rainy/Yolo-FastestV2/calibration_ho/173_jpg.rf.Ic0yPKkKE9QJKPi8SagA.jpg'),
       WindowsPath('D:/RA/second/rainy/Yolo-FastestV2/calibration_ho/189_jpg.rf.XXDn61nO1si0NjAfdu08.jpg'),
       WindowsPath('D:/RA/second/rainy/Yolo-FastestV2/calibration_ho/12_jpg.rf.YnKSuUXiNhZgtJWBL9ps.jpg'),
       WindowsPath('D:/RA/second/rainy/Yolo-FastestV2/calibration_ho/123_jpg.rf.1ZdWTpJbuzt7Xog8DT7H.jpg'),
       WindowsPath('D:/RA/second/rainy/Yolo-FastestV2/calibration_ho/190_jpg.rf.uq58cPbfQM7eFUcZbJMU.jpg'),
       WindowsPath('D:/RA/second/rainy/Yolo-FastestV2/calibration_ho/1064_jpg.rf.8fDBwcGiOM2LAk8VpIPZ.jpg'),
       WindowsPath('D:/RA/second/rainy/Yolo-FastestV2/calibration_ho/1060_jpg.rf.eX3OiYHY3bbtn78RRhMV.jpg')],
      dtype=object)}], 'node': [{'name': 'images', 'calibrate_sample_dir': 'D:\\RA\\second\\rainy\\Yolo-FastestV2\\calibration_ho', 'mean': [0.0, 0.0, 0.0], 'std': [255.0, 255.0, 255.0], 'file_list': array([WindowsPath('D:/RA/second/rainy/Yolo-FastestV2/calibration_ho/1065_jpg.rf.N7Fz5F3ukG20WVFNaIV1.jpg'),
       WindowsPath('D:/RA/second/rainy/Yolo-FastestV2/calibration_ho/161_jpg.rf.pfuDlYhYYD6kfapjFxmr.jpg'),
       WindowsPath('D:/RA/second/rainy/Yolo-FastestV2/calibration_ho/162_jpg.rf.yiNJlSOzG4RE8mQyxrQo.jpg'),
       WindowsPath('D:/RA/second/rainy/Yolo-FastestV2/calibration_ho/1012_jpg.rf.qHQnbCCMK2KFNsfTfXQV.jpg'),
       WindowsPath('D:/RA/second/rainy/Yolo-FastestV2/calibration_ho/165_jpg.rf.XzWlRMuPoWvbtQfS9mMH.jpg'),
       WindowsPath('D:/RA/second/rainy/Yolo-FastestV2/calibration_ho/1028_jpg.rf.je519m5ZC5OvJpBIflMn.jpg'),
       WindowsPath('D:/RA/second/rainy/Yolo-FastestV2/calibration_ho/1011_jpg.rf.pvV6DErWQuHpbR7vJfAq.jpg'),
       WindowsPath('D:/RA/second/rainy/Yolo-FastestV2/calibration_ho/1015_jpg.rf.nz0NqzBIXtqJI17kWAt6.jpg'),
       WindowsPath('D:/RA/second/rainy/Yolo-FastestV2/calibration_ho/1061_jpg.rf.V9YxS53dPcy928rnUccy.jpg'),
       WindowsPath('D:/RA/second/rainy/Yolo-FastestV2/calibration_ho/157_jpg.rf.C38DiD1ipFHixWlf3Md9.jpg'),
       WindowsPath('D:/RA/second/rainy/Yolo-FastestV2/calibration_ho/1044_jpg.rf.gIFcwL0lqFdKGCOXvN8D.jpg'),
       WindowsPath('D:/RA/second/rainy/Yolo-FastestV2/calibration_ho/1067_jpg.rf.F2nZxCvMUIw1lgdCiyY0.jpg'),
       WindowsPath('D:/RA/second/rainy/Yolo-FastestV2/calibration_ho/1002_jpg.rf.add7Q2o5vGzXKthz9OIc.jpg'),
       WindowsPath('D:/RA/second/rainy/Yolo-FastestV2/calibration_ho/11_jpg.rf.MhPewxaFVoX8eMHfUNeM.jpg'),
       WindowsPath('D:/RA/second/rainy/Yolo-FastestV2/calibration_ho/192_jpg.rf.nqTWuDzZzrhXSxsqsJla.jpg'),
       WindowsPath('D:/RA/second/rainy/Yolo-FastestV2/calibration_ho/138_jpg.rf.lzAjcL5qSX384GDK2zpG.jpg'),
       WindowsPath('D:/RA/second/rainy/Yolo-FastestV2/calibration_ho/1041_jpg.rf.hxRUA2mhuIkPDqEy8Slp.jpg'),
       WindowsPath('D:/RA/second/rainy/Yolo-FastestV2/calibration_ho/1058_jpg.rf.5vwTT0fqFJHFvehQiGSf.jpg'),
       WindowsPath('D:/RA/second/rainy/Yolo-FastestV2/calibration_ho/181_jpg.rf.WO3xfHqDsn4f5ArYS6b2.jpg'),
       WindowsPath('D:/RA/second/rainy/Yolo-FastestV2/calibration_ho/13_jpg.rf.TDXSLVAtRdPcURP8SXd1.jpg'),
       WindowsPath('D:/RA/second/rainy/Yolo-FastestV2/calibration_ho/122_jpg.rf.9dVfPgvqZnvsUN5JSzQ3.jpg'),
       WindowsPath('D:/RA/second/rainy/Yolo-FastestV2/calibration_ho/119_jpg.rf.w41RMUULSGJ3WaYPzzUg.jpg'),
       WindowsPath('D:/RA/second/rainy/Yolo-FastestV2/calibration_ho/1021_jpg.rf.8hRSM4k2YTztbgoRZClB.jpg'),
       WindowsPath('D:/RA/second/rainy/Yolo-FastestV2/calibration_ho/1032_jpg.rf.0QwHxkwtyTgPUwglmEoh.jpg'),
       WindowsPath('D:/RA/second/rainy/Yolo-FastestV2/calibration_ho/17_jpg.rf.Cgwik9haDm50JNIayJaJ.jpg'),
       WindowsPath('D:/RA/second/rainy/Yolo-FastestV2/calibration_ho/1019_jpg.rf.Zk0ZWF2insGSST6srb9L.jpg'),
       WindowsPath('D:/RA/second/rainy/Yolo-FastestV2/calibration_ho/112_jpg.rf.whriPQoG6W1gHOmazvNk.jpg'),
       WindowsPath('D:/RA/second/rainy/Yolo-FastestV2/calibration_ho/160_jpg.rf.grgiWFv2hCo2dcnue0Pg.jpg'),
       WindowsPath('D:/RA/second/rainy/Yolo-FastestV2/calibration_ho/1036_jpg.rf.Z1V8g5tZ6J4ZbajIbAiR.jpg'),
       WindowsPath('D:/RA/second/rainy/Yolo-FastestV2/calibration_ho/132_jpg.rf.mxdkIsXZ4Akib930HYw3.jpg'),
       WindowsPath('D:/RA/second/rainy/Yolo-FastestV2/calibration_ho/1068_jpg.rf.n5Cj2LDFj3eXVOjRIgxk.jpg'),
       WindowsPath('D:/RA/second/rainy/Yolo-FastestV2/calibration_ho/183_jpg.rf.U2NHwUWx5IqSE7fNoMWA.jpg'),
       WindowsPath('D:/RA/second/rainy/Yolo-FastestV2/calibration_ho/177_jpg.rf.fqPJxmtd6HL9zrPBDAZG.jpg'),
       WindowsPath('D:/RA/second/rainy/Yolo-FastestV2/calibration_ho/120_jpg.rf.UbKHtHGerpd6r7De8rYN.jpg'),
       WindowsPath('D:/RA/second/rainy/Yolo-FastestV2/calibration_ho/1005_jpg.rf.nbyuTQpLB2he9HnNggio.jpg'),
       WindowsPath('D:/RA/second/rainy/Yolo-FastestV2/calibration_ho/163_jpg.rf.YLEo9GmRU2xwUU2CKcn0.jpg'),
       WindowsPath('D:/RA/second/rainy/Yolo-FastestV2/calibration_ho/1008_jpg.rf.ve7vkdpxjnuui8I9S6lP.jpg'),
       WindowsPath('D:/RA/second/rainy/Yolo-FastestV2/calibration_ho/139_jpg.rf.kwz4lFB0LcgpbHFEvlI8.jpg'),
       WindowsPath('D:/RA/second/rainy/Yolo-FastestV2/calibration_ho/170_jpg.rf.4dmVEjavihPIlqd2rMcW.jpg'),
       WindowsPath('D:/RA/second/rainy/Yolo-FastestV2/calibration_ho/159_jpg.rf.uVZ0CsXqprisAo7rVFU5.jpg'),
       WindowsPath('D:/RA/second/rainy/Yolo-FastestV2/calibration_ho/174_jpg.rf.6Z6N8x4gydLFxPOnCPjD.jpg'),
       WindowsPath('D:/RA/second/rainy/Yolo-FastestV2/calibration_ho/152_jpg.rf.HizzvATCH8koPAs5z33q.jpg'),
       WindowsPath('D:/RA/second/rainy/Yolo-FastestV2/calibration_ho/158_jpg.rf.x563mk9vBAxE1ee8swKD.jpg'),
       WindowsPath('D:/RA/second/rainy/Yolo-FastestV2/calibration_ho/127_jpg.rf.IpGbhwYVwHCY4IOLvtqy.jpg'),
       WindowsPath('D:/RA/second/rainy/Yolo-FastestV2/calibration_ho/1037_jpg.rf.DPx42xWdBrm5UEraHLjQ.jpg'),
       WindowsPath('D:/RA/second/rainy/Yolo-FastestV2/calibration_ho/1023_jpg.rf.YyqrNXI2it9YzfWsjYzo.jpg'),
       WindowsPath('D:/RA/second/rainy/Yolo-FastestV2/calibration_ho/16_jpg.rf.l4f3saeEsalrR6QRFyac.jpg'),
       WindowsPath('D:/RA/second/rainy/Yolo-FastestV2/calibration_ho/1016_jpg.rf.j7wjDKbLqVE4h8p1h7YL.jpg'),
       WindowsPath('D:/RA/second/rainy/Yolo-FastestV2/calibration_ho/121_jpg.rf.mT8T5AXsWvCpZ54Qmhjg.jpg'),
       WindowsPath('D:/RA/second/rainy/Yolo-FastestV2/calibration_ho/135_jpg.rf.cMSbYzL1V3AlfdlBy3Lc.jpg'),
       WindowsPath('D:/RA/second/rainy/Yolo-FastestV2/calibration_ho/115_jpg.rf.b8NxXQgFmUiJYqVqcR55.jpg'),
       WindowsPath('D:/RA/second/rainy/Yolo-FastestV2/calibration_ho/169_jpg.rf.SgUuR8wruJ9cimIc5utC.jpg'),
       WindowsPath('D:/RA/second/rainy/Yolo-FastestV2/calibration_ho/154_jpg.rf.7C5YUAhGxk4CSqk3ZXaR.jpg'),
       WindowsPath('D:/RA/second/rainy/Yolo-FastestV2/calibration_ho/1001_jpg.rf.Z0IFZNgwz0sUBbICEvqx.jpg'),
       WindowsPath('D:/RA/second/rainy/Yolo-FastestV2/calibration_ho/137_jpg.rf.bpSV33B9JzeQYOOQUoeL.jpg'),
       WindowsPath('D:/RA/second/rainy/Yolo-FastestV2/calibration_ho/1055_jpg.rf.Dr7ukZS84NVjUoSVTHUQ.jpg'),
       WindowsPath('D:/RA/second/rainy/Yolo-FastestV2/calibration_ho/1053_jpg.rf.BRaeGKE7U9NQORrE9PL3.jpg'),
       WindowsPath('D:/RA/second/rainy/Yolo-FastestV2/calibration_ho/1006_jpg.rf.lp6W4T265Cx18mDP7UP9.jpg'),
       WindowsPath('D:/RA/second/rainy/Yolo-FastestV2/calibration_ho/1020_jpg.rf.pkTmrInLRA77PPIMdBHY.jpg'),
       WindowsPath('D:/RA/second/rainy/Yolo-FastestV2/calibration_ho/1022_jpg.rf.VRuq3FqhI2MasuxAD47P.jpg'),
       WindowsPath('D:/RA/second/rainy/Yolo-FastestV2/calibration_ho/109_jpg.rf.Gq6cT3s60q0t98LcEnhR.jpg'),
       WindowsPath('D:/RA/second/rainy/Yolo-FastestV2/calibration_ho/1051_jpg.rf.vydgXiKPZgyy7tkYCecM.jpg'),
       WindowsPath('D:/RA/second/rainy/Yolo-FastestV2/calibration_ho/104_jpg.rf.7SItZi2HKYo78B73mWMV.jpg'),
       WindowsPath('D:/RA/second/rainy/Yolo-FastestV2/calibration_ho/1007_jpg.rf.bBXlP1rP106RvCEVKT8t.jpg'),
       WindowsPath('D:/RA/second/rainy/Yolo-FastestV2/calibration_ho/111_jpg.rf.l3wBOaUHEw0ppeBBLbpM.jpg'),
       WindowsPath('D:/RA/second/rainy/Yolo-FastestV2/calibration_ho/179_jpg.rf.zTdWnDEvu2a61MaXRx5m.jpg'),
       WindowsPath('D:/RA/second/rainy/Yolo-FastestV2/calibration_ho/184_jpg.rf.9on1m0vXNNWNsfW4VCHO.jpg'),
       WindowsPath('D:/RA/second/rainy/Yolo-FastestV2/calibration_ho/1000_jpg.rf.Etgr2vuHg4nqeDxzgWZk.jpg'),
       WindowsPath('D:/RA/second/rainy/Yolo-FastestV2/calibration_ho/1045_jpg.rf.572GAihGC64X6VuXjfBO.jpg'),
       WindowsPath('D:/RA/second/rainy/Yolo-FastestV2/calibration_ho/103_jpg.rf.3ub7Wrka4T7sJD93rhtr.jpg'),
       WindowsPath('D:/RA/second/rainy/Yolo-FastestV2/calibration_ho/113_jpg.rf.HWADdEsAA7QvKx3TCNdr.jpg'),
       WindowsPath('D:/RA/second/rainy/Yolo-FastestV2/calibration_ho/1046_jpg.rf.4TUnSvyAeMGhDnlkEBVH.jpg'),
       WindowsPath('D:/RA/second/rainy/Yolo-FastestV2/calibration_ho/102_jpg.rf.MTMZ5ZakBxPJofdVujhL.jpg'),
       WindowsPath('D:/RA/second/rainy/Yolo-FastestV2/calibration_ho/1042_jpg.rf.ORgy2bbmdC0SPHZMXhBc.jpg'),
       WindowsPath('D:/RA/second/rainy/Yolo-FastestV2/calibration_ho/143_jpg.rf.GMAfKIJzUaKtde7WRdnz.jpg'),
       WindowsPath('D:/RA/second/rainy/Yolo-FastestV2/calibration_ho/116_jpg.rf.X8IY4uZLyjMQvhnWCord.jpg'),
       WindowsPath('D:/RA/second/rainy/Yolo-FastestV2/calibration_ho/15_jpg.rf.61yEldPkAlvRpTWLT1Z9.jpg'),
       WindowsPath('D:/RA/second/rainy/Yolo-FastestV2/calibration_ho/172_jpg.rf.qlJdH4YTiErBBUzcZdGY.jpg'),
       WindowsPath('D:/RA/second/rainy/Yolo-FastestV2/calibration_ho/1043_jpg.rf.NqoLSuBHYChNPHYtiqUS.jpg'),
       WindowsPath('D:/RA/second/rainy/Yolo-FastestV2/calibration_ho/171_jpg.rf.cd7QX9uDDGBERQJNPSnl.jpg'),
       WindowsPath('D:/RA/second/rainy/Yolo-FastestV2/calibration_ho/101_jpg.rf.YDoNjf7hXE1S0HFy9IUZ.jpg'),
       WindowsPath('D:/RA/second/rainy/Yolo-FastestV2/calibration_ho/153_jpg.rf.HVRD73beEm8TmVLd0TT0.jpg'),
       WindowsPath('D:/RA/second/rainy/Yolo-FastestV2/calibration_ho/1024_jpg.rf.WaMyrGxubT53nzeTbpcN.jpg'),
       WindowsPath('D:/RA/second/rainy/Yolo-FastestV2/calibration_ho/1040_jpg.rf.Kg8d4hWILw7fBMXYLyjV.jpg'),
       WindowsPath('D:/RA/second/rainy/Yolo-FastestV2/calibration_ho/1066_jpg.rf.fQ0zEhW285vxekHk2OJt.jpg'),
       WindowsPath('D:/RA/second/rainy/Yolo-FastestV2/calibration_ho/14_jpg.rf.aWgKlgYd9QpNQF83n5pG.jpg'),
       WindowsPath('D:/RA/second/rainy/Yolo-FastestV2/calibration_ho/18_jpg.rf.GDqsz16V3uNuoaYp6lts.jpg'),
       WindowsPath('D:/RA/second/rainy/Yolo-FastestV2/calibration_ho/191_jpg.rf.FPkCaPCdfQao2TmbxfgC.jpg'),
       WindowsPath('D:/RA/second/rainy/Yolo-FastestV2/calibration_ho/144_jpg.rf.J68ephWPr471VjUh7u1U.jpg'),
       WindowsPath('D:/RA/second/rainy/Yolo-FastestV2/calibration_ho/133_jpg.rf.E2Xr5uKD13AURnmZAgr3.jpg'),
       WindowsPath('D:/RA/second/rainy/Yolo-FastestV2/calibration_ho/146_jpg.rf.REsRDgF7vbCALIwrI7Sr.jpg'),
       WindowsPath('D:/RA/second/rainy/Yolo-FastestV2/calibration_ho/1025_jpg.rf.lvedMvpngCJmTn89u1Dn.jpg'),
       WindowsPath('D:/RA/second/rainy/Yolo-FastestV2/calibration_ho/182_jpg.rf.zNZZMy65rs1Sl69J7qwT.jpg'),
       WindowsPath('D:/RA/second/rainy/Yolo-FastestV2/calibration_ho/136_jpg.rf.Om0qTv3MgFW8EZoqUqGw.jpg'),
       WindowsPath('D:/RA/second/rainy/Yolo-FastestV2/calibration_ho/140_jpg.rf.FwSbnh5PbRBcNSmkLIZv.jpg'),
       WindowsPath('D:/RA/second/rainy/Yolo-FastestV2/calibration_ho/1034_jpg.rf.8uVTNGroTmkhWW9rZlj7.jpg'),
       WindowsPath('D:/RA/second/rainy/Yolo-FastestV2/calibration_ho/1049_jpg.rf.riKdJXbenCSHWiSGuUft.jpg'),
       WindowsPath('D:/RA/second/rainy/Yolo-FastestV2/calibration_ho/149_jpg.rf.EkomAdunllGJLbLDieK5.jpg'),
       WindowsPath('D:/RA/second/rainy/Yolo-FastestV2/calibration_ho/175_jpg.rf.G9RJgodSo8dFdmZD1x5J.jpg'),
       WindowsPath('D:/RA/second/rainy/Yolo-FastestV2/calibration_ho/1062_jpg.rf.wv8lKyOQhwEwSulGW3NI.jpg'),
       WindowsPath('D:/RA/second/rainy/Yolo-FastestV2/calibration_ho/178_jpg.rf.WFPnfG0OyWre4cKZi5pt.jpg'),
       WindowsPath('D:/RA/second/rainy/Yolo-FastestV2/calibration_ho/1050_jpg.rf.XMwT5EawkMvY3SFblTWU.jpg'),
       WindowsPath('D:/RA/second/rainy/Yolo-FastestV2/calibration_ho/125_jpg.rf.53TUiIKuP4Ivd2unv24s.jpg'),
       WindowsPath('D:/RA/second/rainy/Yolo-FastestV2/calibration_ho/118_jpg.rf.DxrAPCZLlKFeBptmQBEI.jpg'),
       WindowsPath('D:/RA/second/rainy/Yolo-FastestV2/calibration_ho/1017_jpg.rf.1pYCx090tRnyu6h9zRzI.jpg'),
       WindowsPath('D:/RA/second/rainy/Yolo-FastestV2/calibration_ho/176_jpg.rf.RgyDhDjH5Z19ShVNPIT3.jpg'),
       WindowsPath('D:/RA/second/rainy/Yolo-FastestV2/calibration_ho/156_jpg.rf.SfvB8VpQpOjgEy4H7iAm.jpg'),
       WindowsPath('D:/RA/second/rainy/Yolo-FastestV2/calibration_ho/134_jpg.rf.Un1k8a2sFRwmFzI9CGqb.jpg'),
       WindowsPath('D:/RA/second/rainy/Yolo-FastestV2/calibration_ho/155_jpg.rf.mkMiayeJT5QNlAJifGaB.jpg'),
       WindowsPath('D:/RA/second/rainy/Yolo-FastestV2/calibration_ho/1047_jpg.rf.ej7S3jx2r0p8tTwCDOLi.jpg'),
       WindowsPath('D:/RA/second/rainy/Yolo-FastestV2/calibration_ho/1026_jpg.rf.9Or5odJxIWrSNmiRvj6C.jpg'),
       WindowsPath('D:/RA/second/rainy/Yolo-FastestV2/calibration_ho/151_jpg.rf.v1zUbDkMRjM9VAiWmy6e.jpg'),
       WindowsPath('D:/RA/second/rainy/Yolo-FastestV2/calibration_ho/1013_jpg.rf.CjtIywm93qgBR4BOgJ7W.jpg'),
       WindowsPath('D:/RA/second/rainy/Yolo-FastestV2/calibration_ho/173_jpg.rf.Ic0yPKkKE9QJKPi8SagA.jpg'),
       WindowsPath('D:/RA/second/rainy/Yolo-FastestV2/calibration_ho/189_jpg.rf.XXDn61nO1si0NjAfdu08.jpg'),
       WindowsPath('D:/RA/second/rainy/Yolo-FastestV2/calibration_ho/12_jpg.rf.YnKSuUXiNhZgtJWBL9ps.jpg'),
       WindowsPath('D:/RA/second/rainy/Yolo-FastestV2/calibration_ho/123_jpg.rf.1ZdWTpJbuzt7Xog8DT7H.jpg'),
       WindowsPath('D:/RA/second/rainy/Yolo-FastestV2/calibration_ho/190_jpg.rf.uq58cPbfQM7eFUcZbJMU.jpg'),
       WindowsPath('D:/RA/second/rainy/Yolo-FastestV2/calibration_ho/1064_jpg.rf.8fDBwcGiOM2LAk8VpIPZ.jpg'),
       WindowsPath('D:/RA/second/rainy/Yolo-FastestV2/calibration_ho/1060_jpg.rf.eX3OiYHY3bbtn78RRhMV.jpg')],
      dtype=object)}]}
2026-07-17 22:22:17,699 [INFO] (quantize_model.py #197, read_calibration_data): Load D:\RA\second\rainy\Yolo-FastestV2\calibration_ho\1065_jpg.rf.N7Fz5F3ukG20WVFNaIV1.jpg...
2026-07-17 22:22:17,699 [DEBUG] (Image.py #421, _import_plugin_for_extension): Importing JpegImagePlugin
2026-07-17 22:22:17,710 [INFO] (quantize_model.py #197, read_calibration_data): Load D:\RA\second\rainy\Yolo-FastestV2\calibration_ho\161_jpg.rf.pfuDlYhYYD6kfapjFxmr.jpg...
2026-07-17 22:22:17,717 [INFO] (quantize_model.py #197, read_calibration_data): Load D:\RA\second\rainy\Yolo-FastestV2\calibration_ho\162_jpg.rf.yiNJlSOzG4RE8mQyxrQo.jpg...
2026-07-17 22:22:17,726 [INFO] (quantize_model.py #197, read_calibration_data): Load D:\RA\second\rainy\Yolo-FastestV2\calibration_ho\1012_jpg.rf.qHQnbCCMK2KFNsfTfXQV.jpg...
2026-07-17 22:22:17,734 [INFO] (quantize_model.py #197, read_calibration_data): Load D:\RA\second\rainy\Yolo-FastestV2\calibration_ho\165_jpg.rf.XzWlRMuPoWvbtQfS9mMH.jpg...
2026-07-17 22:22:17,745 [INFO] (quantize_model.py #197, read_calibration_data): Load D:\RA\second\rainy\Yolo-FastestV2\calibration_ho\1028_jpg.rf.je519m5ZC5OvJpBIflMn.jpg...
2026-07-17 22:22:17,754 [INFO] (quantize_model.py #197, read_calibration_data): Load D:\RA\second\rainy\Yolo-FastestV2\calibration_ho\1011_jpg.rf.pvV6DErWQuHpbR7vJfAq.jpg...
2026-07-17 22:22:17,762 [INFO] (quantize_model.py #197, read_calibration_data): Load D:\RA\second\rainy\Yolo-FastestV2\calibration_ho\1015_jpg.rf.nz0NqzBIXtqJI17kWAt6.jpg...
2026-07-17 22:22:17,771 [INFO] (quantize_model.py #197, read_calibration_data): Load D:\RA\second\rainy\Yolo-FastestV2\calibration_ho\1061_jpg.rf.V9YxS53dPcy928rnUccy.jpg...
2026-07-17 22:22:17,780 [INFO] (quantize_model.py #197, read_calibration_data): Load D:\RA\second\rainy\Yolo-FastestV2\calibration_ho\157_jpg.rf.C38DiD1ipFHixWlf3Md9.jpg...
2026-07-17 22:22:17,789 [INFO] (quantize_model.py #197, read_calibration_data): Load D:\RA\second\rainy\Yolo-FastestV2\calibration_ho\1044_jpg.rf.gIFcwL0lqFdKGCOXvN8D.jpg...
2026-07-17 22:22:17,797 [INFO] (quantize_model.py #197, read_calibration_data): Load D:\RA\second\rainy\Yolo-FastestV2\calibration_ho\1067_jpg.rf.F2nZxCvMUIw1lgdCiyY0.jpg...
2026-07-17 22:22:17,804 [INFO] (quantize_model.py #197, read_calibration_data): Load D:\RA\second\rainy\Yolo-FastestV2\calibration_ho\1002_jpg.rf.add7Q2o5vGzXKthz9OIc.jpg...
2026-07-17 22:22:17,812 [INFO] (quantize_model.py #197, read_calibration_data): Load D:\RA\second\rainy\Yolo-FastestV2\calibration_ho\11_jpg.rf.MhPewxaFVoX8eMHfUNeM.jpg...
2026-07-17 22:22:17,821 [INFO] (quantize_model.py #197, read_calibration_data): Load D:\RA\second\rainy\Yolo-FastestV2\calibration_ho\192_jpg.rf.nqTWuDzZzrhXSxsqsJla.jpg...
2026-07-17 22:22:17,829 [INFO] (quantize_model.py #197, read_calibration_data): Load D:\RA\second\rainy\Yolo-FastestV2\calibration_ho\138_jpg.rf.lzAjcL5qSX384GDK2zpG.jpg...
2026-07-17 22:22:17,839 [INFO] (quantize_model.py #197, read_calibration_data): Load D:\RA\second\rainy\Yolo-FastestV2\calibration_ho\1041_jpg.rf.hxRUA2mhuIkPDqEy8Slp.jpg...
2026-07-17 22:22:17,849 [INFO] (quantize_model.py #197, read_calibration_data): Load D:\RA\second\rainy\Yolo-FastestV2\calibration_ho\1058_jpg.rf.5vwTT0fqFJHFvehQiGSf.jpg...
2026-07-17 22:22:17,864 [INFO] (quantize_model.py #197, read_calibration_data): Load D:\RA\second\rainy\Yolo-FastestV2\calibration_ho\181_jpg.rf.WO3xfHqDsn4f5ArYS6b2.jpg...
2026-07-17 22:22:17,878 [INFO] (quantize_model.py #197, read_calibration_data): Load D:\RA\second\rainy\Yolo-FastestV2\calibration_ho\13_jpg.rf.TDXSLVAtRdPcURP8SXd1.jpg...
2026-07-17 22:22:17,891 [INFO] (quantize_model.py #197, read_calibration_data): Load D:\RA\second\rainy\Yolo-FastestV2\calibration_ho\122_jpg.rf.9dVfPgvqZnvsUN5JSzQ3.jpg...
2026-07-17 22:22:17,904 [INFO] (quantize_model.py #197, read_calibration_data): Load D:\RA\second\rainy\Yolo-FastestV2\calibration_ho\119_jpg.rf.w41RMUULSGJ3WaYPzzUg.jpg...
2026-07-17 22:22:17,915 [INFO] (quantize_model.py #197, read_calibration_data): Load D:\RA\second\rainy\Yolo-FastestV2\calibration_ho\1021_jpg.rf.8hRSM4k2YTztbgoRZClB.jpg...
2026-07-17 22:22:17,924 [INFO] (quantize_model.py #197, read_calibration_data): Load D:\RA\second\rainy\Yolo-FastestV2\calibration_ho\1032_jpg.rf.0QwHxkwtyTgPUwglmEoh.jpg...
2026-07-17 22:22:17,939 [INFO] (quantize_model.py #197, read_calibration_data): Load D:\RA\second\rainy\Yolo-FastestV2\calibration_ho\17_jpg.rf.Cgwik9haDm50JNIayJaJ.jpg...
2026-07-17 22:22:17,947 [INFO] (quantize_model.py #197, read_calibration_data): Load D:\RA\second\rainy\Yolo-FastestV2\calibration_ho\1019_jpg.rf.Zk0ZWF2insGSST6srb9L.jpg...
2026-07-17 22:22:17,956 [INFO] (quantize_model.py #197, read_calibration_data): Load D:\RA\second\rainy\Yolo-FastestV2\calibration_ho\112_jpg.rf.whriPQoG6W1gHOmazvNk.jpg...
2026-07-17 22:22:17,966 [INFO] (quantize_model.py #197, read_calibration_data): Load D:\RA\second\rainy\Yolo-FastestV2\calibration_ho\160_jpg.rf.grgiWFv2hCo2dcnue0Pg.jpg...
2026-07-17 22:22:17,976 [INFO] (quantize_model.py #197, read_calibration_data): Load D:\RA\second\rainy\Yolo-FastestV2\calibration_ho\1036_jpg.rf.Z1V8g5tZ6J4ZbajIbAiR.jpg...
2026-07-17 22:22:17,984 [INFO] (quantize_model.py #197, read_calibration_data): Load D:\RA\second\rainy\Yolo-FastestV2\calibration_ho\132_jpg.rf.mxdkIsXZ4Akib930HYw3.jpg...
2026-07-17 22:22:17,994 [INFO] (quantize_model.py #197, read_calibration_data): Load D:\RA\second\rainy\Yolo-FastestV2\calibration_ho\1068_jpg.rf.n5Cj2LDFj3eXVOjRIgxk.jpg...
2026-07-17 22:22:18,003 [INFO] (quantize_model.py #197, read_calibration_data): Load D:\RA\second\rainy\Yolo-FastestV2\calibration_ho\183_jpg.rf.U2NHwUWx5IqSE7fNoMWA.jpg...
2026-07-17 22:22:18,012 [INFO] (quantize_model.py #197, read_calibration_data): Load D:\RA\second\rainy\Yolo-FastestV2\calibration_ho\177_jpg.rf.fqPJxmtd6HL9zrPBDAZG.jpg...
2026-07-17 22:22:18,020 [INFO] (quantize_model.py #197, read_calibration_data): Load D:\RA\second\rainy\Yolo-FastestV2\calibration_ho\120_jpg.rf.UbKHtHGerpd6r7De8rYN.jpg...
2026-07-17 22:22:18,028 [INFO] (quantize_model.py #197, read_calibration_data): Load D:\RA\second\rainy\Yolo-FastestV2\calibration_ho\1005_jpg.rf.nbyuTQpLB2he9HnNggio.jpg...
2026-07-17 22:22:18,037 [INFO] (quantize_model.py #197, read_calibration_data): Load D:\RA\second\rainy\Yolo-FastestV2\calibration_ho\163_jpg.rf.YLEo9GmRU2xwUU2CKcn0.jpg...
2026-07-17 22:22:18,050 [INFO] (quantize_model.py #197, read_calibration_data): Load D:\RA\second\rainy\Yolo-FastestV2\calibration_ho\1008_jpg.rf.ve7vkdpxjnuui8I9S6lP.jpg...
2026-07-17 22:22:18,059 [INFO] (quantize_model.py #197, read_calibration_data): Load D:\RA\second\rainy\Yolo-FastestV2\calibration_ho\139_jpg.rf.kwz4lFB0LcgpbHFEvlI8.jpg...
2026-07-17 22:22:18,070 [INFO] (quantize_model.py #197, read_calibration_data): Load D:\RA\second\rainy\Yolo-FastestV2\calibration_ho\170_jpg.rf.4dmVEjavihPIlqd2rMcW.jpg...
2026-07-17 22:22:18,078 [INFO] (quantize_model.py #197, read_calibration_data): Load D:\RA\second\rainy\Yolo-FastestV2\calibration_ho\159_jpg.rf.uVZ0CsXqprisAo7rVFU5.jpg...
2026-07-17 22:22:18,090 [INFO] (quantize_model.py #197, read_calibration_data): Load D:\RA\second\rainy\Yolo-FastestV2\calibration_ho\174_jpg.rf.6Z6N8x4gydLFxPOnCPjD.jpg...
2026-07-17 22:22:18,101 [INFO] (quantize_model.py #197, read_calibration_data): Load D:\RA\second\rainy\Yolo-FastestV2\calibration_ho\152_jpg.rf.HizzvATCH8koPAs5z33q.jpg...
2026-07-17 22:22:18,116 [INFO] (quantize_model.py #197, read_calibration_data): Load D:\RA\second\rainy\Yolo-FastestV2\calibration_ho\158_jpg.rf.x563mk9vBAxE1ee8swKD.jpg...
2026-07-17 22:22:18,128 [INFO] (quantize_model.py #197, read_calibration_data): Load D:\RA\second\rainy\Yolo-FastestV2\calibration_ho\127_jpg.rf.IpGbhwYVwHCY4IOLvtqy.jpg...
2026-07-17 22:22:18,136 [INFO] (quantize_model.py #197, read_calibration_data): Load D:\RA\second\rainy\Yolo-FastestV2\calibration_ho\1037_jpg.rf.DPx42xWdBrm5UEraHLjQ.jpg...
2026-07-17 22:22:18,148 [INFO] (quantize_model.py #197, read_calibration_data): Load D:\RA\second\rainy\Yolo-FastestV2\calibration_ho\1023_jpg.rf.YyqrNXI2it9YzfWsjYzo.jpg...
2026-07-17 22:22:18,159 [INFO] (quantize_model.py #197, read_calibration_data): Load D:\RA\second\rainy\Yolo-FastestV2\calibration_ho\16_jpg.rf.l4f3saeEsalrR6QRFyac.jpg...
2026-07-17 22:22:18,168 [INFO] (quantize_model.py #197, read_calibration_data): Load D:\RA\second\rainy\Yolo-FastestV2\calibration_ho\1016_jpg.rf.j7wjDKbLqVE4h8p1h7YL.jpg...
2026-07-17 22:22:18,180 [INFO] (quantize_model.py #197, read_calibration_data): Load D:\RA\second\rainy\Yolo-FastestV2\calibration_ho\121_jpg.rf.mT8T5AXsWvCpZ54Qmhjg.jpg...
2026-07-17 22:22:18,194 [INFO] (quantize_model.py #197, read_calibration_data): Load D:\RA\second\rainy\Yolo-FastestV2\calibration_ho\135_jpg.rf.cMSbYzL1V3AlfdlBy3Lc.jpg...
2026-07-17 22:22:18,209 [INFO] (quantize_model.py #197, read_calibration_data): Load D:\RA\second\rainy\Yolo-FastestV2\calibration_ho\115_jpg.rf.b8NxXQgFmUiJYqVqcR55.jpg...
2026-07-17 22:22:18,223 [INFO] (quantize_model.py #197, read_calibration_data): Load D:\RA\second\rainy\Yolo-FastestV2\calibration_ho\169_jpg.rf.SgUuR8wruJ9cimIc5utC.jpg...
2026-07-17 22:22:18,231 [INFO] (quantize_model.py #197, read_calibration_data): Load D:\RA\second\rainy\Yolo-FastestV2\calibration_ho\154_jpg.rf.7C5YUAhGxk4CSqk3ZXaR.jpg...
2026-07-17 22:22:18,240 [INFO] (quantize_model.py #197, read_calibration_data): Load D:\RA\second\rainy\Yolo-FastestV2\calibration_ho\1001_jpg.rf.Z0IFZNgwz0sUBbICEvqx.jpg...
2026-07-17 22:22:18,248 [INFO] (quantize_model.py #197, read_calibration_data): Load D:\RA\second\rainy\Yolo-FastestV2\calibration_ho\137_jpg.rf.bpSV33B9JzeQYOOQUoeL.jpg...
2026-07-17 22:22:18,260 [INFO] (quantize_model.py #197, read_calibration_data): Load D:\RA\second\rainy\Yolo-FastestV2\calibration_ho\1055_jpg.rf.Dr7ukZS84NVjUoSVTHUQ.jpg...
2026-07-17 22:22:18,269 [INFO] (quantize_model.py #197, read_calibration_data): Load D:\RA\second\rainy\Yolo-FastestV2\calibration_ho\1053_jpg.rf.BRaeGKE7U9NQORrE9PL3.jpg...
2026-07-17 22:22:18,278 [INFO] (quantize_model.py #197, read_calibration_data): Load D:\RA\second\rainy\Yolo-FastestV2\calibration_ho\1006_jpg.rf.lp6W4T265Cx18mDP7UP9.jpg...
2026-07-17 22:22:18,288 [INFO] (quantize_model.py #197, read_calibration_data): Load D:\RA\second\rainy\Yolo-FastestV2\calibration_ho\1020_jpg.rf.pkTmrInLRA77PPIMdBHY.jpg...
2026-07-17 22:22:18,297 [INFO] (quantize_model.py #197, read_calibration_data): Load D:\RA\second\rainy\Yolo-FastestV2\calibration_ho\1022_jpg.rf.VRuq3FqhI2MasuxAD47P.jpg...
2026-07-17 22:22:18,305 [INFO] (quantize_model.py #197, read_calibration_data): Load D:\RA\second\rainy\Yolo-FastestV2\calibration_ho\109_jpg.rf.Gq6cT3s60q0t98LcEnhR.jpg...
2026-07-17 22:22:18,316 [INFO] (quantize_model.py #197, read_calibration_data): Load D:\RA\second\rainy\Yolo-FastestV2\calibration_ho\1051_jpg.rf.vydgXiKPZgyy7tkYCecM.jpg...
2026-07-17 22:22:18,329 [INFO] (quantize_model.py #197, read_calibration_data): Load D:\RA\second\rainy\Yolo-FastestV2\calibration_ho\104_jpg.rf.7SItZi2HKYo78B73mWMV.jpg...
2026-07-17 22:22:18,340 [INFO] (quantize_model.py #197, read_calibration_data): Load D:\RA\second\rainy\Yolo-FastestV2\calibration_ho\1007_jpg.rf.bBXlP1rP106RvCEVKT8t.jpg...
2026-07-17 22:22:18,351 [INFO] (quantize_model.py #197, read_calibration_data): Load D:\RA\second\rainy\Yolo-FastestV2\calibration_ho\111_jpg.rf.l3wBOaUHEw0ppeBBLbpM.jpg...
2026-07-17 22:22:18,363 [INFO] (quantize_model.py #197, read_calibration_data): Load D:\RA\second\rainy\Yolo-FastestV2\calibration_ho\179_jpg.rf.zTdWnDEvu2a61MaXRx5m.jpg...
2026-07-17 22:22:18,375 [INFO] (quantize_model.py #197, read_calibration_data): Load D:\RA\second\rainy\Yolo-FastestV2\calibration_ho\184_jpg.rf.9on1m0vXNNWNsfW4VCHO.jpg...
2026-07-17 22:22:18,388 [INFO] (quantize_model.py #197, read_calibration_data): Load D:\RA\second\rainy\Yolo-FastestV2\calibration_ho\1000_jpg.rf.Etgr2vuHg4nqeDxzgWZk.jpg...
2026-07-17 22:22:18,397 [INFO] (quantize_model.py #197, read_calibration_data): Load D:\RA\second\rainy\Yolo-FastestV2\calibration_ho\1045_jpg.rf.572GAihGC64X6VuXjfBO.jpg...
2026-07-17 22:22:18,409 [INFO] (quantize_model.py #197, read_calibration_data): Load D:\RA\second\rainy\Yolo-FastestV2\calibration_ho\103_jpg.rf.3ub7Wrka4T7sJD93rhtr.jpg...
2026-07-17 22:22:18,426 [INFO] (quantize_model.py #197, read_calibration_data): Load D:\RA\second\rainy\Yolo-FastestV2\calibration_ho\113_jpg.rf.HWADdEsAA7QvKx3TCNdr.jpg...
2026-07-17 22:22:18,434 [INFO] (quantize_model.py #197, read_calibration_data): Load D:\RA\second\rainy\Yolo-FastestV2\calibration_ho\1046_jpg.rf.4TUnSvyAeMGhDnlkEBVH.jpg...
2026-07-17 22:22:18,444 [INFO] (quantize_model.py #197, read_calibration_data): Load D:\RA\second\rainy\Yolo-FastestV2\calibration_ho\102_jpg.rf.MTMZ5ZakBxPJofdVujhL.jpg...
2026-07-17 22:22:18,458 [INFO] (quantize_model.py #197, read_calibration_data): Load D:\RA\second\rainy\Yolo-FastestV2\calibration_ho\1042_jpg.rf.ORgy2bbmdC0SPHZMXhBc.jpg...
2026-07-17 22:22:18,470 [INFO] (quantize_model.py #197, read_calibration_data): Load D:\RA\second\rainy\Yolo-FastestV2\calibration_ho\143_jpg.rf.GMAfKIJzUaKtde7WRdnz.jpg...
2026-07-17 22:22:18,482 [INFO] (quantize_model.py #197, read_calibration_data): Load D:\RA\second\rainy\Yolo-FastestV2\calibration_ho\116_jpg.rf.X8IY4uZLyjMQvhnWCord.jpg...
2026-07-17 22:22:18,491 [INFO] (quantize_model.py #197, read_calibration_data): Load D:\RA\second\rainy\Yolo-FastestV2\calibration_ho\15_jpg.rf.61yEldPkAlvRpTWLT1Z9.jpg...
2026-07-17 22:22:18,501 [INFO] (quantize_model.py #197, read_calibration_data): Load D:\RA\second\rainy\Yolo-FastestV2\calibration_ho\172_jpg.rf.qlJdH4YTiErBBUzcZdGY.jpg...
2026-07-17 22:22:18,510 [INFO] (quantize_model.py #197, read_calibration_data): Load D:\RA\second\rainy\Yolo-FastestV2\calibration_ho\1043_jpg.rf.NqoLSuBHYChNPHYtiqUS.jpg...
2026-07-17 22:22:18,521 [INFO] (quantize_model.py #197, read_calibration_data): Load D:\RA\second\rainy\Yolo-FastestV2\calibration_ho\171_jpg.rf.cd7QX9uDDGBERQJNPSnl.jpg...
2026-07-17 22:22:18,530 [INFO] (quantize_model.py #197, read_calibration_data): Load D:\RA\second\rainy\Yolo-FastestV2\calibration_ho\101_jpg.rf.YDoNjf7hXE1S0HFy9IUZ.jpg...
2026-07-17 22:22:18,537 [INFO] (quantize_model.py #197, read_calibration_data): Load D:\RA\second\rainy\Yolo-FastestV2\calibration_ho\153_jpg.rf.HVRD73beEm8TmVLd0TT0.jpg...
2026-07-17 22:22:18,547 [INFO] (quantize_model.py #197, read_calibration_data): Load D:\RA\second\rainy\Yolo-FastestV2\calibration_ho\1024_jpg.rf.WaMyrGxubT53nzeTbpcN.jpg...
2026-07-17 22:22:18,555 [INFO] (quantize_model.py #197, read_calibration_data): Load D:\RA\second\rainy\Yolo-FastestV2\calibration_ho\1040_jpg.rf.Kg8d4hWILw7fBMXYLyjV.jpg...
2026-07-17 22:22:18,562 [INFO] (quantize_model.py #197, read_calibration_data): Load D:\RA\second\rainy\Yolo-FastestV2\calibration_ho\1066_jpg.rf.fQ0zEhW285vxekHk2OJt.jpg...
2026-07-17 22:22:18,569 [INFO] (quantize_model.py #197, read_calibration_data): Load D:\RA\second\rainy\Yolo-FastestV2\calibration_ho\14_jpg.rf.aWgKlgYd9QpNQF83n5pG.jpg...
2026-07-17 22:22:18,576 [INFO] (quantize_model.py #197, read_calibration_data): Load D:\RA\second\rainy\Yolo-FastestV2\calibration_ho\18_jpg.rf.GDqsz16V3uNuoaYp6lts.jpg...
2026-07-17 22:22:18,584 [INFO] (quantize_model.py #197, read_calibration_data): Load D:\RA\second\rainy\Yolo-FastestV2\calibration_ho\191_jpg.rf.FPkCaPCdfQao2TmbxfgC.jpg...
2026-07-17 22:22:18,591 [INFO] (quantize_model.py #197, read_calibration_data): Load D:\RA\second\rainy\Yolo-FastestV2\calibration_ho\144_jpg.rf.J68ephWPr471VjUh7u1U.jpg...
2026-07-17 22:22:18,599 [INFO] (quantize_model.py #197, read_calibration_data): Load D:\RA\second\rainy\Yolo-FastestV2\calibration_ho\133_jpg.rf.E2Xr5uKD13AURnmZAgr3.jpg...
2026-07-17 22:22:18,607 [INFO] (quantize_model.py #197, read_calibration_data): Load D:\RA\second\rainy\Yolo-FastestV2\calibration_ho\146_jpg.rf.REsRDgF7vbCALIwrI7Sr.jpg...
2026-07-17 22:22:18,614 [INFO] (quantize_model.py #197, read_calibration_data): Load D:\RA\second\rainy\Yolo-FastestV2\calibration_ho\1025_jpg.rf.lvedMvpngCJmTn89u1Dn.jpg...
2026-07-17 22:22:18,622 [INFO] (quantize_model.py #197, read_calibration_data): Load D:\RA\second\rainy\Yolo-FastestV2\calibration_ho\182_jpg.rf.zNZZMy65rs1Sl69J7qwT.jpg...
2026-07-17 22:22:18,631 [INFO] (quantize_model.py #197, read_calibration_data): Load D:\RA\second\rainy\Yolo-FastestV2\calibration_ho\136_jpg.rf.Om0qTv3MgFW8EZoqUqGw.jpg...
2026-07-17 22:22:18,640 [INFO] (quantize_model.py #197, read_calibration_data): Load D:\RA\second\rainy\Yolo-FastestV2\calibration_ho\140_jpg.rf.FwSbnh5PbRBcNSmkLIZv.jpg...
2026-07-17 22:22:18,648 [INFO] (quantize_model.py #197, read_calibration_data): Load D:\RA\second\rainy\Yolo-FastestV2\calibration_ho\1034_jpg.rf.8uVTNGroTmkhWW9rZlj7.jpg...
2026-07-17 22:22:18,656 [INFO] (quantize_model.py #197, read_calibration_data): Load D:\RA\second\rainy\Yolo-FastestV2\calibration_ho\1049_jpg.rf.riKdJXbenCSHWiSGuUft.jpg...
2026-07-17 22:22:18,664 [INFO] (quantize_model.py #197, read_calibration_data): Load D:\RA\second\rainy\Yolo-FastestV2\calibration_ho\149_jpg.rf.EkomAdunllGJLbLDieK5.jpg...
2026-07-17 22:22:18,672 [INFO] (quantize_model.py #197, read_calibration_data): Load D:\RA\second\rainy\Yolo-FastestV2\calibration_ho\175_jpg.rf.G9RJgodSo8dFdmZD1x5J.jpg...
2026-07-17 22:22:18,680 [INFO] (quantize_model.py #197, read_calibration_data): Load D:\RA\second\rainy\Yolo-FastestV2\calibration_ho\1062_jpg.rf.wv8lKyOQhwEwSulGW3NI.jpg...
2026-07-17 22:22:18,687 [INFO] (quantize_model.py #197, read_calibration_data): Load D:\RA\second\rainy\Yolo-FastestV2\calibration_ho\178_jpg.rf.WFPnfG0OyWre4cKZi5pt.jpg...
2026-07-17 22:22:18,694 [INFO] (quantize_model.py #197, read_calibration_data): Load D:\RA\second\rainy\Yolo-FastestV2\calibration_ho\1050_jpg.rf.XMwT5EawkMvY3SFblTWU.jpg...
2026-07-17 22:22:18,703 [INFO] (quantize_model.py #197, read_calibration_data): Load D:\RA\second\rainy\Yolo-FastestV2\calibration_ho\125_jpg.rf.53TUiIKuP4Ivd2unv24s.jpg...
2026-07-17 22:22:18,710 [INFO] (quantize_model.py #197, read_calibration_data): Load D:\RA\second\rainy\Yolo-FastestV2\calibration_ho\118_jpg.rf.DxrAPCZLlKFeBptmQBEI.jpg...
2026-07-17 22:22:18,719 [INFO] (quantize_model.py #197, read_calibration_data): Load D:\RA\second\rainy\Yolo-FastestV2\calibration_ho\1017_jpg.rf.1pYCx090tRnyu6h9zRzI.jpg...
2026-07-17 22:22:18,728 [INFO] (quantize_model.py #197, read_calibration_data): Load D:\RA\second\rainy\Yolo-FastestV2\calibration_ho\176_jpg.rf.RgyDhDjH5Z19ShVNPIT3.jpg...
2026-07-17 22:22:18,737 [INFO] (quantize_model.py #197, read_calibration_data): Load D:\RA\second\rainy\Yolo-FastestV2\calibration_ho\156_jpg.rf.SfvB8VpQpOjgEy4H7iAm.jpg...
2026-07-17 22:22:18,745 [INFO] (quantize_model.py #197, read_calibration_data): Load D:\RA\second\rainy\Yolo-FastestV2\calibration_ho\134_jpg.rf.Un1k8a2sFRwmFzI9CGqb.jpg...
2026-07-17 22:22:18,758 [INFO] (quantize_model.py #197, read_calibration_data): Load D:\RA\second\rainy\Yolo-FastestV2\calibration_ho\155_jpg.rf.mkMiayeJT5QNlAJifGaB.jpg...
2026-07-17 22:22:18,769 [INFO] (quantize_model.py #197, read_calibration_data): Load D:\RA\second\rainy\Yolo-FastestV2\calibration_ho\1047_jpg.rf.ej7S3jx2r0p8tTwCDOLi.jpg...
2026-07-17 22:22:18,777 [INFO] (quantize_model.py #197, read_calibration_data): Load D:\RA\second\rainy\Yolo-FastestV2\calibration_ho\1026_jpg.rf.9Or5odJxIWrSNmiRvj6C.jpg...
2026-07-17 22:22:18,785 [INFO] (quantize_model.py #197, read_calibration_data): Load D:\RA\second\rainy\Yolo-FastestV2\calibration_ho\151_jpg.rf.v1zUbDkMRjM9VAiWmy6e.jpg...
2026-07-17 22:22:18,793 [INFO] (quantize_model.py #197, read_calibration_data): Load D:\RA\second\rainy\Yolo-FastestV2\calibration_ho\1013_jpg.rf.CjtIywm93qgBR4BOgJ7W.jpg...
2026-07-17 22:22:18,804 [INFO] (quantize_model.py #197, read_calibration_data): Load D:\RA\second\rainy\Yolo-FastestV2\calibration_ho\173_jpg.rf.Ic0yPKkKE9QJKPi8SagA.jpg...
2026-07-17 22:22:18,811 [INFO] (quantize_model.py #197, read_calibration_data): Load D:\RA\second\rainy\Yolo-FastestV2\calibration_ho\189_jpg.rf.XXDn61nO1si0NjAfdu08.jpg...
2026-07-17 22:22:18,819 [INFO] (quantize_model.py #197, read_calibration_data): Load D:\RA\second\rainy\Yolo-FastestV2\calibration_ho\12_jpg.rf.YnKSuUXiNhZgtJWBL9ps.jpg...
2026-07-17 22:22:18,827 [INFO] (quantize_model.py #197, read_calibration_data): Load D:\RA\second\rainy\Yolo-FastestV2\calibration_ho\123_jpg.rf.1ZdWTpJbuzt7Xog8DT7H.jpg...
2026-07-17 22:22:18,835 [INFO] (quantize_model.py #197, read_calibration_data): Load D:\RA\second\rainy\Yolo-FastestV2\calibration_ho\190_jpg.rf.uq58cPbfQM7eFUcZbJMU.jpg...
2026-07-17 22:22:18,844 [INFO] (quantize_model.py #197, read_calibration_data): Load D:\RA\second\rainy\Yolo-FastestV2\calibration_ho\1064_jpg.rf.8fDBwcGiOM2LAk8VpIPZ.jpg...
2026-07-17 22:22:18,855 [INFO] (quantize_model.py #197, read_calibration_data): Load D:\RA\second\rainy\Yolo-FastestV2\calibration_ho\1060_jpg.rf.eX3OiYHY3bbtn78RRhMV.jpg...
2026-07-17 22:22:18,868 [INFO] (mera_quantizer.py #195, __init__): Using existing prepared model for quantization.
2026-07-17 22:22:18,870 [DEBUG] (deploy_project.py #208, save_artifact): Saved json artifact 'qtz_conf.json' into D:\RA\second\rainy\conversion_results\quantized
[22:22:18 +08:00] [error] [thread 16692] C:\ws\workspace\mera\package-cmake-win\mera_cmake\build_mcu\_deps\mera_core-src\src\interpreter\op\mem_impl.cc:145: n.data.shape.rank == 2:  (5 != 2) Not supported
Traceback (most recent call last):
  File "D:\RA\second\rainy\.settings\.plugin\com.renesas.ai.translator\renesas_aicompiler_caller\cli.py", line 149, in <module>
    dispatch(sys.argv[1:])
  File "D:\RA\second\rainy\.settings\.plugin\com.renesas.ai.translator\renesas_aicompiler_caller\cli.py", line 144, in dispatch
    runpy.run_module(module_name, run_name="__main__")
  File "C:\Users\Rainy\AppData\Local\Programs\Python\Python310\lib\runpy.py", line 227, in run_module
    return _run_code(code, {}, init_globals, run_name, mod_spec)
  File "C:\Users\Rainy\AppData\Local\Programs\Python\Python310\lib\runpy.py", line 86, in _run_code
    exec(code, run_globals)
  File "D:\RA\second\rainy\.settings\.plugin\com.renesas.ai.translator\renesas_aicompiler_caller\commands\ruhmi\quantize_model.py", line 498, in <module>
    main(sys.argv[1:])
  File "D:\RA\second\rainy\.settings\.plugin\com.renesas.ai.translator\renesas_aicompiler_caller\commands\ruhmi\quantize_model.py", line 486, in main
    mera_path = quantize(
  File "D:\RA\second\rainy\.settings\.plugin\com.renesas.ai.translator\renesas_aicompiler_caller\commands\ruhmi\quantize_model.py", line 409, in quantize
    qtzer = mera.Quantizer(
  File "D:\Renesas\RA\e2studio_v2025-12_fsp_v6.4.0\ruhmi\.venv\lib\site-packages\mera\mera_quantizer.py", line 218, in __init__
    self.qtzer_impl = m2_quantizer.CreateQuantizer(
RuntimeError: n.data.shape.rank == 2:  (5 != 2) Not supported
[ERROR] Failed to execute the command
Failed to perform quantization.
