T76A8 000:002.199   SEGGER J-Link V9.14a Log File
T76A8 000:002.320   DLL Compiled: Jan 28 2026 17:11:52
T76A8 000:002.325   Logging started @ 2026-08-20 10:53
T76A8 000:002.329   Process: C:\Users\Rainy\.eclipse\com.renesas.platform_823709855\DebugComp\RA\e2-server-gdb.exe
T76A8 000:002.339 - 2.334ms 
T76A8 000:002.352 JLINK_GetDLLVersion()
T76A8 000:002.356 - 0.005ms returns 91401
T76A8 000:005.453 JLINK_OpenEx(...)
T76A8 000:012.379   Firmware: J-Link OB-RA4M2 compiled Dec 10 2025 15:52:53
T76A8 000:013.232   Firmware: J-Link OB-RA4M2 compiled Dec 10 2025 15:52:53
T76A8 000:027.442   Hardware: V1.00
T76A8 000:027.461   S/N: 1083220728
T76A8 000:027.467   OEM: SEGGER
T76A8 000:027.475   Feature(s): None
T76A8 000:027.899   Bootloader: 2021 May 14
T76A8 000:028.226   USB speed mode: Full speed (12 MBit/s)
T76A8 000:028.505   TELNET listener socket opened on port 19021
T76A8 000:028.662   WEBSRV WEBSRV_Init(): Starting webserver thread(s)
T76A8 000:028.813   WEBSRV Webserver running on local port 19080
T76A8 000:028.961   Looking for J-Link GUI Server exe at: C:\Users\Rainy\.eclipse\com.renesas.platform_823709855\DebugComp\RA\ARM\Segger_v9.14.1\JLinkGUIServer.exe
T76A8 000:029.084   Looking for J-Link GUI Server exe at: C:\Program Files\SEGGER\JLink_V942\JLinkGUIServer.exe
T76A8 000:029.120   Forking J-Link GUI Server: C:\Program Files\SEGGER\JLink_V942\JLinkGUIServer.exe
T76A8 000:107.375   J-Link GUI Server info: "J-Link GUI server V9.42 "
T76A8 000:108.523 - 103.060ms returns "O.K."
T76A8 000:108.649 JLINK_TIF_Select(JLINKARM_TIF_SWD)
T76A8 000:109.277 - 0.628ms returns 0x00
T76A8 000:109.303 JLINK_ClrRESET()
T76A8 000:109.573 - 0.269ms 
T76A8 000:160.790 JLINK_SetSpeed(1500)
T76A8 000:160.989 - 0.218ms 
T76A8 000:161.035 JLINK_CORESIGHT_Configure(PerformTIFInit=0)
T76A8 000:161.397 - 0.373ms returns 0
T76A8 000:161.418 JLINK_CORESIGHT_ReadAPDPReg(DP reg 0x00)
T76A8 000:161.879   Value=0x6BA02477
T76A8 000:161.899 - 0.482ms returns 0
T76A8 000:161.922 JLINK_CORESIGHT_WriteAPDPReg(DP reg 0x00, 0x0000001F)
T76A8 000:162.146 - 0.224ms returns 0
T76A8 000:162.156 JLINK_CORESIGHT_ReadAPDPReg(DP reg 0x00)
T76A8 000:162.324   Value=0x6BA02477
T76A8 000:162.332 - 0.176ms returns 0
T76A8 000:162.341 JLINK_CORESIGHT_WriteAPDPReg(DP reg 0x02, 0x00000000)
T76A8 000:162.517 - 0.175ms returns 0
T76A8 000:162.526 JLINK_CORESIGHT_WriteAPDPReg(DP reg 0x01, 0x50000000)
T76A8 000:162.689 - 0.163ms returns 0
T76A8 000:162.705 JLINK_CORESIGHT_ReadAPDPReg(DP reg 0x01)
T76A8 000:162.961   Value=0xF0000000
T76A8 000:162.968 - 0.264ms returns 0
T76A8 000:162.978 JLINK_CORESIGHT_WriteAPDPReg(DP reg 0x00, 0x0000001F)
T76A8 000:163.195 - 0.216ms returns 0
T76A8 000:163.203 JLINK_CORESIGHT_ReadAPDPReg(DP reg 0x00)
T76A8 000:163.393   Value=0x6BA02477
T76A8 000:163.400 - 0.198ms returns 0
T76A8 000:163.410 JLINK_CORESIGHT_WriteAPDPReg(DP reg 0x01, 0x54000000)
T76A8 000:163.581 - 0.170ms returns 0
T76A8 000:164.156 JLINK_CORESIGHT_WriteAPDPReg(DP reg 0x01, 0x50000F00)
T76A8 000:164.347 - 0.191ms returns 0
T76A8 000:164.355 JLINK_CORESIGHT_WriteAPDPReg(DP reg 0x02, 0x01000000)
T76A8 000:164.520 - 0.166ms returns 0
T76A8 000:164.527 JLINK_CORESIGHT_WriteAPDPReg(AP reg 0x00, 0x80000002)
T76A8 000:164.792 - 0.264ms returns 0
T76A8 000:164.814 JLINK_CORESIGHT_WriteAPDPReg(AP reg 0x01, 0x80011100)
T76A8 000:165.020 - 0.206ms returns 0
T76A8 000:165.029 JLINK_CORESIGHT_WriteAPDPReg(AP reg 0x03, 0x000000A5)
T76A8 000:165.197 - 0.167ms returns 0
T76A8 000:165.204 JLINK_CORESIGHT_WriteAPDPReg(AP reg 0x00, 0x80000002)
T76A8 000:166.919 - 1.714ms returns 0
T76A8 000:166.957 JLINK_CORESIGHT_WriteAPDPReg(AP reg 0x01, 0x80011100)
T76A8 000:169.233 - 2.275ms returns 0
T76A8 000:169.256 JLINK_CORESIGHT_ReadAPDPReg(AP reg 0x03)
T76A8 000:169.609   Value=0x000000A5
T76A8 000:169.617 - 0.361ms returns 0
T76A8 000:169.623 JLINK_ClrTMS()
T76A8 000:169.725 - 0.101ms 
T76A8 000:175.111 JLINK_SetTCK()
T76A8 000:175.298 - 0.187ms returns 0
T76A8 000:181.078 JLINK_SetRESET()
T76A8 000:181.361 - 0.282ms 
T76A8 000:382.759 JLINK_CORESIGHT_WriteAPDPReg(AP reg 0x00, 0x80000002)
T76A8 000:383.445 - 0.688ms returns 0
T76A8 000:383.519 JLINK_CORESIGHT_WriteAPDPReg(AP reg 0x01, 0x80011100)
T76A8 000:384.350 - 0.831ms returns 0
T76A8 000:384.406 JLINK_CORESIGHT_ReadAPDPReg(AP reg 0x03)
T76A8 000:384.822   Value=0x00000000
T76A8 000:384.866 - 0.460ms returns 0
T76A8 000:384.891 JLINK_CORESIGHT_WriteAPDPReg(AP reg 0x00, 0x80000002)
T76A8 000:385.321 - 0.429ms returns 0
T76A8 000:385.384 JLINK_CORESIGHT_WriteAPDPReg(AP reg 0x01, 0x80011140)
T76A8 000:385.863 - 0.479ms returns 0
T76A8 000:385.933 JLINK_CORESIGHT_ReadAPDPReg(AP reg 0x03)
T76A8 000:386.493   Value=0x00000002
T76A8 000:386.558 - 0.626ms returns 0
T76A8 000:386.596 JLINK_CORESIGHT_WriteAPDPReg(AP reg 0x00, 0x80000002)
T76A8 000:386.888 - 0.292ms returns 0
T76A8 000:386.955 JLINK_CORESIGHT_WriteAPDPReg(AP reg 0x01, 0x80011120)
T76A8 000:387.347 - 0.392ms returns 0
T76A8 000:387.402 JLINK_CORESIGHT_WriteAPDPReg(AP reg 0x03, 0x00000055)
T76A8 000:388.882 - 1.478ms returns 0
T76A8 000:388.951 JLINK_CORESIGHT_WriteAPDPReg(AP reg 0x00, 0x80000002)
T76A8 000:391.100 - 2.148ms returns 0
T76A8 000:391.198 JLINK_CORESIGHT_WriteAPDPReg(AP reg 0x01, 0x80011140)
T76A8 000:393.196 - 1.999ms returns 0
T76A8 000:393.239 JLINK_CORESIGHT_ReadAPDPReg(AP reg 0x03)
T76A8 000:393.802   Value=0x00000002
T76A8 000:393.860 - 0.621ms returns 0
T76A8 000:393.891 JLINK_CORESIGHT_ReadAPDPReg(AP reg 0x03)
T76A8 000:394.559   Value=0x00000002
T76A8 000:394.670 - 0.779ms returns 0
T76A8 000:394.684 JLINK_CORESIGHT_ReadAPDPReg(AP reg 0x03)
T76A8 000:395.055   Value=0x00000002
T76A8 000:395.097 - 0.412ms returns 0
T76A8 000:395.117 JLINK_CORESIGHT_ReadAPDPReg(AP reg 0x03)
T76A8 000:395.473   Value=0x00000002
T76A8 000:395.534 - 0.416ms returns 0
T76A8 000:395.564 JLINK_CORESIGHT_ReadAPDPReg(AP reg 0x03)
T76A8 000:396.392   Value=0x00000002
T76A8 000:396.445 - 0.881ms returns 0
T76A8 000:396.473 JLINK_CORESIGHT_ReadAPDPReg(AP reg 0x03)
T76A8 000:396.924   Value=0x00000002
T76A8 000:396.974 - 0.501ms returns 0
T76A8 000:397.001 JLINK_CORESIGHT_ReadAPDPReg(AP reg 0x03)
T76A8 000:397.392   Value=0x00000002
T76A8 000:397.439 - 0.437ms returns 0
T76A8 000:397.465 JLINK_CORESIGHT_ReadAPDPReg(AP reg 0x03)
T76A8 000:397.833   Value=0x00000002
T76A8 000:397.879 - 0.413ms returns 0
T76A8 000:397.903 JLINK_CORESIGHT_ReadAPDPReg(AP reg 0x03)
T76A8 000:398.253   Value=0x00000002
T76A8 000:398.297 - 0.394ms returns 0
T76A8 000:399.706 JLINK_CORESIGHT_ReadAPDPReg(AP reg 0x03)
T76A8 000:400.244   Value=0x00000002
T76A8 000:400.280 - 0.574ms returns 0
T76A8 000:400.297 JLINK_CORESIGHT_ReadAPDPReg(AP reg 0x03)
T76A8 000:400.637   Value=0x00000000
T76A8 000:400.679 - 0.381ms returns 0
T76A8 000:400.701 JLINK_CORESIGHT_WriteAPDPReg(AP reg 0x00, 0x80000002)
T76A8 000:401.055 - 0.354ms returns 0
T76A8 000:401.095 JLINK_CORESIGHT_WriteAPDPReg(AP reg 0x01, 0x80011130)
T76A8 000:401.385 - 0.290ms returns 0
T76A8 000:401.443 JLINK_CORESIGHT_ReadAPDPReg(AP reg 0x03)
T76A8 000:403.117   Value=0x000000C6
T76A8 000:403.157 - 1.713ms returns 0
T76A8 000:403.202 JLINK_CORESIGHT_WriteAPDPReg(AP reg 0x00, 0x80000002)
T76A8 000:403.491 - 0.288ms returns 0
T76A8 000:403.523 JLINK_CORESIGHT_WriteAPDPReg(AP reg 0x01, 0x80011140)
T76A8 000:403.805 - 0.282ms returns 0
T76A8 000:403.839 JLINK_CORESIGHT_ReadAPDPReg(AP reg 0x03)
T76A8 000:404.143   Value=0x00000002
T76A8 000:404.176 - 0.337ms returns 0
T76A8 000:404.192 JLINK_CORESIGHT_WriteAPDPReg(AP reg 0x00, 0x80000002)
T76A8 000:404.517 - 0.324ms returns 0
T76A8 000:404.551 JLINK_CORESIGHT_WriteAPDPReg(AP reg 0x01, 0x80011120)
T76A8 000:406.659 - 2.106ms returns 0
T76A8 000:406.736 JLINK_CORESIGHT_WriteAPDPReg(AP reg 0x03, 0x3A010001)
T76A8 000:409.069 - 2.332ms returns 0
T76A8 000:409.235 JLINK_CORESIGHT_WriteAPDPReg(AP reg 0x00, 0x80000002)
T76A8 000:409.565 - 0.330ms returns 0
T76A8 000:409.600 JLINK_CORESIGHT_WriteAPDPReg(AP reg 0x01, 0x80011140)
T76A8 000:409.908 - 0.308ms returns 0
T76A8 000:409.948 JLINK_CORESIGHT_ReadAPDPReg(AP reg 0x03)
T76A8 000:410.257   Value=0x00000002
T76A8 000:410.295 - 0.347ms returns 0
T76A8 000:410.311 JLINK_CORESIGHT_WriteAPDPReg(AP reg 0x00, 0x80000002)
T76A8 000:410.542 - 0.230ms returns 0
T76A8 000:410.572 JLINK_CORESIGHT_WriteAPDPReg(AP reg 0x01, 0x80011120)
T76A8 000:412.690 - 2.116ms returns 0
T76A8 000:412.732 JLINK_CORESIGHT_WriteAPDPReg(AP reg 0x03, 0x000003C5)
T76A8 000:414.732 - 1.999ms returns 0
T76A8 000:414.766 JLINK_CORESIGHT_WriteAPDPReg(AP reg 0x00, 0x80000002)
T76A8 000:415.098 - 0.332ms returns 0
T76A8 000:415.129 JLINK_CORESIGHT_WriteAPDPReg(AP reg 0x01, 0x80011140)
T76A8 000:415.391 - 0.262ms returns 0
T76A8 000:415.419 JLINK_CORESIGHT_ReadAPDPReg(AP reg 0x03)
T76A8 000:415.779   Value=0x00000002
T76A8 000:415.805 - 0.386ms returns 0
T76A8 000:415.819 JLINK_CORESIGHT_ReadAPDPReg(AP reg 0x03)
T76A8 000:416.174   Value=0x00000002
T76A8 000:416.203 - 0.383ms returns 0
T76A8 000:416.216 JLINK_CORESIGHT_ReadAPDPReg(AP reg 0x03)
T76A8 000:416.563   Value=0x00000002
T76A8 000:416.588 - 0.371ms returns 0
T76A8 000:416.601 JLINK_CORESIGHT_ReadAPDPReg(AP reg 0x03)
T76A8 000:416.962   Value=0x00000000
T76A8 000:416.988 - 0.387ms returns 0
T76A8 000:417.002 JLINK_CORESIGHT_WriteAPDPReg(AP reg 0x00, 0x80000002)
T76A8 000:417.204 - 0.201ms returns 0
T76A8 000:417.226 JLINK_CORESIGHT_WriteAPDPReg(AP reg 0x01, 0x80011130)
T76A8 000:417.519 - 0.292ms returns 0
T76A8 000:417.542 JLINK_CORESIGHT_ReadAPDPReg(AP reg 0x03)
T76A8 000:417.806   Value=0x3A2A0081
T76A8 000:417.831 - 0.288ms returns 0
T76A8 000:417.843 JLINK_CORESIGHT_WriteAPDPReg(AP reg 0x00, 0x80000002)
T76A8 000:418.326 - 0.482ms returns 0
T76A8 000:418.350 JLINK_CORESIGHT_WriteAPDPReg(AP reg 0x01, 0x80011140)
T76A8 000:418.558 - 0.207ms returns 0
T76A8 000:418.580 JLINK_CORESIGHT_ReadAPDPReg(AP reg 0x03)
T76A8 000:418.880   Value=0x00000000
T76A8 000:418.904 - 0.323ms returns 0
T76A8 000:418.916 JLINK_CORESIGHT_WriteAPDPReg(AP reg 0x00, 0x80000002)
T76A8 000:419.141 - 0.224ms returns 0
T76A8 000:419.163 JLINK_CORESIGHT_WriteAPDPReg(AP reg 0x01, 0x80011130)
T76A8 000:419.359 - 0.195ms returns 0
T76A8 000:419.381 JLINK_CORESIGHT_ReadAPDPReg(AP reg 0x03)
T76A8 000:419.693   Value=0x808D5B00
T76A8 000:419.714 - 0.332ms returns 0
T76A8 000:419.726 JLINK_CORESIGHT_WriteAPDPReg(AP reg 0x00, 0x80000002)
T76A8 000:421.003 - 1.276ms returns 0
T76A8 000:421.028 JLINK_CORESIGHT_WriteAPDPReg(AP reg 0x01, 0x80011140)
T76A8 000:421.228 - 0.200ms returns 0
T76A8 000:421.251 JLINK_CORESIGHT_ReadAPDPReg(AP reg 0x03)
T76A8 000:421.501   Value=0x00000000
T76A8 000:421.631 - 0.380ms returns 0
T76A8 000:421.663 JLINK_CORESIGHT_WriteAPDPReg(AP reg 0x00, 0x80000002)
T76A8 000:421.876 - 0.212ms returns 0
T76A8 000:421.899 JLINK_CORESIGHT_WriteAPDPReg(AP reg 0x01, 0x80011130)
T76A8 000:422.336 - 0.435ms returns 0
T76A8 000:422.395 JLINK_CORESIGHT_ReadAPDPReg(AP reg 0x03)
T76A8 000:422.724   Value=0x0406070A
T76A8 000:422.747 - 0.352ms returns 0
T76A8 000:422.758 JLINK_CORESIGHT_WriteAPDPReg(AP reg 0x00, 0x80000002)
T76A8 000:423.041 - 0.283ms returns 0
T76A8 000:423.059 JLINK_CORESIGHT_WriteAPDPReg(AP reg 0x01, 0x80011140)
T76A8 000:424.602 - 1.541ms returns 0
T76A8 000:424.677 JLINK_CORESIGHT_ReadAPDPReg(AP reg 0x03)
T76A8 000:425.074   Value=0x00000000
T76A8 000:425.093 - 0.416ms returns 0
T76A8 000:425.109 JLINK_CORESIGHT_WriteAPDPReg(AP reg 0x00, 0x80000002)
T76A8 000:426.547 - 1.435ms returns 0
T76A8 000:426.631 JLINK_CORESIGHT_WriteAPDPReg(AP reg 0x01, 0x80011130)
T76A8 000:429.006 - 2.372ms returns 0
T76A8 000:429.095 JLINK_CORESIGHT_ReadAPDPReg(AP reg 0x03)
T76A8 000:429.510   Value=0x3254540B
T76A8 000:429.673 - 0.577ms returns 0
T76A8 000:429.698 JLINK_CORESIGHT_WriteAPDPReg(AP reg 0x00, 0x80000002)
T76A8 000:429.990 - 0.292ms returns 0
T76A8 000:430.018 JLINK_CORESIGHT_WriteAPDPReg(AP reg 0x01, 0x80011140)
T76A8 000:430.224 - 0.206ms returns 0
T76A8 000:430.251 JLINK_CORESIGHT_ReadAPDPReg(AP reg 0x03)
T76A8 000:430.663   Value=0x00000000
T76A8 000:430.703 - 0.451ms returns 0
T76A8 000:430.745 JLINK_CORESIGHT_WriteAPDPReg(AP reg 0x00, 0x80000002)
T76A8 000:431.211 - 0.466ms returns 0
T76A8 000:431.258 JLINK_CORESIGHT_WriteAPDPReg(AP reg 0x01, 0x80011130)
T76A8 000:433.580 - 2.322ms returns 0
T76A8 000:433.636 JLINK_CORESIGHT_ReadAPDPReg(AP reg 0x03)
T76A8 000:434.061   Value=0x54D4E359
T76A8 000:434.098 - 0.462ms returns 0
T76A8 000:434.128 JLINK_CORESIGHT_WriteAPDPReg(AP reg 0x00, 0x80000002)
T76A8 000:435.718 - 1.591ms returns 0
T76A8 000:435.760 JLINK_CORESIGHT_WriteAPDPReg(AP reg 0x01, 0x80011140)
T76A8 000:436.128 - 0.367ms returns 0
T76A8 000:436.209 JLINK_CORESIGHT_ReadAPDPReg(AP reg 0x03)
T76A8 000:436.632   Value=0x00000000
T76A8 000:436.659 - 0.450ms returns 0
T76A8 000:436.680 JLINK_CORESIGHT_WriteAPDPReg(AP reg 0x00, 0x80000002)
T76A8 000:439.276 - 2.596ms returns 0
T76A8 000:439.319 JLINK_CORESIGHT_WriteAPDPReg(AP reg 0x01, 0x80011130)
T76A8 000:439.626 - 0.306ms returns 0
T76A8 000:439.713 JLINK_CORESIGHT_ReadAPDPReg(AP reg 0x03)
T76A8 000:440.342   Value=0x34325736
T76A8 000:440.373 - 0.661ms returns 0
T76A8 000:440.398 JLINK_CORESIGHT_WriteAPDPReg(AP reg 0x00, 0x80000002)
T76A8 000:440.706 - 0.308ms returns 0
T76A8 000:440.746 JLINK_CORESIGHT_WriteAPDPReg(AP reg 0x01, 0x80011140)
T76A8 000:441.606 - 0.859ms returns 0
T76A8 000:441.642 JLINK_CORESIGHT_ReadAPDPReg(AP reg 0x03)
T76A8 000:442.011   Value=0x00000000
T76A8 000:442.038 - 0.396ms returns 0
T76A8 000:442.068 JLINK_CORESIGHT_WriteAPDPReg(AP reg 0x00, 0x80000002)
T76A8 000:442.303 - 0.234ms returns 0
T76A8 000:442.330 JLINK_CORESIGHT_WriteAPDPReg(AP reg 0x01, 0x80011130)
T76A8 000:442.542 - 0.211ms returns 0
T76A8 000:442.567 JLINK_CORESIGHT_ReadAPDPReg(AP reg 0x03)
T76A8 000:442.989   Value=0x63082D30
T76A8 000:443.029 - 0.462ms returns 0
T76A8 000:443.048 JLINK_CORESIGHT_WriteAPDPReg(AP reg 0x00, 0x80000002)
T76A8 000:443.281 - 0.232ms returns 0
T76A8 000:443.306 JLINK_CORESIGHT_WriteAPDPReg(AP reg 0x01, 0x80011140)
T76A8 000:443.534 - 0.227ms returns 0
T76A8 000:443.566 JLINK_CORESIGHT_ReadAPDPReg(AP reg 0x03)
T76A8 000:443.918   Value=0x00000000
T76A8 000:443.941 - 0.375ms returns 0
T76A8 000:443.959 JLINK_CORESIGHT_WriteAPDPReg(AP reg 0x00, 0x80000002)
T76A8 000:445.394 - 1.434ms returns 0
T76A8 000:445.443 JLINK_CORESIGHT_WriteAPDPReg(AP reg 0x01, 0x80011130)
T76A8 000:447.690 - 2.246ms returns 0
T76A8 000:447.723 JLINK_CORESIGHT_ReadAPDPReg(AP reg 0x03)
T76A8 000:448.038   Value=0x4B375276
T76A8 000:448.059 - 0.335ms returns 0
T76A8 000:448.076 JLINK_CORESIGHT_WriteAPDPReg(AP reg 0x00, 0x80000002)
T76A8 000:449.935 - 1.858ms returns 0
T76A8 000:449.966 JLINK_CORESIGHT_WriteAPDPReg(AP reg 0x01, 0x80011140)
T76A8 000:450.234 - 0.268ms returns 0
T76A8 000:450.269 JLINK_CORESIGHT_ReadAPDPReg(AP reg 0x03)
T76A8 000:450.655   Value=0x00000000
T76A8 000:450.779 - 0.508ms returns 0
T76A8 000:450.850 JLINK_CORESIGHT_WriteAPDPReg(AP reg 0x00, 0x80000002)
T76A8 000:451.170 - 0.321ms returns 0
T76A8 000:451.198 JLINK_CORESIGHT_WriteAPDPReg(AP reg 0x01, 0x80011130)
T76A8 000:453.324 - 2.125ms returns 0
T76A8 000:453.368 JLINK_CORESIGHT_ReadAPDPReg(AP reg 0x03)
T76A8 000:453.666   Value=0x31503841
T76A8 000:453.693 - 0.325ms returns 0
T76A8 000:453.710 JLINK_CORESIGHT_WriteAPDPReg(AP reg 0x00, 0x80000002)
T76A8 000:456.144 - 2.433ms returns 0
T76A8 000:456.175 JLINK_CORESIGHT_WriteAPDPReg(AP reg 0x01, 0x80011140)
T76A8 000:456.460 - 0.285ms returns 0
T76A8 000:456.490 JLINK_CORESIGHT_ReadAPDPReg(AP reg 0x03)
T76A8 000:456.780   Value=0x00000000
T76A8 000:456.801 - 0.311ms returns 0
T76A8 000:456.817 JLINK_CORESIGHT_WriteAPDPReg(AP reg 0x00, 0x80000002)
T76A8 000:457.081 - 0.263ms returns 0
T76A8 000:457.138 JLINK_CORESIGHT_WriteAPDPReg(AP reg 0x01, 0x80011130)
T76A8 000:457.523 - 0.385ms returns 0
T76A8 000:457.561 JLINK_CORESIGHT_ReadAPDPReg(AP reg 0x03)
T76A8 000:457.863   Value=0x434C464B
T76A8 000:457.884 - 0.323ms returns 0
T76A8 000:457.899 JLINK_CORESIGHT_WriteAPDPReg(AP reg 0x00, 0x80000002)
T76A8 000:458.180 - 0.281ms returns 0
T76A8 000:458.331 JLINK_CORESIGHT_WriteAPDPReg(AP reg 0x01, 0x80011140)
T76A8 000:458.797 - 0.467ms returns 0
T76A8 000:461.243 JLINK_CORESIGHT_ReadAPDPReg(AP reg 0x03)
T76A8 000:461.639   Value=0x00000000
T76A8 000:461.685 - 0.441ms returns 0
T76A8 000:461.711 JLINK_CORESIGHT_WriteAPDPReg(AP reg 0x00, 0x80000002)
T76A8 000:462.121 - 0.409ms returns 0
T76A8 000:462.153 JLINK_CORESIGHT_WriteAPDPReg(AP reg 0x01, 0x80011130)
T76A8 000:462.539 - 0.385ms returns 0
T76A8 000:462.562 JLINK_CORESIGHT_ReadAPDPReg(AP reg 0x03)
T76A8 000:464.059   Value=0x20204341
T76A8 000:464.080 - 1.518ms returns 0
T76A8 000:464.094 JLINK_CORESIGHT_WriteAPDPReg(AP reg 0x00, 0x80000002)
T76A8 000:464.390 - 0.296ms returns 0
T76A8 000:464.420 JLINK_CORESIGHT_WriteAPDPReg(AP reg 0x01, 0x80011140)
T76A8 000:464.698 - 0.276ms returns 0
T76A8 000:464.727 JLINK_CORESIGHT_ReadAPDPReg(AP reg 0x03)
T76A8 000:465.055   Value=0x00000000
T76A8 000:465.096 - 0.369ms returns 0
T76A8 000:465.120 JLINK_CORESIGHT_WriteAPDPReg(AP reg 0x00, 0x80000002)
T76A8 000:465.453 - 0.332ms returns 0
T76A8 000:465.486 JLINK_CORESIGHT_WriteAPDPReg(AP reg 0x01, 0x80011130)
T76A8 000:465.811 - 0.323ms returns 0
T76A8 000:465.836 JLINK_CORESIGHT_ReadAPDPReg(AP reg 0x03)
T76A8 000:466.262   Value=0x0003CD20
T76A8 000:466.281 - 0.444ms returns 0
T76A8 000:466.432 JLINK_CORESIGHT_WriteAPDPReg(AP reg 0x00, 0x80000002)
T76A8 000:466.754 - 0.322ms returns 0
T76A8 000:466.781 JLINK_CORESIGHT_WriteAPDPReg(AP reg 0x01, 0x80011140)
T76A8 000:467.056 - 0.275ms returns 0
T76A8 000:467.077 JLINK_CORESIGHT_ReadAPDPReg(AP reg 0x03)
T76A8 000:467.405   Value=0x00000002
T76A8 000:467.433 - 0.356ms returns 0
T76A8 000:467.444 JLINK_CORESIGHT_WriteAPDPReg(AP reg 0x00, 0x80000002)
T76A8 000:467.745 - 0.300ms returns 0
T76A8 000:467.772 JLINK_CORESIGHT_WriteAPDPReg(AP reg 0x01, 0x80011120)
T76A8 000:468.104 - 0.331ms returns 0
T76A8 000:468.134 JLINK_CORESIGHT_WriteAPDPReg(AP reg 0x03, 0x39020001)
T76A8 000:468.587 - 0.452ms returns 0
T76A8 000:468.611 JLINK_CORESIGHT_WriteAPDPReg(AP reg 0x00, 0x80000002)
T76A8 000:468.860 - 0.248ms returns 0
T76A8 000:468.923 JLINK_CORESIGHT_WriteAPDPReg(AP reg 0x01, 0x80011140)
T76A8 000:469.263 - 0.341ms returns 0
T76A8 000:469.323 JLINK_CORESIGHT_ReadAPDPReg(AP reg 0x03)
T76A8 000:469.734   Value=0x00000002
T76A8 000:469.769 - 0.450ms returns 0
T76A8 000:469.792 JLINK_CORESIGHT_WriteAPDPReg(AP reg 0x00, 0x80000002)
T76A8 000:470.202 - 0.410ms returns 0
T76A8 000:470.225 JLINK_CORESIGHT_WriteAPDPReg(AP reg 0x01, 0x80011120)
T76A8 000:470.521 - 0.295ms returns 0
T76A8 000:470.550 JLINK_CORESIGHT_WriteAPDPReg(AP reg 0x03, 0x0003B312)
T76A8 000:470.895 - 0.344ms returns 0
T76A8 000:470.926 JLINK_CORESIGHT_WriteAPDPReg(AP reg 0x00, 0x80000002)
T76A8 000:471.153 - 0.226ms returns 0
T76A8 000:471.183 JLINK_CORESIGHT_WriteAPDPReg(AP reg 0x01, 0x80011140)
T76A8 000:471.372 - 0.189ms returns 0
T76A8 000:471.409 JLINK_CORESIGHT_ReadAPDPReg(AP reg 0x03)
T76A8 000:471.724   Value=0x00000000
T76A8 000:471.751 - 0.342ms returns 0
T76A8 000:471.767 JLINK_CORESIGHT_WriteAPDPReg(AP reg 0x00, 0x80000002)
T76A8 000:472.133 - 0.365ms returns 0
T76A8 000:472.158 JLINK_CORESIGHT_WriteAPDPReg(AP reg 0x01, 0x80011130)
T76A8 000:472.427 - 0.268ms returns 0
T76A8 000:472.458 JLINK_CORESIGHT_ReadAPDPReg(AP reg 0x03)
T76A8 000:472.813   Value=0xB90A0081
T76A8 000:472.838 - 0.379ms returns 0
T76A8 000:472.857 JLINK_CORESIGHT_WriteAPDPReg(AP reg 0x00, 0x80000002)
T76A8 000:473.219 - 0.361ms returns 0
T76A8 000:473.252 JLINK_CORESIGHT_WriteAPDPReg(AP reg 0x01, 0x80011140)
T76A8 000:473.569 - 0.316ms returns 0
T76A8 000:473.604 JLINK_CORESIGHT_ReadAPDPReg(AP reg 0x03)
T76A8 000:474.674   Value=0x00000000
T76A8 000:474.715 - 1.111ms returns 0
T76A8 000:474.736 JLINK_CORESIGHT_WriteAPDPReg(AP reg 0x00, 0x80000002)
T76A8 000:475.018 - 0.281ms returns 0
T76A8 000:475.052 JLINK_CORESIGHT_WriteAPDPReg(AP reg 0x01, 0x80011130)
T76A8 000:475.432 - 0.380ms returns 0
T76A8 000:475.465 JLINK_CORESIGHT_ReadAPDPReg(AP reg 0x03)
T76A8 000:475.842   Value=0xFFFFFFC0
T76A8 000:475.895 - 0.430ms returns 0
T76A8 000:475.912 JLINK_CORESIGHT_WriteAPDPReg(AP reg 0x00, 0x80000002)
T76A8 000:476.226 - 0.313ms returns 0
T76A8 000:476.260 JLINK_CORESIGHT_WriteAPDPReg(AP reg 0x01, 0x80011140)
T76A8 000:476.621 - 0.360ms returns 0
T76A8 000:476.654 JLINK_CORESIGHT_ReadAPDPReg(AP reg 0x03)
T76A8 000:477.942   Value=0x00000000
T76A8 000:477.980 - 1.325ms returns 0
T76A8 000:477.998 JLINK_CORESIGHT_WriteAPDPReg(AP reg 0x00, 0x80000002)
T76A8 000:478.284 - 0.285ms returns 0
T76A8 000:478.333 JLINK_CORESIGHT_WriteAPDPReg(AP reg 0x01, 0x80011130)
T76A8 000:478.613 - 0.279ms returns 0
T76A8 000:478.657 JLINK_CORESIGHT_ReadAPDPReg(AP reg 0x03)
T76A8 000:480.633   Value=0xFFFFFFFF
T76A8 000:480.681 - 2.022ms returns 0
T76A8 000:480.705 JLINK_CORESIGHT_WriteAPDPReg(AP reg 0x00, 0x80000002)
T76A8 000:480.944 - 0.239ms returns 0
T76A8 000:480.975 JLINK_CORESIGHT_WriteAPDPReg(AP reg 0x01, 0x80011140)
T76A8 000:481.325 - 0.349ms returns 0
T76A8 000:481.364 JLINK_CORESIGHT_ReadAPDPReg(AP reg 0x03)
T76A8 000:481.767   Value=0x00000000
T76A8 000:481.805 - 0.441ms returns 0
T76A8 000:481.830 JLINK_CORESIGHT_WriteAPDPReg(AP reg 0x00, 0x80000002)
T76A8 000:482.250 - 0.420ms returns 0
T76A8 000:482.283 JLINK_CORESIGHT_WriteAPDPReg(AP reg 0x01, 0x80011130)
T76A8 000:482.613 - 0.329ms returns 0
T76A8 000:482.646 JLINK_CORESIGHT_ReadAPDPReg(AP reg 0x03)
T76A8 000:483.004   Value=0x000385FF
T76A8 000:483.043 - 0.397ms returns 0
T76A8 000:483.210 JLINK_CORESIGHT_WriteAPDPReg(AP reg 0x00, 0x80000002)
T76A8 000:483.545 - 0.335ms returns 0
T76A8 000:483.588 JLINK_CORESIGHT_WriteAPDPReg(AP reg 0x01, 0x80011140)
T76A8 000:483.895 - 0.307ms returns 0
T76A8 000:483.928 JLINK_CORESIGHT_ReadAPDPReg(AP reg 0x03)
T76A8 000:484.354   Value=0x00000002
T76A8 000:484.389 - 0.460ms returns 0
T76A8 000:484.413 JLINK_CORESIGHT_WriteAPDPReg(AP reg 0x00, 0x80000002)
T76A8 000:484.729 - 0.315ms returns 0
T76A8 000:484.767 JLINK_CORESIGHT_WriteAPDPReg(AP reg 0x01, 0x80011120)
T76A8 000:485.070 - 0.304ms returns 0
T76A8 000:485.086 JLINK_CORESIGHT_WriteAPDPReg(AP reg 0x03, 0x2C010001)
T76A8 000:485.279 - 0.193ms returns 0
T76A8 000:485.308 JLINK_CORESIGHT_WriteAPDPReg(AP reg 0x00, 0x80000002)
T76A8 000:485.546 - 0.238ms returns 0
T76A8 000:485.558 JLINK_CORESIGHT_WriteAPDPReg(AP reg 0x01, 0x80011140)
T76A8 000:485.883 - 0.325ms returns 0
T76A8 000:485.896 JLINK_CORESIGHT_ReadAPDPReg(AP reg 0x03)
T76A8 000:486.199   Value=0x00000002
T76A8 000:486.237 - 0.340ms returns 0
T76A8 000:486.270 JLINK_CORESIGHT_WriteAPDPReg(AP reg 0x00, 0x80000002)
T76A8 000:486.778 - 0.509ms returns 0
T76A8 000:486.800 JLINK_CORESIGHT_WriteAPDPReg(AP reg 0x01, 0x80011120)
T76A8 000:487.140 - 0.339ms returns 0
T76A8 000:487.161 JLINK_CORESIGHT_WriteAPDPReg(AP reg 0x03, 0x000003D3)
T76A8 000:487.368 - 0.204ms returns 0
T76A8 000:487.439 JLINK_CORESIGHT_WriteAPDPReg(AP reg 0x00, 0x80000002)
T76A8 000:487.818 - 0.380ms returns 0
T76A8 000:487.841 JLINK_CORESIGHT_WriteAPDPReg(AP reg 0x01, 0x80011140)
T76A8 000:489.761 - 1.918ms returns 0
T76A8 000:489.803 JLINK_CORESIGHT_ReadAPDPReg(AP reg 0x03)
T76A8 000:490.075   Value=0x00000000
T76A8 000:490.121 - 0.317ms returns 0
T76A8 000:490.150 JLINK_CORESIGHT_WriteAPDPReg(AP reg 0x00, 0x80000002)
T76A8 000:490.449 - 0.298ms returns 0
T76A8 000:490.510 JLINK_CORESIGHT_WriteAPDPReg(AP reg 0x01, 0x80011130)
T76A8 000:492.796 - 2.286ms returns 0
T76A8 000:492.904 JLINK_CORESIGHT_ReadAPDPReg(AP reg 0x03)
T76A8 000:493.415   Value=0x2C020081
T76A8 000:493.430 - 0.527ms returns 0
T76A8 000:493.443 JLINK_CORESIGHT_WriteAPDPReg(AP reg 0x00, 0x80000002)
T76A8 000:495.104 - 1.660ms returns 0
T76A8 000:495.146 JLINK_CORESIGHT_WriteAPDPReg(AP reg 0x01, 0x80011140)
T76A8 000:495.466 - 0.319ms returns 0
T76A8 000:495.487 JLINK_CORESIGHT_ReadAPDPReg(AP reg 0x03)
T76A8 000:495.892   Value=0x00000000
T76A8 000:495.907 - 0.420ms returns 0
T76A8 000:495.920 JLINK_CORESIGHT_WriteAPDPReg(AP reg 0x00, 0x80000002)
T76A8 000:496.273 - 0.353ms returns 0
T76A8 000:496.300 JLINK_CORESIGHT_WriteAPDPReg(AP reg 0x01, 0x80011130)
T76A8 000:496.641 - 0.340ms returns 0
T76A8 000:496.661 JLINK_CORESIGHT_ReadAPDPReg(AP reg 0x03)
T76A8 000:497.114   Value=0x0003CE04
T76A8 000:497.240 - 0.578ms returns 0
T76A8 000:498.528 JLINK_CORESIGHT_WriteAPDPReg(AP reg 0x00, 0x80000002)
T76A8 000:500.593 - 2.064ms returns 0
T76A8 000:500.615 JLINK_CORESIGHT_WriteAPDPReg(AP reg 0x01, 0x80011140)
T76A8 000:501.867 - 1.252ms returns 0
T76A8 000:501.979 JLINK_CORESIGHT_ReadAPDPReg(AP reg 0x03)
T76A8 000:504.160   Value=0x00000002
T76A8 000:504.205 - 2.226ms returns 0
T76A8 000:504.231 JLINK_CORESIGHT_WriteAPDPReg(AP reg 0x00, 0x80000002)
T76A8 000:504.692 - 0.461ms returns 0
T76A8 000:504.711 JLINK_CORESIGHT_WriteAPDPReg(AP reg 0x01, 0x80011120)
T76A8 000:506.569 - 1.858ms returns 0
T76A8 000:506.583 JLINK_CORESIGHT_WriteAPDPReg(AP reg 0x03, 0x73010001)
T76A8 000:508.904 - 2.320ms returns 0
T76A8 000:508.942 JLINK_CORESIGHT_WriteAPDPReg(AP reg 0x00, 0x80000002)
T76A8 000:511.102 - 2.160ms returns 0
T76A8 000:511.150 JLINK_CORESIGHT_WriteAPDPReg(AP reg 0x01, 0x80011140)
T76A8 000:511.459 - 0.309ms returns 0
T76A8 000:511.502 JLINK_CORESIGHT_ReadAPDPReg(AP reg 0x03)
T76A8 000:511.904   Value=0x00000002
T76A8 000:511.948 - 0.445ms returns 0
T76A8 000:511.973 JLINK_CORESIGHT_WriteAPDPReg(AP reg 0x00, 0x80000002)
T76A8 000:513.596 - 1.624ms returns 0
T76A8 000:513.610 JLINK_CORESIGHT_WriteAPDPReg(AP reg 0x01, 0x80011120)
T76A8 000:515.998 - 2.387ms returns 0
T76A8 000:516.022 JLINK_CORESIGHT_WriteAPDPReg(AP reg 0x03, 0x0000038C)
T76A8 000:516.247 - 0.223ms returns 0
T76A8 000:516.314 JLINK_CORESIGHT_WriteAPDPReg(AP reg 0x00, 0x80000002)
T76A8 000:516.652 - 0.339ms returns 0
T76A8 000:516.668 JLINK_CORESIGHT_WriteAPDPReg(AP reg 0x01, 0x80011140)
T76A8 000:516.905 - 0.235ms returns 0
T76A8 000:517.127 JLINK_CORESIGHT_ReadAPDPReg(AP reg 0x03)
T76A8 000:517.545   Value=0x00000002
T76A8 000:517.584 - 0.457ms returns 0
T76A8 000:517.624 JLINK_CORESIGHT_ReadAPDPReg(AP reg 0x03)
T76A8 000:519.218   Value=0x00000002
T76A8 000:519.357 - 1.731ms returns 0
T76A8 000:519.382 JLINK_CORESIGHT_ReadAPDPReg(AP reg 0x03)
T76A8 000:519.759   Value=0x00000000
T76A8 000:519.807 - 0.424ms returns 0
T76A8 000:519.832 JLINK_CORESIGHT_WriteAPDPReg(AP reg 0x00, 0x80000002)
T76A8 000:520.241 - 0.407ms returns 0
T76A8 000:520.286 JLINK_CORESIGHT_WriteAPDPReg(AP reg 0x01, 0x80011130)
T76A8 000:520.569 - 0.283ms returns 0
T76A8 000:520.624 JLINK_CORESIGHT_ReadAPDPReg(AP reg 0x03)
T76A8 000:521.002   Value=0x73020081
T76A8 000:521.048 - 0.423ms returns 0
T76A8 000:521.083 JLINK_CORESIGHT_WriteAPDPReg(AP reg 0x00, 0x80000002)
T76A8 000:521.309 - 0.226ms returns 0
T76A8 000:521.322 JLINK_CORESIGHT_WriteAPDPReg(AP reg 0x01, 0x80011140)
T76A8 000:522.741 - 1.417ms returns 0
T76A8 000:522.799 JLINK_CORESIGHT_ReadAPDPReg(AP reg 0x03)
T76A8 000:523.504   Value=0x00000000
T76A8 000:523.528 - 0.730ms returns 0
T76A8 000:523.536 JLINK_CORESIGHT_WriteAPDPReg(AP reg 0x00, 0x80000002)
T76A8 000:523.827 - 0.289ms returns 0
T76A8 000:523.887 JLINK_CORESIGHT_WriteAPDPReg(AP reg 0x01, 0x80011130)
T76A8 000:526.152 - 2.264ms returns 0
T76A8 000:526.201 JLINK_CORESIGHT_ReadAPDPReg(AP reg 0x03)
T76A8 000:526.535   Value=0x00038902
T76A8 000:526.551 - 0.350ms returns 0
T76A8 000:526.566 JLINK_CORESIGHT_WriteAPDPReg(AP reg 0x00, 0x80000002)
T76A8 000:527.003 - 0.436ms returns 0
T76A8 000:527.041 JLINK_CORESIGHT_WriteAPDPReg(AP reg 0x01, 0x80011140)
T76A8 000:529.387 - 2.345ms returns 0
T76A8 000:529.412 JLINK_CORESIGHT_ReadAPDPReg(AP reg 0x03)
T76A8 000:531.596   Value=0x00000002
T76A8 000:531.633 - 2.220ms returns 0
T76A8 000:531.650 JLINK_CORESIGHT_WriteAPDPReg(AP reg 0x00, 0x80000002)
T76A8 000:531.883 - 0.232ms returns 0
T76A8 000:531.912 JLINK_CORESIGHT_WriteAPDPReg(AP reg 0x01, 0x80011120)
T76A8 000:532.255 - 0.343ms returns 0
T76A8 000:532.322 JLINK_CORESIGHT_WriteAPDPReg(AP reg 0x03, 0x75010001)
T76A8 000:532.639 - 0.321ms returns 0
T76A8 000:532.661 JLINK_CORESIGHT_WriteAPDPReg(AP reg 0x00, 0x80000002)
T76A8 000:532.889 - 0.227ms returns 0
T76A8 000:532.911 JLINK_CORESIGHT_WriteAPDPReg(AP reg 0x01, 0x80011140)
T76A8 000:533.145 - 0.233ms returns 0
T76A8 000:533.167 JLINK_CORESIGHT_ReadAPDPReg(AP reg 0x03)
T76A8 000:533.439   Value=0x00000002
T76A8 000:533.460 - 0.293ms returns 0
T76A8 000:533.478 JLINK_CORESIGHT_WriteAPDPReg(AP reg 0x00, 0x80000002)
T76A8 000:533.752 - 0.273ms returns 0
T76A8 000:533.771 JLINK_CORESIGHT_WriteAPDPReg(AP reg 0x01, 0x80011120)
T76A8 000:533.989 - 0.217ms returns 0
T76A8 000:534.004 JLINK_CORESIGHT_WriteAPDPReg(AP reg 0x03, 0x0000038A)
T76A8 000:534.295 - 0.291ms returns 0
T76A8 000:534.316 JLINK_CORESIGHT_WriteAPDPReg(AP reg 0x00, 0x80000002)
T76A8 000:534.608 - 0.291ms returns 0
T76A8 000:534.632 JLINK_CORESIGHT_WriteAPDPReg(AP reg 0x01, 0x80011140)
T76A8 000:537.060 - 2.426ms returns 0
T76A8 000:537.108 JLINK_CORESIGHT_ReadAPDPReg(AP reg 0x03)
T76A8 000:539.097   Value=0x00000000
T76A8 000:539.150 - 2.041ms returns 0
T76A8 000:539.191 JLINK_CORESIGHT_WriteAPDPReg(AP reg 0x00, 0x80000002)
T76A8 000:539.439 - 0.247ms returns 0
T76A8 000:539.448 JLINK_CORESIGHT_WriteAPDPReg(AP reg 0x01, 0x80011130)
T76A8 000:539.744 - 0.295ms returns 0
T76A8 000:540.627 JLINK_CORESIGHT_ReadAPDPReg(AP reg 0x03)
T76A8 000:540.951   Value=0x75020081
T76A8 000:540.960 - 0.332ms returns 0
T76A8 000:540.968 JLINK_CORESIGHT_WriteAPDPReg(AP reg 0x00, 0x80000002)
T76A8 000:541.169 - 0.201ms returns 0
T76A8 000:541.178 JLINK_CORESIGHT_WriteAPDPReg(AP reg 0x01, 0x80011140)
T76A8 000:541.475 - 0.297ms returns 0
T76A8 000:541.485 JLINK_CORESIGHT_ReadAPDPReg(AP reg 0x03)
T76A8 000:541.766   Value=0x00000000
T76A8 000:541.777 - 0.291ms returns 0
T76A8 000:541.784 JLINK_CORESIGHT_WriteAPDPReg(AP reg 0x00, 0x80000002)
T76A8 000:542.028 - 0.244ms returns 0
T76A8 000:542.035 JLINK_CORESIGHT_WriteAPDPReg(AP reg 0x01, 0x80011130)
T76A8 000:542.241 - 0.204ms returns 0
T76A8 000:542.294 JLINK_CORESIGHT_ReadAPDPReg(AP reg 0x03)
T76A8 000:542.627   Value=0x00038702
T76A8 000:542.674 - 0.380ms returns 0
T76A8 000:542.715 JLINK_CORESIGHT_WriteAPDPReg(AP reg 0x00, 0x80000002)
T76A8 000:543.002 - 0.287ms returns 0
T76A8 000:543.014 JLINK_CORESIGHT_WriteAPDPReg(AP reg 0x01, 0x80011140)
T76A8 000:543.187 - 0.172ms returns 0
T76A8 000:543.196 JLINK_CORESIGHT_ReadAPDPReg(AP reg 0x03)
T76A8 000:543.458   Value=0x00000002
T76A8 000:543.465 - 0.268ms returns 0
T76A8 000:543.471 JLINK_CORESIGHT_WriteAPDPReg(AP reg 0x00, 0x80000002)
T76A8 000:543.679 - 0.207ms returns 0
T76A8 000:543.685 JLINK_CORESIGHT_WriteAPDPReg(AP reg 0x01, 0x80011120)
T76A8 000:543.912 - 0.226ms returns 0
T76A8 000:543.918 JLINK_CORESIGHT_WriteAPDPReg(AP reg 0x03, 0x4F010001)
T76A8 000:544.143 - 0.225ms returns 0
T76A8 000:544.150 JLINK_CORESIGHT_WriteAPDPReg(AP reg 0x00, 0x80000002)
T76A8 000:544.369 - 0.219ms returns 0
T76A8 000:544.376 JLINK_CORESIGHT_WriteAPDPReg(AP reg 0x01, 0x80011140)
T76A8 000:544.616 - 0.240ms returns 0
T76A8 000:544.623 JLINK_CORESIGHT_ReadAPDPReg(AP reg 0x03)
T76A8 000:545.027   Value=0x00000002
T76A8 000:545.047 - 0.424ms returns 0
T76A8 000:545.064 JLINK_CORESIGHT_WriteAPDPReg(AP reg 0x00, 0x80000002)
T76A8 000:545.307 - 0.244ms returns 0
T76A8 000:545.314 JLINK_CORESIGHT_WriteAPDPReg(AP reg 0x01, 0x80011120)
T76A8 000:545.487 - 0.173ms returns 0
T76A8 000:545.493 JLINK_CORESIGHT_WriteAPDPReg(AP reg 0x03, 0x000003B0)
T76A8 000:545.661 - 0.168ms returns 0
T76A8 000:545.667 JLINK_CORESIGHT_WriteAPDPReg(AP reg 0x00, 0x80000002)
T76A8 000:545.876 - 0.209ms returns 0
T76A8 000:545.882 JLINK_CORESIGHT_WriteAPDPReg(AP reg 0x01, 0x80011140)
T76A8 000:546.078 - 0.195ms returns 0
T76A8 000:546.084 JLINK_CORESIGHT_ReadAPDPReg(AP reg 0x03)
T76A8 000:546.320   Value=0x00000002
T76A8 000:546.327 - 0.242ms returns 0
T76A8 000:546.333 JLINK_CORESIGHT_ReadAPDPReg(AP reg 0x03)
T76A8 000:546.571   Value=0x00000002
T76A8 000:546.578 - 0.246ms returns 0
T76A8 000:546.584 JLINK_CORESIGHT_ReadAPDPReg(AP reg 0x03)
T76A8 000:546.860   Value=0x00000000
T76A8 000:546.949 - 0.364ms returns 0
T76A8 000:546.960 JLINK_CORESIGHT_WriteAPDPReg(AP reg 0x00, 0x80000002)
T76A8 000:547.208 - 0.246ms returns 0
T76A8 000:547.258 JLINK_CORESIGHT_WriteAPDPReg(AP reg 0x01, 0x80011130)
T76A8 000:547.648 - 0.389ms returns 0
T76A8 000:547.697 JLINK_CORESIGHT_ReadAPDPReg(AP reg 0x03)
T76A8 000:548.050   Value=0x4F0B0081
T76A8 000:548.087 - 0.389ms returns 0
T76A8 000:548.113 JLINK_CORESIGHT_WriteAPDPReg(AP reg 0x00, 0x80000002)
T76A8 000:548.364 - 0.252ms returns 0
T76A8 000:548.393 JLINK_CORESIGHT_WriteAPDPReg(AP reg 0x01, 0x80011140)
T76A8 000:548.626 - 0.233ms returns 0
T76A8 000:548.658 JLINK_CORESIGHT_ReadAPDPReg(AP reg 0x03)
T76A8 000:549.005   Value=0x00000000
T76A8 000:549.017 - 0.359ms returns 0
T76A8 000:549.031 JLINK_CORESIGHT_WriteAPDPReg(AP reg 0x00, 0x80000002)
T76A8 000:549.236 - 0.204ms returns 0
T76A8 000:549.248 JLINK_CORESIGHT_WriteAPDPReg(AP reg 0x01, 0x80011130)
T76A8 000:549.443 - 0.194ms returns 0
T76A8 000:549.487 JLINK_CORESIGHT_ReadAPDPReg(AP reg 0x03)
T76A8 000:549.931   Value=0x00040000
T76A8 000:549.947 - 0.460ms returns 0
T76A8 000:549.955 JLINK_CORESIGHT_WriteAPDPReg(AP reg 0x00, 0x80000002)
T76A8 000:550.155 - 0.200ms returns 0
T76A8 000:550.173 JLINK_CORESIGHT_WriteAPDPReg(AP reg 0x01, 0x80011140)
T76A8 000:552.268 - 2.094ms returns 0
T76A8 000:552.303 JLINK_CORESIGHT_ReadAPDPReg(AP reg 0x03)
T76A8 000:552.625   Value=0x00000000
T76A8 000:552.640 - 0.337ms returns 0
T76A8 000:552.648 JLINK_CORESIGHT_WriteAPDPReg(AP reg 0x00, 0x80000002)
T76A8 000:552.832 - 0.183ms returns 0
T76A8 000:552.849 JLINK_CORESIGHT_WriteAPDPReg(AP reg 0x01, 0x80011130)
T76A8 000:553.034 - 0.185ms returns 0
T76A8 000:553.050 JLINK_CORESIGHT_ReadAPDPReg(AP reg 0x03)
T76A8 000:553.406   Value=0x00000000
T76A8 000:553.422 - 0.372ms returns 0
T76A8 000:553.429 JLINK_CORESIGHT_WriteAPDPReg(AP reg 0x00, 0x80000002)
T76A8 000:553.660 - 0.230ms returns 0
T76A8 000:553.693 JLINK_CORESIGHT_WriteAPDPReg(AP reg 0x01, 0x80011140)
T76A8 000:553.884 - 0.191ms returns 0
T76A8 000:553.908 JLINK_CORESIGHT_ReadAPDPReg(AP reg 0x03)
T76A8 000:554.198   Value=0x00000000
T76A8 000:554.210 - 0.302ms returns 0
T76A8 000:554.223 JLINK_CORESIGHT_WriteAPDPReg(AP reg 0x00, 0x80000002)
T76A8 000:554.397 - 0.173ms returns 0
T76A8 000:554.406 JLINK_CORESIGHT_WriteAPDPReg(AP reg 0x01, 0x80011130)
T76A8 000:554.589 - 0.182ms returns 0
T76A8 000:554.615 JLINK_CORESIGHT_ReadAPDPReg(AP reg 0x03)
T76A8 000:554.851   Value=0x03A20000
T76A8 000:554.861 - 0.246ms returns 0
T76A8 000:554.940 JLINK_CORESIGHT_ReadAPDPReg(DP reg 0x01)
T76A8 000:555.171   Value=0xF0000F40
T76A8 000:555.200 - 0.259ms returns 0
T76A8 000:555.220 JLINK_CORESIGHT_WriteAPDPReg(DP reg 0x01, 0xA0000F40)
T76A8 000:555.405 - 0.185ms returns 0
T76A8 000:555.420 JLINK_CORESIGHT_ReadAPDPReg(DP reg 0x01)
T76A8 000:555.706   Value=0x00000F40
T76A8 000:555.753 - 0.332ms returns 0
T76A8 000:555.763 JLINK_ClrRESET()
T76A8 000:556.144 - 0.379ms 
T76A8 000:661.284 JLINK_Close()
T76A8 000:675.261 - 13.975ms
T76A8 000:675.355   
T76A8 000:675.364   Closed
